src/app/(admin)/admin/logs/page.tsx(2,10): error TS2614: Module '"@/components/admin/logs/logs-page"' has no exported member 'LogsPage'. Did you mean to use 'import LogsPage from "@/components/admin/logs/logs-page"' instead?
src/app/(admin)/admin/settings/page.tsx(452,25): error TS2322: Type '"shadow"' is not assignable to type '"primary" | "secondary" | "danger" | "outline" | "ghost" | undefined'.
src/app/(admin)/admin/settings/page.tsx(753,33): error TS2322: Type '"shadow"' is not assignable to type '"primary" | "secondary" | "danger" | "outline" | "ghost" | undefined'.
src/app/(dashboard)/accordions/actions.ts(213,25): error TS7006: Parameter 'item' implicitly has an 'any' type.
src/app/(dashboard)/accordions/actions.ts(232,40): error TS2339: Property 'errors' does not exist on type 'ZodError<unknown>'.
src/app/(dashboard)/accordions/actions.ts(282,37): error TS7006: Parameter 'item' implicitly has an 'any' type.
src/app/(dashboard)/accordions/actions.ts(289,36): error TS7006: Parameter 'asset' implicitly has an 'any' type.
src/app/(dashboard)/accordions/actions.ts(310,40): error TS2339: Property 'errors' does not exist on type 'ZodError<unknown>'.
src/app/(dashboard)/accordions/actions.ts(322,54): error TS7006: Parameter 'tx' implicitly has an 'any' type.
src/app/(dashboard)/accordions/actions.ts(370,40): error TS2339: Property 'errors' does not exist on type 'ZodError<unknown>'.
src/app/(dashboard)/accordions/actions.ts(391,38): error TS7006: Parameter 'tx' implicitly has an 'any' type.
src/app/(dashboard)/accordions/actions.ts(448,40): error TS2339: Property 'errors' does not exist on type 'ZodError<unknown>'.
src/app/(dashboard)/accordions/actions.ts(480,40): error TS2339: Property 'errors' does not exist on type 'ZodError<unknown>'.
src/app/(dashboard)/accordions/actions.ts(511,28): error TS7006: Parameter 'a' implicitly has an 'any' type.
src/app/(dashboard)/accordions/actions.ts(518,40): error TS2339: Property 'errors' does not exist on type 'ZodError<unknown>'.
src/app/(dashboard)/accordions/actions.ts(571,40): error TS2339: Property 'errors' does not exist on type 'ZodError<unknown>'.
src/app/(dashboard)/accordions/actions.ts(594,40): error TS2339: Property 'errors' does not exist on type 'ZodError<unknown>'.
src/app/(dashboard)/audit-logs/actions.ts(208,35): error TS7006: Parameter 'a' implicitly has an 'any' type.
src/app/(dashboard)/audit-logs/actions.ts(209,39): error TS7006: Parameter 'r' implicitly has an 'any' type.
src/app/(dashboard)/audit-logs/actions.ts(210,31): error TS7006: Parameter 'u' implicitly has an 'any' type.
src/app/(dashboard)/audit-logs/actions.ts(258,28): error TS7006: Parameter 'log' implicitly has an 'any' type.
src/app/(dashboard)/audit-logs/actions.ts(272,20): error TS7006: Parameter 'row' implicitly has an 'any' type.
src/app/(dashboard)/audit-logs/actions.ts(273,18): error TS7006: Parameter 'cell' implicitly has an 'any' type.
src/app/(dashboard)/audit-logs/page.tsx(5,49): error TS2307: Cannot find module '@/components/audit-logs/audit-log-table' or its corresponding type declarations.
src/app/(dashboard)/audit-logs/page.tsx(6,38): error TS2307: Cannot find module '@/components/audit-logs/audit-log-detail-dialog' or its corresponding type declarations.
src/app/(dashboard)/backups/actions.ts(116,22): error TS7006: Parameter 'job' implicitly has an 'any' type.
src/app/(dashboard)/backups/backups-page-client.tsx(5,31): error TS2307: Cannot find module '@/components/backups/backup-jobs-tab' or its corresponding type declarations.
src/app/(dashboard)/backups/backups-page-client.tsx(6,35): error TS2307: Cannot find module '@/components/backups/backup-policies-tab' or its corresponding type declarations.
src/app/(dashboard)/backups/backups-page-client.tsx(7,39): error TS2307: Cannot find module '@/app/admin/backups/actions' or its corresponding type declarations.
src/app/(dashboard)/backups/page.tsx(1,36): error TS2307: Cannot find module '@/app/admin/backups/actions' or its corresponding type declarations.
src/app/(dashboard)/backups/page.tsx(2,34): error TS2307: Cannot find module '@/app/admin/backups/backups-page-client' or its corresponding type declarations.
src/app/(dashboard)/categories/actions.ts(213,60): error TS7006: Parameter 'cat' implicitly has an 'any' type.
src/app/(dashboard)/categories/actions.ts(240,40): error TS2339: Property 'errors' does not exist on type 'ZodError<unknown>'.
src/app/(dashboard)/categories/actions.ts(368,40): error TS2339: Property 'errors' does not exist on type 'ZodError<unknown>'.
src/app/(dashboard)/categories/actions.ts(472,40): error TS2339: Property 'errors' does not exist on type 'ZodError<unknown>'.
src/app/(dashboard)/categories/actions.ts(502,49): error TS7006: Parameter 'c' implicitly has an 'any' type.
src/app/(dashboard)/categories/actions.ts(534,40): error TS2339: Property 'errors' does not exist on type 'ZodError<unknown>'.
src/app/(dashboard)/categories/actions.ts(594,40): error TS2339: Property 'errors' does not exist on type 'ZodError<unknown>'.
src/app/(dashboard)/categories/actions.ts(617,60): error TS7006: Parameter 'cat' implicitly has an 'any' type.
src/app/(dashboard)/categories/categories-content-client.tsx(4,31): error TS2307: Cannot find module '@/components/categories/category-table' or its corresponding type declarations.
src/app/(dashboard)/categories/categories-content-client.tsx(6,35): error TS2307: Cannot find module '@/components/categories/category-form-modal' or its corresponding type declarations.
src/app/(dashboard)/categories/categories-hierarchy-client.tsx(5,39): error TS2307: Cannot find module '@/components/categories/category-hierarchy-list' or its corresponding type declarations.
src/app/(dashboard)/categories/categories-hierarchy-client.tsx(6,35): error TS2307: Cannot find module '@/components/categories/category-form-modal' or its corresponding type declarations.
src/app/(dashboard)/comments/actions.ts(136,45): error TS7006: Parameter 'c' implicitly has an 'any' type.
src/app/(dashboard)/comments/actions.ts(153,40): error TS2339: Property 'errors' does not exist on type 'ZodError<unknown>'.
src/app/(dashboard)/comments/actions.ts(195,40): error TS2339: Property 'errors' does not exist on type 'ZodError<unknown>'.
src/app/(dashboard)/comments/actions.ts(237,40): error TS2339: Property 'errors' does not exist on type 'ZodError<unknown>'.
src/app/(dashboard)/comments/actions.ts(268,40): error TS2339: Property 'errors' does not exist on type 'ZodError<unknown>'.
src/app/(dashboard)/comments/actions.ts(295,40): error TS2339: Property 'errors' does not exist on type 'ZodError<unknown>'.
src/app/(dashboard)/comments/page.tsx(13,30): error TS2307: Cannot find module '@/components/comments/comment-table' or its corresponding type declarations.
src/app/(dashboard)/comments/page.tsx(14,36): error TS2307: Cannot find module '@/components/comments/comments-pagination' or its corresponding type declarations.
src/app/(dashboard)/comments/page.tsx(15,42): error TS2307: Cannot find module '@/components/comments/comments-page-size-controls' or its corresponding type declarations.
src/app/(dashboard)/cta-popups/actions.ts(180,40): error TS2339: Property 'errors' does not exist on type 'ZodError<unknown>'.
src/app/(dashboard)/cta-popups/actions.ts(214,25): error TS7006: Parameter 'p' implicitly has an 'any' type.
src/app/(dashboard)/cta-popups/actions.ts(221,41): error TS2339: Property 'errors' does not exist on type 'ZodError<unknown>'.
src/app/(dashboard)/cta-popups/actions.ts(269,41): error TS2339: Property 'errors' does not exist on type 'ZodError<unknown>'.
src/app/(dashboard)/cta-popups/actions.ts(358,66): error TS2339: Property 'errors' does not exist on type 'ZodError<unknown>'.
src/app/(dashboard)/cta-popups/actions.ts(359,40): error TS2339: Property 'errors' does not exist on type 'ZodError<unknown>'.
src/app/(dashboard)/cta-popups/actions.ts(456,66): error TS2339: Property 'errors' does not exist on type 'ZodError<unknown>'.
src/app/(dashboard)/cta-popups/actions.ts(457,40): error TS2339: Property 'errors' does not exist on type 'ZodError<unknown>'.
src/app/(dashboard)/cta-popups/actions.ts(503,40): error TS2339: Property 'errors' does not exist on type 'ZodError<unknown>'.
src/app/(dashboard)/cta-popups/actions.ts(551,40): error TS2339: Property 'errors' does not exist on type 'ZodError<unknown>'.
src/app/(dashboard)/cta-popups/page-client.tsx(8,31): error TS2307: Cannot find module '@/components/cta-popups/cta-popup-table' or its corresponding type declarations.
src/app/(dashboard)/cta-popups/page-client.tsx(9,35): error TS2307: Cannot find module '@/components/cta-popups/cta-popup-form-modal' or its corresponding type declarations.
src/app/(dashboard)/cta-popups/page-client.tsx(10,33): error TS2307: Cannot find module '@/components/cta-popups/cta-popup-preview' or its corresponding type declarations.
src/app/(dashboard)/historico/page.tsx(21,55): error TS2339: Property 'message' does not exist on type 'ActionResponse<any, string>'.
src/app/(dashboard)/historico/page.tsx(24,26): error TS2339: Property 'user' does not exist on type 'ActionResponse<any, string>'.
src/app/(dashboard)/image-galleries/actions.ts(128,60): error TS7006: Parameter 'g' implicitly has an 'any' type.
src/app/(dashboard)/image-galleries/actions.ts(187,46): error TS2339: Property 'errors' does not exist on type 'ZodError<unknown>'.
src/app/(dashboard)/image-galleries/actions.ts(222,46): error TS2339: Property 'errors' does not exist on type 'ZodError<unknown>'.
src/app/(dashboard)/image-galleries/actions.ts(273,46): error TS2339: Property 'errors' does not exist on type 'ZodError<unknown>'.
src/app/(dashboard)/image-galleries/page.tsx(90,13): error TS2322: Type '{ galleries: ImageGalleryData[]; total: number; page: number; pageSize: number; totalPages: number; pages: number; } | undefined' is not assignable to type 'GalleriesData'.
  Type 'undefined' is not assignable to type 'GalleriesData'.
src/app/(dashboard)/media/actions.ts(79,12): error TS2554: Expected 2-3 arguments, but got 1.
src/app/(dashboard)/media/actions.ts(437,28): error TS2339: Property 'errors' does not exist on type 'ZodError<unknown>'.
src/app/(dashboard)/media/actions.ts(459,40): error TS2339: Property 'errors' does not exist on type 'ZodError<unknown>'.
src/app/(dashboard)/media/actions.ts(548,28): error TS2339: Property 'errors' does not exist on type 'ZodError<unknown>'.
src/app/(dashboard)/media/actions.ts(570,40): error TS2339: Property 'errors' does not exist on type 'ZodError<unknown>'.
src/app/(dashboard)/media/actions.ts(665,41): error TS7006: Parameter 'p' implicitly has an 'any' type.
src/app/(dashboard)/media/actions.ts(734,40): error TS2339: Property 'errors' does not exist on type 'ZodError<unknown>'.
src/app/(dashboard)/media/actions.ts(1186,23): error TS7006: Parameter 'm' implicitly has an 'any' type.
src/app/(dashboard)/menus/[id]/menu-editor-client.tsx(6,26): error TS2307: Cannot find module '@/components/menus/menu-tree' or its corresponding type declarations.
src/app/(dashboard)/menus/[id]/menu-editor-client.tsx(7,40): error TS2307: Cannot find module '@/components/menus/menu-item-form' or its corresponding type declarations.
src/app/(dashboard)/menus/[id]/page.tsx(6,34): error TS2307: Cannot find module '@/components/menus/menu-editor-client' or its corresponding type declarations.
src/app/(dashboard)/menus/actions.ts(184,37): error TS7006: Parameter 'menu' implicitly has an 'any' type.
src/app/(dashboard)/menus/actions.ts(263,40): error TS2339: Property 'errors' does not exist on type 'ZodError<unknown>'.
src/app/(dashboard)/menus/actions.ts(312,40): error TS2339: Property 'errors' does not exist on type 'ZodError<unknown>'.
src/app/(dashboard)/menus/actions.ts(386,40): error TS2339: Property 'errors' does not exist on type 'ZodError<unknown>'.
src/app/(dashboard)/menus/actions.ts(433,40): error TS2339: Property 'errors' does not exist on type 'ZodError<unknown>'.
src/app/(dashboard)/menus/actions.ts(499,52): error TS7006: Parameter 'i' implicitly has an 'any' type.
src/app/(dashboard)/menus/actions.ts(537,40): error TS2339: Property 'errors' does not exist on type 'ZodError<unknown>'.
src/app/(dashboard)/menus/actions.ts(612,47): error TS7006: Parameter 'item' implicitly has an 'any' type.
src/app/(dashboard)/menus/menus-client.tsx(14,26): error TS2307: Cannot find module '@/components/menus/menu-item-form' or its corresponding type declarations.
src/app/(dashboard)/menus/menus-client.tsx(15,35): error TS2307: Cannot find module '@/components/menus/menu-item-form-modal' or its corresponding type declarations.
src/app/(dashboard)/menus/menus-client.tsx(16,26): error TS2307: Cannot find module '@/components/menus/menu-tree' or its corresponding type declarations.
src/app/(dashboard)/pages/[id]/page.tsx(6,45): error TS2307: Cannot find module '@/components/pages/page-form' or its corresponding type declarations.
src/app/(dashboard)/pages/[id]/page.tsx(7,53): error TS2307: Cannot find module '@/app/actions/pages' or its corresponding type declarations.
src/app/(dashboard)/pages/new/page.tsx(6,45): error TS2307: Cannot find module '@/components/pages/page-form' or its corresponding type declarations.
src/app/(dashboard)/pages/new/page.tsx(7,53): error TS2307: Cannot find module '@/app/actions/pages' or its corresponding type declarations.
src/app/(dashboard)/pages/page.tsx(7,38): error TS2307: Cannot find module '@/components/pages/page-table' or its corresponding type declarations.
src/app/(dashboard)/pages/page.tsx(10,31): error TS2307: Cannot find module '@/components/pages/page-form-modal' or its corresponding type declarations.
src/app/(dashboard)/pages/page.tsx(19,8): error TS2307: Cannot find module '@/app/actions/pages' or its corresponding type declarations.
src/app/(dashboard)/pages/page.tsx(66,26): error TS7006: Parameter 'result' implicitly has an 'any' type.
src/app/(dashboard)/posts/actions.ts(119,25): error TS7006: Parameter 'post' implicitly has an 'any' type.
src/app/(dashboard)/posts/actions.ts(121,48): error TS7006: Parameter 't' implicitly has an 'any' type.
src/app/(dashboard)/posts/actions.ts(139,20): error TS7006: Parameter 't' implicitly has an 'any' type.
src/app/(dashboard)/posts/actions.ts(143,17): error TS7006: Parameter 't' implicitly has an 'any' type.
src/app/(dashboard)/posts/actions.ts(218,44): error TS7006: Parameter 't' implicitly has an 'any' type.
src/app/(dashboard)/posts/actions.ts(234,16): error TS7006: Parameter 't' implicitly has an 'any' type.
src/app/(dashboard)/posts/actions.ts(238,13): error TS7006: Parameter 't' implicitly has an 'any' type.
src/app/(dashboard)/posts/actions.ts(307,23): error TS7006: Parameter 'p' implicitly has an 'any' type.
src/app/(dashboard)/posts/actions.ts(808,8): error TS7006: Parameter 'acc' implicitly has an 'any' type.
src/app/(dashboard)/posts/actions.ts(808,13): error TS7006: Parameter 'post' implicitly has an 'any' type.
src/app/(dashboard)/users/actions.ts(172,40): error TS2339: Property 'errors' does not exist on type 'ZodError<unknown>'.
src/app/(dashboard)/users/actions.ts(207,23): error TS7006: Parameter 'u' implicitly has an 'any' type.
src/app/(dashboard)/users/actions.ts(214,40): error TS2339: Property 'errors' does not exist on type 'ZodError<unknown>'.
src/app/(dashboard)/users/actions.ts(289,40): error TS2339: Property 'errors' does not exist on type 'ZodError<unknown>'.
src/app/(dashboard)/users/actions.ts(359,40): error TS2339: Property 'errors' does not exist on type 'ZodError<unknown>'.
src/app/(dashboard)/users/actions.ts(450,40): error TS2339: Property 'errors' does not exist on type 'ZodError<unknown>'.
src/app/(dashboard)/users/actions.ts(514,40): error TS2339: Property 'errors' does not exist on type 'ZodError<unknown>'.
src/app/(dashboard)/users/actions.ts(558,40): error TS2339: Property 'errors' does not exist on type 'ZodError<unknown>'.
src/app/(dashboard)/users/actions.ts(617,40): error TS2339: Property 'errors' does not exist on type 'ZodError<unknown>'.
src/app/admin/accordions/actions.ts(213,25): error TS7006: Parameter 'item' implicitly has an 'any' type.
src/app/admin/accordions/actions.ts(232,40): error TS2339: Property 'errors' does not exist on type 'ZodError<unknown>'.
src/app/admin/accordions/actions.ts(282,37): error TS7006: Parameter 'item' implicitly has an 'any' type.
src/app/admin/accordions/actions.ts(289,36): error TS7006: Parameter 'asset' implicitly has an 'any' type.
src/app/admin/accordions/actions.ts(310,40): error TS2339: Property 'errors' does not exist on type 'ZodError<unknown>'.
src/app/admin/accordions/actions.ts(322,54): error TS7006: Parameter 'tx' implicitly has an 'any' type.
src/app/admin/accordions/actions.ts(370,40): error TS2339: Property 'errors' does not exist on type 'ZodError<unknown>'.
src/app/admin/accordions/actions.ts(391,38): error TS7006: Parameter 'tx' implicitly has an 'any' type.
src/app/admin/accordions/actions.ts(448,40): error TS2339: Property 'errors' does not exist on type 'ZodError<unknown>'.
src/app/admin/accordions/actions.ts(480,40): error TS2339: Property 'errors' does not exist on type 'ZodError<unknown>'.
src/app/admin/accordions/actions.ts(511,28): error TS7006: Parameter 'a' implicitly has an 'any' type.
src/app/admin/accordions/actions.ts(518,40): error TS2339: Property 'errors' does not exist on type 'ZodError<unknown>'.
src/app/admin/accordions/actions.ts(571,40): error TS2339: Property 'errors' does not exist on type 'ZodError<unknown>'.
src/app/admin/accordions/actions.ts(594,40): error TS2339: Property 'errors' does not exist on type 'ZodError<unknown>'.
src/app/admin/categories/actions.ts(213,60): error TS7006: Parameter 'cat' implicitly has an 'any' type.
src/app/admin/categories/actions.ts(240,40): error TS2339: Property 'errors' does not exist on type 'ZodError<unknown>'.
src/app/admin/categories/actions.ts(368,40): error TS2339: Property 'errors' does not exist on type 'ZodError<unknown>'.
src/app/admin/categories/actions.ts(472,40): error TS2339: Property 'errors' does not exist on type 'ZodError<unknown>'.
src/app/admin/categories/actions.ts(502,49): error TS7006: Parameter 'c' implicitly has an 'any' type.
src/app/admin/categories/actions.ts(534,40): error TS2339: Property 'errors' does not exist on type 'ZodError<unknown>'.
src/app/admin/categories/actions.ts(594,40): error TS2339: Property 'errors' does not exist on type 'ZodError<unknown>'.
src/app/admin/categories/actions.ts(617,60): error TS7006: Parameter 'cat' implicitly has an 'any' type.
src/app/admin/image-galleries/actions.ts(128,60): error TS7006: Parameter 'g' implicitly has an 'any' type.
src/app/admin/image-galleries/actions.ts(187,46): error TS2339: Property 'errors' does not exist on type 'ZodError<unknown>'.
src/app/admin/image-galleries/actions.ts(222,46): error TS2339: Property 'errors' does not exist on type 'ZodError<unknown>'.
src/app/admin/image-galleries/actions.ts(273,46): error TS2339: Property 'errors' does not exist on type 'ZodError<unknown>'.
src/app/admin/image-galleries/page.tsx(90,13): error TS2322: Type '{ galleries: ImageGalleryData[]; total: number; page: number; pageSize: number; totalPages: number; pages: number; } | undefined' is not assignable to type 'GalleriesData'.
  Type 'undefined' is not assignable to type 'GalleriesData'.
src/app/admin/media/actions.ts(79,12): error TS2554: Expected 2-3 arguments, but got 1.
src/app/admin/media/actions.ts(437,28): error TS2339: Property 'errors' does not exist on type 'ZodError<unknown>'.
src/app/admin/media/actions.ts(459,40): error TS2339: Property 'errors' does not exist on type 'ZodError<unknown>'.
src/app/admin/media/actions.ts(548,28): error TS2339: Property 'errors' does not exist on type 'ZodError<unknown>'.
src/app/admin/media/actions.ts(570,40): error TS2339: Property 'errors' does not exist on type 'ZodError<unknown>'.
src/app/admin/media/actions.ts(665,41): error TS7006: Parameter 'p' implicitly has an 'any' type.
src/app/admin/media/actions.ts(734,40): error TS2339: Property 'errors' does not exist on type 'ZodError<unknown>'.
src/app/admin/media/actions.ts(1186,23): error TS7006: Parameter 'm' implicitly has an 'any' type.
src/app/admin/posts/actions.ts(119,25): error TS7006: Parameter 'post' implicitly has an 'any' type.
src/app/admin/posts/actions.ts(121,48): error TS7006: Parameter 't' implicitly has an 'any' type.
src/app/admin/posts/actions.ts(139,20): error TS7006: Parameter 't' implicitly has an 'any' type.
src/app/admin/posts/actions.ts(143,17): error TS7006: Parameter 't' implicitly has an 'any' type.
src/app/admin/posts/actions.ts(218,44): error TS7006: Parameter 't' implicitly has an 'any' type.
src/app/admin/posts/actions.ts(234,16): error TS7006: Parameter 't' implicitly has an 'any' type.
src/app/admin/posts/actions.ts(238,13): error TS7006: Parameter 't' implicitly has an 'any' type.
src/app/admin/posts/actions.ts(307,23): error TS7006: Parameter 'p' implicitly has an 'any' type.
src/app/admin/posts/actions.ts(808,8): error TS7006: Parameter 'acc' implicitly has an 'any' type.
src/app/admin/posts/actions.ts(808,13): error TS7006: Parameter 'post' implicitly has an 'any' type.
src/app/admin/users/actions.ts(172,40): error TS2339: Property 'errors' does not exist on type 'ZodError<unknown>'.
src/app/admin/users/actions.ts(207,23): error TS7006: Parameter 'u' implicitly has an 'any' type.
src/app/admin/users/actions.ts(214,40): error TS2339: Property 'errors' does not exist on type 'ZodError<unknown>'.
src/app/admin/users/actions.ts(289,40): error TS2339: Property 'errors' does not exist on type 'ZodError<unknown>'.
src/app/admin/users/actions.ts(359,40): error TS2339: Property 'errors' does not exist on type 'ZodError<unknown>'.
src/app/admin/users/actions.ts(450,40): error TS2339: Property 'errors' does not exist on type 'ZodError<unknown>'.
src/app/admin/users/actions.ts(514,40): error TS2339: Property 'errors' does not exist on type 'ZodError<unknown>'.
src/app/admin/users/actions.ts(558,40): error TS2339: Property 'errors' does not exist on type 'ZodError<unknown>'.
src/app/admin/users/actions.ts(617,40): error TS2339: Property 'errors' does not exist on type 'ZodError<unknown>'.
src/app/auth/auth-code-error/page.tsx(34,33): error TS2322: Type '{ children: Element; asChild: true; className: string; }' is not assignable to type 'IntrinsicAttributes & ButtonProps'.
  Property 'asChild' does not exist on type 'IntrinsicAttributes & ButtonProps'.
src/app/auth/verified/page.tsx(40,33): error TS2322: Type '{ children: Element; asChild: true; className: string; }' is not assignable to type 'IntrinsicAttributes & ButtonProps'.
  Property 'asChild' does not exist on type 'IntrinsicAttributes & ButtonProps'.
src/components/accordions/accordion-form.tsx(163,5): error TS2322: Type 'Resolver<{ title: string; items: { title: string; type: "text" | "files" | "images"; order: number; colorKey?: "orange" | "blue" | "green" | "lightGreen" | "yellow" | "lightBlue" | null | undefined; textContent?: string | ... 1 more ... | undefined; assets?: { ...; }[] | undefined; }[]; slug?: string | ... 1 more .....' is not assignable to type 'Resolver<{ title: string; isActive: boolean; accordionType: "text" | "files" | "images"; items: { title: string; type: "text" | "files" | "images"; order: number; assets: { mediaId: number; order: number; caption?: string | ... 1 more ... | undefined; displayLabel?: string | ... 1 more ... | undefined; }[]; colorKey...'.
  Types of parameters 'options' and 'options' are incompatible.
    Type 'ResolverOptions<{ title: string; isActive: boolean; accordionType: "text" | "files" | "images"; items: { title: string; type: "text" | "files" | "images"; order: number; assets: { mediaId: number; order: number; caption?: string | ... 1 more ... | undefined; displayLabel?: string | ... 1 more ... | undefined; }[]; c...' is not assignable to type 'ResolverOptions<{ title: string; items: { title: string; type: "text" | "files" | "images"; order: number; colorKey?: "orange" | "blue" | "green" | "lightGreen" | "yellow" | "lightBlue" | null | undefined; textContent?: string | ... 1 more ... | undefined; assets?: { ...; }[] | undefined; }[]; slug?: string | ... 1 ...'.
      Type 'boolean | undefined' is not assignable to type 'boolean'.
        Type 'undefined' is not assignable to type 'boolean'.
src/components/accordions/accordion-form.tsx(334,34): error TS2345: Argument of type '(raw: FormValues) => Promise<void>' is not assignable to parameter of type 'SubmitHandler<TFieldValues>'.
  Types of parameters 'raw' and 'data' are incompatible.
    Type 'TFieldValues' is not assignable to type '{ title: string; isActive: boolean; accordionType: "text" | "files" | "images"; items: { title: string; type: "text" | "files" | "images"; order: number; assets: { mediaId: number; order: number; caption?: string | ... 1 more ... | undefined; displayLabel?: string | ... 1 more ... | undefined; }[]; colorKey?: "orang...'.
      Type 'FieldValues' is missing the following properties from type '{ title: string; isActive: boolean; accordionType: "text" | "files" | "images"; items: { title: string; type: "text" | "files" | "images"; order: number; assets: { mediaId: number; order: number; caption?: string | ... 1 more ... | undefined; displayLabel?: string | ... 1 more ... | undefined; }[]; colorKey?: "orang...': title, isActive, accordionType, items
src/components/admin/dashboard/action-buttons.tsx(99,19): error TS2322: Type '"default"' is not assignable to type '"primary" | "secondary" | "danger" | "outline" | "ghost" | undefined'.
src/components/admin/forms/file-edit-form.tsx(48,25): error TS2339: Property 'categoryId' does not exist on type 'File'.
src/components/admin/forms/file-upload-form.tsx(12,10): error TS2305: Module '"@/lib/firebase-upload"' has no exported member 'uploadToFirebase'.
src/components/admin/forms/file-upload-form.tsx(175,60): error TS7006: Parameter 'progress' implicitly has an 'any' type.
src/components/admin/forms/file-upload-form.tsx(235,41): error TS2339: Property 'slug' does not exist on type 'Category'.
src/components/admin/settings/backup-policy-card.tsx(65,48): error TS2339: Property 'error' does not exist on type '{ success: boolean; message: string; }'.
src/components/admin/settings/backup-policy-card.tsx(95,50): error TS2339: Property 'message' does not exist on type '{ success: boolean; error: string; }'.
src/components/admin/settings/backup-policy-card.tsx(152,48): error TS2339: Property 'error' does not exist on type '{ success: boolean; message: string; }'.
src/components/admin/settings/backup-policy-card.tsx(229,29): error TS2322: Type '"default"' is not assignable to type '"sm" | "md" | "lg" | "icon" | undefined'.
src/components/admin/settings/backup-policy-card.tsx(246,25): error TS2322: Type '"default"' is not assignable to type '"sm" | "md" | "lg" | "icon" | undefined'.
src/components/admin/settings/backup-policy-card.tsx(256,25): error TS2322: Type '"default"' is not assignable to type '"primary" | "secondary" | "danger" | "outline" | "ghost" | undefined'.
src/components/admin/settings/backup-policy-card.tsx(257,25): error TS2322: Type '"default"' is not assignable to type '"sm" | "md" | "lg" | "icon" | undefined'.
src/components/admin/settings/backup-policy-card.tsx(269,25): error TS2322: Type '"default"' is not assignable to type '"sm" | "md" | "lg" | "icon" | undefined'.
src/components/aulas/ingles/AulaConnectors.tsx(69,22): error TS2554: Expected 0 arguments, but got 1.
src/components/aulas/ingles/AulaConnectors.tsx(78,7): error TS2322: Type 'readonly [{ readonly id: "modulo-1"; readonly numero: 1; readonly titulo: "Addition Connectors"; readonly descricao: "Furthermore, Moreover, Besides"; }, { readonly id: "modulo-2"; readonly numero: 2; readonly titulo: "Contrast Connectors"; readonly descricao: "However, Nevertheless, On the other hand"; }, ... 7 mor...' is not assignable to type 'readonly ModuleDef[]'.
  Type '{ readonly id: "modulo-1"; readonly numero: 1; readonly titulo: "Addition Connectors"; readonly descricao: "Furthermore, Moreover, Besides"; } | { readonly id: "modulo-2"; readonly numero: 2; readonly titulo: "Contrast Connectors"; readonly descricao: "However, Nevertheless, On the other hand"; } | ... 7 more ... | ...' is not assignable to type 'ModuleDef'.
    Property 'label' is missing in type '{ readonly id: "modulo-1"; readonly numero: 1; readonly titulo: "Addition Connectors"; readonly descricao: "Furthermore, Moreover, Besides"; }' but required in type 'ModuleDef'.
src/components/aulas/ingles/AulaConnectors.tsx(95,12): error TS2741: Property 'descricao' is missing in type '{ numero: 2 | 1 | 5 | 9 | 10 | 3 | 4 | 6 | 7 | 8; titulo: "Simulado Mestre" | "Addition Connectors" | "Contrast Connectors" | "Cause Connectors" | "Effect Connectors" | "Concession" | "Condition & Purpose" | "Sequential Connectors" | "Advanced Academic" | "Technical Reports"; }' but required in type '{ numero: number; titulo: string; descricao: string; gradiente?: string | undefined; variant?: "amber" | "blue" | "emerald" | "rose" | "violet" | "indigo" | "cyan" | undefined; }'.
src/components/aulas/ingles/AulaFalseCognates.tsx(144,7): error TS2322: Type '{ children: Element[]; titulo: string; descricao: string; duracao: string; materiaNome: string; materiaCor: string; materiaId: string; modules: readonly [{ readonly id: "modulo-1"; readonly label: "M├│dulo 1"; readonly title: "Os Cl├íssicos (Actually / Eventually / Library / Parents)"; }, ... 8 more ..., { ...; }]; .....' is not assignable to type 'IntrinsicAttributes & { activeTab: string; setActiveTab: (val: string) => void; modules: readonly ModuleDef[]; completedModules: Set<string>; isModuleUnlocked?: ((index: number) => boolean) | undefined; ... 13 more ...; children: ReactNode; }'.
  Property 'showCompletionBadge' does not exist on type 'IntrinsicAttributes & { activeTab: string; setActiveTab: (val: string) => void; modules: readonly ModuleDef[]; completedModules: Set<string>; isModuleUnlocked?: ((index: number) => boolean) | undefined; ... 13 more ...; children: ReactNode; }'.
src/components/aulas/ingles/AulaFalseCognates.tsx(153,13): error TS2322: Type '{ modulo: number; titulo: string; icone: Element; corModulo: "amber" | "blue" | "emerald" | "rose" | "violet"; descricao: string; }' is not assignable to type 'IntrinsicAttributes & { numero: number; titulo: string; descricao: string; gradiente?: string | undefined; variant?: "amber" | "blue" | "emerald" | "rose" | "violet" | "indigo" | "cyan" | undefined; }'.
  Property 'modulo' does not exist on type 'IntrinsicAttributes & { numero: number; titulo: string; descricao: string; gradiente?: string | undefined; variant?: "amber" | "blue" | "emerald" | "rose" | "violet" | "indigo" | "cyan" | undefined; }'.
src/components/aulas/ingles/AulaFalseCognates.tsx(162,15): error TS2322: Type '{ titulo: string; descricao: string; }' is not assignable to type 'IntrinsicAttributes & { index: string | number; title: string; description?: string | undefined; variant?: "amber" | "blue" | "emerald" | "rose" | "violet" | "indigo" | "cyan" | "slate" | undefined; className?: string | undefined; }'.
  Property 'titulo' does not exist on type 'IntrinsicAttributes & { index: string | number; title: string; description?: string | undefined; variant?: "amber" | "blue" | "emerald" | "rose" | "violet" | "indigo" | "cyan" | "slate" | undefined; className?: string | undefined; }'.
src/components/aulas/ingles/AulaFalseCognates.tsx(363,25): error TS2322: Type '{ children: Element; tipo: "danger"; titulo: string; descricao: string; }' is not assignable to type 'IntrinsicAttributes & { tipo: "info" | "warning" | "danger" | "success"; titulo: string; className?: string | undefined; children: ReactNode; }'.
  Property 'descricao' does not exist on type 'IntrinsicAttributes & { tipo: "info" | "warning" | "danger" | "success"; titulo: string; className?: string | undefined; children: ReactNode; }'.
src/components/aulas/ingles/AulaFalseCognates.tsx(366,27): error TS2322: Type '{ lado1: { label: string; content: string; }; lado2: { label: string; content: string; }; }' is not assignable to type 'IntrinsicAttributes & { tipo: "correct" | "incorrect"; titulo: string; items: string[]; }'.
  Property 'lado1' does not exist on type 'IntrinsicAttributes & { tipo: "correct" | "incorrect"; titulo: string; items: string[]; }'.
src/components/aulas/ingles/AulaFalseCognates.tsx(374,25): error TS2322: Type '{ children: Element; tipo: "danger"; titulo: string; descricao: string; }' is not assignable to type 'IntrinsicAttributes & { tipo: "info" | "warning" | "danger" | "success"; titulo: string; className?: string | undefined; children: ReactNode; }'.
  Property 'descricao' does not exist on type 'IntrinsicAttributes & { tipo: "info" | "warning" | "danger" | "success"; titulo: string; className?: string | undefined; children: ReactNode; }'.
src/components/aulas/ingles/AulaFalseCognates.tsx(377,27): error TS2322: Type '{ lado1: { label: string; content: string; }; lado2: { label: string; content: string; }; }' is not assignable to type 'IntrinsicAttributes & { tipo: "correct" | "incorrect"; titulo: string; items: string[]; }'.
  Property 'lado1' does not exist on type 'IntrinsicAttributes & { tipo: "correct" | "incorrect"; titulo: string; items: string[]; }'.
src/components/aulas/ingles/AulaFalseCognates.tsx(385,25): error TS2322: Type '{ children: Element; tipo: "danger"; titulo: string; descricao: string; }' is not assignable to type 'IntrinsicAttributes & { tipo: "info" | "warning" | "danger" | "success"; titulo: string; className?: string | undefined; children: ReactNode; }'.
  Property 'descricao' does not exist on type 'IntrinsicAttributes & { tipo: "info" | "warning" | "danger" | "success"; titulo: string; className?: string | undefined; children: ReactNode; }'.
src/components/aulas/ingles/AulaFalseCognates.tsx(388,27): error TS2322: Type '{ lado1: { label: string; content: string; }; lado2: { label: string; content: string; }; }' is not assignable to type 'IntrinsicAttributes & { tipo: "correct" | "incorrect"; titulo: string; items: string[]; }'.
  Property 'lado1' does not exist on type 'IntrinsicAttributes & { tipo: "correct" | "incorrect"; titulo: string; items: string[]; }'.
src/components/aulas/ingles/AulaFalseCognates.tsx(396,25): error TS2322: Type '{ children: Element; tipo: "danger"; titulo: string; descricao: string; }' is not assignable to type 'IntrinsicAttributes & { tipo: "info" | "warning" | "danger" | "success"; titulo: string; className?: string | undefined; children: ReactNode; }'.
  Property 'descricao' does not exist on type 'IntrinsicAttributes & { tipo: "info" | "warning" | "danger" | "success"; titulo: string; className?: string | undefined; children: ReactNode; }'.
src/components/aulas/ingles/AulaFalseCognates.tsx(399,27): error TS2322: Type '{ lado1: { label: string; content: string; }; lado2: { label: string; content: string; }; }' is not assignable to type 'IntrinsicAttributes & { tipo: "correct" | "incorrect"; titulo: string; items: string[]; }'.
  Property 'lado1' does not exist on type 'IntrinsicAttributes & { tipo: "correct" | "incorrect"; titulo: string; items: string[]; }'.
src/components/aulas/ingles/AulaFalseCognates.tsx(479,13): error TS2322: Type '{ modulo: number; corModulo: "amber" | "blue" | "emerald" | "rose" | "violet"; onComplete: () => void; }' is not assignable to type 'IntrinsicAttributes & { index: number; variant: "amber" | "blue" | "emerald" | "rose" | "violet" | "indigo" | "cyan" | "slate"; video: { videoId: string; title: string; duration: string; thumbnail?: string | undefined; }; resumoVisual: { ...; }; maceteVisual: { ...; }; audio: { ...; }; }'.
  Property 'modulo' does not exist on type 'IntrinsicAttributes & { index: number; variant: "amber" | "blue" | "emerald" | "rose" | "violet" | "indigo" | "cyan" | "slate"; video: { videoId: string; title: string; duration: string; thumbnail?: string | undefined; }; resumoVisual: { ...; }; maceteVisual: { ...; }; audio: { ...; }; }'.
src/components/aulas/ingles/AulaFalseCognates.tsx(485,13): error TS2322: Type '{ questions: QuizQuestion[]; modulo: number; onComplete: () => void; onScoreSubmit: () => void | undefined; }' is not assignable to type 'IntrinsicAttributes & { questoes: QuizQuestion[]; titulo: string; icone?: string | undefined; numero?: number | undefined; variant?: "amber" | "blue" | ... 6 more ... | undefined; onComplete?: ((score: number) => void) | undefined; descricao?: string | undefined; }'.
  Property 'questions' does not exist on type 'IntrinsicAttributes & { questoes: QuizQuestion[]; titulo: string; icone?: string | undefined; numero?: number | undefined; variant?: "amber" | "blue" | ... 6 more ... | undefined; onComplete?: ((score: number) => void) | undefined; descricao?: string | undefined; }'. Did you mean 'questoes'?
src/components/aulas/ingles/AulaFalseCognates.tsx(488,53): error TS2345: Argument of type '{ modulo: number; tipo: string; }' is not assignable to parameter of type 'number'.
src/components/aulas/ingles/AulaFalseCognates.tsx(497,13): error TS2322: Type '{ modulo: number; titulo: string; icone: Element; corModulo: "amber" | "blue" | "emerald" | "rose" | "violet"; descricao: string; }' is not assignable to type 'IntrinsicAttributes & { numero: number; titulo: string; descricao: string; gradiente?: string | undefined; variant?: "amber" | "blue" | "emerald" | "rose" | "violet" | "indigo" | "cyan" | undefined; }'.
  Property 'modulo' does not exist on type 'IntrinsicAttributes & { numero: number; titulo: string; descricao: string; gradiente?: string | undefined; variant?: "amber" | "blue" | "emerald" | "rose" | "violet" | "indigo" | "cyan" | undefined; }'.
src/components/aulas/ingles/AulaFalseCognates.tsx(506,15): error TS2322: Type '{ titulo: string; descricao: string; }' is not assignable to type 'IntrinsicAttributes & { index: string | number; title: string; description?: string | undefined; variant?: "amber" | "blue" | "emerald" | "rose" | "violet" | "indigo" | "cyan" | "slate" | undefined; className?: string | undefined; }'.
  Property 'titulo' does not exist on type 'IntrinsicAttributes & { index: string | number; title: string; description?: string | undefined; variant?: "amber" | "blue" | "emerald" | "rose" | "violet" | "indigo" | "cyan" | "slate" | undefined; className?: string | undefined; }'.
src/components/aulas/ingles/AulaFalseCognates.tsx(703,25): error TS2322: Type '{ children: Element; tipo: "danger"; titulo: string; descricao: string; }' is not assignable to type 'IntrinsicAttributes & { tipo: "info" | "warning" | "danger" | "success"; titulo: string; className?: string | undefined; children: ReactNode; }'.
  Property 'descricao' does not exist on type 'IntrinsicAttributes & { tipo: "info" | "warning" | "danger" | "success"; titulo: string; className?: string | undefined; children: ReactNode; }'.
src/components/aulas/ingles/AulaFalseCognates.tsx(706,27): error TS2322: Type '{ lado1: { label: string; content: string; }; lado2: { label: string; content: string; }; }' is not assignable to type 'IntrinsicAttributes & { tipo: "correct" | "incorrect"; titulo: string; items: string[]; }'.
  Property 'lado1' does not exist on type 'IntrinsicAttributes & { tipo: "correct" | "incorrect"; titulo: string; items: string[]; }'.
src/components/aulas/ingles/AulaFalseCognates.tsx(714,25): error TS2322: Type '{ children: Element; tipo: "danger"; titulo: string; descricao: string; }' is not assignable to type 'IntrinsicAttributes & { tipo: "info" | "warning" | "danger" | "success"; titulo: string; className?: string | undefined; children: ReactNode; }'.
  Property 'descricao' does not exist on type 'IntrinsicAttributes & { tipo: "info" | "warning" | "danger" | "success"; titulo: string; className?: string | undefined; children: ReactNode; }'.
src/components/aulas/ingles/AulaFalseCognates.tsx(717,27): error TS2322: Type '{ lado1: { label: string; content: string; }; lado2: { label: string; content: string; }; }' is not assignable to type 'IntrinsicAttributes & { tipo: "correct" | "incorrect"; titulo: string; items: string[]; }'.
  Property 'lado1' does not exist on type 'IntrinsicAttributes & { tipo: "correct" | "incorrect"; titulo: string; items: string[]; }'.
src/components/aulas/ingles/AulaFalseCognates.tsx(725,25): error TS2322: Type '{ children: Element; tipo: "danger"; titulo: string; descricao: string; }' is not assignable to type 'IntrinsicAttributes & { tipo: "info" | "warning" | "danger" | "success"; titulo: string; className?: string | undefined; children: ReactNode; }'.
  Property 'descricao' does not exist on type 'IntrinsicAttributes & { tipo: "info" | "warning" | "danger" | "success"; titulo: string; className?: string | undefined; children: ReactNode; }'.
src/components/aulas/ingles/AulaFalseCognates.tsx(728,27): error TS2322: Type '{ lado1: { label: string; content: string; }; lado2: { label: string; content: string; }; }' is not assignable to type 'IntrinsicAttributes & { tipo: "correct" | "incorrect"; titulo: string; items: string[]; }'.
  Property 'lado1' does not exist on type 'IntrinsicAttributes & { tipo: "correct" | "incorrect"; titulo: string; items: string[]; }'.
src/components/aulas/ingles/AulaFalseCognates.tsx(736,25): error TS2322: Type '{ children: Element; tipo: "danger"; titulo: string; descricao: string; }' is not assignable to type 'IntrinsicAttributes & { tipo: "info" | "warning" | "danger" | "success"; titulo: string; className?: string | undefined; children: ReactNode; }'.
  Property 'descricao' does not exist on type 'IntrinsicAttributes & { tipo: "info" | "warning" | "danger" | "success"; titulo: string; className?: string | undefined; children: ReactNode; }'.
src/components/aulas/ingles/AulaFalseCognates.tsx(739,27): error TS2322: Type '{ lado1: { label: string; content: string; }; lado2: { label: string; content: string; }; }' is not assignable to type 'IntrinsicAttributes & { tipo: "correct" | "incorrect"; titulo: string; items: string[]; }'.
  Property 'lado1' does not exist on type 'IntrinsicAttributes & { tipo: "correct" | "incorrect"; titulo: string; items: string[]; }'.
src/components/aulas/ingles/AulaFalseCognates.tsx(819,13): error TS2322: Type '{ modulo: number; corModulo: "amber" | "blue" | "emerald" | "rose" | "violet"; onComplete: () => void; }' is not assignable to type 'IntrinsicAttributes & { index: number; variant: "amber" | "blue" | "emerald" | "rose" | "violet" | "indigo" | "cyan" | "slate"; video: { videoId: string; title: string; duration: string; thumbnail?: string | undefined; }; resumoVisual: { ...; }; maceteVisual: { ...; }; audio: { ...; }; }'.
  Property 'modulo' does not exist on type 'IntrinsicAttributes & { index: number; variant: "amber" | "blue" | "emerald" | "rose" | "violet" | "indigo" | "cyan" | "slate"; video: { videoId: string; title: string; duration: string; thumbnail?: string | undefined; }; resumoVisual: { ...; }; maceteVisual: { ...; }; audio: { ...; }; }'.
src/components/aulas/ingles/AulaFalseCognates.tsx(825,13): error TS2322: Type '{ questions: QuizQuestion[]; modulo: number; onComplete: () => void; onScoreSubmit: () => void | undefined; }' is not assignable to type 'IntrinsicAttributes & { questoes: QuizQuestion[]; titulo: string; icone?: string | undefined; numero?: number | undefined; variant?: "amber" | "blue" | ... 6 more ... | undefined; onComplete?: ((score: number) => void) | undefined; descricao?: string | undefined; }'.
  Property 'questions' does not exist on type 'IntrinsicAttributes & { questoes: QuizQuestion[]; titulo: string; icone?: string | undefined; numero?: number | undefined; variant?: "amber" | "blue" | ... 6 more ... | undefined; onComplete?: ((score: number) => void) | undefined; descricao?: string | undefined; }'. Did you mean 'questoes'?
src/components/aulas/ingles/AulaFalseCognates.tsx(828,53): error TS2345: Argument of type '{ modulo: number; tipo: string; }' is not assignable to parameter of type 'number'.
src/components/aulas/ingles/AulaFalseCognates.tsx(837,13): error TS2322: Type '{ modulo: number; titulo: string; icone: Element; corModulo: "amber" | "blue" | "emerald" | "rose" | "violet"; descricao: string; }' is not assignable to type 'IntrinsicAttributes & { numero: number; titulo: string; descricao: string; gradiente?: string | undefined; variant?: "amber" | "blue" | "emerald" | "rose" | "violet" | "indigo" | "cyan" | undefined; }'.
  Property 'modulo' does not exist on type 'IntrinsicAttributes & { numero: number; titulo: string; descricao: string; gradiente?: string | undefined; variant?: "amber" | "blue" | "emerald" | "rose" | "violet" | "indigo" | "cyan" | undefined; }'.
src/components/aulas/ingles/AulaFalseCognates.tsx(846,15): error TS2322: Type '{ titulo: string; descricao: string; }' is not assignable to type 'IntrinsicAttributes & { index: string | number; title: string; description?: string | undefined; variant?: "amber" | "blue" | "emerald" | "rose" | "violet" | "indigo" | "cyan" | "slate" | undefined; className?: string | undefined; }'.
  Property 'titulo' does not exist on type 'IntrinsicAttributes & { index: string | number; title: string; description?: string | undefined; variant?: "amber" | "blue" | "emerald" | "rose" | "violet" | "indigo" | "cyan" | "slate" | undefined; className?: string | undefined; }'.
src/components/aulas/ingles/AulaFalseCognates.tsx(1043,25): error TS2322: Type '{ children: Element; tipo: "danger"; titulo: string; descricao: string; }' is not assignable to type 'IntrinsicAttributes & { tipo: "info" | "warning" | "danger" | "success"; titulo: string; className?: string | undefined; children: ReactNode; }'.
  Property 'descricao' does not exist on type 'IntrinsicAttributes & { tipo: "info" | "warning" | "danger" | "success"; titulo: string; className?: string | undefined; children: ReactNode; }'.
src/components/aulas/ingles/AulaFalseCognates.tsx(1046,27): error TS2322: Type '{ lado1: { label: string; content: string; }; lado2: { label: string; content: string; }; }' is not assignable to type 'IntrinsicAttributes & { tipo: "correct" | "incorrect"; titulo: string; items: string[]; }'.
  Property 'lado1' does not exist on type 'IntrinsicAttributes & { tipo: "correct" | "incorrect"; titulo: string; items: string[]; }'.
src/components/aulas/ingles/AulaFalseCognates.tsx(1054,25): error TS2322: Type '{ children: Element; tipo: "danger"; titulo: string; descricao: string; }' is not assignable to type 'IntrinsicAttributes & { tipo: "info" | "warning" | "danger" | "success"; titulo: string; className?: string | undefined; children: ReactNode; }'.
  Property 'descricao' does not exist on type 'IntrinsicAttributes & { tipo: "info" | "warning" | "danger" | "success"; titulo: string; className?: string | undefined; children: ReactNode; }'.
src/components/aulas/ingles/AulaFalseCognates.tsx(1057,27): error TS2322: Type '{ lado1: { label: string; content: string; }; lado2: { label: string; content: string; }; }' is not assignable to type 'IntrinsicAttributes & { tipo: "correct" | "incorrect"; titulo: string; items: string[]; }'.
  Property 'lado1' does not exist on type 'IntrinsicAttributes & { tipo: "correct" | "incorrect"; titulo: string; items: string[]; }'.
src/components/aulas/ingles/AulaFalseCognates.tsx(1065,25): error TS2322: Type '{ children: Element; tipo: "danger"; titulo: string; descricao: string; }' is not assignable to type 'IntrinsicAttributes & { tipo: "info" | "warning" | "danger" | "success"; titulo: string; className?: string | undefined; children: ReactNode; }'.
  Property 'descricao' does not exist on type 'IntrinsicAttributes & { tipo: "info" | "warning" | "danger" | "success"; titulo: string; className?: string | undefined; children: ReactNode; }'.
src/components/aulas/ingles/AulaFalseCognates.tsx(1068,27): error TS2322: Type '{ lado1: { label: string; content: string; }; lado2: { label: string; content: string; }; }' is not assignable to type 'IntrinsicAttributes & { tipo: "correct" | "incorrect"; titulo: string; items: string[]; }'.
  Property 'lado1' does not exist on type 'IntrinsicAttributes & { tipo: "correct" | "incorrect"; titulo: string; items: string[]; }'.
src/components/aulas/ingles/AulaFalseCognates.tsx(1076,25): error TS2322: Type '{ children: Element; tipo: "danger"; titulo: string; descricao: string; }' is not assignable to type 'IntrinsicAttributes & { tipo: "info" | "warning" | "danger" | "success"; titulo: string; className?: string | undefined; children: ReactNode; }'.
  Property 'descricao' does not exist on type 'IntrinsicAttributes & { tipo: "info" | "warning" | "danger" | "success"; titulo: string; className?: string | undefined; children: ReactNode; }'.
src/components/aulas/ingles/AulaFalseCognates.tsx(1079,27): error TS2322: Type '{ lado1: { label: string; content: string; }; lado2: { label: string; content: string; }; }' is not assignable to type 'IntrinsicAttributes & { tipo: "correct" | "incorrect"; titulo: string; items: string[]; }'.
  Property 'lado1' does not exist on type 'IntrinsicAttributes & { tipo: "correct" | "incorrect"; titulo: string; items: string[]; }'.
src/components/aulas/ingles/AulaFalseCognates.tsx(1159,13): error TS2322: Type '{ modulo: number; corModulo: "amber" | "blue" | "emerald" | "rose" | "violet"; onComplete: () => void; }' is not assignable to type 'IntrinsicAttributes & { index: number; variant: "amber" | "blue" | "emerald" | "rose" | "violet" | "indigo" | "cyan" | "slate"; video: { videoId: string; title: string; duration: string; thumbnail?: string | undefined; }; resumoVisual: { ...; }; maceteVisual: { ...; }; audio: { ...; }; }'.
  Property 'modulo' does not exist on type 'IntrinsicAttributes & { index: number; variant: "amber" | "blue" | "emerald" | "rose" | "violet" | "indigo" | "cyan" | "slate"; video: { videoId: string; title: string; duration: string; thumbnail?: string | undefined; }; resumoVisual: { ...; }; maceteVisual: { ...; }; audio: { ...; }; }'.
src/components/aulas/ingles/AulaFalseCognates.tsx(1165,13): error TS2322: Type '{ questions: QuizQuestion[]; modulo: number; onComplete: () => void; onScoreSubmit: () => void | undefined; }' is not assignable to type 'IntrinsicAttributes & { questoes: QuizQuestion[]; titulo: string; icone?: string | undefined; numero?: number | undefined; variant?: "amber" | "blue" | ... 6 more ... | undefined; onComplete?: ((score: number) => void) | undefined; descricao?: string | undefined; }'.
  Property 'questions' does not exist on type 'IntrinsicAttributes & { questoes: QuizQuestion[]; titulo: string; icone?: string | undefined; numero?: number | undefined; variant?: "amber" | "blue" | ... 6 more ... | undefined; onComplete?: ((score: number) => void) | undefined; descricao?: string | undefined; }'. Did you mean 'questoes'?
src/components/aulas/ingles/AulaFalseCognates.tsx(1168,53): error TS2345: Argument of type '{ modulo: number; tipo: string; }' is not assignable to parameter of type 'number'.
src/components/aulas/ingles/AulaFalseCognates.tsx(1177,13): error TS2322: Type '{ modulo: number; titulo: string; icone: Element; corModulo: "amber" | "blue" | "emerald" | "rose" | "violet"; descricao: string; }' is not assignable to type 'IntrinsicAttributes & { numero: number; titulo: string; descricao: string; gradiente?: string | undefined; variant?: "amber" | "blue" | "emerald" | "rose" | "violet" | "indigo" | "cyan" | undefined; }'.
  Property 'modulo' does not exist on type 'IntrinsicAttributes & { numero: number; titulo: string; descricao: string; gradiente?: string | undefined; variant?: "amber" | "blue" | "emerald" | "rose" | "violet" | "indigo" | "cyan" | undefined; }'.
src/components/aulas/ingles/AulaFalseCognates.tsx(1194,13): error TS2322: Type '{ modulo: number; corModulo: "amber" | "blue" | "emerald" | "rose" | "violet"; onComplete: () => void; }' is not assignable to type 'IntrinsicAttributes & { index: number; variant: "amber" | "blue" | "emerald" | "rose" | "violet" | "indigo" | "cyan" | "slate"; video: { videoId: string; title: string; duration: string; thumbnail?: string | undefined; }; resumoVisual: { ...; }; maceteVisual: { ...; }; audio: { ...; }; }'.
  Property 'modulo' does not exist on type 'IntrinsicAttributes & { index: number; variant: "amber" | "blue" | "emerald" | "rose" | "violet" | "indigo" | "cyan" | "slate"; video: { videoId: string; title: string; duration: string; thumbnail?: string | undefined; }; resumoVisual: { ...; }; maceteVisual: { ...; }; audio: { ...; }; }'.
src/components/aulas/ingles/AulaFalseCognates.tsx(1200,13): error TS2322: Type '{ questions: QuizQuestion[]; modulo: number; onComplete: () => void; onScoreSubmit: () => void | undefined; }' is not assignable to type 'IntrinsicAttributes & { questoes: QuizQuestion[]; titulo: string; icone?: string | undefined; numero?: number | undefined; variant?: "amber" | "blue" | ... 6 more ... | undefined; onComplete?: ((score: number) => void) | undefined; descricao?: string | undefined; }'.
  Property 'questions' does not exist on type 'IntrinsicAttributes & { questoes: QuizQuestion[]; titulo: string; icone?: string | undefined; numero?: number | undefined; variant?: "amber" | "blue" | ... 6 more ... | undefined; onComplete?: ((score: number) => void) | undefined; descricao?: string | undefined; }'. Did you mean 'questoes'?
src/components/aulas/ingles/AulaFalseCognates.tsx(1203,53): error TS2345: Argument of type '{ modulo: number; tipo: string; }' is not assignable to parameter of type 'number'.
src/components/aulas/ingles/AulaFalseCognates.tsx(1211,13): error TS2322: Type '{ modulo: number; titulo: string; icone: Element; corModulo: "amber" | "blue" | "emerald" | "rose" | "violet"; descricao: string; }' is not assignable to type 'IntrinsicAttributes & { numero: number; titulo: string; descricao: string; gradiente?: string | undefined; variant?: "amber" | "blue" | "emerald" | "rose" | "violet" | "indigo" | "cyan" | undefined; }'.
  Property 'modulo' does not exist on type 'IntrinsicAttributes & { numero: number; titulo: string; descricao: string; gradiente?: string | undefined; variant?: "amber" | "blue" | "emerald" | "rose" | "violet" | "indigo" | "cyan" | undefined; }'.
src/components/aulas/ingles/AulaFalseCognates.tsx(1228,13): error TS2322: Type '{ modulo: number; corModulo: "amber" | "blue" | "emerald" | "rose" | "violet"; onComplete: () => void; }' is not assignable to type 'IntrinsicAttributes & { index: number; variant: "amber" | "blue" | "emerald" | "rose" | "violet" | "indigo" | "cyan" | "slate"; video: { videoId: string; title: string; duration: string; thumbnail?: string | undefined; }; resumoVisual: { ...; }; maceteVisual: { ...; }; audio: { ...; }; }'.
  Property 'modulo' does not exist on type 'IntrinsicAttributes & { index: number; variant: "amber" | "blue" | "emerald" | "rose" | "violet" | "indigo" | "cyan" | "slate"; video: { videoId: string; title: string; duration: string; thumbnail?: string | undefined; }; resumoVisual: { ...; }; maceteVisual: { ...; }; audio: { ...; }; }'.
src/components/aulas/ingles/AulaFalseCognates.tsx(1234,13): error TS2322: Type '{ questions: QuizQuestion[]; modulo: number; onComplete: () => void; onScoreSubmit: () => void | undefined; }' is not assignable to type 'IntrinsicAttributes & { questoes: QuizQuestion[]; titulo: string; icone?: string | undefined; numero?: number | undefined; variant?: "amber" | "blue" | ... 6 more ... | undefined; onComplete?: ((score: number) => void) | undefined; descricao?: string | undefined; }'.
  Property 'questions' does not exist on type 'IntrinsicAttributes & { questoes: QuizQuestion[]; titulo: string; icone?: string | undefined; numero?: number | undefined; variant?: "amber" | "blue" | ... 6 more ... | undefined; onComplete?: ((score: number) => void) | undefined; descricao?: string | undefined; }'. Did you mean 'questoes'?
src/components/aulas/ingles/AulaFalseCognates.tsx(1237,53): error TS2345: Argument of type '{ modulo: number; tipo: string; }' is not assignable to parameter of type 'number'.
src/components/aulas/ingles/AulaFalseCognates.tsx(1245,13): error TS2322: Type '{ modulo: number; titulo: string; icone: Element; corModulo: "amber" | "blue" | "emerald" | "rose" | "violet"; descricao: string; }' is not assignable to type 'IntrinsicAttributes & { numero: number; titulo: string; descricao: string; gradiente?: string | undefined; variant?: "amber" | "blue" | "emerald" | "rose" | "violet" | "indigo" | "cyan" | undefined; }'.
  Property 'modulo' does not exist on type 'IntrinsicAttributes & { numero: number; titulo: string; descricao: string; gradiente?: string | undefined; variant?: "amber" | "blue" | "emerald" | "rose" | "violet" | "indigo" | "cyan" | undefined; }'.
src/components/aulas/ingles/AulaFalseCognates.tsx(1262,13): error TS2322: Type '{ modulo: number; corModulo: "amber" | "blue" | "emerald" | "rose" | "violet"; onComplete: () => void; }' is not assignable to type 'IntrinsicAttributes & { index: number; variant: "amber" | "blue" | "emerald" | "rose" | "violet" | "indigo" | "cyan" | "slate"; video: { videoId: string; title: string; duration: string; thumbnail?: string | undefined; }; resumoVisual: { ...; }; maceteVisual: { ...; }; audio: { ...; }; }'.
  Property 'modulo' does not exist on type 'IntrinsicAttributes & { index: number; variant: "amber" | "blue" | "emerald" | "rose" | "violet" | "indigo" | "cyan" | "slate"; video: { videoId: string; title: string; duration: string; thumbnail?: string | undefined; }; resumoVisual: { ...; }; maceteVisual: { ...; }; audio: { ...; }; }'.
src/components/aulas/ingles/AulaFalseCognates.tsx(1268,13): error TS2322: Type '{ questions: QuizQuestion[]; modulo: number; onComplete: () => void; onScoreSubmit: () => void | undefined; }' is not assignable to type 'IntrinsicAttributes & { questoes: QuizQuestion[]; titulo: string; icone?: string | undefined; numero?: number | undefined; variant?: "amber" | "blue" | ... 6 more ... | undefined; onComplete?: ((score: number) => void) | undefined; descricao?: string | undefined; }'.
  Property 'questions' does not exist on type 'IntrinsicAttributes & { questoes: QuizQuestion[]; titulo: string; icone?: string | undefined; numero?: number | undefined; variant?: "amber" | "blue" | ... 6 more ... | undefined; onComplete?: ((score: number) => void) | undefined; descricao?: string | undefined; }'. Did you mean 'questoes'?
src/components/aulas/ingles/AulaFalseCognates.tsx(1271,53): error TS2345: Argument of type '{ modulo: number; tipo: string; }' is not assignable to parameter of type 'number'.
src/components/aulas/ingles/AulaFalseCognates.tsx(1279,13): error TS2322: Type '{ modulo: number; titulo: string; icone: Element; corModulo: "amber" | "blue" | "emerald" | "rose" | "violet"; descricao: string; }' is not assignable to type 'IntrinsicAttributes & { numero: number; titulo: string; descricao: string; gradiente?: string | undefined; variant?: "amber" | "blue" | "emerald" | "rose" | "violet" | "indigo" | "cyan" | undefined; }'.
  Property 'modulo' does not exist on type 'IntrinsicAttributes & { numero: number; titulo: string; descricao: string; gradiente?: string | undefined; variant?: "amber" | "blue" | "emerald" | "rose" | "violet" | "indigo" | "cyan" | undefined; }'.
src/components/aulas/ingles/AulaFalseCognates.tsx(1296,13): error TS2322: Type '{ modulo: number; corModulo: "amber" | "blue" | "emerald" | "rose" | "violet"; onComplete: () => void; }' is not assignable to type 'IntrinsicAttributes & { index: number; variant: "amber" | "blue" | "emerald" | "rose" | "violet" | "indigo" | "cyan" | "slate"; video: { videoId: string; title: string; duration: string; thumbnail?: string | undefined; }; resumoVisual: { ...; }; maceteVisual: { ...; }; audio: { ...; }; }'.
  Property 'modulo' does not exist on type 'IntrinsicAttributes & { index: number; variant: "amber" | "blue" | "emerald" | "rose" | "violet" | "indigo" | "cyan" | "slate"; video: { videoId: string; title: string; duration: string; thumbnail?: string | undefined; }; resumoVisual: { ...; }; maceteVisual: { ...; }; audio: { ...; }; }'.
src/components/aulas/ingles/AulaFalseCognates.tsx(1302,13): error TS2322: Type '{ questions: QuizQuestion[]; modulo: number; onComplete: () => void; onScoreSubmit: () => void | undefined; }' is not assignable to type 'IntrinsicAttributes & { questoes: QuizQuestion[]; titulo: string; icone?: string | undefined; numero?: number | undefined; variant?: "amber" | "blue" | ... 6 more ... | undefined; onComplete?: ((score: number) => void) | undefined; descricao?: string | undefined; }'.
  Property 'questions' does not exist on type 'IntrinsicAttributes & { questoes: QuizQuestion[]; titulo: string; icone?: string | undefined; numero?: number | undefined; variant?: "amber" | "blue" | ... 6 more ... | undefined; onComplete?: ((score: number) => void) | undefined; descricao?: string | undefined; }'. Did you mean 'questoes'?
src/components/aulas/ingles/AulaFalseCognates.tsx(1305,53): error TS2345: Argument of type '{ modulo: number; tipo: string; }' is not assignable to parameter of type 'number'.
src/components/aulas/ingles/AulaFalseCognates.tsx(1313,13): error TS2322: Type '{ modulo: number; titulo: string; icone: Element; corModulo: "amber" | "blue" | "emerald" | "rose" | "violet"; descricao: string; }' is not assignable to type 'IntrinsicAttributes & { numero: number; titulo: string; descricao: string; gradiente?: string | undefined; variant?: "amber" | "blue" | "emerald" | "rose" | "violet" | "indigo" | "cyan" | undefined; }'.
  Property 'modulo' does not exist on type 'IntrinsicAttributes & { numero: number; titulo: string; descricao: string; gradiente?: string | undefined; variant?: "amber" | "blue" | "emerald" | "rose" | "violet" | "indigo" | "cyan" | undefined; }'.
src/components/aulas/ingles/AulaFalseCognates.tsx(1330,13): error TS2322: Type '{ modulo: number; corModulo: "amber" | "blue" | "emerald" | "rose" | "violet"; onComplete: () => void; }' is not assignable to type 'IntrinsicAttributes & { index: number; variant: "amber" | "blue" | "emerald" | "rose" | "violet" | "indigo" | "cyan" | "slate"; video: { videoId: string; title: string; duration: string; thumbnail?: string | undefined; }; resumoVisual: { ...; }; maceteVisual: { ...; }; audio: { ...; }; }'.
  Property 'modulo' does not exist on type 'IntrinsicAttributes & { index: number; variant: "amber" | "blue" | "emerald" | "rose" | "violet" | "indigo" | "cyan" | "slate"; video: { videoId: string; title: string; duration: string; thumbnail?: string | undefined; }; resumoVisual: { ...; }; maceteVisual: { ...; }; audio: { ...; }; }'.
src/components/aulas/ingles/AulaFalseCognates.tsx(1336,13): error TS2322: Type '{ questions: QuizQuestion[]; modulo: number; onComplete: () => void; onScoreSubmit: () => void | undefined; }' is not assignable to type 'IntrinsicAttributes & { questoes: QuizQuestion[]; titulo: string; icone?: string | undefined; numero?: number | undefined; variant?: "amber" | "blue" | ... 6 more ... | undefined; onComplete?: ((score: number) => void) | undefined; descricao?: string | undefined; }'.
  Property 'questions' does not exist on type 'IntrinsicAttributes & { questoes: QuizQuestion[]; titulo: string; icone?: string | undefined; numero?: number | undefined; variant?: "amber" | "blue" | ... 6 more ... | undefined; onComplete?: ((score: number) => void) | undefined; descricao?: string | undefined; }'. Did you mean 'questoes'?
src/components/aulas/ingles/AulaFalseCognates.tsx(1339,53): error TS2345: Argument of type '{ modulo: number; tipo: string; }' is not assignable to parameter of type 'number'.
src/components/aulas/ingles/AulaFalseCognates.tsx(1347,13): error TS2322: Type '{ modulo: number; titulo: string; icone: Element; corModulo: "amber" | "blue" | "emerald" | "rose" | "violet"; descricao: string; }' is not assignable to type 'IntrinsicAttributes & { numero: number; titulo: string; descricao: string; gradiente?: string | undefined; variant?: "amber" | "blue" | "emerald" | "rose" | "violet" | "indigo" | "cyan" | undefined; }'.
  Property 'modulo' does not exist on type 'IntrinsicAttributes & { numero: number; titulo: string; descricao: string; gradiente?: string | undefined; variant?: "amber" | "blue" | "emerald" | "rose" | "violet" | "indigo" | "cyan" | undefined; }'.
src/components/aulas/ingles/AulaFalseCognates.tsx(1364,13): error TS2322: Type '{ modulo: number; corModulo: "amber" | "blue" | "emerald" | "rose" | "violet"; onComplete: () => void; }' is not assignable to type 'IntrinsicAttributes & { index: number; variant: "amber" | "blue" | "emerald" | "rose" | "violet" | "indigo" | "cyan" | "slate"; video: { videoId: string; title: string; duration: string; thumbnail?: string | undefined; }; resumoVisual: { ...; }; maceteVisual: { ...; }; audio: { ...; }; }'.
  Property 'modulo' does not exist on type 'IntrinsicAttributes & { index: number; variant: "amber" | "blue" | "emerald" | "rose" | "violet" | "indigo" | "cyan" | "slate"; video: { videoId: string; title: string; duration: string; thumbnail?: string | undefined; }; resumoVisual: { ...; }; maceteVisual: { ...; }; audio: { ...; }; }'.
src/components/aulas/ingles/AulaFalseCognates.tsx(1370,13): error TS2322: Type '{ questions: QuizQuestion[]; modulo: number; onComplete: () => void; onScoreSubmit: () => void | undefined; }' is not assignable to type 'IntrinsicAttributes & { questoes: QuizQuestion[]; titulo: string; icone?: string | undefined; numero?: number | undefined; variant?: "amber" | "blue" | ... 6 more ... | undefined; onComplete?: ((score: number) => void) | undefined; descricao?: string | undefined; }'.
  Property 'questions' does not exist on type 'IntrinsicAttributes & { questoes: QuizQuestion[]; titulo: string; icone?: string | undefined; numero?: number | undefined; variant?: "amber" | "blue" | ... 6 more ... | undefined; onComplete?: ((score: number) => void) | undefined; descricao?: string | undefined; }'. Did you mean 'questoes'?
src/components/aulas/ingles/AulaFalseCognates.tsx(1373,53): error TS2345: Argument of type '{ modulo: number; tipo: string; }' is not assignable to parameter of type 'number'.
src/components/aulas/ingles/AulaFalseCognates.tsx(1381,13): error TS2322: Type '{ modulo: number; titulo: string; icone: Element; corModulo: "amber" | "blue" | "emerald" | "rose" | "violet"; descricao: string; }' is not assignable to type 'IntrinsicAttributes & { numero: number; titulo: string; descricao: string; gradiente?: string | undefined; variant?: "amber" | "blue" | "emerald" | "rose" | "violet" | "indigo" | "cyan" | undefined; }'.
  Property 'modulo' does not exist on type 'IntrinsicAttributes & { numero: number; titulo: string; descricao: string; gradiente?: string | undefined; variant?: "amber" | "blue" | "emerald" | "rose" | "violet" | "indigo" | "cyan" | undefined; }'.
src/components/aulas/ingles/AulaFalseCognates.tsx(1390,15): error TS2322: Type '{ titulo: string; descricao: string; }' is not assignable to type 'IntrinsicAttributes & { index: string | number; title: string; description?: string | undefined; variant?: "amber" | "blue" | "emerald" | "rose" | "violet" | "indigo" | "cyan" | "slate" | undefined; className?: string | undefined; }'.
  Property 'titulo' does not exist on type 'IntrinsicAttributes & { index: string | number; title: string; description?: string | undefined; variant?: "amber" | "blue" | "emerald" | "rose" | "violet" | "indigo" | "cyan" | "slate" | undefined; className?: string | undefined; }'.
src/components/aulas/ingles/AulaFalseCognates.tsx(1396,17): error TS2322: Type '{ step: number; titulo: string; descricao: string; }' is not assignable to type 'IntrinsicAttributes & { passo: number; titulo: string; descricao: string; isLast?: boolean | undefined; }'.
  Property 'step' does not exist on type 'IntrinsicAttributes & { passo: number; titulo: string; descricao: string; isLast?: boolean | undefined; }'.
src/components/aulas/ingles/AulaFalseCognates.tsx(1402,17): error TS2322: Type '{ step: number; titulo: string; descricao: string; }' is not assignable to type 'IntrinsicAttributes & { passo: number; titulo: string; descricao: string; isLast?: boolean | undefined; }'.
  Property 'step' does not exist on type 'IntrinsicAttributes & { passo: number; titulo: string; descricao: string; isLast?: boolean | undefined; }'.
src/components/aulas/ingles/AulaFalseCognates.tsx(1408,17): error TS2322: Type '{ step: number; titulo: string; descricao: string; }' is not assignable to type 'IntrinsicAttributes & { passo: number; titulo: string; descricao: string; isLast?: boolean | undefined; }'.
  Property 'step' does not exist on type 'IntrinsicAttributes & { passo: number; titulo: string; descricao: string; isLast?: boolean | undefined; }'.
src/components/aulas/ingles/AulaFalseCognates.tsx(1414,17): error TS2322: Type '{ step: number; titulo: string; descricao: string; }' is not assignable to type 'IntrinsicAttributes & { passo: number; titulo: string; descricao: string; isLast?: boolean | undefined; }'.
  Property 'step' does not exist on type 'IntrinsicAttributes & { passo: number; titulo: string; descricao: string; isLast?: boolean | undefined; }'.
src/components/aulas/ingles/AulaFalseCognates.tsx(1420,17): error TS2322: Type '{ step: number; titulo: string; descricao: string; }' is not assignable to type 'IntrinsicAttributes & { passo: number; titulo: string; descricao: string; isLast?: boolean | undefined; }'.
  Property 'step' does not exist on type 'IntrinsicAttributes & { passo: number; titulo: string; descricao: string; isLast?: boolean | undefined; }'.
src/components/aulas/ingles/AulaFalseCognates.tsx(1437,13): error TS2322: Type '{ modulo: number; corModulo: "amber" | "blue" | "emerald" | "rose" | "violet"; onComplete: () => void; }' is not assignable to type 'IntrinsicAttributes & { index: number; variant: "amber" | "blue" | "emerald" | "rose" | "violet" | "indigo" | "cyan" | "slate"; video: { videoId: string; title: string; duration: string; thumbnail?: string | undefined; }; resumoVisual: { ...; }; maceteVisual: { ...; }; audio: { ...; }; }'.
  Property 'modulo' does not exist on type 'IntrinsicAttributes & { index: number; variant: "amber" | "blue" | "emerald" | "rose" | "violet" | "indigo" | "cyan" | "slate"; video: { videoId: string; title: string; duration: string; thumbnail?: string | undefined; }; resumoVisual: { ...; }; maceteVisual: { ...; }; audio: { ...; }; }'.
src/components/aulas/ingles/AulaFalseCognates.tsx(1443,13): error TS2322: Type '{ questions: QuizQuestion[]; modulo: number; onComplete: () => void; onScoreSubmit: () => void | undefined; }' is not assignable to type 'IntrinsicAttributes & { questoes: QuizQuestion[]; titulo: string; icone?: string | undefined; numero?: number | undefined; variant?: "amber" | "blue" | ... 6 more ... | undefined; onComplete?: ((score: number) => void) | undefined; descricao?: string | undefined; }'.
  Property 'questions' does not exist on type 'IntrinsicAttributes & { questoes: QuizQuestion[]; titulo: string; icone?: string | undefined; numero?: number | undefined; variant?: "amber" | "blue" | ... 6 more ... | undefined; onComplete?: ((score: number) => void) | undefined; descricao?: string | undefined; }'. Did you mean 'questoes'?
src/components/aulas/ingles/AulaFalseCognates.tsx(1446,53): error TS2345: Argument of type '{ modulo: number; tipo: string; }' is not assignable to parameter of type 'number'.
src/components/aulas/ingles/AulaReadingStrategies.tsx(1127,11): error TS2322: Type '"lime"' is not assignable to type '"amber" | "blue" | "emerald" | "rose" | "violet" | "indigo" | "cyan" | undefined'.
src/components/aulas/ingles/AulaReadingStrategies.tsx(1245,15): error TS2322: Type '"lime"' is not assignable to type '"amber" | "blue" | "emerald" | "rose" | "violet" | "indigo" | "cyan" | "slate" | undefined'.
src/components/aulas/ingles/AulaReadingStrategies.tsx(1259,11): error TS2322: Type '"teal"' is not assignable to type '"amber" | "blue" | "emerald" | "rose" | "violet" | "indigo" | "cyan" | undefined'.
src/components/aulas/ingles/AulaReadingStrategies.tsx(1394,15): error TS2322: Type '"teal"' is not assignable to type '"amber" | "blue" | "emerald" | "rose" | "violet" | "indigo" | "cyan" | "slate" | undefined'.
src/components/aulas/ingles/AulaReadingStrategies.tsx(1552,11): error TS2322: Type '"purple"' is not assignable to type '"amber" | "blue" | "emerald" | "rose" | "violet" | "indigo" | "cyan" | undefined'.
src/components/aulas/ingles/AulaReadingStrategies.tsx(1635,15): error TS2322: Type '"purple"' is not assignable to type '"amber" | "blue" | "emerald" | "rose" | "violet" | "indigo" | "cyan" | "slate" | undefined'.
src/components/aulas/ingles/AulaTextComprehension.tsx(144,7): error TS2322: Type '{ children: Element[]; titulo: string; descricao: string; duracao: string; materiaNome: string; materiaCor: string; materiaId: string; modules: readonly [{ readonly id: "modulo-1"; readonly label: "M├│dulo 1"; readonly title: "Decoding Question Types (Main Idea / Detail / Inference)"; }, ... 8 more ..., { ...; }]; .....' is not assignable to type 'IntrinsicAttributes & { activeTab: string; setActiveTab: (val: string) => void; modules: readonly ModuleDef[]; completedModules: Set<string>; isModuleUnlocked?: ((index: number) => boolean) | undefined; ... 13 more ...; children: ReactNode; }'.
  Property 'showCompletionBadge' does not exist on type 'IntrinsicAttributes & { activeTab: string; setActiveTab: (val: string) => void; modules: readonly ModuleDef[]; completedModules: Set<string>; isModuleUnlocked?: ((index: number) => boolean) | undefined; ... 13 more ...; children: ReactNode; }'.
src/components/aulas/ingles/AulaTextComprehension.tsx(155,13): error TS2322: Type '{ modulo: number; titulo: string; icone: Element; corModulo: "amber" | "blue" | "emerald" | "rose" | "violet"; descricao: string; }' is not assignable to type 'IntrinsicAttributes & { numero: number; titulo: string; descricao: string; gradiente?: string | undefined; variant?: "amber" | "blue" | "emerald" | "rose" | "violet" | "indigo" | "cyan" | undefined; }'.
  Property 'modulo' does not exist on type 'IntrinsicAttributes & { numero: number; titulo: string; descricao: string; gradiente?: string | undefined; variant?: "amber" | "blue" | "emerald" | "rose" | "violet" | "indigo" | "cyan" | undefined; }'.
src/components/aulas/ingles/AulaTextComprehension.tsx(164,15): error TS2322: Type '{ titulo: string; descricao: string; }' is not assignable to type 'IntrinsicAttributes & { index: string | number; title: string; description?: string | undefined; variant?: "amber" | "blue" | "emerald" | "rose" | "violet" | "indigo" | "cyan" | "slate" | undefined; className?: string | undefined; }'.
  Property 'titulo' does not exist on type 'IntrinsicAttributes & { index: string | number; title: string; description?: string | undefined; variant?: "amber" | "blue" | "emerald" | "rose" | "violet" | "indigo" | "cyan" | "slate" | undefined; className?: string | undefined; }'.
src/components/aulas/ingles/AulaTextComprehension.tsx(319,25): error TS2322: Type '{ children: Element; tipo: "danger"; titulo: string; descricao: string; }' is not assignable to type 'IntrinsicAttributes & { tipo: "info" | "warning" | "danger" | "success"; titulo: string; className?: string | undefined; children: ReactNode; }'.
  Property 'descricao' does not exist on type 'IntrinsicAttributes & { tipo: "info" | "warning" | "danger" | "success"; titulo: string; className?: string | undefined; children: ReactNode; }'.
src/components/aulas/ingles/AulaTextComprehension.tsx(322,27): error TS2322: Type '{ lado1: { label: string; content: string; }; lado2: { label: string; content: string; }; }' is not assignable to type 'IntrinsicAttributes & { tipo: "correct" | "incorrect"; titulo: string; items: string[]; }'.
  Property 'lado1' does not exist on type 'IntrinsicAttributes & { tipo: "correct" | "incorrect"; titulo: string; items: string[]; }'.
src/components/aulas/ingles/AulaTextComprehension.tsx(330,25): error TS2322: Type '{ children: Element; tipo: "danger"; titulo: string; descricao: string; }' is not assignable to type 'IntrinsicAttributes & { tipo: "info" | "warning" | "danger" | "success"; titulo: string; className?: string | undefined; children: ReactNode; }'.
  Property 'descricao' does not exist on type 'IntrinsicAttributes & { tipo: "info" | "warning" | "danger" | "success"; titulo: string; className?: string | undefined; children: ReactNode; }'.
src/components/aulas/ingles/AulaTextComprehension.tsx(333,27): error TS2322: Type '{ lado1: { label: string; content: string; }; lado2: { label: string; content: string; }; }' is not assignable to type 'IntrinsicAttributes & { tipo: "correct" | "incorrect"; titulo: string; items: string[]; }'.
  Property 'lado1' does not exist on type 'IntrinsicAttributes & { tipo: "correct" | "incorrect"; titulo: string; items: string[]; }'.
src/components/aulas/ingles/AulaTextComprehension.tsx(341,25): error TS2322: Type '{ children: Element; tipo: "warning"; titulo: string; descricao: string; }' is not assignable to type 'IntrinsicAttributes & { tipo: "info" | "warning" | "danger" | "success"; titulo: string; className?: string | undefined; children: ReactNode; }'.
  Property 'descricao' does not exist on type 'IntrinsicAttributes & { tipo: "info" | "warning" | "danger" | "success"; titulo: string; className?: string | undefined; children: ReactNode; }'.
src/components/aulas/ingles/AulaTextComprehension.tsx(344,27): error TS2322: Type '{ lado1: { label: string; content: string; }; lado2: { label: string; content: string; }; }' is not assignable to type 'IntrinsicAttributes & { tipo: "correct" | "incorrect"; titulo: string; items: string[]; }'.
  Property 'lado1' does not exist on type 'IntrinsicAttributes & { tipo: "correct" | "incorrect"; titulo: string; items: string[]; }'.
src/components/aulas/ingles/AulaTextComprehension.tsx(352,25): error TS2322: Type '{ tipo: "info"; titulo: string; descricao: string; }' is not assignable to type 'IntrinsicAttributes & { tipo: "info" | "warning" | "danger" | "success"; titulo: string; className?: string | undefined; children: ReactNode; }'.
  Property 'descricao' does not exist on type 'IntrinsicAttributes & { tipo: "info" | "warning" | "danger" | "success"; titulo: string; className?: string | undefined; children: ReactNode; }'.
src/components/aulas/ingles/AulaTextComprehension.tsx(426,13): error TS2322: Type '{ modulo: number; corModulo: "amber" | "blue" | "emerald" | "rose" | "violet"; onComplete: () => void; }' is not assignable to type 'IntrinsicAttributes & { index: number; variant: "amber" | "blue" | "emerald" | "rose" | "violet" | "indigo" | "cyan" | "slate"; video: { videoId: string; title: string; duration: string; thumbnail?: string | undefined; }; resumoVisual: { ...; }; maceteVisual: { ...; }; audio: { ...; }; }'.
  Property 'modulo' does not exist on type 'IntrinsicAttributes & { index: number; variant: "amber" | "blue" | "emerald" | "rose" | "violet" | "indigo" | "cyan" | "slate"; video: { videoId: string; title: string; duration: string; thumbnail?: string | undefined; }; resumoVisual: { ...; }; maceteVisual: { ...; }; audio: { ...; }; }'.
src/components/aulas/ingles/AulaTextComprehension.tsx(432,13): error TS2322: Type '{ questions: QuizQuestion[]; modulo: number; onComplete: () => void; onScoreSubmit: () => void | undefined; }' is not assignable to type 'IntrinsicAttributes & { questoes: QuizQuestion[]; titulo: string; icone?: string | undefined; numero?: number | undefined; variant?: "amber" | "blue" | ... 6 more ... | undefined; onComplete?: ((score: number) => void) | undefined; descricao?: string | undefined; }'.
  Property 'questions' does not exist on type 'IntrinsicAttributes & { questoes: QuizQuestion[]; titulo: string; icone?: string | undefined; numero?: number | undefined; variant?: "amber" | "blue" | ... 6 more ... | undefined; onComplete?: ((score: number) => void) | undefined; descricao?: string | undefined; }'. Did you mean 'questoes'?
src/components/aulas/ingles/AulaTextComprehension.tsx(435,53): error TS2345: Argument of type '{ modulo: number; tipo: string; }' is not assignable to parameter of type 'number'.
src/components/aulas/ingles/AulaTextComprehension.tsx(446,13): error TS2322: Type '{ modulo: number; titulo: string; icone: Element; corModulo: "amber" | "blue" | "emerald" | "rose" | "violet"; descricao: string; }' is not assignable to type 'IntrinsicAttributes & { numero: number; titulo: string; descricao: string; gradiente?: string | undefined; variant?: "amber" | "blue" | "emerald" | "rose" | "violet" | "indigo" | "cyan" | undefined; }'.
  Property 'modulo' does not exist on type 'IntrinsicAttributes & { numero: number; titulo: string; descricao: string; gradiente?: string | undefined; variant?: "amber" | "blue" | "emerald" | "rose" | "violet" | "indigo" | "cyan" | undefined; }'.
src/components/aulas/ingles/AulaTextComprehension.tsx(455,15): error TS2322: Type '{ titulo: string; descricao: string; }' is not assignable to type 'IntrinsicAttributes & { index: string | number; title: string; description?: string | undefined; variant?: "amber" | "blue" | "emerald" | "rose" | "violet" | "indigo" | "cyan" | "slate" | undefined; className?: string | undefined; }'.
  Property 'titulo' does not exist on type 'IntrinsicAttributes & { index: string | number; title: string; description?: string | undefined; variant?: "amber" | "blue" | "emerald" | "rose" | "violet" | "indigo" | "cyan" | "slate" | undefined; className?: string | undefined; }'.
src/components/aulas/ingles/AulaTextComprehension.tsx(618,25): error TS2322: Type '{ tipo: "warning"; titulo: string; descricao: string; }' is not assignable to type 'IntrinsicAttributes & { tipo: "info" | "warning" | "danger" | "success"; titulo: string; className?: string | undefined; children: ReactNode; }'.
  Property 'descricao' does not exist on type 'IntrinsicAttributes & { tipo: "info" | "warning" | "danger" | "success"; titulo: string; className?: string | undefined; children: ReactNode; }'.
src/components/aulas/ingles/AulaTextComprehension.tsx(624,25): error TS2322: Type '{ tipo: "warning"; titulo: string; descricao: string; }' is not assignable to type 'IntrinsicAttributes & { tipo: "info" | "warning" | "danger" | "success"; titulo: string; className?: string | undefined; children: ReactNode; }'.
  Property 'descricao' does not exist on type 'IntrinsicAttributes & { tipo: "info" | "warning" | "danger" | "success"; titulo: string; className?: string | undefined; children: ReactNode; }'.
src/components/aulas/ingles/AulaTextComprehension.tsx(630,25): error TS2322: Type '{ tipo: "info"; titulo: string; descricao: string; }' is not assignable to type 'IntrinsicAttributes & { tipo: "info" | "warning" | "danger" | "success"; titulo: string; className?: string | undefined; children: ReactNode; }'.
  Property 'descricao' does not exist on type 'IntrinsicAttributes & { tipo: "info" | "warning" | "danger" | "success"; titulo: string; className?: string | undefined; children: ReactNode; }'.
src/components/aulas/ingles/AulaTextComprehension.tsx(700,13): error TS2322: Type '{ modulo: number; corModulo: "amber" | "blue" | "emerald" | "rose" | "violet"; onComplete: () => void; }' is not assignable to type 'IntrinsicAttributes & { index: number; variant: "amber" | "blue" | "emerald" | "rose" | "violet" | "indigo" | "cyan" | "slate"; video: { videoId: string; title: string; duration: string; thumbnail?: string | undefined; }; resumoVisual: { ...; }; maceteVisual: { ...; }; audio: { ...; }; }'.
  Property 'modulo' does not exist on type 'IntrinsicAttributes & { index: number; variant: "amber" | "blue" | "emerald" | "rose" | "violet" | "indigo" | "cyan" | "slate"; video: { videoId: string; title: string; duration: string; thumbnail?: string | undefined; }; resumoVisual: { ...; }; maceteVisual: { ...; }; audio: { ...; }; }'.
src/components/aulas/ingles/AulaTextComprehension.tsx(706,13): error TS2322: Type '{ questions: QuizQuestion[]; modulo: number; onComplete: () => void; onScoreSubmit: () => void | undefined; }' is not assignable to type 'IntrinsicAttributes & { questoes: QuizQuestion[]; titulo: string; icone?: string | undefined; numero?: number | undefined; variant?: "amber" | "blue" | ... 6 more ... | undefined; onComplete?: ((score: number) => void) | undefined; descricao?: string | undefined; }'.
  Property 'questions' does not exist on type 'IntrinsicAttributes & { questoes: QuizQuestion[]; titulo: string; icone?: string | undefined; numero?: number | undefined; variant?: "amber" | "blue" | ... 6 more ... | undefined; onComplete?: ((score: number) => void) | undefined; descricao?: string | undefined; }'. Did you mean 'questoes'?
src/components/aulas/ingles/AulaTextComprehension.tsx(709,53): error TS2345: Argument of type '{ modulo: number; tipo: string; }' is not assignable to parameter of type 'number'.
src/components/aulas/ingles/AulaTextComprehension.tsx(720,13): error TS2322: Type '{ modulo: number; titulo: string; icone: Element; corModulo: "amber" | "blue" | "emerald" | "rose" | "violet"; descricao: string; }' is not assignable to type 'IntrinsicAttributes & { numero: number; titulo: string; descricao: string; gradiente?: string | undefined; variant?: "amber" | "blue" | "emerald" | "rose" | "violet" | "indigo" | "cyan" | undefined; }'.
  Property 'modulo' does not exist on type 'IntrinsicAttributes & { numero: number; titulo: string; descricao: string; gradiente?: string | undefined; variant?: "amber" | "blue" | "emerald" | "rose" | "violet" | "indigo" | "cyan" | undefined; }'.
src/components/aulas/ingles/AulaTextComprehension.tsx(729,15): error TS2322: Type '{ titulo: string; descricao: string; }' is not assignable to type 'IntrinsicAttributes & { index: string | number; title: string; description?: string | undefined; variant?: "amber" | "blue" | "emerald" | "rose" | "violet" | "indigo" | "cyan" | "slate" | undefined; className?: string | undefined; }'.
  Property 'titulo' does not exist on type 'IntrinsicAttributes & { index: string | number; title: string; description?: string | undefined; variant?: "amber" | "blue" | "emerald" | "rose" | "violet" | "indigo" | "cyan" | "slate" | undefined; className?: string | undefined; }'.
src/components/aulas/ingles/AulaTextComprehension.tsx(907,25): error TS2322: Type '{ children: Element; tipo: "danger"; titulo: string; descricao: string; }' is not assignable to type 'IntrinsicAttributes & { tipo: "info" | "warning" | "danger" | "success"; titulo: string; className?: string | undefined; children: ReactNode; }'.
  Property 'descricao' does not exist on type 'IntrinsicAttributes & { tipo: "info" | "warning" | "danger" | "success"; titulo: string; className?: string | undefined; children: ReactNode; }'.
src/components/aulas/ingles/AulaTextComprehension.tsx(910,27): error TS2322: Type '{ lado1: { label: string; content: string; }; lado2: { label: string; content: string; }; }' is not assignable to type 'IntrinsicAttributes & { tipo: "correct" | "incorrect"; titulo: string; items: string[]; }'.
  Property 'lado1' does not exist on type 'IntrinsicAttributes & { tipo: "correct" | "incorrect"; titulo: string; items: string[]; }'.
src/components/aulas/ingles/AulaTextComprehension.tsx(918,25): error TS2322: Type '{ children: Element; tipo: "danger"; titulo: string; descricao: string; }' is not assignable to type 'IntrinsicAttributes & { tipo: "info" | "warning" | "danger" | "success"; titulo: string; className?: string | undefined; children: ReactNode; }'.
  Property 'descricao' does not exist on type 'IntrinsicAttributes & { tipo: "info" | "warning" | "danger" | "success"; titulo: string; className?: string | undefined; children: ReactNode; }'.
src/components/aulas/ingles/AulaTextComprehension.tsx(921,27): error TS2322: Type '{ lado1: { label: string; content: string; }; lado2: { label: string; content: string; }; }' is not assignable to type 'IntrinsicAttributes & { tipo: "correct" | "incorrect"; titulo: string; items: string[]; }'.
  Property 'lado1' does not exist on type 'IntrinsicAttributes & { tipo: "correct" | "incorrect"; titulo: string; items: string[]; }'.
src/components/aulas/ingles/AulaTextComprehension.tsx(929,25): error TS2322: Type '{ tipo: "warning"; titulo: string; descricao: string; }' is not assignable to type 'IntrinsicAttributes & { tipo: "info" | "warning" | "danger" | "success"; titulo: string; className?: string | undefined; children: ReactNode; }'.
  Property 'descricao' does not exist on type 'IntrinsicAttributes & { tipo: "info" | "warning" | "danger" | "success"; titulo: string; className?: string | undefined; children: ReactNode; }'.
src/components/aulas/ingles/AulaTextComprehension.tsx(935,25): error TS2322: Type '{ tipo: "info"; titulo: string; descricao: string; }' is not assignable to type 'IntrinsicAttributes & { tipo: "info" | "warning" | "danger" | "success"; titulo: string; className?: string | undefined; children: ReactNode; }'.
  Property 'descricao' does not exist on type 'IntrinsicAttributes & { tipo: "info" | "warning" | "danger" | "success"; titulo: string; className?: string | undefined; children: ReactNode; }'.
src/components/aulas/ingles/AulaTextComprehension.tsx(1005,13): error TS2322: Type '{ modulo: number; corModulo: "amber" | "blue" | "emerald" | "rose" | "violet"; onComplete: () => void; }' is not assignable to type 'IntrinsicAttributes & { index: number; variant: "amber" | "blue" | "emerald" | "rose" | "violet" | "indigo" | "cyan" | "slate"; video: { videoId: string; title: string; duration: string; thumbnail?: string | undefined; }; resumoVisual: { ...; }; maceteVisual: { ...; }; audio: { ...; }; }'.
  Property 'modulo' does not exist on type 'IntrinsicAttributes & { index: number; variant: "amber" | "blue" | "emerald" | "rose" | "violet" | "indigo" | "cyan" | "slate"; video: { videoId: string; title: string; duration: string; thumbnail?: string | undefined; }; resumoVisual: { ...; }; maceteVisual: { ...; }; audio: { ...; }; }'.
src/components/aulas/ingles/AulaTextComprehension.tsx(1011,13): error TS2322: Type '{ questions: QuizQuestion[]; modulo: number; onComplete: () => void; onScoreSubmit: () => void | undefined; }' is not assignable to type 'IntrinsicAttributes & { questoes: QuizQuestion[]; titulo: string; icone?: string | undefined; numero?: number | undefined; variant?: "amber" | "blue" | ... 6 more ... | undefined; onComplete?: ((score: number) => void) | undefined; descricao?: string | undefined; }'.
  Property 'questions' does not exist on type 'IntrinsicAttributes & { questoes: QuizQuestion[]; titulo: string; icone?: string | undefined; numero?: number | undefined; variant?: "amber" | "blue" | ... 6 more ... | undefined; onComplete?: ((score: number) => void) | undefined; descricao?: string | undefined; }'. Did you mean 'questoes'?
src/components/aulas/ingles/AulaTextComprehension.tsx(1014,53): error TS2345: Argument of type '{ modulo: number; tipo: string; }' is not assignable to parameter of type 'number'.
src/components/aulas/ingles/AulaTextComprehension.tsx(1025,13): error TS2322: Type '{ modulo: number; titulo: string; icone: Element; corModulo: "amber" | "blue" | "emerald" | "rose" | "violet"; descricao: string; }' is not assignable to type 'IntrinsicAttributes & { numero: number; titulo: string; descricao: string; gradiente?: string | undefined; variant?: "amber" | "blue" | "emerald" | "rose" | "violet" | "indigo" | "cyan" | undefined; }'.
  Property 'modulo' does not exist on type 'IntrinsicAttributes & { numero: number; titulo: string; descricao: string; gradiente?: string | undefined; variant?: "amber" | "blue" | "emerald" | "rose" | "violet" | "indigo" | "cyan" | undefined; }'.
src/components/aulas/ingles/AulaTextComprehension.tsx(1034,15): error TS2322: Type '{ titulo: string; descricao: string; }' is not assignable to type 'IntrinsicAttributes & { index: string | number; title: string; description?: string | undefined; variant?: "amber" | "blue" | "emerald" | "rose" | "violet" | "indigo" | "cyan" | "slate" | undefined; className?: string | undefined; }'.
  Property 'titulo' does not exist on type 'IntrinsicAttributes & { index: string | number; title: string; description?: string | undefined; variant?: "amber" | "blue" | "emerald" | "rose" | "violet" | "indigo" | "cyan" | "slate" | undefined; className?: string | undefined; }'.
src/components/aulas/ingles/AulaTextComprehension.tsx(1172,25): error TS2322: Type '{ children: Element; tipo: "danger"; titulo: string; descricao: string; }' is not assignable to type 'IntrinsicAttributes & { tipo: "info" | "warning" | "danger" | "success"; titulo: string; className?: string | undefined; children: ReactNode; }'.
  Property 'descricao' does not exist on type 'IntrinsicAttributes & { tipo: "info" | "warning" | "danger" | "success"; titulo: string; className?: string | undefined; children: ReactNode; }'.
src/components/aulas/ingles/AulaTextComprehension.tsx(1175,27): error TS2322: Type '{ lado1: { label: string; content: string; }; lado2: { label: string; content: string; }; }' is not assignable to type 'IntrinsicAttributes & { tipo: "correct" | "incorrect"; titulo: string; items: string[]; }'.
  Property 'lado1' does not exist on type 'IntrinsicAttributes & { tipo: "correct" | "incorrect"; titulo: string; items: string[]; }'.
src/components/aulas/ingles/AulaTextComprehension.tsx(1183,25): error TS2322: Type '{ children: Element; tipo: "danger"; titulo: string; descricao: string; }' is not assignable to type 'IntrinsicAttributes & { tipo: "info" | "warning" | "danger" | "success"; titulo: string; className?: string | undefined; children: ReactNode; }'.
  Property 'descricao' does not exist on type 'IntrinsicAttributes & { tipo: "info" | "warning" | "danger" | "success"; titulo: string; className?: string | undefined; children: ReactNode; }'.
src/components/aulas/ingles/AulaTextComprehension.tsx(1186,27): error TS2322: Type '{ lado1: { label: string; content: string; }; lado2: { label: string; content: string; }; }' is not assignable to type 'IntrinsicAttributes & { tipo: "correct" | "incorrect"; titulo: string; items: string[]; }'.
  Property 'lado1' does not exist on type 'IntrinsicAttributes & { tipo: "correct" | "incorrect"; titulo: string; items: string[]; }'.
src/components/aulas/ingles/AulaTextComprehension.tsx(1194,25): error TS2322: Type '{ tipo: "warning"; titulo: string; descricao: string; }' is not assignable to type 'IntrinsicAttributes & { tipo: "info" | "warning" | "danger" | "success"; titulo: string; className?: string | undefined; children: ReactNode; }'.
  Property 'descricao' does not exist on type 'IntrinsicAttributes & { tipo: "info" | "warning" | "danger" | "success"; titulo: string; className?: string | undefined; children: ReactNode; }'.
src/components/aulas/ingles/AulaTextComprehension.tsx(1268,13): error TS2322: Type '{ modulo: number; corModulo: "amber" | "blue" | "emerald" | "rose" | "violet"; onComplete: () => void; }' is not assignable to type 'IntrinsicAttributes & { index: number; variant: "amber" | "blue" | "emerald" | "rose" | "violet" | "indigo" | "cyan" | "slate"; video: { videoId: string; title: string; duration: string; thumbnail?: string | undefined; }; resumoVisual: { ...; }; maceteVisual: { ...; }; audio: { ...; }; }'.
  Property 'modulo' does not exist on type 'IntrinsicAttributes & { index: number; variant: "amber" | "blue" | "emerald" | "rose" | "violet" | "indigo" | "cyan" | "slate"; video: { videoId: string; title: string; duration: string; thumbnail?: string | undefined; }; resumoVisual: { ...; }; maceteVisual: { ...; }; audio: { ...; }; }'.
src/components/aulas/ingles/AulaTextComprehension.tsx(1274,13): error TS2322: Type '{ questions: QuizQuestion[]; modulo: number; onComplete: () => void; onScoreSubmit: () => void | undefined; }' is not assignable to type 'IntrinsicAttributes & { questoes: QuizQuestion[]; titulo: string; icone?: string | undefined; numero?: number | undefined; variant?: "amber" | "blue" | ... 6 more ... | undefined; onComplete?: ((score: number) => void) | undefined; descricao?: string | undefined; }'.
  Property 'questions' does not exist on type 'IntrinsicAttributes & { questoes: QuizQuestion[]; titulo: string; icone?: string | undefined; numero?: number | undefined; variant?: "amber" | "blue" | ... 6 more ... | undefined; onComplete?: ((score: number) => void) | undefined; descricao?: string | undefined; }'. Did you mean 'questoes'?
src/components/aulas/ingles/AulaTextComprehension.tsx(1277,53): error TS2345: Argument of type '{ modulo: number; tipo: string; }' is not assignable to parameter of type 'number'.
src/components/aulas/ingles/AulaTextComprehension.tsx(1288,13): error TS2322: Type '{ modulo: number; titulo: string; icone: Element; corModulo: "amber" | "blue" | "emerald" | "rose" | "violet"; descricao: string; }' is not assignable to type 'IntrinsicAttributes & { numero: number; titulo: string; descricao: string; gradiente?: string | undefined; variant?: "amber" | "blue" | "emerald" | "rose" | "violet" | "indigo" | "cyan" | undefined; }'.
  Property 'modulo' does not exist on type 'IntrinsicAttributes & { numero: number; titulo: string; descricao: string; gradiente?: string | undefined; variant?: "amber" | "blue" | "emerald" | "rose" | "violet" | "indigo" | "cyan" | undefined; }'.
src/components/aulas/ingles/AulaTextComprehension.tsx(1297,15): error TS2322: Type '{ titulo: string; descricao: string; }' is not assignable to type 'IntrinsicAttributes & { index: string | number; title: string; description?: string | undefined; variant?: "amber" | "blue" | "emerald" | "rose" | "violet" | "indigo" | "cyan" | "slate" | undefined; className?: string | undefined; }'.
  Property 'titulo' does not exist on type 'IntrinsicAttributes & { index: string | number; title: string; description?: string | undefined; variant?: "amber" | "blue" | "emerald" | "rose" | "violet" | "indigo" | "cyan" | "slate" | undefined; className?: string | undefined; }'.
src/components/aulas/ingles/AulaTextComprehension.tsx(1432,25): error TS2322: Type '{ children: Element; tipo: "danger"; titulo: string; descricao: string; }' is not assignable to type 'IntrinsicAttributes & { tipo: "info" | "warning" | "danger" | "success"; titulo: string; className?: string | undefined; children: ReactNode; }'.
  Property 'descricao' does not exist on type 'IntrinsicAttributes & { tipo: "info" | "warning" | "danger" | "success"; titulo: string; className?: string | undefined; children: ReactNode; }'.
src/components/aulas/ingles/AulaTextComprehension.tsx(1435,27): error TS2322: Type '{ lado1: { label: string; content: string; }; lado2: { label: string; content: string; }; }' is not assignable to type 'IntrinsicAttributes & { tipo: "correct" | "incorrect"; titulo: string; items: string[]; }'.
  Property 'lado1' does not exist on type 'IntrinsicAttributes & { tipo: "correct" | "incorrect"; titulo: string; items: string[]; }'.
src/components/aulas/ingles/AulaTextComprehension.tsx(1443,25): error TS2322: Type '{ tipo: "warning"; titulo: string; descricao: string; }' is not assignable to type 'IntrinsicAttributes & { tipo: "info" | "warning" | "danger" | "success"; titulo: string; className?: string | undefined; children: ReactNode; }'.
  Property 'descricao' does not exist on type 'IntrinsicAttributes & { tipo: "info" | "warning" | "danger" | "success"; titulo: string; className?: string | undefined; children: ReactNode; }'.
src/components/aulas/ingles/AulaTextComprehension.tsx(1449,25): error TS2322: Type '{ tipo: "info"; titulo: string; descricao: string; }' is not assignable to type 'IntrinsicAttributes & { tipo: "info" | "warning" | "danger" | "success"; titulo: string; className?: string | undefined; children: ReactNode; }'.
  Property 'descricao' does not exist on type 'IntrinsicAttributes & { tipo: "info" | "warning" | "danger" | "success"; titulo: string; className?: string | undefined; children: ReactNode; }'.
src/components/aulas/ingles/AulaTextComprehension.tsx(1521,13): error TS2322: Type '{ modulo: number; corModulo: "amber" | "blue" | "emerald" | "rose" | "violet"; onComplete: () => void; }' is not assignable to type 'IntrinsicAttributes & { index: number; variant: "amber" | "blue" | "emerald" | "rose" | "violet" | "indigo" | "cyan" | "slate"; video: { videoId: string; title: string; duration: string; thumbnail?: string | undefined; }; resumoVisual: { ...; }; maceteVisual: { ...; }; audio: { ...; }; }'.
  Property 'modulo' does not exist on type 'IntrinsicAttributes & { index: number; variant: "amber" | "blue" | "emerald" | "rose" | "violet" | "indigo" | "cyan" | "slate"; video: { videoId: string; title: string; duration: string; thumbnail?: string | undefined; }; resumoVisual: { ...; }; maceteVisual: { ...; }; audio: { ...; }; }'.
src/components/aulas/ingles/AulaTextComprehension.tsx(1527,13): error TS2322: Type '{ questions: QuizQuestion[]; modulo: number; onComplete: () => void; onScoreSubmit: () => void | undefined; }' is not assignable to type 'IntrinsicAttributes & { questoes: QuizQuestion[]; titulo: string; icone?: string | undefined; numero?: number | undefined; variant?: "amber" | "blue" | ... 6 more ... | undefined; onComplete?: ((score: number) => void) | undefined; descricao?: string | undefined; }'.
  Property 'questions' does not exist on type 'IntrinsicAttributes & { questoes: QuizQuestion[]; titulo: string; icone?: string | undefined; numero?: number | undefined; variant?: "amber" | "blue" | ... 6 more ... | undefined; onComplete?: ((score: number) => void) | undefined; descricao?: string | undefined; }'. Did you mean 'questoes'?
src/components/aulas/ingles/AulaTextComprehension.tsx(1530,53): error TS2345: Argument of type '{ modulo: number; tipo: string; }' is not assignable to parameter of type 'number'.
src/components/aulas/ingles/AulaTextComprehension.tsx(1541,13): error TS2322: Type '{ modulo: number; titulo: string; icone: Element; corModulo: "amber" | "blue" | "emerald" | "rose" | "violet"; descricao: string; }' is not assignable to type 'IntrinsicAttributes & { numero: number; titulo: string; descricao: string; gradiente?: string | undefined; variant?: "amber" | "blue" | "emerald" | "rose" | "violet" | "indigo" | "cyan" | undefined; }'.
  Property 'modulo' does not exist on type 'IntrinsicAttributes & { numero: number; titulo: string; descricao: string; gradiente?: string | undefined; variant?: "amber" | "blue" | "emerald" | "rose" | "violet" | "indigo" | "cyan" | undefined; }'.
src/components/aulas/ingles/AulaTextComprehension.tsx(1550,15): error TS2322: Type '{ titulo: string; descricao: string; }' is not assignable to type 'IntrinsicAttributes & { index: string | number; title: string; description?: string | undefined; variant?: "amber" | "blue" | "emerald" | "rose" | "violet" | "indigo" | "cyan" | "slate" | undefined; className?: string | undefined; }'.
  Property 'titulo' does not exist on type 'IntrinsicAttributes & { index: string | number; title: string; description?: string | undefined; variant?: "amber" | "blue" | "emerald" | "rose" | "violet" | "indigo" | "cyan" | "slate" | undefined; className?: string | undefined; }'.
src/components/aulas/ingles/AulaTextComprehension.tsx(1687,25): error TS2322: Type '{ children: Element; tipo: "danger"; titulo: string; descricao: string; }' is not assignable to type 'IntrinsicAttributes & { tipo: "info" | "warning" | "danger" | "success"; titulo: string; className?: string | undefined; children: ReactNode; }'.
  Property 'descricao' does not exist on type 'IntrinsicAttributes & { tipo: "info" | "warning" | "danger" | "success"; titulo: string; className?: string | undefined; children: ReactNode; }'.
src/components/aulas/ingles/AulaTextComprehension.tsx(1690,27): error TS2322: Type '{ lado1: { label: string; content: string; }; lado2: { label: string; content: string; }; }' is not assignable to type 'IntrinsicAttributes & { tipo: "correct" | "incorrect"; titulo: string; items: string[]; }'.
  Property 'lado1' does not exist on type 'IntrinsicAttributes & { tipo: "correct" | "incorrect"; titulo: string; items: string[]; }'.
src/components/aulas/ingles/AulaTextComprehension.tsx(1698,25): error TS2322: Type '{ tipo: "danger"; titulo: string; descricao: string; }' is not assignable to type 'IntrinsicAttributes & { tipo: "info" | "warning" | "danger" | "success"; titulo: string; className?: string | undefined; children: ReactNode; }'.
  Property 'descricao' does not exist on type 'IntrinsicAttributes & { tipo: "info" | "warning" | "danger" | "success"; titulo: string; className?: string | undefined; children: ReactNode; }'.
src/components/aulas/ingles/AulaTextComprehension.tsx(1704,25): error TS2322: Type '{ tipo: "warning"; titulo: string; descricao: string; }' is not assignable to type 'IntrinsicAttributes & { tipo: "info" | "warning" | "danger" | "success"; titulo: string; className?: string | undefined; children: ReactNode; }'.
  Property 'descricao' does not exist on type 'IntrinsicAttributes & { tipo: "info" | "warning" | "danger" | "success"; titulo: string; className?: string | undefined; children: ReactNode; }'.
src/components/aulas/ingles/AulaTextComprehension.tsx(1778,13): error TS2322: Type '{ modulo: number; corModulo: "amber" | "blue" | "emerald" | "rose" | "violet"; onComplete: () => void; }' is not assignable to type 'IntrinsicAttributes & { index: number; variant: "amber" | "blue" | "emerald" | "rose" | "violet" | "indigo" | "cyan" | "slate"; video: { videoId: string; title: string; duration: string; thumbnail?: string | undefined; }; resumoVisual: { ...; }; maceteVisual: { ...; }; audio: { ...; }; }'.
  Property 'modulo' does not exist on type 'IntrinsicAttributes & { index: number; variant: "amber" | "blue" | "emerald" | "rose" | "violet" | "indigo" | "cyan" | "slate"; video: { videoId: string; title: string; duration: string; thumbnail?: string | undefined; }; resumoVisual: { ...; }; maceteVisual: { ...; }; audio: { ...; }; }'.
src/components/aulas/ingles/AulaTextComprehension.tsx(1784,13): error TS2322: Type '{ questions: QuizQuestion[]; modulo: number; onComplete: () => void; onScoreSubmit: () => void | undefined; }' is not assignable to type 'IntrinsicAttributes & { questoes: QuizQuestion[]; titulo: string; icone?: string | undefined; numero?: number | undefined; variant?: "amber" | "blue" | ... 6 more ... | undefined; onComplete?: ((score: number) => void) | undefined; descricao?: string | undefined; }'.
  Property 'questions' does not exist on type 'IntrinsicAttributes & { questoes: QuizQuestion[]; titulo: string; icone?: string | undefined; numero?: number | undefined; variant?: "amber" | "blue" | ... 6 more ... | undefined; onComplete?: ((score: number) => void) | undefined; descricao?: string | undefined; }'. Did you mean 'questoes'?
src/components/aulas/ingles/AulaTextComprehension.tsx(1787,53): error TS2345: Argument of type '{ modulo: number; tipo: string; }' is not assignable to parameter of type 'number'.
src/components/aulas/ingles/AulaTextComprehension.tsx(1798,13): error TS2322: Type '{ modulo: number; titulo: string; icone: Element; corModulo: "amber" | "blue" | "emerald" | "rose" | "violet"; descricao: string; }' is not assignable to type 'IntrinsicAttributes & { numero: number; titulo: string; descricao: string; gradiente?: string | undefined; variant?: "amber" | "blue" | "emerald" | "rose" | "violet" | "indigo" | "cyan" | undefined; }'.
  Property 'modulo' does not exist on type 'IntrinsicAttributes & { numero: number; titulo: string; descricao: string; gradiente?: string | undefined; variant?: "amber" | "blue" | "emerald" | "rose" | "violet" | "indigo" | "cyan" | undefined; }'.
src/components/aulas/ingles/AulaTextComprehension.tsx(1807,15): error TS2322: Type '{ titulo: string; descricao: string; }' is not assignable to type 'IntrinsicAttributes & { index: string | number; title: string; description?: string | undefined; variant?: "amber" | "blue" | "emerald" | "rose" | "violet" | "indigo" | "cyan" | "slate" | undefined; className?: string | undefined; }'.
  Property 'titulo' does not exist on type 'IntrinsicAttributes & { index: string | number; title: string; description?: string | undefined; variant?: "amber" | "blue" | "emerald" | "rose" | "violet" | "indigo" | "cyan" | "slate" | undefined; className?: string | undefined; }'.
src/components/aulas/ingles/AulaTextComprehension.tsx(1947,25): error TS2322: Type '{ children: Element; tipo: "danger"; titulo: string; descricao: string; }' is not assignable to type 'IntrinsicAttributes & { tipo: "info" | "warning" | "danger" | "success"; titulo: string; className?: string | undefined; children: ReactNode; }'.
  Property 'descricao' does not exist on type 'IntrinsicAttributes & { tipo: "info" | "warning" | "danger" | "success"; titulo: string; className?: string | undefined; children: ReactNode; }'.
src/components/aulas/ingles/AulaTextComprehension.tsx(1950,27): error TS2322: Type '{ lado1: { label: string; content: string; }; lado2: { label: string; content: string; }; }' is not assignable to type 'IntrinsicAttributes & { tipo: "correct" | "incorrect"; titulo: string; items: string[]; }'.
  Property 'lado1' does not exist on type 'IntrinsicAttributes & { tipo: "correct" | "incorrect"; titulo: string; items: string[]; }'.
src/components/aulas/ingles/AulaTextComprehension.tsx(1958,25): error TS2322: Type '{ children: Element; tipo: "danger"; titulo: string; descricao: string; }' is not assignable to type 'IntrinsicAttributes & { tipo: "info" | "warning" | "danger" | "success"; titulo: string; className?: string | undefined; children: ReactNode; }'.
  Property 'descricao' does not exist on type 'IntrinsicAttributes & { tipo: "info" | "warning" | "danger" | "success"; titulo: string; className?: string | undefined; children: ReactNode; }'.
src/components/aulas/ingles/AulaTextComprehension.tsx(1961,27): error TS2322: Type '{ lado1: { label: string; content: string; }; lado2: { label: string; content: string; }; }' is not assignable to type 'IntrinsicAttributes & { tipo: "correct" | "incorrect"; titulo: string; items: string[]; }'.
  Property 'lado1' does not exist on type 'IntrinsicAttributes & { tipo: "correct" | "incorrect"; titulo: string; items: string[]; }'.
src/components/aulas/ingles/AulaTextComprehension.tsx(1969,25): error TS2322: Type '{ tipo: "warning"; titulo: string; descricao: string; }' is not assignable to type 'IntrinsicAttributes & { tipo: "info" | "warning" | "danger" | "success"; titulo: string; className?: string | undefined; children: ReactNode; }'.
  Property 'descricao' does not exist on type 'IntrinsicAttributes & { tipo: "info" | "warning" | "danger" | "success"; titulo: string; className?: string | undefined; children: ReactNode; }'.
src/components/aulas/ingles/AulaTextComprehension.tsx(2043,13): error TS2322: Type '{ modulo: number; corModulo: "amber" | "blue" | "emerald" | "rose" | "violet"; onComplete: () => void; }' is not assignable to type 'IntrinsicAttributes & { index: number; variant: "amber" | "blue" | "emerald" | "rose" | "violet" | "indigo" | "cyan" | "slate"; video: { videoId: string; title: string; duration: string; thumbnail?: string | undefined; }; resumoVisual: { ...; }; maceteVisual: { ...; }; audio: { ...; }; }'.
  Property 'modulo' does not exist on type 'IntrinsicAttributes & { index: number; variant: "amber" | "blue" | "emerald" | "rose" | "violet" | "indigo" | "cyan" | "slate"; video: { videoId: string; title: string; duration: string; thumbnail?: string | undefined; }; resumoVisual: { ...; }; maceteVisual: { ...; }; audio: { ...; }; }'.
src/components/aulas/ingles/AulaTextComprehension.tsx(2049,13): error TS2322: Type '{ questions: QuizQuestion[]; modulo: number; onComplete: () => void; onScoreSubmit: () => void | undefined; }' is not assignable to type 'IntrinsicAttributes & { questoes: QuizQuestion[]; titulo: string; icone?: string | undefined; numero?: number | undefined; variant?: "amber" | "blue" | ... 6 more ... | undefined; onComplete?: ((score: number) => void) | undefined; descricao?: string | undefined; }'.
  Property 'questions' does not exist on type 'IntrinsicAttributes & { questoes: QuizQuestion[]; titulo: string; icone?: string | undefined; numero?: number | undefined; variant?: "amber" | "blue" | ... 6 more ... | undefined; onComplete?: ((score: number) => void) | undefined; descricao?: string | undefined; }'. Did you mean 'questoes'?
src/components/aulas/ingles/AulaTextComprehension.tsx(2052,53): error TS2345: Argument of type '{ modulo: number; tipo: string; }' is not assignable to parameter of type 'number'.
src/components/aulas/ingles/AulaTextComprehension.tsx(2063,13): error TS2322: Type '{ modulo: number; titulo: string; icone: Element; corModulo: "amber" | "blue" | "emerald" | "rose" | "violet"; descricao: string; }' is not assignable to type 'IntrinsicAttributes & { numero: number; titulo: string; descricao: string; gradiente?: string | undefined; variant?: "amber" | "blue" | "emerald" | "rose" | "violet" | "indigo" | "cyan" | undefined; }'.
  Property 'modulo' does not exist on type 'IntrinsicAttributes & { numero: number; titulo: string; descricao: string; gradiente?: string | undefined; variant?: "amber" | "blue" | "emerald" | "rose" | "violet" | "indigo" | "cyan" | undefined; }'.
src/components/aulas/ingles/AulaTextComprehension.tsx(2072,15): error TS2322: Type '{ titulo: string; descricao: string; }' is not assignable to type 'IntrinsicAttributes & { index: string | number; title: string; description?: string | undefined; variant?: "amber" | "blue" | "emerald" | "rose" | "violet" | "indigo" | "cyan" | "slate" | undefined; className?: string | undefined; }'.
  Property 'titulo' does not exist on type 'IntrinsicAttributes & { index: string | number; title: string; description?: string | undefined; variant?: "amber" | "blue" | "emerald" | "rose" | "violet" | "indigo" | "cyan" | "slate" | undefined; className?: string | undefined; }'.
src/components/aulas/ingles/AulaTextComprehension.tsx(2211,25): error TS2322: Type '{ children: Element; tipo: "danger"; titulo: string; descricao: string; }' is not assignable to type 'IntrinsicAttributes & { tipo: "info" | "warning" | "danger" | "success"; titulo: string; className?: string | undefined; children: ReactNode; }'.
  Property 'descricao' does not exist on type 'IntrinsicAttributes & { tipo: "info" | "warning" | "danger" | "success"; titulo: string; className?: string | undefined; children: ReactNode; }'.
src/components/aulas/ingles/AulaTextComprehension.tsx(2214,27): error TS2322: Type '{ lado1: { label: string; content: string; }; lado2: { label: string; content: string; }; }' is not assignable to type 'IntrinsicAttributes & { tipo: "correct" | "incorrect"; titulo: string; items: string[]; }'.
  Property 'lado1' does not exist on type 'IntrinsicAttributes & { tipo: "correct" | "incorrect"; titulo: string; items: string[]; }'.
src/components/aulas/ingles/AulaTextComprehension.tsx(2222,25): error TS2322: Type '{ children: Element; tipo: "danger"; titulo: string; descricao: string; }' is not assignable to type 'IntrinsicAttributes & { tipo: "info" | "warning" | "danger" | "success"; titulo: string; className?: string | undefined; children: ReactNode; }'.
  Property 'descricao' does not exist on type 'IntrinsicAttributes & { tipo: "info" | "warning" | "danger" | "success"; titulo: string; className?: string | undefined; children: ReactNode; }'.
src/components/aulas/ingles/AulaTextComprehension.tsx(2225,27): error TS2322: Type '{ lado1: { label: string; content: string; }; lado2: { label: string; content: string; }; }' is not assignable to type 'IntrinsicAttributes & { tipo: "correct" | "incorrect"; titulo: string; items: string[]; }'.
  Property 'lado1' does not exist on type 'IntrinsicAttributes & { tipo: "correct" | "incorrect"; titulo: string; items: string[]; }'.
src/components/aulas/ingles/AulaTextComprehension.tsx(2233,25): error TS2322: Type '{ tipo: "warning"; titulo: string; descricao: string; }' is not assignable to type 'IntrinsicAttributes & { tipo: "info" | "warning" | "danger" | "success"; titulo: string; className?: string | undefined; children: ReactNode; }'.
  Property 'descricao' does not exist on type 'IntrinsicAttributes & { tipo: "info" | "warning" | "danger" | "success"; titulo: string; className?: string | undefined; children: ReactNode; }'.
src/components/aulas/ingles/AulaTextComprehension.tsx(2307,13): error TS2322: Type '{ modulo: number; corModulo: "amber" | "blue" | "emerald" | "rose" | "violet"; onComplete: () => void; }' is not assignable to type 'IntrinsicAttributes & { index: number; variant: "amber" | "blue" | "emerald" | "rose" | "violet" | "indigo" | "cyan" | "slate"; video: { videoId: string; title: string; duration: string; thumbnail?: string | undefined; }; resumoVisual: { ...; }; maceteVisual: { ...; }; audio: { ...; }; }'.
  Property 'modulo' does not exist on type 'IntrinsicAttributes & { index: number; variant: "amber" | "blue" | "emerald" | "rose" | "violet" | "indigo" | "cyan" | "slate"; video: { videoId: string; title: string; duration: string; thumbnail?: string | undefined; }; resumoVisual: { ...; }; maceteVisual: { ...; }; audio: { ...; }; }'.
src/components/aulas/ingles/AulaTextComprehension.tsx(2313,13): error TS2322: Type '{ questions: QuizQuestion[]; modulo: number; onComplete: () => void; onScoreSubmit: () => void | undefined; }' is not assignable to type 'IntrinsicAttributes & { questoes: QuizQuestion[]; titulo: string; icone?: string | undefined; numero?: number | undefined; variant?: "amber" | "blue" | ... 6 more ... | undefined; onComplete?: ((score: number) => void) | undefined; descricao?: string | undefined; }'.
  Property 'questions' does not exist on type 'IntrinsicAttributes & { questoes: QuizQuestion[]; titulo: string; icone?: string | undefined; numero?: number | undefined; variant?: "amber" | "blue" | ... 6 more ... | undefined; onComplete?: ((score: number) => void) | undefined; descricao?: string | undefined; }'. Did you mean 'questoes'?
src/components/aulas/ingles/AulaTextComprehension.tsx(2316,53): error TS2345: Argument of type '{ modulo: number; tipo: string; }' is not assignable to parameter of type 'number'.
src/components/aulas/ingles/AulaTextComprehension.tsx(2327,13): error TS2322: Type '{ modulo: number; titulo: string; icone: Element; corModulo: "amber" | "blue" | "emerald" | "rose" | "violet"; descricao: string; }' is not assignable to type 'IntrinsicAttributes & { numero: number; titulo: string; descricao: string; gradiente?: string | undefined; variant?: "amber" | "blue" | "emerald" | "rose" | "violet" | "indigo" | "cyan" | undefined; }'.
  Property 'modulo' does not exist on type 'IntrinsicAttributes & { numero: number; titulo: string; descricao: string; gradiente?: string | undefined; variant?: "amber" | "blue" | "emerald" | "rose" | "violet" | "indigo" | "cyan" | undefined; }'.
src/components/aulas/ingles/AulaTextComprehension.tsx(2336,15): error TS2322: Type '{ titulo: string; descricao: string; }' is not assignable to type 'IntrinsicAttributes & { index: string | number; title: string; description?: string | undefined; variant?: "amber" | "blue" | "emerald" | "rose" | "violet" | "indigo" | "cyan" | "slate" | undefined; className?: string | undefined; }'.
  Property 'titulo' does not exist on type 'IntrinsicAttributes & { index: string | number; title: string; description?: string | undefined; variant?: "amber" | "blue" | "emerald" | "rose" | "violet" | "indigo" | "cyan" | "slate" | undefined; className?: string | undefined; }'.
src/components/aulas/ingles/AulaTextComprehension.tsx(2463,25): error TS2322: Type '{ tipo: "danger"; titulo: string; descricao: string; }' is not assignable to type 'IntrinsicAttributes & { tipo: "info" | "warning" | "danger" | "success"; titulo: string; className?: string | undefined; children: ReactNode; }'.
  Property 'descricao' does not exist on type 'IntrinsicAttributes & { tipo: "info" | "warning" | "danger" | "success"; titulo: string; className?: string | undefined; children: ReactNode; }'.
src/components/aulas/ingles/AulaTextComprehension.tsx(2469,25): error TS2322: Type '{ tipo: "danger"; titulo: string; descricao: string; }' is not assignable to type 'IntrinsicAttributes & { tipo: "info" | "warning" | "danger" | "success"; titulo: string; className?: string | undefined; children: ReactNode; }'.
  Property 'descricao' does not exist on type 'IntrinsicAttributes & { tipo: "info" | "warning" | "danger" | "success"; titulo: string; className?: string | undefined; children: ReactNode; }'.
src/components/aulas/ingles/AulaTextComprehension.tsx(2475,25): error TS2322: Type '{ tipo: "warning"; titulo: string; descricao: string; }' is not assignable to type 'IntrinsicAttributes & { tipo: "info" | "warning" | "danger" | "success"; titulo: string; className?: string | undefined; children: ReactNode; }'.
  Property 'descricao' does not exist on type 'IntrinsicAttributes & { tipo: "info" | "warning" | "danger" | "success"; titulo: string; className?: string | undefined; children: ReactNode; }'.
src/components/aulas/ingles/AulaTextComprehension.tsx(2481,25): error TS2322: Type '{ tipo: "info"; titulo: string; descricao: string; }' is not assignable to type 'IntrinsicAttributes & { tipo: "info" | "warning" | "danger" | "success"; titulo: string; className?: string | undefined; children: ReactNode; }'.
  Property 'descricao' does not exist on type 'IntrinsicAttributes & { tipo: "info" | "warning" | "danger" | "success"; titulo: string; className?: string | undefined; children: ReactNode; }'.
src/components/aulas/ingles/AulaTextComprehension.tsx(2552,13): error TS2322: Type '{ modulo: number; corModulo: "amber" | "blue" | "emerald" | "rose" | "violet"; onComplete: () => void; }' is not assignable to type 'IntrinsicAttributes & { index: number; variant: "amber" | "blue" | "emerald" | "rose" | "violet" | "indigo" | "cyan" | "slate"; video: { videoId: string; title: string; duration: string; thumbnail?: string | undefined; }; resumoVisual: { ...; }; maceteVisual: { ...; }; audio: { ...; }; }'.
  Property 'modulo' does not exist on type 'IntrinsicAttributes & { index: number; variant: "amber" | "blue" | "emerald" | "rose" | "violet" | "indigo" | "cyan" | "slate"; video: { videoId: string; title: string; duration: string; thumbnail?: string | undefined; }; resumoVisual: { ...; }; maceteVisual: { ...; }; audio: { ...; }; }'.
src/components/aulas/ingles/AulaTextComprehension.tsx(2558,13): error TS2322: Type '{ questions: QuizQuestion[]; modulo: number; onComplete: () => void; onScoreSubmit: () => void | undefined; }' is not assignable to type 'IntrinsicAttributes & { questoes: QuizQuestion[]; titulo: string; icone?: string | undefined; numero?: number | undefined; variant?: "amber" | "blue" | ... 6 more ... | undefined; onComplete?: ((score: number) => void) | undefined; descricao?: string | undefined; }'.
  Property 'questions' does not exist on type 'IntrinsicAttributes & { questoes: QuizQuestion[]; titulo: string; icone?: string | undefined; numero?: number | undefined; variant?: "amber" | "blue" | ... 6 more ... | undefined; onComplete?: ((score: number) => void) | undefined; descricao?: string | undefined; }'. Did you mean 'questoes'?
src/components/aulas/ingles/AulaTextComprehension.tsx(2561,53): error TS2345: Argument of type '{ modulo: number; tipo: string; }' is not assignable to parameter of type 'number'.
src/components/aulas/ingles/AulaTextComprehension.tsx(2572,13): error TS2322: Type '{ modulo: number; titulo: string; icone: Element; corModulo: "amber" | "blue" | "emerald" | "rose" | "violet"; descricao: string; }' is not assignable to type 'IntrinsicAttributes & { numero: number; titulo: string; descricao: string; gradiente?: string | undefined; variant?: "amber" | "blue" | "emerald" | "rose" | "violet" | "indigo" | "cyan" | undefined; }'.
  Property 'modulo' does not exist on type 'IntrinsicAttributes & { numero: number; titulo: string; descricao: string; gradiente?: string | undefined; variant?: "amber" | "blue" | "emerald" | "rose" | "violet" | "indigo" | "cyan" | undefined; }'.
src/components/aulas/ingles/AulaTextComprehension.tsx(2581,15): error TS2322: Type '{ titulo: string; descricao: string; }' is not assignable to type 'IntrinsicAttributes & { index: string | number; title: string; description?: string | undefined; variant?: "amber" | "blue" | "emerald" | "rose" | "violet" | "indigo" | "cyan" | "slate" | undefined; className?: string | undefined; }'.
  Property 'titulo' does not exist on type 'IntrinsicAttributes & { index: string | number; title: string; description?: string | undefined; variant?: "amber" | "blue" | "emerald" | "rose" | "violet" | "indigo" | "cyan" | "slate" | undefined; className?: string | undefined; }'.
src/components/aulas/ingles/AulaTextComprehension.tsx(2602,21): error TS2322: Type '{ numero: number; titulo: string; descricao: string; }' is not assignable to type 'IntrinsicAttributes & { passo: number; titulo: string; descricao: string; isLast?: boolean | undefined; }'.
  Property 'numero' does not exist on type 'IntrinsicAttributes & { passo: number; titulo: string; descricao: string; isLast?: boolean | undefined; }'.
src/components/aulas/ingles/AulaTextComprehension.tsx(2607,21): error TS2322: Type '{ numero: number; titulo: string; descricao: string; }' is not assignable to type 'IntrinsicAttributes & { passo: number; titulo: string; descricao: string; isLast?: boolean | undefined; }'.
  Property 'numero' does not exist on type 'IntrinsicAttributes & { passo: number; titulo: string; descricao: string; isLast?: boolean | undefined; }'.
src/components/aulas/ingles/AulaTextComprehension.tsx(2612,21): error TS2322: Type '{ numero: number; titulo: string; descricao: string; }' is not assignable to type 'IntrinsicAttributes & { passo: number; titulo: string; descricao: string; isLast?: boolean | undefined; }'.
  Property 'numero' does not exist on type 'IntrinsicAttributes & { passo: number; titulo: string; descricao: string; isLast?: boolean | undefined; }'.
src/components/aulas/ingles/AulaTextComprehension.tsx(2617,21): error TS2322: Type '{ numero: number; titulo: string; descricao: string; }' is not assignable to type 'IntrinsicAttributes & { passo: number; titulo: string; descricao: string; isLast?: boolean | undefined; }'.
  Property 'numero' does not exist on type 'IntrinsicAttributes & { passo: number; titulo: string; descricao: string; isLast?: boolean | undefined; }'.
src/components/aulas/ingles/AulaTextComprehension.tsx(2622,21): error TS2322: Type '{ numero: number; titulo: string; descricao: string; }' is not assignable to type 'IntrinsicAttributes & { passo: number; titulo: string; descricao: string; isLast?: boolean | undefined; }'.
  Property 'numero' does not exist on type 'IntrinsicAttributes & { passo: number; titulo: string; descricao: string; isLast?: boolean | undefined; }'.
src/components/aulas/ingles/AulaTextComprehension.tsx(2724,25): error TS2322: Type '{ children: string; tipo: "success"; titulo: string; descricao: string; }' is not assignable to type 'IntrinsicAttributes & { tipo: "info" | "warning" | "danger" | "success"; titulo: string; className?: string | undefined; children: ReactNode; }'.
  Property 'descricao' does not exist on type 'IntrinsicAttributes & { tipo: "info" | "warning" | "danger" | "success"; titulo: string; className?: string | undefined; children: ReactNode; }'.
src/components/aulas/ingles/AulaTextComprehension.tsx(2747,25): error TS2322: Type '{ tipo: "info"; titulo: string; descricao: string; }' is not assignable to type 'IntrinsicAttributes & { tipo: "info" | "warning" | "danger" | "success"; titulo: string; className?: string | undefined; children: ReactNode; }'.
  Property 'descricao' does not exist on type 'IntrinsicAttributes & { tipo: "info" | "warning" | "danger" | "success"; titulo: string; className?: string | undefined; children: ReactNode; }'.
src/components/aulas/ingles/AulaTextComprehension.tsx(2818,13): error TS2322: Type '{ modulo: number; corModulo: "amber" | "blue" | "emerald" | "rose" | "violet"; onComplete: () => void; }' is not assignable to type 'IntrinsicAttributes & { index: number; variant: "amber" | "blue" | "emerald" | "rose" | "violet" | "indigo" | "cyan" | "slate"; video: { videoId: string; title: string; duration: string; thumbnail?: string | undefined; }; resumoVisual: { ...; }; maceteVisual: { ...; }; audio: { ...; }; }'.
  Property 'modulo' does not exist on type 'IntrinsicAttributes & { index: number; variant: "amber" | "blue" | "emerald" | "rose" | "violet" | "indigo" | "cyan" | "slate"; video: { videoId: string; title: string; duration: string; thumbnail?: string | undefined; }; resumoVisual: { ...; }; maceteVisual: { ...; }; audio: { ...; }; }'.
src/components/aulas/ingles/AulaTextComprehension.tsx(2824,13): error TS2322: Type '{ questions: QuizQuestion[]; modulo: number; onComplete: () => void; onScoreSubmit: () => void | undefined; }' is not assignable to type 'IntrinsicAttributes & { questoes: QuizQuestion[]; titulo: string; icone?: string | undefined; numero?: number | undefined; variant?: "amber" | "blue" | ... 6 more ... | undefined; onComplete?: ((score: number) => void) | undefined; descricao?: string | undefined; }'.
  Property 'questions' does not exist on type 'IntrinsicAttributes & { questoes: QuizQuestion[]; titulo: string; icone?: string | undefined; numero?: number | undefined; variant?: "amber" | "blue" | ... 6 more ... | undefined; onComplete?: ((score: number) => void) | undefined; descricao?: string | undefined; }'. Did you mean 'questoes'?
src/components/aulas/ingles/AulaTextComprehension.tsx(2827,53): error TS2345: Argument of type '{ modulo: number; tipo: string; }' is not assignable to parameter of type 'number'.
src/components/aulas/ingles/AulaVerbTenses.tsx(514,13): error TS2322: Type '{ index: number; variant: "amber" | "blue" | "emerald" | "rose" | "violet"; maceteVisual: { title: string; content: Element; }; onComplete: () => void; }' is not assignable to type 'IntrinsicAttributes & { index: number; variant: "amber" | "blue" | "emerald" | "rose" | "violet" | "indigo" | "cyan" | "slate"; video: { videoId: string; title: string; duration: string; thumbnail?: string | undefined; }; resumoVisual: { ...; }; maceteVisual: { ...; }; audio: { ...; }; }'.
  Property 'onComplete' does not exist on type 'IntrinsicAttributes & { index: number; variant: "amber" | "blue" | "emerald" | "rose" | "violet" | "indigo" | "cyan" | "slate"; video: { videoId: string; title: string; duration: string; thumbnail?: string | undefined; }; resumoVisual: { ...; }; maceteVisual: { ...; }; audio: { ...; }; }'.
src/components/aulas/ingles/AulaVerbTenses.tsx(877,13): error TS2322: Type '{ index: number; variant: "amber" | "blue" | "emerald" | "rose" | "violet"; maceteVisual: { title: string; content: Element; }; onComplete: () => void; }' is not assignable to type 'IntrinsicAttributes & { index: number; variant: "amber" | "blue" | "emerald" | "rose" | "violet" | "indigo" | "cyan" | "slate"; video: { videoId: string; title: string; duration: string; thumbnail?: string | undefined; }; resumoVisual: { ...; }; maceteVisual: { ...; }; audio: { ...; }; }'.
  Property 'onComplete' does not exist on type 'IntrinsicAttributes & { index: number; variant: "amber" | "blue" | "emerald" | "rose" | "violet" | "indigo" | "cyan" | "slate"; video: { videoId: string; title: string; duration: string; thumbnail?: string | undefined; }; resumoVisual: { ...; }; maceteVisual: { ...; }; audio: { ...; }; }'.
src/components/aulas/ingles/AulaVerbTenses.tsx(1274,13): error TS2322: Type '{ index: number; variant: "amber" | "blue" | "emerald" | "rose" | "violet"; maceteVisual: { title: string; content: Element; }; onComplete: () => void; }' is not assignable to type 'IntrinsicAttributes & { index: number; variant: "amber" | "blue" | "emerald" | "rose" | "violet" | "indigo" | "cyan" | "slate"; video: { videoId: string; title: string; duration: string; thumbnail?: string | undefined; }; resumoVisual: { ...; }; maceteVisual: { ...; }; audio: { ...; }; }'.
  Property 'onComplete' does not exist on type 'IntrinsicAttributes & { index: number; variant: "amber" | "blue" | "emerald" | "rose" | "violet" | "indigo" | "cyan" | "slate"; video: { videoId: string; title: string; duration: string; thumbnail?: string | undefined; }; resumoVisual: { ...; }; maceteVisual: { ...; }; audio: { ...; }; }'.
src/components/aulas/ingles/AulaVerbTenses.tsx(1374,25): error TS2322: Type '{ lado1: { label: string; content: string; }; lado2: { label: string; content: string; }; }' is not assignable to type 'IntrinsicAttributes & { tipo: "correct" | "incorrect"; titulo: string; items: string[]; }'.
  Property 'lado1' does not exist on type 'IntrinsicAttributes & { tipo: "correct" | "incorrect"; titulo: string; items: string[]; }'.
src/components/aulas/ingles/AulaVerbTenses.tsx(1405,25): error TS2322: Type '{ lado1: { label: string; content: string; }; lado2: { label: string; content: string; }; }' is not assignable to type 'IntrinsicAttributes & { tipo: "correct" | "incorrect"; titulo: string; items: string[]; }'.
  Property 'lado1' does not exist on type 'IntrinsicAttributes & { tipo: "correct" | "incorrect"; titulo: string; items: string[]; }'.
src/components/aulas/ingles/AulaVerbTenses.tsx(1616,13): error TS2322: Type '{ index: number; variant: "amber" | "blue" | "emerald" | "rose" | "violet"; maceteVisual: { title: string; content: Element; }; onComplete: () => void; }' is not assignable to type 'IntrinsicAttributes & { index: number; variant: "amber" | "blue" | "emerald" | "rose" | "violet" | "indigo" | "cyan" | "slate"; video: { videoId: string; title: string; duration: string; thumbnail?: string | undefined; }; resumoVisual: { ...; }; maceteVisual: { ...; }; audio: { ...; }; }'.
  Property 'onComplete' does not exist on type 'IntrinsicAttributes & { index: number; variant: "amber" | "blue" | "emerald" | "rose" | "violet" | "indigo" | "cyan" | "slate"; video: { videoId: string; title: string; duration: string; thumbnail?: string | undefined; }; resumoVisual: { ...; }; maceteVisual: { ...; }; audio: { ...; }; }'.
src/components/aulas/ingles/AulaVerbTenses.tsx(1633,15): error TS2322: Type '{ modulo: number; titulo: "Simulado Mestre" | "Simple Present & Present Continuous" | "Simple Past & Past Continuous" | "Present Perfect & Past Perfect" | "Future Forms" | ... 4 more ... | "English in Petrobras Operations"; icone: Element; corModulo: "amber" | ... 3 more ... | "violet"; descricao: string; }' is not assignable to type 'IntrinsicAttributes & { numero: number; titulo: string; descricao: string; gradiente?: string | undefined; variant?: "amber" | "blue" | "emerald" | "rose" | "violet" | "indigo" | "cyan" | undefined; }'.
  Property 'modulo' does not exist on type 'IntrinsicAttributes & { numero: number; titulo: string; descricao: string; gradiente?: string | undefined; variant?: "amber" | "blue" | "emerald" | "rose" | "violet" | "indigo" | "cyan" | undefined; }'.
src/components/aulas/ingles/AulaVerbTenses.tsx(1641,17): error TS2322: Type '{ titulo: "Simulado Mestre" | "Simple Present & Present Continuous" | "Simple Past & Past Continuous" | "Present Perfect & Past Perfect" | "Future Forms" | "Passive Voice" | "Modal Verbs" | "Conditional Sentences" | "Tense Review & Error Correction" | "English in Petrobras Operations"; descricao: string; }' is not assignable to type 'IntrinsicAttributes & { index: string | number; title: string; description?: string | undefined; variant?: "amber" | "blue" | "emerald" | "rose" | "violet" | "indigo" | "cyan" | "slate" | undefined; className?: string | undefined; }'.
  Property 'titulo' does not exist on type 'IntrinsicAttributes & { index: string | number; title: string; description?: string | undefined; variant?: "amber" | "blue" | "emerald" | "rose" | "violet" | "indigo" | "cyan" | "slate" | undefined; className?: string | undefined; }'.
src/components/aulas/ingles/AulaVerbTenses.tsx(1741,15): error TS2322: Type '{ lado1: { label: string; content: string; }; lado2: { label: string; content: string; }; }' is not assignable to type 'IntrinsicAttributes & { tipo: "correct" | "incorrect"; titulo: string; items: string[]; }'.
  Property 'lado1' does not exist on type 'IntrinsicAttributes & { tipo: "correct" | "incorrect"; titulo: string; items: string[]; }'.
src/components/aulas/ingles/AulaVerbTenses.tsx(2047,13): error TS2322: Type '{ index: number; variant: "amber" | "blue" | "emerald" | "rose" | "violet"; maceteVisual: { title: string; content: Element; }; onComplete: () => void; }' is not assignable to type 'IntrinsicAttributes & { index: number; variant: "amber" | "blue" | "emerald" | "rose" | "violet" | "indigo" | "cyan" | "slate"; video: { videoId: string; title: string; duration: string; thumbnail?: string | undefined; }; resumoVisual: { ...; }; maceteVisual: { ...; }; audio: { ...; }; }'.
  Property 'onComplete' does not exist on type 'IntrinsicAttributes & { index: number; variant: "amber" | "blue" | "emerald" | "rose" | "violet" | "indigo" | "cyan" | "slate"; video: { videoId: string; title: string; duration: string; thumbnail?: string | undefined; }; resumoVisual: { ...; }; maceteVisual: { ...; }; audio: { ...; }; }'.
src/components/aulas/ingles/AulaVerbTenses.tsx(2482,13): error TS2322: Type '{ index: number; variant: "amber" | "blue" | "emerald" | "rose" | "violet"; maceteVisual: { title: string; content: Element; }; onComplete: () => void; }' is not assignable to type 'IntrinsicAttributes & { index: number; variant: "amber" | "blue" | "emerald" | "rose" | "violet" | "indigo" | "cyan" | "slate"; video: { videoId: string; title: string; duration: string; thumbnail?: string | undefined; }; resumoVisual: { ...; }; maceteVisual: { ...; }; audio: { ...; }; }'.
  Property 'onComplete' does not exist on type 'IntrinsicAttributes & { index: number; variant: "amber" | "blue" | "emerald" | "rose" | "violet" | "indigo" | "cyan" | "slate"; video: { videoId: string; title: string; duration: string; thumbnail?: string | undefined; }; resumoVisual: { ...; }; maceteVisual: { ...; }; audio: { ...; }; }'.
src/components/aulas/ingles/AulaVerbTenses.tsx(2584,15): error TS2322: Type '{ lado1: { label: string; content: string; }; lado2: { label: string; content: string; }; }' is not assignable to type 'IntrinsicAttributes & { tipo: "correct" | "incorrect"; titulo: string; items: string[]; }'.
  Property 'lado1' does not exist on type 'IntrinsicAttributes & { tipo: "correct" | "incorrect"; titulo: string; items: string[]; }'.
src/components/aulas/ingles/AulaVerbTenses.tsx(2875,13): error TS2322: Type '{ index: number; variant: "amber" | "blue" | "emerald" | "rose" | "violet"; maceteVisual: { title: string; content: Element; }; onComplete: () => void; }' is not assignable to type 'IntrinsicAttributes & { index: number; variant: "amber" | "blue" | "emerald" | "rose" | "violet" | "indigo" | "cyan" | "slate"; video: { videoId: string; title: string; duration: string; thumbnail?: string | undefined; }; resumoVisual: { ...; }; maceteVisual: { ...; }; audio: { ...; }; }'.
  Property 'onComplete' does not exist on type 'IntrinsicAttributes & { index: number; variant: "amber" | "blue" | "emerald" | "rose" | "violet" | "indigo" | "cyan" | "slate"; video: { videoId: string; title: string; duration: string; thumbnail?: string | undefined; }; resumoVisual: { ...; }; maceteVisual: { ...; }; audio: { ...; }; }'.
src/components/aulas/ingles/AulaVerbTenses.tsx(3294,13): error TS2322: Type '{ index: number; variant: "amber" | "blue" | "emerald" | "rose" | "violet"; maceteVisual: { title: string; content: Element; }; onComplete: () => void; }' is not assignable to type 'IntrinsicAttributes & { index: number; variant: "amber" | "blue" | "emerald" | "rose" | "violet" | "indigo" | "cyan" | "slate"; video: { videoId: string; title: string; duration: string; thumbnail?: string | undefined; }; resumoVisual: { ...; }; maceteVisual: { ...; }; audio: { ...; }; }'.
  Property 'onComplete' does not exist on type 'IntrinsicAttributes & { index: number; variant: "amber" | "blue" | "emerald" | "rose" | "violet" | "indigo" | "cyan" | "slate"; video: { videoId: string; title: string; duration: string; thumbnail?: string | undefined; }; resumoVisual: { ...; }; maceteVisual: { ...; }; audio: { ...; }; }'.
src/components/aulas/ingles/AulaVerbTenses.tsx(3509,25): error TS2322: Type '{ lado1: { label: string; content: string; }; lado2: { label: string; content: string; }; }' is not assignable to type 'IntrinsicAttributes & { tipo: "correct" | "incorrect"; titulo: string; items: string[]; }'.
  Property 'lado1' does not exist on type 'IntrinsicAttributes & { tipo: "correct" | "incorrect"; titulo: string; items: string[]; }'.
src/components/aulas/ingles/AulaVerbTenses.tsx(3622,13): error TS2322: Type '{ index: number; variant: "amber" | "blue" | "emerald" | "rose" | "violet"; maceteVisual: { title: string; content: Element; }; onComplete: () => void; }' is not assignable to type 'IntrinsicAttributes & { index: number; variant: "amber" | "blue" | "emerald" | "rose" | "violet" | "indigo" | "cyan" | "slate"; video: { videoId: string; title: string; duration: string; thumbnail?: string | undefined; }; resumoVisual: { ...; }; maceteVisual: { ...; }; audio: { ...; }; }'.
  Property 'onComplete' does not exist on type 'IntrinsicAttributes & { index: number; variant: "amber" | "blue" | "emerald" | "rose" | "violet" | "indigo" | "cyan" | "slate"; video: { videoId: string; title: string; duration: string; thumbnail?: string | undefined; }; resumoVisual: { ...; }; maceteVisual: { ...; }; audio: { ...; }; }'.
src/components/aulas/ingles/AulaVerbTenses.tsx(3899,13): error TS2322: Type '{ index: number; variant: "amber" | "blue" | "emerald" | "rose" | "violet"; maceteVisual: { title: string; content: Element; }; onComplete: () => void; }' is not assignable to type 'IntrinsicAttributes & { index: number; variant: "amber" | "blue" | "emerald" | "rose" | "violet" | "indigo" | "cyan" | "slate"; video: { videoId: string; title: string; duration: string; thumbnail?: string | undefined; }; resumoVisual: { ...; }; maceteVisual: { ...; }; audio: { ...; }; }'.
  Property 'onComplete' does not exist on type 'IntrinsicAttributes & { index: number; variant: "amber" | "blue" | "emerald" | "rose" | "violet" | "indigo" | "cyan" | "slate"; video: { videoId: string; title: string; duration: string; thumbnail?: string | undefined; }; resumoVisual: { ...; }; maceteVisual: { ...; }; audio: { ...; }; }'.
src/components/aulas/ingles/AulaVocabulary.tsx(146,7): error TS2322: Type '{ children: Element[]; titulo: string; descricao: string; duracao: string; materiaNome: string; materiaCor: string; materiaId: string; modules: readonly [{ readonly id: "modulo-1"; readonly label: "M├│dulo 1"; readonly title: "Upstream Operations (Exploration & Drilling)"; }, ... 8 more ..., { ...; }]; ... 8 more ......' is not assignable to type 'IntrinsicAttributes & { activeTab: string; setActiveTab: (val: string) => void; modules: readonly ModuleDef[]; completedModules: Set<string>; isModuleUnlocked?: ((index: number) => boolean) | undefined; ... 13 more ...; children: ReactNode; }'.
  Property 'showCompletionBadge' does not exist on type 'IntrinsicAttributes & { activeTab: string; setActiveTab: (val: string) => void; modules: readonly ModuleDef[]; completedModules: Set<string>; isModuleUnlocked?: ((index: number) => boolean) | undefined; ... 13 more ...; children: ReactNode; }'.
src/components/aulas/ingles/AulaVocabulary.tsx(154,12): error TS2741: Property 'descricao' is missing in type '{ numero: number; titulo: string; variant: "amber" | "blue" | "emerald" | "rose" | "violet"; }' but required in type '{ numero: number; titulo: string; descricao: string; gradiente?: string | undefined; variant?: "amber" | "blue" | "emerald" | "rose" | "violet" | "indigo" | "cyan" | undefined; }'.
src/components/aulas/ingles/AulaVocabulary.tsx(162,15): error TS2322: Type '{ titulo: string; }' is not assignable to type 'IntrinsicAttributes & { index: string | number; title: string; description?: string | undefined; variant?: "amber" | "blue" | "emerald" | "rose" | "violet" | "indigo" | "cyan" | "slate" | undefined; className?: string | undefined; }'.
  Property 'titulo' does not exist on type 'IntrinsicAttributes & { index: string | number; title: string; description?: string | undefined; variant?: "amber" | "blue" | "emerald" | "rose" | "violet" | "indigo" | "cyan" | "slate" | undefined; className?: string | undefined; }'.
src/components/aulas/ingles/AulaVocabulary.tsx(314,27): error TS2322: Type '{ lado1: { label: string; content: string; }; lado2: { label: string; content: string; }; }' is not assignable to type 'IntrinsicAttributes & { tipo: "correct" | "incorrect"; titulo: string; items: string[]; }'.
  Property 'lado1' does not exist on type 'IntrinsicAttributes & { tipo: "correct" | "incorrect"; titulo: string; items: string[]; }'.
src/components/aulas/ingles/AulaVocabulary.tsx(323,27): error TS2322: Type '{ lado1: { label: string; content: string; }; lado2: { label: string; content: string; }; }' is not assignable to type 'IntrinsicAttributes & { tipo: "correct" | "incorrect"; titulo: string; items: string[]; }'.
  Property 'lado1' does not exist on type 'IntrinsicAttributes & { tipo: "correct" | "incorrect"; titulo: string; items: string[]; }'.
src/components/aulas/ingles/AulaVocabulary.tsx(365,12): error TS2322: Type '{ children: Element; numero: number; variant: "amber" | "blue" | "emerald" | "rose" | "violet"; onComplete: () => void; maceteVisual: { title: string; content: Element; }; }' is not assignable to type 'IntrinsicAttributes & { index: number; variant: "amber" | "blue" | "emerald" | "rose" | "violet" | "indigo" | "cyan" | "slate"; video: { videoId: string; title: string; duration: string; thumbnail?: string | undefined; }; resumoVisual: { ...; }; maceteVisual: { ...; }; audio: { ...; }; }'.
  Property 'children' does not exist on type 'IntrinsicAttributes & { index: number; variant: "amber" | "blue" | "emerald" | "rose" | "violet" | "indigo" | "cyan" | "slate"; video: { videoId: string; title: string; duration: string; thumbnail?: string | undefined; }; resumoVisual: { ...; }; maceteVisual: { ...; }; audio: { ...; }; }'.
src/components/aulas/ingles/AulaVocabulary.tsx(381,14): error TS2741: Property 'titulo' is missing in type '{ questoes: QuizQuestion[]; numero: number; onComplete: () => void; }' but required in type '{ questoes: QuizQuestion[]; titulo: string; icone?: string | undefined; numero?: number | undefined; variant?: "amber" | "blue" | "emerald" | "rose" | "violet" | "indigo" | "cyan" | "slate" | undefined; onComplete?: ((score: number) => void) | undefined; descricao?: string | undefined; }'.
src/components/aulas/ingles/AulaVocabulary.tsx(393,12): error TS2741: Property 'descricao' is missing in type '{ numero: number; titulo: string; variant: "amber" | "blue" | "emerald" | "rose" | "violet"; }' but required in type '{ numero: number; titulo: string; descricao: string; gradiente?: string | undefined; variant?: "amber" | "blue" | "emerald" | "rose" | "violet" | "indigo" | "cyan" | undefined; }'.
src/components/aulas/ingles/AulaVocabulary.tsx(401,15): error TS2322: Type '{ titulo: string; }' is not assignable to type 'IntrinsicAttributes & { index: string | number; title: string; description?: string | undefined; variant?: "amber" | "blue" | "emerald" | "rose" | "violet" | "indigo" | "cyan" | "slate" | undefined; className?: string | undefined; }'.
  Property 'titulo' does not exist on type 'IntrinsicAttributes & { index: string | number; title: string; description?: string | undefined; variant?: "amber" | "blue" | "emerald" | "rose" | "violet" | "indigo" | "cyan" | "slate" | undefined; className?: string | undefined; }'.
src/components/aulas/ingles/AulaVocabulary.tsx(553,27): error TS2322: Type '{ lado1: { label: string; content: string; }; lado2: { label: string; content: string; }; }' is not assignable to type 'IntrinsicAttributes & { tipo: "correct" | "incorrect"; titulo: string; items: string[]; }'.
  Property 'lado1' does not exist on type 'IntrinsicAttributes & { tipo: "correct" | "incorrect"; titulo: string; items: string[]; }'.
src/components/aulas/ingles/AulaVocabulary.tsx(562,27): error TS2322: Type '{ lado1: { label: string; content: string; }; lado2: { label: string; content: string; }; }' is not assignable to type 'IntrinsicAttributes & { tipo: "correct" | "incorrect"; titulo: string; items: string[]; }'.
  Property 'lado1' does not exist on type 'IntrinsicAttributes & { tipo: "correct" | "incorrect"; titulo: string; items: string[]; }'.
src/components/aulas/ingles/AulaVocabulary.tsx(604,12): error TS2322: Type '{ children: Element; numero: number; variant: "amber" | "blue" | "emerald" | "rose" | "violet"; onComplete: () => void; maceteVisual: { title: string; content: Element; }; }' is not assignable to type 'IntrinsicAttributes & { index: number; variant: "amber" | "blue" | "emerald" | "rose" | "violet" | "indigo" | "cyan" | "slate"; video: { videoId: string; title: string; duration: string; thumbnail?: string | undefined; }; resumoVisual: { ...; }; maceteVisual: { ...; }; audio: { ...; }; }'.
  Property 'children' does not exist on type 'IntrinsicAttributes & { index: number; variant: "amber" | "blue" | "emerald" | "rose" | "violet" | "indigo" | "cyan" | "slate"; video: { videoId: string; title: string; duration: string; thumbnail?: string | undefined; }; resumoVisual: { ...; }; maceteVisual: { ...; }; audio: { ...; }; }'.
src/components/aulas/ingles/AulaVocabulary.tsx(620,14): error TS2741: Property 'titulo' is missing in type '{ questoes: QuizQuestion[]; numero: number; onComplete: () => void; }' but required in type '{ questoes: QuizQuestion[]; titulo: string; icone?: string | undefined; numero?: number | undefined; variant?: "amber" | "blue" | "emerald" | "rose" | "violet" | "indigo" | "cyan" | "slate" | undefined; onComplete?: ((score: number) => void) | undefined; descricao?: string | undefined; }'.
src/components/aulas/ingles/AulaVocabulary.tsx(632,12): error TS2741: Property 'descricao' is missing in type '{ numero: number; titulo: string; variant: "amber" | "blue" | "emerald" | "rose" | "violet"; }' but required in type '{ numero: number; titulo: string; descricao: string; gradiente?: string | undefined; variant?: "amber" | "blue" | "emerald" | "rose" | "violet" | "indigo" | "cyan" | undefined; }'.
src/components/aulas/ingles/AulaVocabulary.tsx(640,15): error TS2322: Type '{ titulo: string; }' is not assignable to type 'IntrinsicAttributes & { index: string | number; title: string; description?: string | undefined; variant?: "amber" | "blue" | "emerald" | "rose" | "violet" | "indigo" | "cyan" | "slate" | undefined; className?: string | undefined; }'.
  Property 'titulo' does not exist on type 'IntrinsicAttributes & { index: string | number; title: string; description?: string | undefined; variant?: "amber" | "blue" | "emerald" | "rose" | "violet" | "indigo" | "cyan" | "slate" | undefined; className?: string | undefined; }'.
src/components/aulas/ingles/AulaVocabulary.tsx(805,27): error TS2322: Type '{ lado1: { label: string; content: string; }; lado2: { label: string; content: string; }; }' is not assignable to type 'IntrinsicAttributes & { tipo: "correct" | "incorrect"; titulo: string; items: string[]; }'.
  Property 'lado1' does not exist on type 'IntrinsicAttributes & { tipo: "correct" | "incorrect"; titulo: string; items: string[]; }'.
src/components/aulas/ingles/AulaVocabulary.tsx(814,27): error TS2322: Type '{ lado1: { label: string; content: string; }; lado2: { label: string; content: string; }; }' is not assignable to type 'IntrinsicAttributes & { tipo: "correct" | "incorrect"; titulo: string; items: string[]; }'.
  Property 'lado1' does not exist on type 'IntrinsicAttributes & { tipo: "correct" | "incorrect"; titulo: string; items: string[]; }'.
src/components/aulas/ingles/AulaVocabulary.tsx(856,12): error TS2322: Type '{ children: Element; numero: number; variant: "amber" | "blue" | "emerald" | "rose" | "violet"; onComplete: () => void; maceteVisual: { title: string; content: Element; }; }' is not assignable to type 'IntrinsicAttributes & { index: number; variant: "amber" | "blue" | "emerald" | "rose" | "violet" | "indigo" | "cyan" | "slate"; video: { videoId: string; title: string; duration: string; thumbnail?: string | undefined; }; resumoVisual: { ...; }; maceteVisual: { ...; }; audio: { ...; }; }'.
  Property 'children' does not exist on type 'IntrinsicAttributes & { index: number; variant: "amber" | "blue" | "emerald" | "rose" | "violet" | "indigo" | "cyan" | "slate"; video: { videoId: string; title: string; duration: string; thumbnail?: string | undefined; }; resumoVisual: { ...; }; maceteVisual: { ...; }; audio: { ...; }; }'.
src/components/aulas/ingles/AulaVocabulary.tsx(872,14): error TS2741: Property 'titulo' is missing in type '{ questoes: QuizQuestion[]; numero: number; onComplete: () => void; }' but required in type '{ questoes: QuizQuestion[]; titulo: string; icone?: string | undefined; numero?: number | undefined; variant?: "amber" | "blue" | "emerald" | "rose" | "violet" | "indigo" | "cyan" | "slate" | undefined; onComplete?: ((score: number) => void) | undefined; descricao?: string | undefined; }'.
src/components/aulas/ingles/AulaVocabulary.tsx(884,12): error TS2741: Property 'descricao' is missing in type '{ numero: number; titulo: string; variant: "amber" | "blue" | "emerald" | "rose" | "violet"; }' but required in type '{ numero: number; titulo: string; descricao: string; gradiente?: string | undefined; variant?: "amber" | "blue" | "emerald" | "rose" | "violet" | "indigo" | "cyan" | undefined; }'.
src/components/aulas/ingles/AulaVocabulary.tsx(892,15): error TS2322: Type '{ titulo: string; }' is not assignable to type 'IntrinsicAttributes & { index: string | number; title: string; description?: string | undefined; variant?: "amber" | "blue" | "emerald" | "rose" | "violet" | "indigo" | "cyan" | "slate" | undefined; className?: string | undefined; }'.
  Property 'titulo' does not exist on type 'IntrinsicAttributes & { index: string | number; title: string; description?: string | undefined; variant?: "amber" | "blue" | "emerald" | "rose" | "violet" | "indigo" | "cyan" | "slate" | undefined; className?: string | undefined; }'.
src/components/aulas/ingles/AulaVocabulary.tsx(1054,27): error TS2322: Type '{ lado1: { label: string; content: string; }; lado2: { label: string; content: string; }; }' is not assignable to type 'IntrinsicAttributes & { tipo: "correct" | "incorrect"; titulo: string; items: string[]; }'.
  Property 'lado1' does not exist on type 'IntrinsicAttributes & { tipo: "correct" | "incorrect"; titulo: string; items: string[]; }'.
src/components/aulas/ingles/AulaVocabulary.tsx(1063,27): error TS2322: Type '{ lado1: { label: string; content: string; }; lado2: { label: string; content: string; }; }' is not assignable to type 'IntrinsicAttributes & { tipo: "correct" | "incorrect"; titulo: string; items: string[]; }'.
  Property 'lado1' does not exist on type 'IntrinsicAttributes & { tipo: "correct" | "incorrect"; titulo: string; items: string[]; }'.
src/components/aulas/ingles/AulaVocabulary.tsx(1105,12): error TS2322: Type '{ children: Element; numero: number; variant: "amber" | "blue" | "emerald" | "rose" | "violet"; onComplete: () => void; maceteVisual: { title: string; content: Element; }; }' is not assignable to type 'IntrinsicAttributes & { index: number; variant: "amber" | "blue" | "emerald" | "rose" | "violet" | "indigo" | "cyan" | "slate"; video: { videoId: string; title: string; duration: string; thumbnail?: string | undefined; }; resumoVisual: { ...; }; maceteVisual: { ...; }; audio: { ...; }; }'.
  Property 'children' does not exist on type 'IntrinsicAttributes & { index: number; variant: "amber" | "blue" | "emerald" | "rose" | "violet" | "indigo" | "cyan" | "slate"; video: { videoId: string; title: string; duration: string; thumbnail?: string | undefined; }; resumoVisual: { ...; }; maceteVisual: { ...; }; audio: { ...; }; }'.
src/components/aulas/ingles/AulaVocabulary.tsx(1121,14): error TS2741: Property 'titulo' is missing in type '{ questoes: QuizQuestion[]; numero: number; onComplete: () => void; }' but required in type '{ questoes: QuizQuestion[]; titulo: string; icone?: string | undefined; numero?: number | undefined; variant?: "amber" | "blue" | "emerald" | "rose" | "violet" | "indigo" | "cyan" | "slate" | undefined; onComplete?: ((score: number) => void) | undefined; descricao?: string | undefined; }'.
src/components/aulas/ingles/AulaVocabulary.tsx(1133,12): error TS2741: Property 'descricao' is missing in type '{ numero: number; titulo: string; variant: "amber" | "blue" | "emerald" | "rose" | "violet"; }' but required in type '{ numero: number; titulo: string; descricao: string; gradiente?: string | undefined; variant?: "amber" | "blue" | "emerald" | "rose" | "violet" | "indigo" | "cyan" | undefined; }'.
src/components/aulas/ingles/AulaVocabulary.tsx(1141,15): error TS2322: Type '{ titulo: string; }' is not assignable to type 'IntrinsicAttributes & { index: string | number; title: string; description?: string | undefined; variant?: "amber" | "blue" | "emerald" | "rose" | "violet" | "indigo" | "cyan" | "slate" | undefined; className?: string | undefined; }'.
  Property 'titulo' does not exist on type 'IntrinsicAttributes & { index: string | number; title: string; description?: string | undefined; variant?: "amber" | "blue" | "emerald" | "rose" | "violet" | "indigo" | "cyan" | "slate" | undefined; className?: string | undefined; }'.
src/components/aulas/ingles/AulaVocabulary.tsx(1306,27): error TS2322: Type '{ lado1: { label: string; content: string; }; lado2: { label: string; content: string; }; }' is not assignable to type 'IntrinsicAttributes & { tipo: "correct" | "incorrect"; titulo: string; items: string[]; }'.
  Property 'lado1' does not exist on type 'IntrinsicAttributes & { tipo: "correct" | "incorrect"; titulo: string; items: string[]; }'.
src/components/aulas/ingles/AulaVocabulary.tsx(1315,27): error TS2322: Type '{ lado1: { label: string; content: string; }; lado2: { label: string; content: string; }; }' is not assignable to type 'IntrinsicAttributes & { tipo: "correct" | "incorrect"; titulo: string; items: string[]; }'.
  Property 'lado1' does not exist on type 'IntrinsicAttributes & { tipo: "correct" | "incorrect"; titulo: string; items: string[]; }'.
src/components/aulas/ingles/AulaVocabulary.tsx(1357,12): error TS2322: Type '{ children: Element; numero: number; variant: "amber" | "blue" | "emerald" | "rose" | "violet"; onComplete: () => void; maceteVisual: { title: string; content: Element; }; }' is not assignable to type 'IntrinsicAttributes & { index: number; variant: "amber" | "blue" | "emerald" | "rose" | "violet" | "indigo" | "cyan" | "slate"; video: { videoId: string; title: string; duration: string; thumbnail?: string | undefined; }; resumoVisual: { ...; }; maceteVisual: { ...; }; audio: { ...; }; }'.
  Property 'children' does not exist on type 'IntrinsicAttributes & { index: number; variant: "amber" | "blue" | "emerald" | "rose" | "violet" | "indigo" | "cyan" | "slate"; video: { videoId: string; title: string; duration: string; thumbnail?: string | undefined; }; resumoVisual: { ...; }; maceteVisual: { ...; }; audio: { ...; }; }'.
src/components/aulas/ingles/AulaVocabulary.tsx(1373,14): error TS2741: Property 'titulo' is missing in type '{ questoes: QuizQuestion[]; numero: number; onComplete: () => void; }' but required in type '{ questoes: QuizQuestion[]; titulo: string; icone?: string | undefined; numero?: number | undefined; variant?: "amber" | "blue" | "emerald" | "rose" | "violet" | "indigo" | "cyan" | "slate" | undefined; onComplete?: ((score: number) => void) | undefined; descricao?: string | undefined; }'.
src/components/aulas/ingles/AulaVocabulary.tsx(1385,12): error TS2741: Property 'descricao' is missing in type '{ numero: number; titulo: string; variant: "amber" | "blue" | "emerald" | "rose" | "violet"; }' but required in type '{ numero: number; titulo: string; descricao: string; gradiente?: string | undefined; variant?: "amber" | "blue" | "emerald" | "rose" | "violet" | "indigo" | "cyan" | undefined; }'.
src/components/aulas/ingles/AulaVocabulary.tsx(1393,15): error TS2322: Type '{ titulo: string; }' is not assignable to type 'IntrinsicAttributes & { index: string | number; title: string; description?: string | undefined; variant?: "amber" | "blue" | "emerald" | "rose" | "violet" | "indigo" | "cyan" | "slate" | undefined; className?: string | undefined; }'.
  Property 'titulo' does not exist on type 'IntrinsicAttributes & { index: string | number; title: string; description?: string | undefined; variant?: "amber" | "blue" | "emerald" | "rose" | "violet" | "indigo" | "cyan" | "slate" | undefined; className?: string | undefined; }'.
src/components/aulas/ingles/AulaVocabulary.tsx(1555,27): error TS2322: Type '{ lado1: { label: string; content: string; }; lado2: { label: string; content: string; }; }' is not assignable to type 'IntrinsicAttributes & { tipo: "correct" | "incorrect"; titulo: string; items: string[]; }'.
  Property 'lado1' does not exist on type 'IntrinsicAttributes & { tipo: "correct" | "incorrect"; titulo: string; items: string[]; }'.
src/components/aulas/ingles/AulaVocabulary.tsx(1564,27): error TS2322: Type '{ lado1: { label: string; content: string; }; lado2: { label: string; content: string; }; }' is not assignable to type 'IntrinsicAttributes & { tipo: "correct" | "incorrect"; titulo: string; items: string[]; }'.
  Property 'lado1' does not exist on type 'IntrinsicAttributes & { tipo: "correct" | "incorrect"; titulo: string; items: string[]; }'.
src/components/aulas/ingles/AulaVocabulary.tsx(1606,12): error TS2322: Type '{ children: Element; numero: number; variant: "amber" | "blue" | "emerald" | "rose" | "violet"; onComplete: () => void; maceteVisual: { title: string; content: Element; }; }' is not assignable to type 'IntrinsicAttributes & { index: number; variant: "amber" | "blue" | "emerald" | "rose" | "violet" | "indigo" | "cyan" | "slate"; video: { videoId: string; title: string; duration: string; thumbnail?: string | undefined; }; resumoVisual: { ...; }; maceteVisual: { ...; }; audio: { ...; }; }'.
  Property 'children' does not exist on type 'IntrinsicAttributes & { index: number; variant: "amber" | "blue" | "emerald" | "rose" | "violet" | "indigo" | "cyan" | "slate"; video: { videoId: string; title: string; duration: string; thumbnail?: string | undefined; }; resumoVisual: { ...; }; maceteVisual: { ...; }; audio: { ...; }; }'.
src/components/aulas/ingles/AulaVocabulary.tsx(1622,14): error TS2741: Property 'titulo' is missing in type '{ questoes: QuizQuestion[]; numero: number; onComplete: () => void; }' but required in type '{ questoes: QuizQuestion[]; titulo: string; icone?: string | undefined; numero?: number | undefined; variant?: "amber" | "blue" | "emerald" | "rose" | "violet" | "indigo" | "cyan" | "slate" | undefined; onComplete?: ((score: number) => void) | undefined; descricao?: string | undefined; }'.
src/components/aulas/ingles/AulaVocabulary.tsx(1634,12): error TS2741: Property 'descricao' is missing in type '{ numero: number; titulo: string; variant: "amber" | "blue" | "emerald" | "rose" | "violet"; }' but required in type '{ numero: number; titulo: string; descricao: string; gradiente?: string | undefined; variant?: "amber" | "blue" | "emerald" | "rose" | "violet" | "indigo" | "cyan" | undefined; }'.
src/components/aulas/ingles/AulaVocabulary.tsx(1642,15): error TS2322: Type '{ titulo: string; }' is not assignable to type 'IntrinsicAttributes & { index: string | number; title: string; description?: string | undefined; variant?: "amber" | "blue" | "emerald" | "rose" | "violet" | "indigo" | "cyan" | "slate" | undefined; className?: string | undefined; }'.
  Property 'titulo' does not exist on type 'IntrinsicAttributes & { index: string | number; title: string; description?: string | undefined; variant?: "amber" | "blue" | "emerald" | "rose" | "violet" | "indigo" | "cyan" | "slate" | undefined; className?: string | undefined; }'.
src/components/aulas/ingles/AulaVocabulary.tsx(1807,27): error TS2322: Type '{ lado1: { label: string; content: string; }; lado2: { label: string; content: string; }; }' is not assignable to type 'IntrinsicAttributes & { tipo: "correct" | "incorrect"; titulo: string; items: string[]; }'.
  Property 'lado1' does not exist on type 'IntrinsicAttributes & { tipo: "correct" | "incorrect"; titulo: string; items: string[]; }'.
src/components/aulas/ingles/AulaVocabulary.tsx(1816,27): error TS2322: Type '{ lado1: { label: string; content: string; }; lado2: { label: string; content: string; }; }' is not assignable to type 'IntrinsicAttributes & { tipo: "correct" | "incorrect"; titulo: string; items: string[]; }'.
  Property 'lado1' does not exist on type 'IntrinsicAttributes & { tipo: "correct" | "incorrect"; titulo: string; items: string[]; }'.
src/components/aulas/ingles/AulaVocabulary.tsx(1858,12): error TS2322: Type '{ children: Element; numero: number; variant: "amber" | "blue" | "emerald" | "rose" | "violet"; onComplete: () => void; maceteVisual: { title: string; content: Element; }; }' is not assignable to type 'IntrinsicAttributes & { index: number; variant: "amber" | "blue" | "emerald" | "rose" | "violet" | "indigo" | "cyan" | "slate"; video: { videoId: string; title: string; duration: string; thumbnail?: string | undefined; }; resumoVisual: { ...; }; maceteVisual: { ...; }; audio: { ...; }; }'.
  Property 'children' does not exist on type 'IntrinsicAttributes & { index: number; variant: "amber" | "blue" | "emerald" | "rose" | "violet" | "indigo" | "cyan" | "slate"; video: { videoId: string; title: string; duration: string; thumbnail?: string | undefined; }; resumoVisual: { ...; }; maceteVisual: { ...; }; audio: { ...; }; }'.
src/components/aulas/ingles/AulaVocabulary.tsx(1874,14): error TS2741: Property 'titulo' is missing in type '{ questoes: QuizQuestion[]; numero: number; onComplete: () => void; }' but required in type '{ questoes: QuizQuestion[]; titulo: string; icone?: string | undefined; numero?: number | undefined; variant?: "amber" | "blue" | "emerald" | "rose" | "violet" | "indigo" | "cyan" | "slate" | undefined; onComplete?: ((score: number) => void) | undefined; descricao?: string | undefined; }'.
src/components/aulas/ingles/AulaVocabulary.tsx(1886,12): error TS2741: Property 'descricao' is missing in type '{ numero: number; titulo: string; variant: "amber" | "blue" | "emerald" | "rose" | "violet"; }' but required in type '{ numero: number; titulo: string; descricao: string; gradiente?: string | undefined; variant?: "amber" | "blue" | "emerald" | "rose" | "violet" | "indigo" | "cyan" | undefined; }'.
src/components/aulas/ingles/AulaVocabulary.tsx(1894,15): error TS2322: Type '{ titulo: string; }' is not assignable to type 'IntrinsicAttributes & { index: string | number; title: string; description?: string | undefined; variant?: "amber" | "blue" | "emerald" | "rose" | "violet" | "indigo" | "cyan" | "slate" | undefined; className?: string | undefined; }'.
  Property 'titulo' does not exist on type 'IntrinsicAttributes & { index: string | number; title: string; description?: string | undefined; variant?: "amber" | "blue" | "emerald" | "rose" | "violet" | "indigo" | "cyan" | "slate" | undefined; className?: string | undefined; }'.
src/components/aulas/ingles/AulaVocabulary.tsx(2059,27): error TS2322: Type '{ lado1: { label: string; content: string; }; lado2: { label: string; content: string; }; }' is not assignable to type 'IntrinsicAttributes & { tipo: "correct" | "incorrect"; titulo: string; items: string[]; }'.
  Property 'lado1' does not exist on type 'IntrinsicAttributes & { tipo: "correct" | "incorrect"; titulo: string; items: string[]; }'.
src/components/aulas/ingles/AulaVocabulary.tsx(2068,27): error TS2322: Type '{ lado1: { label: string; content: string; }; lado2: { label: string; content: string; }; }' is not assignable to type 'IntrinsicAttributes & { tipo: "correct" | "incorrect"; titulo: string; items: string[]; }'.
  Property 'lado1' does not exist on type 'IntrinsicAttributes & { tipo: "correct" | "incorrect"; titulo: string; items: string[]; }'.
src/components/aulas/ingles/AulaVocabulary.tsx(2110,12): error TS2322: Type '{ children: Element; numero: number; variant: "amber" | "blue" | "emerald" | "rose" | "violet"; onComplete: () => void; maceteVisual: { title: string; content: Element; }; }' is not assignable to type 'IntrinsicAttributes & { index: number; variant: "amber" | "blue" | "emerald" | "rose" | "violet" | "indigo" | "cyan" | "slate"; video: { videoId: string; title: string; duration: string; thumbnail?: string | undefined; }; resumoVisual: { ...; }; maceteVisual: { ...; }; audio: { ...; }; }'.
  Property 'children' does not exist on type 'IntrinsicAttributes & { index: number; variant: "amber" | "blue" | "emerald" | "rose" | "violet" | "indigo" | "cyan" | "slate"; video: { videoId: string; title: string; duration: string; thumbnail?: string | undefined; }; resumoVisual: { ...; }; maceteVisual: { ...; }; audio: { ...; }; }'.
src/components/aulas/ingles/AulaVocabulary.tsx(2126,14): error TS2741: Property 'titulo' is missing in type '{ questoes: QuizQuestion[]; numero: number; onComplete: () => void; }' but required in type '{ questoes: QuizQuestion[]; titulo: string; icone?: string | undefined; numero?: number | undefined; variant?: "amber" | "blue" | "emerald" | "rose" | "violet" | "indigo" | "cyan" | "slate" | undefined; onComplete?: ((score: number) => void) | undefined; descricao?: string | undefined; }'.
src/components/aulas/ingles/AulaVocabulary.tsx(2138,12): error TS2741: Property 'descricao' is missing in type '{ numero: number; titulo: string; variant: "amber" | "blue" | "emerald" | "rose" | "violet"; }' but required in type '{ numero: number; titulo: string; descricao: string; gradiente?: string | undefined; variant?: "amber" | "blue" | "emerald" | "rose" | "violet" | "indigo" | "cyan" | undefined; }'.
src/components/aulas/ingles/AulaVocabulary.tsx(2146,15): error TS2322: Type '{ titulo: string; }' is not assignable to type 'IntrinsicAttributes & { index: string | number; title: string; description?: string | undefined; variant?: "amber" | "blue" | "emerald" | "rose" | "violet" | "indigo" | "cyan" | "slate" | undefined; className?: string | undefined; }'.
  Property 'titulo' does not exist on type 'IntrinsicAttributes & { index: string | number; title: string; description?: string | undefined; variant?: "amber" | "blue" | "emerald" | "rose" | "violet" | "indigo" | "cyan" | "slate" | undefined; className?: string | undefined; }'.
src/components/aulas/ingles/AulaVocabulary.tsx(2316,27): error TS2322: Type '{ lado1: { label: string; content: string; }; lado2: { label: string; content: string; }; }' is not assignable to type 'IntrinsicAttributes & { tipo: "correct" | "incorrect"; titulo: string; items: string[]; }'.
  Property 'lado1' does not exist on type 'IntrinsicAttributes & { tipo: "correct" | "incorrect"; titulo: string; items: string[]; }'.
src/components/aulas/ingles/AulaVocabulary.tsx(2366,12): error TS2322: Type '{ children: Element; numero: number; variant: "amber" | "blue" | "emerald" | "rose" | "violet"; onComplete: () => void; maceteVisual: { title: string; content: Element; }; }' is not assignable to type 'IntrinsicAttributes & { index: number; variant: "amber" | "blue" | "emerald" | "rose" | "violet" | "indigo" | "cyan" | "slate"; video: { videoId: string; title: string; duration: string; thumbnail?: string | undefined; }; resumoVisual: { ...; }; maceteVisual: { ...; }; audio: { ...; }; }'.
  Property 'children' does not exist on type 'IntrinsicAttributes & { index: number; variant: "amber" | "blue" | "emerald" | "rose" | "violet" | "indigo" | "cyan" | "slate"; video: { videoId: string; title: string; duration: string; thumbnail?: string | undefined; }; resumoVisual: { ...; }; maceteVisual: { ...; }; audio: { ...; }; }'.
src/components/aulas/ingles/AulaVocabulary.tsx(2382,14): error TS2741: Property 'titulo' is missing in type '{ questoes: QuizQuestion[]; numero: number; onComplete: () => void; }' but required in type '{ questoes: QuizQuestion[]; titulo: string; icone?: string | undefined; numero?: number | undefined; variant?: "amber" | "blue" | "emerald" | "rose" | "violet" | "indigo" | "cyan" | "slate" | undefined; onComplete?: ((score: number) => void) | undefined; descricao?: string | undefined; }'.
src/components/aulas/ingles/AulaVocabulary.tsx(2394,12): error TS2741: Property 'descricao' is missing in type '{ numero: number; titulo: string; variant: "amber" | "blue" | "emerald" | "rose" | "violet"; }' but required in type '{ numero: number; titulo: string; descricao: string; gradiente?: string | undefined; variant?: "amber" | "blue" | "emerald" | "rose" | "violet" | "indigo" | "cyan" | undefined; }'.
src/components/aulas/ingles/AulaVocabulary.tsx(2402,15): error TS2322: Type '{ titulo: string; }' is not assignable to type 'IntrinsicAttributes & { index: string | number; title: string; description?: string | undefined; variant?: "amber" | "blue" | "emerald" | "rose" | "violet" | "indigo" | "cyan" | "slate" | undefined; className?: string | undefined; }'.
  Property 'titulo' does not exist on type 'IntrinsicAttributes & { index: string | number; title: string; description?: string | undefined; variant?: "amber" | "blue" | "emerald" | "rose" | "violet" | "indigo" | "cyan" | "slate" | undefined; className?: string | undefined; }'.
src/components/aulas/ingles/AulaVocabulary.tsx(2439,21): error TS2322: Type '{ step: number; title: string; description: string; example: string; }' is not assignable to type 'IntrinsicAttributes & { passo: number; titulo: string; descricao: string; isLast?: boolean | undefined; }'.
  Property 'step' does not exist on type 'IntrinsicAttributes & { passo: number; titulo: string; descricao: string; isLast?: boolean | undefined; }'.
src/components/aulas/ingles/AulaVocabulary.tsx(2445,21): error TS2322: Type '{ step: number; title: string; description: string; example: string; }' is not assignable to type 'IntrinsicAttributes & { passo: number; titulo: string; descricao: string; isLast?: boolean | undefined; }'.
  Property 'step' does not exist on type 'IntrinsicAttributes & { passo: number; titulo: string; descricao: string; isLast?: boolean | undefined; }'.
src/components/aulas/ingles/AulaVocabulary.tsx(2451,21): error TS2322: Type '{ step: number; title: string; description: string; example: string; }' is not assignable to type 'IntrinsicAttributes & { passo: number; titulo: string; descricao: string; isLast?: boolean | undefined; }'.
  Property 'step' does not exist on type 'IntrinsicAttributes & { passo: number; titulo: string; descricao: string; isLast?: boolean | undefined; }'.
src/components/aulas/ingles/AulaVocabulary.tsx(2457,21): error TS2322: Type '{ step: number; title: string; description: string; example: string; }' is not assignable to type 'IntrinsicAttributes & { passo: number; titulo: string; descricao: string; isLast?: boolean | undefined; }'.
  Property 'step' does not exist on type 'IntrinsicAttributes & { passo: number; titulo: string; descricao: string; isLast?: boolean | undefined; }'.
src/components/aulas/ingles/AulaVocabulary.tsx(2463,21): error TS2322: Type '{ step: number; title: string; description: string; example: string; }' is not assignable to type 'IntrinsicAttributes & { passo: number; titulo: string; descricao: string; isLast?: boolean | undefined; }'.
  Property 'step' does not exist on type 'IntrinsicAttributes & { passo: number; titulo: string; descricao: string; isLast?: boolean | undefined; }'.
src/components/aulas/ingles/AulaVocabulary.tsx(2469,21): error TS2322: Type '{ step: number; title: string; description: string; example: string; }' is not assignable to type 'IntrinsicAttributes & { passo: number; titulo: string; descricao: string; isLast?: boolean | undefined; }'.
  Property 'step' does not exist on type 'IntrinsicAttributes & { passo: number; titulo: string; descricao: string; isLast?: boolean | undefined; }'.
src/components/aulas/ingles/AulaVocabulary.tsx(2475,21): error TS2322: Type '{ step: number; title: string; description: string; example: string; }' is not assignable to type 'IntrinsicAttributes & { passo: number; titulo: string; descricao: string; isLast?: boolean | undefined; }'.
  Property 'step' does not exist on type 'IntrinsicAttributes & { passo: number; titulo: string; descricao: string; isLast?: boolean | undefined; }'.
src/components/aulas/ingles/AulaVocabulary.tsx(2481,21): error TS2322: Type '{ step: number; title: string; description: string; example: string; }' is not assignable to type 'IntrinsicAttributes & { passo: number; titulo: string; descricao: string; isLast?: boolean | undefined; }'.
  Property 'step' does not exist on type 'IntrinsicAttributes & { passo: number; titulo: string; descricao: string; isLast?: boolean | undefined; }'.
src/components/aulas/ingles/AulaVocabulary.tsx(2543,12): error TS2322: Type '{ children: Element; numero: number; variant: "amber" | "blue" | "emerald" | "rose" | "violet"; onComplete: () => void; maceteVisual: { title: string; content: Element; }; }' is not assignable to type 'IntrinsicAttributes & { index: number; variant: "amber" | "blue" | "emerald" | "rose" | "violet" | "indigo" | "cyan" | "slate"; video: { videoId: string; title: string; duration: string; thumbnail?: string | undefined; }; resumoVisual: { ...; }; maceteVisual: { ...; }; audio: { ...; }; }'.
  Property 'children' does not exist on type 'IntrinsicAttributes & { index: number; variant: "amber" | "blue" | "emerald" | "rose" | "violet" | "indigo" | "cyan" | "slate"; video: { videoId: string; title: string; duration: string; thumbnail?: string | undefined; }; resumoVisual: { ...; }; maceteVisual: { ...; }; audio: { ...; }; }'.
src/components/aulas/ingles/AulaVocabulary.tsx(2559,14): error TS2741: Property 'titulo' is missing in type '{ questoes: QuizQuestion[]; numero: number; onComplete: () => void; }' but required in type '{ questoes: QuizQuestion[]; titulo: string; icone?: string | undefined; numero?: number | undefined; variant?: "amber" | "blue" | "emerald" | "rose" | "violet" | "indigo" | "cyan" | "slate" | undefined; onComplete?: ((score: number) => void) | undefined; descricao?: string | undefined; }'.
src/components/aulas/manutencao/data/metrologia-quizzes.ts(1,30): error TS2307: Cannot find module '../shared' or its corresponding type declarations.
src/components/aulas/matematica/AulaGeometriaAnalitica.tsx(284,13): error TS2322: Type '(moduleId: string, score: number) => void' is not assignable to type '(score: number) => void'.
  Target signature provides too few arguments. Expected 2 or more, but got 1.
src/components/aulas/matematica/AulaGeometriaAnalitica.tsx(469,13): error TS2322: Type '(moduleId: string, score: number) => void' is not assignable to type '(score: number) => void'.
  Target signature provides too few arguments. Expected 2 or more, but got 1.
src/components/aulas/matematica/AulaGeometriaAnalitica.tsx(670,13): error TS2322: Type '(moduleId: string, score: number) => void' is not assignable to type '(score: number) => void'.
  Target signature provides too few arguments. Expected 2 or more, but got 1.
src/components/aulas/matematica/AulaGeometriaAnalitica.tsx(825,13): error TS2322: Type '(moduleId: string, score: number) => void' is not assignable to type '(score: number) => void'.
  Target signature provides too few arguments. Expected 2 or more, but got 1.
src/components/aulas/matematica/AulaGeometriaAnalitica.tsx(986,13): error TS2322: Type '(moduleId: string, score: number) => void' is not assignable to type '(score: number) => void'.
  Target signature provides too few arguments. Expected 2 or more, but got 1.
src/components/aulas/matematica/AulaGeometriaAnalitica.tsx(1163,13): error TS2322: Type '(moduleId: string, score: number) => void' is not assignable to type '(score: number) => void'.
  Target signature provides too few arguments. Expected 2 or more, but got 1.
src/components/aulas/matematica/AulaGeometriaAnalitica.tsx(1349,13): error TS2322: Type '(moduleId: string, score: number) => void' is not assignable to type '(score: number) => void'.
  Target signature provides too few arguments. Expected 2 or more, but got 1.
src/components/aulas/matematica/AulaGeometriaAnalitica.tsx(1501,13): error TS2322: Type '(moduleId: string, score: number) => void' is not assignable to type '(score: number) => void'.
  Target signature provides too few arguments. Expected 2 or more, but got 1.
src/components/aulas/matematica/AulaGeometriaAnalitica.tsx(1680,13): error TS2322: Type '(moduleId: string, score: number) => void' is not assignable to type '(score: number) => void'.
  Target signature provides too few arguments. Expected 2 or more, but got 1.
src/components/aulas/matematica/AulaGeometriaAnalitica.tsx(1868,13): error TS2322: Type '(moduleId: string, score: number) => void' is not assignable to type '(score: number) => void'.
  Target signature provides too few arguments. Expected 2 or more, but got 1.
src/components/aulas/matematica/AulaGeometriaEspacial.tsx(204,13): error TS2322: Type '{ items: { titulo: string; icone: string; conteudo: Element; }[]; }' is not assignable to type 'IntrinsicAttributes & { titulo?: string | undefined; icone?: ReactNode; corIndicador?: string | undefined; slides: ContentSlide[]; defaultOpen?: boolean | undefined; slidesPerView?: 2 | ... 1 more ... | undefined; mode?: "carousel" | ... 1 more ... | undefined; }'.
  Property 'items' does not exist on type 'IntrinsicAttributes & { titulo?: string | undefined; icone?: ReactNode; corIndicador?: string | undefined; slides: ContentSlide[]; defaultOpen?: boolean | undefined; slidesPerView?: 2 | ... 1 more ... | undefined; mode?: "carousel" | ... 1 more ... | undefined; }'.
src/components/aulas/matematica/AulaGeometriaEspacial.tsx(1907,13): error TS2322: Type '"purple"' is not assignable to type '"amber" | "blue" | "emerald" | "rose" | "violet" | "indigo" | "cyan" | undefined'.
src/components/aulas/matematica/AulaGeometriaEspacial.tsx(1981,15): error TS2322: Type '{ items: { titulo: string; icone: string; conteudo: Element; }[]; }' is not assignable to type 'IntrinsicAttributes & { titulo?: string | undefined; icone?: ReactNode; corIndicador?: string | undefined; slides: ContentSlide[]; defaultOpen?: boolean | undefined; slidesPerView?: 2 | ... 1 more ... | undefined; mode?: "carousel" | ... 1 more ... | undefined; }'.
  Property 'items' does not exist on type 'IntrinsicAttributes & { titulo?: string | undefined; icone?: ReactNode; corIndicador?: string | undefined; slides: ContentSlide[]; defaultOpen?: boolean | undefined; slidesPerView?: 2 | ... 1 more ... | undefined; mode?: "carousel" | ... 1 more ... | undefined; }'.
src/components/aulas/matematica/AulaGeometriaEspacial.tsx(2062,15): error TS2322: Type '{ items: { titulo: string; icone: string; conteudo: Element; }[]; }' is not assignable to type 'IntrinsicAttributes & { titulo?: string | undefined; icone?: ReactNode; corIndicador?: string | undefined; slides: ContentSlide[]; defaultOpen?: boolean | undefined; slidesPerView?: 2 | ... 1 more ... | undefined; mode?: "carousel" | ... 1 more ... | undefined; }'.
  Property 'items' does not exist on type 'IntrinsicAttributes & { titulo?: string | undefined; icone?: ReactNode; corIndicador?: string | undefined; slides: ContentSlide[]; defaultOpen?: boolean | undefined; slidesPerView?: 2 | ... 1 more ... | undefined; mode?: "carousel" | ... 1 more ... | undefined; }'.
src/components/aulas/matematica/AulaGeometriaEspacial.tsx(2121,15): error TS2322: Type '{ items: { titulo: string; icone: string; conteudo: Element; }[]; }' is not assignable to type 'IntrinsicAttributes & { titulo?: string | undefined; icone?: ReactNode; corIndicador?: string | undefined; slides: ContentSlide[]; defaultOpen?: boolean | undefined; slidesPerView?: 2 | ... 1 more ... | undefined; mode?: "carousel" | ... 1 more ... | undefined; }'.
  Property 'items' does not exist on type 'IntrinsicAttributes & { titulo?: string | undefined; icone?: ReactNode; corIndicador?: string | undefined; slides: ContentSlide[]; defaultOpen?: boolean | undefined; slidesPerView?: 2 | ... 1 more ... | undefined; mode?: "carousel" | ... 1 more ... | undefined; }'.
src/components/aulas/matematica/AulaGeometriaEspacial.tsx(2262,15): error TS2322: Type '{ items: { titulo: string; icone: string; conteudo: Element; }[]; }' is not assignable to type 'IntrinsicAttributes & { titulo?: string | undefined; icone?: ReactNode; corIndicador?: string | undefined; slides: ContentSlide[]; defaultOpen?: boolean | undefined; slidesPerView?: 2 | ... 1 more ... | undefined; mode?: "carousel" | ... 1 more ... | undefined; }'.
  Property 'items' does not exist on type 'IntrinsicAttributes & { titulo?: string | undefined; icone?: ReactNode; corIndicador?: string | undefined; slides: ContentSlide[]; defaultOpen?: boolean | undefined; slidesPerView?: 2 | ... 1 more ... | undefined; mode?: "carousel" | ... 1 more ... | undefined; }'.
src/components/aulas/matematica/AulaGeometriaEspacial.tsx(2326,15): error TS2322: Type '{ items: { titulo: string; icone: string; conteudo: Element; }[]; }' is not assignable to type 'IntrinsicAttributes & { titulo?: string | undefined; icone?: ReactNode; corIndicador?: string | undefined; slides: ContentSlide[]; defaultOpen?: boolean | undefined; slidesPerView?: 2 | ... 1 more ... | undefined; mode?: "carousel" | ... 1 more ... | undefined; }'.
  Property 'items' does not exist on type 'IntrinsicAttributes & { titulo?: string | undefined; icone?: ReactNode; corIndicador?: string | undefined; slides: ContentSlide[]; defaultOpen?: boolean | undefined; slidesPerView?: 2 | ... 1 more ... | undefined; mode?: "carousel" | ... 1 more ... | undefined; }'.
src/components/aulas/matematica/AulaGeometriaEspacial.tsx(2520,15): error TS2322: Type '{ items: { titulo: string; icone: string; conteudo: Element; }[]; }' is not assignable to type 'IntrinsicAttributes & { titulo?: string | undefined; icone?: ReactNode; corIndicador?: string | undefined; slides: ContentSlide[]; defaultOpen?: boolean | undefined; slidesPerView?: 2 | ... 1 more ... | undefined; mode?: "carousel" | ... 1 more ... | undefined; }'.
  Property 'items' does not exist on type 'IntrinsicAttributes & { titulo?: string | undefined; icone?: ReactNode; corIndicador?: string | undefined; slides: ContentSlide[]; defaultOpen?: boolean | undefined; slidesPerView?: 2 | ... 1 more ... | undefined; mode?: "carousel" | ... 1 more ... | undefined; }'.
src/components/media/media-uploader.tsx(4,29): error TS2307: Cannot find module 'react-dropzone' or its corresponding type declarations.
src/components/posts/rich-text-editor.tsx(3,42): error TS2307: Cannot find module '@tiptap/react' or its corresponding type declarations.
src/components/posts/rich-text-editor.tsx(4,24): error TS2307: Cannot find module '@tiptap/starter-kit' or its corresponding type declarations.
src/components/posts/rich-text-editor.tsx(102,18): error TS7031: Binding element 'editor' implicitly has an 'any' type.
src/components/posts/tiptap/extensions/accordion-node-view.tsx(3,33): error TS2307: Cannot find module '@tiptap/react' or its corresponding type declarations.
src/components/posts/tiptap/extensions/accordion-node-view.tsx(4,36): error TS2307: Cannot find module '@tiptap/react' or its corresponding type declarations.
src/components/posts/tiptap/extensions/gallery-node-view.tsx(3,33): error TS2307: Cannot find module '@tiptap/react' or its corresponding type declarations.
src/components/posts/tiptap/extensions/gallery-node-view.tsx(4,36): error TS2307: Cannot find module '@tiptap/react' or its corresponding type declarations.
src/components/posts/tiptap/extensions/wp2next-accordion.ts(2,39): error TS2307: Cannot find module '@tiptap/react' or its corresponding type declarations.
src/components/posts/tiptap/extensions/wp2next-gallery.ts(2,39): error TS2307: Cannot find module '@tiptap/react' or its corresponding type declarations.
src/components/ui/alert-dialog.tsx(2,39): error TS2307: Cannot find module '@radix-ui/react-alert-dialog' or its corresponding type declarations.
src/components/ui/alert-dialog.tsx(5,10): error TS2305: Module '"@/components/ui/button"' has no exported member 'buttonVariants'.
src/components/ui/aspect-ratio.tsx(1,39): error TS2307: Cannot find module '@radix-ui/react-aspect-ratio' or its corresponding type declarations.
src/components/ui/calendar.tsx(3,27): error TS2307: Cannot find module 'react-day-picker' or its corresponding type declarations.
src/components/ui/calendar.tsx(6,10): error TS2305: Module '"@/components/ui/button"' has no exported member 'buttonVariants'.
src/components/ui/category-badge.tsx(4,10): error TS2305: Module '"@/lib/color"' has no exported member 'hexToRgba'.
src/components/ui/context-menu.tsx(2,39): error TS2307: Cannot find module '@radix-ui/react-context-menu' or its corresponding type declarations.
src/components/ui/drawer.tsx(4,43): error TS2307: Cannot find module 'vaul' or its corresponding type declarations.
src/components/ui/hover-card.tsx(4,37): error TS2307: Cannot find module '@radix-ui/react-hover-card' or its corresponding type declarations.
src/components/ui/input-otp.tsx(2,43): error TS2307: Cannot find module 'input-otp' or its corresponding type declarations.
src/components/ui/menubar.tsx(4,35): error TS2307: Cannot find module '@radix-ui/react-menubar' or its corresponding type declarations.
src/components/ui/navigation-menu.tsx(2,42): error TS2307: Cannot find module '@radix-ui/react-navigation-menu' or its corresponding type declarations.
src/components/ui/pagination.tsx(5,10): error TS2459: Module '"@/components/ui/button"' declares 'ButtonProps' locally, but it is not exported.
src/components/ui/pagination.tsx(5,23): error TS2305: Module '"@/components/ui/button"' has no exported member 'buttonVariants'.
src/components/ui/pagination.tsx(71,5): error TS2783: 'size' is specified more than once, so this usage will be overwritten.
src/components/ui/pagination.tsx(87,5): error TS2783: 'size' is specified more than once, so this usage will be overwritten.
src/components/ui/radio-group.tsx(2,38): error TS2307: Cannot find module '@radix-ui/react-radio-group' or its corresponding type declarations.
src/components/ui/resizable.tsx(4,37): error TS2307: Cannot find module 'react-resizable-panels' or its corresponding type declarations.
src/components/ui/sidebar.tsx(274,7): error TS2322: Type '{ children: Element[]; variant: "primary" | "secondary" | "danger" | "outline" | "ghost"; size: "sm" | "md" | "lg" | "icon"; disabled?: boolean | undefined; form?: string | undefined; ... 287 more ...; onClick: (event: MouseEvent<...>) => void; }' is not assignable to type 'IntrinsicAttributes & ButtonProps'.
  Property 'ref' does not exist on type 'IntrinsicAttributes & ButtonProps'.
src/components/ui/toggle-group.tsx(4,39): error TS2307: Cannot find module '@radix-ui/react-toggle-group' or its corresponding type declarations.
src/components/ui/toggle.tsx(2,34): error TS2307: Cannot find module '@radix-ui/react-toggle' or its corresponding type declarations.
src/components/users/user-table.tsx(12,3): error TS2305: Module '"react-icons/lu"' has no exported member 'LuCheckCircle'.
src/data/quizzes/administracao-tributaria-quizzes.ts(1,10): error TS2305: Module '"@/lib/types"' has no exported member 'Quiz'.
src/data/quizzes/contabilidade-basica-quizzes.ts(1,10): error TS2305: Module '"@/lib/types"' has no exported member 'Quiz'.
src/data/quizzes/direito-tributario-quizzes.ts(1,10): error TS2305: Module '"@/lib/types"' has no exported member 'Quiz'.
src/lib/auth.ts(1,46): error TS2307: Cannot find module 'firebase-admin/app' or its corresponding type declarations.
src/lib/auth.ts(2,25): error TS2307: Cannot find module 'firebase-admin/auth' or its corresponding type declarations.
src/lib/auth.ts(3,28): error TS2307: Cannot find module 'firebase-admin/storage' or its corresponding type declarations.
src/lib/auth/temp-token.ts(1,17): error TS2307: Cannot find module 'jsonwebtoken' or its corresponding type declarations.
src/lib/db.ts(1,30): error TS2307: Cannot find module '@/generated/client' or its corresponding type declarations.
src/lib/firebase-client.ts(1,48): error TS2307: Cannot find module 'firebase/app' or its corresponding type declarations.
src/lib/firebase-client.ts(2,28): error TS2307: Cannot find module 'firebase/storage' or its corresponding type declarations.
src/lib/firebase-upload.ts(1,59): error TS2307: Cannot find module 'firebase/storage' or its corresponding type declarations.
src/lib/firebase-upload.ts(62,8): error TS7006: Parameter 'snapshot' implicitly has an 'any' type.
src/lib/firebase-upload.ts(74,8): error TS7006: Parameter 'error' implicitly has an 'any' type.
src/lib/hooks/useNotifications.ts(3,38): error TS2307: Cannot find module '@/components/providers/notification-provider' or its corresponding type declarations.
src/lib/services/auth-service.ts(1,30): error TS2307: Cannot find module '@/generated/client' or its corresponding type declarations.
src/lib/services/backup-service.ts(227,38): error TS7006: Parameter 'tx' implicitly has an 'any' type.
src/lib/services/backups.ts(31,23): error TS7006: Parameter 'job' implicitly has an 'any' type.
src/lib/services/backups.ts(71,37): error TS7006: Parameter 'log' implicitly has an 'any' type.
src/lib/services/cta.ts(25,24): error TS7006: Parameter 'popup' implicitly has an 'any' type.
src/lib/services/cta.ts(166,16): error TS7006: Parameter 'popup' implicitly has an 'any' type.
src/lib/services/cta.ts(179,13): error TS7006: Parameter 'popup' implicitly has an 'any' type.
