src/components/aulas/matematica/AulaEquacoes1Grau.tsx(1724,348): error TS1109: Expression expected.
src/components/aulas/matematica/AulaFuncoesAfimQuadratica.tsx(203,176): error TS1382: Unexpected token. Did you mean `{'>'}` or `&gt;`?
src/components/aulas/matematica/AulaFuncoesAfimQuadratica.tsx(203,247): error TS1003: Identifier expected.
src/components/aulas/matematica/AulaFuncoesAfimQuadratica.tsx(221,35): error TS1382: Unexpected token. Did you mean `{'>'}` or `&gt;`?
src/components/aulas/matematica/AulaFuncoesAfimQuadratica.tsx(222,37): error TS1003: Identifier expected.
src/components/aulas/matematica/AulaFuncoesAfimQuadratica.tsx(469,90): error TS1382: Unexpected token. Did you mean `{'>'}` or `&gt;`?
src/components/aulas/matematica/AulaFuncoesAfimQuadratica.tsx(469,180): error TS1003: Identifier expected.
src/components/aulas/matematica/AulaFuncoesAfimQuadratica.tsx(473,110): error TS1382: Unexpected token. Did you mean `{'>'}` or `&gt;`?
src/components/aulas/matematica/AulaFuncoesAfimQuadratica.tsx(473,147): error TS1003: Identifier expected.
src/components/aulas/matematica/AulaFuncoesAfimQuadratica.tsx(477,205): error TS1382: Unexpected token. Did you mean `{'>'}` or `&gt;`?
src/components/aulas/matematica/AulaFuncoesAfimQuadratica.tsx(477,369): error TS1003: Identifier expected.
src/components/aulas/matematica/AulaFuncoesAfimQuadratica.tsx(481,134): error TS1003: Identifier expected.
src/components/aulas/matematica/AulaFuncoesAfimQuadratica.tsx(481,391): error TS1382: Unexpected token. Did you mean `{'>'}` or `&gt;`?
src/components/aulas/matematica/AulaFuncoesAfimQuadratica.tsx(481,403): error TS1003: Identifier expected.
src/components/aulas/matematica/AulaFuncoesAfimQuadratica.tsx(491,35): error TS1382: Unexpected token. Did you mean `{'>'}` or `&gt;`?
src/components/aulas/matematica/AulaFuncoesAfimQuadratica.tsx(492,37): error TS1003: Identifier expected.
src/components/aulas/matematica/AulaFuncoesAfimQuadratica.tsx(495,59): error TS1382: Unexpected token. Did you mean `{'>'}` or `&gt;`?
src/components/aulas/matematica/AulaFuncoesAfimQuadratica.tsx(495,103): error TS1003: Identifier expected.
src/components/aulas/matematica/AulaFuncoesAfimQuadratica.tsx(756,194): error TS1382: Unexpected token. Did you mean `{'>'}` or `&gt;`?
src/components/aulas/matematica/AulaFuncoesAfimQuadratica.tsx(756,227): error TS1003: Identifier expected.
src/components/aulas/matematica/AulaFuncoesAfimQuadratica.tsx(760,111): error TS1382: Unexpected token. Did you mean `{'>'}` or `&gt;`?
src/components/aulas/matematica/AulaFuncoesAfimQuadratica.tsx(760,134): error TS1003: Identifier expected.
src/components/aulas/matematica/AulaFuncoesAfimQuadratica.tsx(760,239): error TS1382: Unexpected token. Did you mean `{'>'}` or `&gt;`?
src/components/aulas/matematica/AulaFuncoesAfimQuadratica.tsx(760,304): error TS1003: Identifier expected.
src/components/aulas/matematica/AulaFuncoesAfimQuadratica.tsx(760,396): error TS1382: Unexpected token. Did you mean `{'>'}` or `&gt;`?
src/components/aulas/matematica/AulaFuncoesAfimQuadratica.tsx(760,488): error TS1003: Identifier expected.
src/components/aulas/matematica/AulaFuncoesAfimQuadratica.tsx(764,124): error TS1382: Unexpected token. Did you mean `{'>'}` or `&gt;`?
src/components/aulas/matematica/AulaFuncoesAfimQuadratica.tsx(764,156): error TS1003: Identifier expected.
src/components/aulas/matematica/AulaFuncoesAfimQuadratica.tsx(764,221): error TS1382: Unexpected token. Did you mean `{'>'}` or `&gt;`?
src/components/aulas/matematica/AulaFuncoesAfimQuadratica.tsx(764,279): error TS1003: Identifier expected.
src/components/aulas/matematica/AulaFuncoesAfimQuadratica.tsx(768,129): error TS1003: Identifier expected.
src/components/aulas/matematica/AulaFuncoesAfimQuadratica.tsx(768,185): error TS1382: Unexpected token. Did you mean `{'>'}` or `&gt;`?
src/components/aulas/matematica/AulaFuncoesAfimQuadratica.tsx(768,273): error TS1382: Unexpected token. Did you mean `{'>'}` or `&gt;`?
src/components/aulas/matematica/AulaFuncoesAfimQuadratica.tsx(772,259): error TS1382: Unexpected token. Did you mean `{'>'}` or `&gt;`?
src/components/aulas/matematica/AulaFuncoesAfimQuadratica.tsx(783,60): error TS1382: Unexpected token. Did you mean `{'>'}` or `&gt;`?
src/components/aulas/matematica/AulaFuncoesAfimQuadratica.tsx(784,62): error TS1003: Identifier expected.
src/components/aulas/matematica/AulaFuncoesAfimQuadratica.tsx(787,62): error TS1382: Unexpected token. Did you mean `{'>'}` or `&gt;`?
src/components/aulas/matematica/AulaFuncoesAfimQuadratica.tsx(789,47): error TS1382: Unexpected token. Did you mean `{'>'}` or `&gt;`?
src/components/aulas/matematica/AulaFuncoesAfimQuadratica.tsx(790,49): error TS1003: Identifier expected.
src/components/aulas/matematica/AulaFuncoesAfimQuadratica.tsx(793,64): error TS1003: Identifier expected.
src/components/aulas/matematica/AulaFuncoesAfimQuadratica.tsx(795,49): error TS1003: Identifier expected.
src/components/aulas/matematica/AulaFuncoesAfimQuadratica.tsx(796,47): error TS1382: Unexpected token. Did you mean `{'>'}` or `&gt;`?
src/components/aulas/matematica/AulaFuncoesAfimQuadratica.tsx(799,69): error TS1382: Unexpected token. Did you mean `{'>'}` or `&gt;`?
src/components/aulas/matematica/AulaFuncoesAfimQuadratica.tsx(801,50): error TS1127: Invalid character.
src/components/aulas/matematica/AulaFuncoesAfimQuadratica.tsx(801,57): error TS1382: Unexpected token. Did you mean `{'>'}` or `&gt;`?
src/components/aulas/matematica/AulaFuncoesAfimQuadratica.tsx(802,55): error TS1127: Invalid character.
src/components/aulas/matematica/AulaFuncoesAfimQuadratica.tsx(805,71): error TS1003: Identifier expected.
src/components/aulas/matematica/AulaFuncoesAfimQuadratica.tsx(807,55): error TS1127: Invalid character.
src/components/aulas/matematica/AulaFuncoesAfimQuadratica.tsx(808,50): error TS1127: Invalid character.
src/components/aulas/matematica/AulaFuncoesAfimQuadratica.tsx(808,57): error TS1382: Unexpected token. Did you mean `{'>'}` or `&gt;`?
src/components/aulas/matematica/AulaFuncoesExponenciais.tsx(496,590): error TS1382: Unexpected token. Did you mean `{'>'}` or `&gt;`?
src/components/aulas/matematica/AulaFuncoesExponenciais.tsx(500,75): error TS1382: Unexpected token. Did you mean `{'>'}` or `&gt;`?
src/components/aulas/matematica/AulaFuncoesExponenciais.tsx(500,182): error TS1005: '>' expected.
src/components/aulas/matematica/AulaFuncoesExponenciais.tsx(500,235): error TS1003: Identifier expected.
src/components/aulas/matematica/AulaFuncoesExponenciais.tsx(528,55): error TS1382: Unexpected token. Did you mean `{'>'}` or `&gt;`?
src/components/aulas/matematica/AulaFuncoesExponenciais.tsx(531,62): error TS1005: '>' expected.
