src/components/aulas/administracao/AulaLei13303.tsx(399,78): error TS1382: Unexpected token. Did you mean `{'>'}` or `&gt;`?
src/components/aulas/administracao/AulaLei13303.tsx(416,62): error TS1382: Unexpected token. Did you mean `{'>'}` or `&gt;`?
src/components/aulas/administracao/AulaLei13303.tsx(416,80): error TS1003: Identifier expected.
src/components/aulas/administracao/AulaLei13303.tsx(417,75): error TS1382: Unexpected token. Did you mean `{'>'}` or `&gt;`?
src/components/aulas/administracao/AulaLei13303.tsx(624,119): error TS1382: Unexpected token. Did you mean `{'>'}` or `&gt;`?
