src/app/(admin)/admin/logs/page.tsx(2,10): error TS2614: Module '"@/components/admin/logs/logs-page"' has no exported member 'LogsPage'. Did you mean to use 'import LogsPage from "@/components/admin/logs/logs-page"' instead?
src/app/(admin)/admin/settings/page.tsx(452,25): error TS2322: Type '"shadow"' is not assignable to type '"primary" | "secondary" | "danger" | "outline" | "ghost" | undefined'.
src/app/(admin)/admin/settings/page.tsx(753,33): error TS2322: Type '"shadow"' is not assignable to type '"primary" | "secondary" | "danger" | "outline" | "ghost" | undefined'.
src/app/(auth)/register/complete/page.tsx(46,42): error TS18047: 'data.metadata' is possibly 'null'.
src/app/(auth)/register/complete/page.tsx(47,19): error TS18047: 'data.metadata' is possibly 'null'.
src/app/(auth)/register/complete/page.tsx(48,23): error TS18047: 'data.metadata' is possibly 'null'.
src/app/(auth)/register/complete/page.tsx(49,20): error TS18047: 'data.metadata' is possibly 'null'.
src/app/(auth)/register/complete/page.tsx(50,20): error TS18047: 'data.metadata' is possibly 'null'.
src/app/(auth)/register/complete/page.tsx(51,19): error TS18047: 'data.metadata' is possibly 'null'.
src/app/(dashboard)/accordions/actions.ts(213,25): error TS7006: Parameter 'item' implicitly has an 'any' type.
src/app/(dashboard)/accordions/actions.ts(232,40): error TS2339: Property 'errors' does not exist on type 'ZodError<unknown>'.
src/app/(dashboard)/accordions/actions.ts(282,37): error TS7006: Parameter 'item' implicitly has an 'any' type.
src/app/(dashboard)/accordions/actions.ts(289,36): error TS7006: Parameter 'asset' implicitly has an 'any' type.
src/app/(dashboard)/accordions/actions.ts(310,40): error TS2339: Property 'errors' does not exist on type 'ZodError<unknown>'.
src/app/(dashboard)/accordions/actions.ts(322,54): error TS7006: Parameter 'tx' implicitly has an 'any' type.
src/app/(dashboard)/accordions/actions.ts(370,40): error TS2339: Property 'errors' does not exist on type 'ZodError<unknown>'.
src/app/(dashboard)/accordions/actions.ts(391,38): error TS7006: Parameter 'tx' implicitly has an 'any' type.
src/app/(dashboard)/accordions/actions.ts(448,40): error TS2339: Property 'errors' does not exist on type 'ZodError<unknown>'.
src/app/(dashboard)/accordions/actions.ts(480,40): error TS2339: Property 'errors' does not exist on type 'ZodError<unknown>'.
src/app/(dashboard)/accordions/actions.ts(511,28): error TS7006: Parameter 'a' implicitly has an 'any' type.
src/app/(dashboard)/accordions/actions.ts(518,40): error TS2339: Property 'errors' does not exist on type 'ZodError<unknown>'.
src/app/(dashboard)/accordions/actions.ts(571,40): error TS2339: Property 'errors' does not exist on type 'ZodError<unknown>'.
src/app/(dashboard)/accordions/actions.ts(594,40): error TS2339: Property 'errors' does not exist on type 'ZodError<unknown>'.
src/app/(dashboard)/audit-logs/actions.ts(208,35): error TS7006: Parameter 'a' implicitly has an 'any' type.
src/app/(dashboard)/audit-logs/actions.ts(209,39): error TS7006: Parameter 'r' implicitly has an 'any' type.
src/app/(dashboard)/audit-logs/actions.ts(210,31): error TS7006: Parameter 'u' implicitly has an 'any' type.
src/app/(dashboard)/audit-logs/actions.ts(258,28): error TS7006: Parameter 'log' implicitly has an 'any' type.
src/app/(dashboard)/audit-logs/actions.ts(272,20): error TS7006: Parameter 'row' implicitly has an 'any' type.
src/app/(dashboard)/audit-logs/actions.ts(273,18): error TS7006: Parameter 'cell' implicitly has an 'any' type.
src/app/(dashboard)/audit-logs/page.tsx(5,49): error TS2307: Cannot find module '@/components/audit-logs/audit-log-table' or its corresponding type declarations.
src/app/(dashboard)/audit-logs/page.tsx(6,38): error TS2307: Cannot find module '@/components/audit-logs/audit-log-detail-dialog' or its corresponding type declarations.
src/app/(dashboard)/backups/actions.ts(116,22): error TS7006: Parameter 'job' implicitly has an 'any' type.
src/app/(dashboard)/backups/backups-page-client.tsx(5,31): error TS2307: Cannot find module '@/components/backups/backup-jobs-tab' or its corresponding type declarations.
src/app/(dashboard)/backups/backups-page-client.tsx(6,35): error TS2307: Cannot find module '@/components/backups/backup-policies-tab' or its corresponding type declarations.
src/app/(dashboard)/backups/backups-page-client.tsx(7,39): error TS2307: Cannot find module '@/app/admin/backups/actions' or its corresponding type declarations.
src/app/(dashboard)/backups/page.tsx(1,36): error TS2307: Cannot find module '@/app/admin/backups/actions' or its corresponding type declarations.
src/app/(dashboard)/backups/page.tsx(2,34): error TS2307: Cannot find module '@/app/admin/backups/backups-page-client' or its corresponding type declarations.
src/app/(dashboard)/categories/actions.ts(213,60): error TS7006: Parameter 'cat' implicitly has an 'any' type.
src/app/(dashboard)/categories/actions.ts(240,40): error TS2339: Property 'errors' does not exist on type 'ZodError<unknown>'.
src/app/(dashboard)/categories/actions.ts(368,40): error TS2339: Property 'errors' does not exist on type 'ZodError<unknown>'.
src/app/(dashboard)/categories/actions.ts(472,40): error TS2339: Property 'errors' does not exist on type 'ZodError<unknown>'.
src/app/(dashboard)/categories/actions.ts(502,49): error TS7006: Parameter 'c' implicitly has an 'any' type.
src/app/(dashboard)/categories/actions.ts(534,40): error TS2339: Property 'errors' does not exist on type 'ZodError<unknown>'.
src/app/(dashboard)/categories/actions.ts(594,40): error TS2339: Property 'errors' does not exist on type 'ZodError<unknown>'.
src/app/(dashboard)/categories/actions.ts(617,60): error TS7006: Parameter 'cat' implicitly has an 'any' type.
src/app/(dashboard)/categories/categories-content-client.tsx(4,31): error TS2307: Cannot find module '@/components/categories/category-table' or its corresponding type declarations.
src/app/(dashboard)/categories/categories-content-client.tsx(6,35): error TS2307: Cannot find module '@/components/categories/category-form-modal' or its corresponding type declarations.
src/app/(dashboard)/categories/categories-hierarchy-client.tsx(5,39): error TS2307: Cannot find module '@/components/categories/category-hierarchy-list' or its corresponding type declarations.
src/app/(dashboard)/categories/categories-hierarchy-client.tsx(6,35): error TS2307: Cannot find module '@/components/categories/category-form-modal' or its corresponding type declarations.
src/app/(dashboard)/comments/actions.ts(136,45): error TS7006: Parameter 'c' implicitly has an 'any' type.
src/app/(dashboard)/comments/actions.ts(153,40): error TS2339: Property 'errors' does not exist on type 'ZodError<unknown>'.
src/app/(dashboard)/comments/actions.ts(195,40): error TS2339: Property 'errors' does not exist on type 'ZodError<unknown>'.
src/app/(dashboard)/comments/actions.ts(237,40): error TS2339: Property 'errors' does not exist on type 'ZodError<unknown>'.
src/app/(dashboard)/comments/actions.ts(268,40): error TS2339: Property 'errors' does not exist on type 'ZodError<unknown>'.
src/app/(dashboard)/comments/actions.ts(295,40): error TS2339: Property 'errors' does not exist on type 'ZodError<unknown>'.
src/app/(dashboard)/comments/page.tsx(13,30): error TS2307: Cannot find module '@/components/comments/comment-table' or its corresponding type declarations.
src/app/(dashboard)/comments/page.tsx(14,36): error TS2307: Cannot find module '@/components/comments/comments-pagination' or its corresponding type declarations.
src/app/(dashboard)/comments/page.tsx(15,42): error TS2307: Cannot find module '@/components/comments/comments-page-size-controls' or its corresponding type declarations.
src/app/(dashboard)/cta-popups/actions.ts(180,40): error TS2339: Property 'errors' does not exist on type 'ZodError<unknown>'.
src/app/(dashboard)/cta-popups/actions.ts(214,25): error TS7006: Parameter 'p' implicitly has an 'any' type.
src/app/(dashboard)/cta-popups/actions.ts(221,41): error TS2339: Property 'errors' does not exist on type 'ZodError<unknown>'.
src/app/(dashboard)/cta-popups/actions.ts(269,41): error TS2339: Property 'errors' does not exist on type 'ZodError<unknown>'.
src/app/(dashboard)/cta-popups/actions.ts(358,66): error TS2339: Property 'errors' does not exist on type 'ZodError<unknown>'.
src/app/(dashboard)/cta-popups/actions.ts(359,40): error TS2339: Property 'errors' does not exist on type 'ZodError<unknown>'.
src/app/(dashboard)/cta-popups/actions.ts(456,66): error TS2339: Property 'errors' does not exist on type 'ZodError<unknown>'.
src/app/(dashboard)/cta-popups/actions.ts(457,40): error TS2339: Property 'errors' does not exist on type 'ZodError<unknown>'.
src/app/(dashboard)/cta-popups/actions.ts(503,40): error TS2339: Property 'errors' does not exist on type 'ZodError<unknown>'.
src/app/(dashboard)/cta-popups/actions.ts(551,40): error TS2339: Property 'errors' does not exist on type 'ZodError<unknown>'.
src/app/(dashboard)/cta-popups/page-client.tsx(8,31): error TS2307: Cannot find module '@/components/cta-popups/cta-popup-table' or its corresponding type declarations.
src/app/(dashboard)/cta-popups/page-client.tsx(9,35): error TS2307: Cannot find module '@/components/cta-popups/cta-popup-form-modal' or its corresponding type declarations.
src/app/(dashboard)/cta-popups/page-client.tsx(10,33): error TS2307: Cannot find module '@/components/cta-popups/cta-popup-preview' or its corresponding type declarations.
src/app/(dashboard)/historico/page.tsx(21,55): error TS2339: Property 'message' does not exist on type 'ActionResponse<any, string>'.
src/app/(dashboard)/historico/page.tsx(24,26): error TS2339: Property 'user' does not exist on type 'ActionResponse<any, string>'.
src/app/(dashboard)/image-galleries/actions.ts(128,60): error TS7006: Parameter 'g' implicitly has an 'any' type.
src/app/(dashboard)/image-galleries/actions.ts(187,46): error TS2339: Property 'errors' does not exist on type 'ZodError<unknown>'.
src/app/(dashboard)/image-galleries/actions.ts(222,46): error TS2339: Property 'errors' does not exist on type 'ZodError<unknown>'.
src/app/(dashboard)/image-galleries/actions.ts(273,46): error TS2339: Property 'errors' does not exist on type 'ZodError<unknown>'.
src/app/(dashboard)/image-galleries/page.tsx(90,13): error TS2322: Type '{ galleries: ImageGalleryData[]; total: number; page: number; pageSize: number; totalPages: number; pages: number; } | undefined' is not assignable to type 'GalleriesData'.
  Type 'undefined' is not assignable to type 'GalleriesData'.
src/app/(dashboard)/media/actions.ts(79,12): error TS2554: Expected 2-3 arguments, but got 1.
src/app/(dashboard)/media/actions.ts(437,28): error TS2339: Property 'errors' does not exist on type 'ZodError<unknown>'.
src/app/(dashboard)/media/actions.ts(459,40): error TS2339: Property 'errors' does not exist on type 'ZodError<unknown>'.
src/app/(dashboard)/media/actions.ts(548,28): error TS2339: Property 'errors' does not exist on type 'ZodError<unknown>'.
src/app/(dashboard)/media/actions.ts(570,40): error TS2339: Property 'errors' does not exist on type 'ZodError<unknown>'.
src/app/(dashboard)/media/actions.ts(665,41): error TS7006: Parameter 'p' implicitly has an 'any' type.
src/app/(dashboard)/media/actions.ts(734,40): error TS2339: Property 'errors' does not exist on type 'ZodError<unknown>'.
src/app/(dashboard)/media/actions.ts(1186,23): error TS7006: Parameter 'm' implicitly has an 'any' type.
src/app/(dashboard)/menus/[id]/menu-editor-client.tsx(6,26): error TS2307: Cannot find module '@/components/menus/menu-tree' or its corresponding type declarations.
src/app/(dashboard)/menus/[id]/menu-editor-client.tsx(7,40): error TS2307: Cannot find module '@/components/menus/menu-item-form' or its corresponding type declarations.
src/app/(dashboard)/menus/[id]/page.tsx(6,34): error TS2307: Cannot find module '@/components/menus/menu-editor-client' or its corresponding type declarations.
src/app/(dashboard)/menus/actions.ts(184,37): error TS7006: Parameter 'menu' implicitly has an 'any' type.
src/app/(dashboard)/menus/actions.ts(263,40): error TS2339: Property 'errors' does not exist on type 'ZodError<unknown>'.
src/app/(dashboard)/menus/actions.ts(312,40): error TS2339: Property 'errors' does not exist on type 'ZodError<unknown>'.
src/app/(dashboard)/menus/actions.ts(386,40): error TS2339: Property 'errors' does not exist on type 'ZodError<unknown>'.
src/app/(dashboard)/menus/actions.ts(433,40): error TS2339: Property 'errors' does not exist on type 'ZodError<unknown>'.
src/app/(dashboard)/menus/actions.ts(499,52): error TS7006: Parameter 'i' implicitly has an 'any' type.
src/app/(dashboard)/menus/actions.ts(537,40): error TS2339: Property 'errors' does not exist on type 'ZodError<unknown>'.
src/app/(dashboard)/menus/actions.ts(612,47): error TS7006: Parameter 'item' implicitly has an 'any' type.
src/app/(dashboard)/menus/menus-client.tsx(14,26): error TS2307: Cannot find module '@/components/menus/menu-item-form' or its corresponding type declarations.
src/app/(dashboard)/menus/menus-client.tsx(15,35): error TS2307: Cannot find module '@/components/menus/menu-item-form-modal' or its corresponding type declarations.
src/app/(dashboard)/menus/menus-client.tsx(16,26): error TS2307: Cannot find module '@/components/menus/menu-tree' or its corresponding type declarations.
src/app/(dashboard)/pages/[id]/page.tsx(6,45): error TS2307: Cannot find module '@/components/pages/page-form' or its corresponding type declarations.
src/app/(dashboard)/pages/[id]/page.tsx(7,53): error TS2307: Cannot find module '@/app/actions/pages' or its corresponding type declarations.
src/app/(dashboard)/pages/new/page.tsx(6,45): error TS2307: Cannot find module '@/components/pages/page-form' or its corresponding type declarations.
src/app/(dashboard)/pages/new/page.tsx(7,53): error TS2307: Cannot find module '@/app/actions/pages' or its corresponding type declarations.
src/app/(dashboard)/pages/page.tsx(7,38): error TS2307: Cannot find module '@/components/pages/page-table' or its corresponding type declarations.
src/app/(dashboard)/pages/page.tsx(10,31): error TS2307: Cannot find module '@/components/pages/page-form-modal' or its corresponding type declarations.
src/app/(dashboard)/pages/page.tsx(19,8): error TS2307: Cannot find module '@/app/actions/pages' or its corresponding type declarations.
src/app/(dashboard)/pages/page.tsx(66,26): error TS7006: Parameter 'result' implicitly has an 'any' type.
src/app/(dashboard)/posts/actions.ts(119,25): error TS7006: Parameter 'post' implicitly has an 'any' type.
src/app/(dashboard)/posts/actions.ts(121,48): error TS7006: Parameter 't' implicitly has an 'any' type.
src/app/(dashboard)/posts/actions.ts(139,20): error TS7006: Parameter 't' implicitly has an 'any' type.
src/app/(dashboard)/posts/actions.ts(143,17): error TS7006: Parameter 't' implicitly has an 'any' type.
src/app/(dashboard)/posts/actions.ts(218,44): error TS7006: Parameter 't' implicitly has an 'any' type.
src/app/(dashboard)/posts/actions.ts(234,16): error TS7006: Parameter 't' implicitly has an 'any' type.
src/app/(dashboard)/posts/actions.ts(238,13): error TS7006: Parameter 't' implicitly has an 'any' type.
src/app/(dashboard)/posts/actions.ts(307,23): error TS7006: Parameter 'p' implicitly has an 'any' type.
src/app/(dashboard)/posts/actions.ts(808,8): error TS7006: Parameter 'acc' implicitly has an 'any' type.
src/app/(dashboard)/posts/actions.ts(808,13): error TS7006: Parameter 'post' implicitly has an 'any' type.
src/app/(dashboard)/users/actions.ts(172,40): error TS2339: Property 'errors' does not exist on type 'ZodError<unknown>'.
src/app/(dashboard)/users/actions.ts(207,23): error TS7006: Parameter 'u' implicitly has an 'any' type.
src/app/(dashboard)/users/actions.ts(214,40): error TS2339: Property 'errors' does not exist on type 'ZodError<unknown>'.
src/app/(dashboard)/users/actions.ts(289,40): error TS2339: Property 'errors' does not exist on type 'ZodError<unknown>'.
src/app/(dashboard)/users/actions.ts(359,40): error TS2339: Property 'errors' does not exist on type 'ZodError<unknown>'.
src/app/(dashboard)/users/actions.ts(450,40): error TS2339: Property 'errors' does not exist on type 'ZodError<unknown>'.
src/app/(dashboard)/users/actions.ts(514,40): error TS2339: Property 'errors' does not exist on type 'ZodError<unknown>'.
src/app/(dashboard)/users/actions.ts(558,40): error TS2339: Property 'errors' does not exist on type 'ZodError<unknown>'.
src/app/(dashboard)/users/actions.ts(617,40): error TS2339: Property 'errors' does not exist on type 'ZodError<unknown>'.
src/app/(dashboard)/users/page-client.tsx(8,27): error TS2307: Cannot find module '@/components/users/user-table' or its corresponding type declarations.
src/app/(dashboard)/users/page-client.tsx(9,31): error TS2307: Cannot find module '@/components/users/user-form-modal' or its corresponding type declarations.
src/app/admin/accordions/actions.ts(213,25): error TS7006: Parameter 'item' implicitly has an 'any' type.
src/app/admin/accordions/actions.ts(232,40): error TS2339: Property 'errors' does not exist on type 'ZodError<unknown>'.
src/app/admin/accordions/actions.ts(282,37): error TS7006: Parameter 'item' implicitly has an 'any' type.
src/app/admin/accordions/actions.ts(289,36): error TS7006: Parameter 'asset' implicitly has an 'any' type.
src/app/admin/accordions/actions.ts(310,40): error TS2339: Property 'errors' does not exist on type 'ZodError<unknown>'.
src/app/admin/accordions/actions.ts(322,54): error TS7006: Parameter 'tx' implicitly has an 'any' type.
src/app/admin/accordions/actions.ts(370,40): error TS2339: Property 'errors' does not exist on type 'ZodError<unknown>'.
src/app/admin/accordions/actions.ts(391,38): error TS7006: Parameter 'tx' implicitly has an 'any' type.
src/app/admin/accordions/actions.ts(448,40): error TS2339: Property 'errors' does not exist on type 'ZodError<unknown>'.
src/app/admin/accordions/actions.ts(480,40): error TS2339: Property 'errors' does not exist on type 'ZodError<unknown>'.
src/app/admin/accordions/actions.ts(511,28): error TS7006: Parameter 'a' implicitly has an 'any' type.
src/app/admin/accordions/actions.ts(518,40): error TS2339: Property 'errors' does not exist on type 'ZodError<unknown>'.
src/app/admin/accordions/actions.ts(571,40): error TS2339: Property 'errors' does not exist on type 'ZodError<unknown>'.
src/app/admin/accordions/actions.ts(594,40): error TS2339: Property 'errors' does not exist on type 'ZodError<unknown>'.
src/app/admin/categories/actions.ts(213,60): error TS7006: Parameter 'cat' implicitly has an 'any' type.
src/app/admin/categories/actions.ts(240,40): error TS2339: Property 'errors' does not exist on type 'ZodError<unknown>'.
src/app/admin/categories/actions.ts(368,40): error TS2339: Property 'errors' does not exist on type 'ZodError<unknown>'.
src/app/admin/categories/actions.ts(472,40): error TS2339: Property 'errors' does not exist on type 'ZodError<unknown>'.
src/app/admin/categories/actions.ts(502,49): error TS7006: Parameter 'c' implicitly has an 'any' type.
src/app/admin/categories/actions.ts(534,40): error TS2339: Property 'errors' does not exist on type 'ZodError<unknown>'.
src/app/admin/categories/actions.ts(594,40): error TS2339: Property 'errors' does not exist on type 'ZodError<unknown>'.
src/app/admin/categories/actions.ts(617,60): error TS7006: Parameter 'cat' implicitly has an 'any' type.
src/app/admin/image-galleries/actions.ts(128,60): error TS7006: Parameter 'g' implicitly has an 'any' type.
src/app/admin/image-galleries/actions.ts(187,46): error TS2339: Property 'errors' does not exist on type 'ZodError<unknown>'.
src/app/admin/image-galleries/actions.ts(222,46): error TS2339: Property 'errors' does not exist on type 'ZodError<unknown>'.
src/app/admin/image-galleries/actions.ts(273,46): error TS2339: Property 'errors' does not exist on type 'ZodError<unknown>'.
src/app/admin/image-galleries/page.tsx(90,13): error TS2322: Type '{ galleries: ImageGalleryData[]; total: number; page: number; pageSize: number; totalPages: number; pages: number; } | undefined' is not assignable to type 'GalleriesData'.
  Type 'undefined' is not assignable to type 'GalleriesData'.
src/app/admin/media/actions.ts(79,12): error TS2554: Expected 2-3 arguments, but got 1.
src/app/admin/media/actions.ts(437,28): error TS2339: Property 'errors' does not exist on type 'ZodError<unknown>'.
src/app/admin/media/actions.ts(459,40): error TS2339: Property 'errors' does not exist on type 'ZodError<unknown>'.
src/app/admin/media/actions.ts(548,28): error TS2339: Property 'errors' does not exist on type 'ZodError<unknown>'.
src/app/admin/media/actions.ts(570,40): error TS2339: Property 'errors' does not exist on type 'ZodError<unknown>'.
src/app/admin/media/actions.ts(665,41): error TS7006: Parameter 'p' implicitly has an 'any' type.
src/app/admin/media/actions.ts(734,40): error TS2339: Property 'errors' does not exist on type 'ZodError<unknown>'.
src/app/admin/media/actions.ts(1186,23): error TS7006: Parameter 'm' implicitly has an 'any' type.
src/app/admin/posts/actions.ts(119,25): error TS7006: Parameter 'post' implicitly has an 'any' type.
src/app/admin/posts/actions.ts(121,48): error TS7006: Parameter 't' implicitly has an 'any' type.
src/app/admin/posts/actions.ts(139,20): error TS7006: Parameter 't' implicitly has an 'any' type.
src/app/admin/posts/actions.ts(143,17): error TS7006: Parameter 't' implicitly has an 'any' type.
src/app/admin/posts/actions.ts(218,44): error TS7006: Parameter 't' implicitly has an 'any' type.
src/app/admin/posts/actions.ts(234,16): error TS7006: Parameter 't' implicitly has an 'any' type.
src/app/admin/posts/actions.ts(238,13): error TS7006: Parameter 't' implicitly has an 'any' type.
src/app/admin/posts/actions.ts(307,23): error TS7006: Parameter 'p' implicitly has an 'any' type.
src/app/admin/posts/actions.ts(808,8): error TS7006: Parameter 'acc' implicitly has an 'any' type.
src/app/admin/posts/actions.ts(808,13): error TS7006: Parameter 'post' implicitly has an 'any' type.
src/app/admin/users/actions.ts(172,40): error TS2339: Property 'errors' does not exist on type 'ZodError<unknown>'.
src/app/admin/users/actions.ts(207,23): error TS7006: Parameter 'u' implicitly has an 'any' type.
src/app/admin/users/actions.ts(214,40): error TS2339: Property 'errors' does not exist on type 'ZodError<unknown>'.
src/app/admin/users/actions.ts(289,40): error TS2339: Property 'errors' does not exist on type 'ZodError<unknown>'.
src/app/admin/users/actions.ts(359,40): error TS2339: Property 'errors' does not exist on type 'ZodError<unknown>'.
src/app/admin/users/actions.ts(450,40): error TS2339: Property 'errors' does not exist on type 'ZodError<unknown>'.
src/app/admin/users/actions.ts(514,40): error TS2339: Property 'errors' does not exist on type 'ZodError<unknown>'.
src/app/admin/users/actions.ts(558,40): error TS2339: Property 'errors' does not exist on type 'ZodError<unknown>'.
src/app/admin/users/actions.ts(617,40): error TS2339: Property 'errors' does not exist on type 'ZodError<unknown>'.
src/app/auth/auth-code-error/page.tsx(34,33): error TS2322: Type '{ children: Element; asChild: true; className: string; }' is not assignable to type 'IntrinsicAttributes & ButtonProps'.
  Property 'asChild' does not exist on type 'IntrinsicAttributes & ButtonProps'.
src/app/auth/verified/page.tsx(40,33): error TS2322: Type '{ children: Element; asChild: true; className: string; }' is not assignable to type 'IntrinsicAttributes & ButtonProps'.
  Property 'asChild' does not exist on type 'IntrinsicAttributes & ButtonProps'.
src/components/accordions/accordion-form.tsx(163,5): error TS2322: Type 'Resolver<{ title: string; items: { title: string; type: "text" | "files" | "images"; order: number; colorKey?: "orange" | "blue" | "green" | "lightGreen" | "yellow" | "lightBlue" | null | undefined; textContent?: string | ... 1 more ... | undefined; assets?: { ...; }[] | undefined; }[]; slug?: string | ... 1 more .....' is not assignable to type 'Resolver<{ title: string; isActive: boolean; accordionType: "text" | "files" | "images"; items: { title: string; type: "text" | "files" | "images"; order: number; assets: { mediaId: number; order: number; caption?: string | ... 1 more ... | undefined; displayLabel?: string | ... 1 more ... | undefined; }[]; colorKey...'.
  Types of parameters 'options' and 'options' are incompatible.
    Type 'ResolverOptions<{ title: string; isActive: boolean; accordionType: "text" | "files" | "images"; items: { title: string; type: "text" | "files" | "images"; order: number; assets: { mediaId: number; order: number; caption?: string | ... 1 more ... | undefined; displayLabel?: string | ... 1 more ... | undefined; }[]; c...' is not assignable to type 'ResolverOptions<{ title: string; items: { title: string; type: "text" | "files" | "images"; order: number; colorKey?: "orange" | "blue" | "green" | "lightGreen" | "yellow" | "lightBlue" | null | undefined; textContent?: string | ... 1 more ... | undefined; assets?: { ...; }[] | undefined; }[]; slug?: string | ... 1 ...'.
      Type 'boolean | undefined' is not assignable to type 'boolean'.
        Type 'undefined' is not assignable to type 'boolean'.
src/components/accordions/accordion-form.tsx(334,34): error TS2345: Argument of type '(raw: FormValues) => Promise<void>' is not assignable to parameter of type 'SubmitHandler<TFieldValues>'.
  Types of parameters 'raw' and 'data' are incompatible.
    Type 'TFieldValues' is not assignable to type '{ title: string; isActive: boolean; accordionType: "text" | "files" | "images"; items: { title: string; type: "text" | "files" | "images"; order: number; assets: { mediaId: number; order: number; caption?: string | ... 1 more ... | undefined; displayLabel?: string | ... 1 more ... | undefined; }[]; colorKey?: "orang...'.
      Type 'FieldValues' is missing the following properties from type '{ title: string; isActive: boolean; accordionType: "text" | "files" | "images"; items: { title: string; type: "text" | "files" | "images"; order: number; assets: { mediaId: number; order: number; caption?: string | ... 1 more ... | undefined; displayLabel?: string | ... 1 more ... | undefined; }[]; colorKey?: "orang...': title, isActive, accordionType, items
src/components/admin/dashboard/action-buttons.tsx(99,19): error TS2322: Type '"default"' is not assignable to type '"primary" | "secondary" | "danger" | "outline" | "ghost" | undefined'.
src/components/admin/forms/file-edit-form.tsx(48,25): error TS2339: Property 'categoryId' does not exist on type 'File'.
src/components/admin/forms/file-upload-form.tsx(12,10): error TS2305: Module '"@/lib/firebase-upload"' has no exported member 'uploadToFirebase'.
src/components/admin/forms/file-upload-form.tsx(175,60): error TS7006: Parameter 'progress' implicitly has an 'any' type.
src/components/admin/forms/file-upload-form.tsx(235,41): error TS2339: Property 'slug' does not exist on type 'Category'.
src/components/admin/settings/backup-policy-card.tsx(65,48): error TS2339: Property 'error' does not exist on type '{ success: boolean; message: string; }'.
src/components/admin/settings/backup-policy-card.tsx(95,50): error TS2339: Property 'message' does not exist on type '{ success: boolean; error: string; }'.
src/components/admin/settings/backup-policy-card.tsx(152,48): error TS2339: Property 'error' does not exist on type '{ success: boolean; message: string; }'.
src/components/admin/settings/backup-policy-card.tsx(229,29): error TS2322: Type '"default"' is not assignable to type '"sm" | "md" | "lg" | "icon" | undefined'.
src/components/admin/settings/backup-policy-card.tsx(246,25): error TS2322: Type '"default"' is not assignable to type '"sm" | "md" | "lg" | "icon" | undefined'.
src/components/admin/settings/backup-policy-card.tsx(256,25): error TS2322: Type '"default"' is not assignable to type '"primary" | "secondary" | "danger" | "outline" | "ghost" | undefined'.
src/components/admin/settings/backup-policy-card.tsx(257,25): error TS2322: Type '"default"' is not assignable to type '"sm" | "md" | "lg" | "icon" | undefined'.
src/components/admin/settings/backup-policy-card.tsx(269,25): error TS2322: Type '"default"' is not assignable to type '"sm" | "md" | "lg" | "icon" | undefined'.
src/components/aulas/administracao/AulaAdministracaoTributaria.tsx(18,33): error TS2307: Cannot find module '@/components/aulas/shared/ModuleConsolidation' or its corresponding type declarations.
src/components/aulas/administracao/AulaAdministracaoTributaria.tsx(19,30): error TS2307: Cannot find module '@/components/aulas/shared/ContentAccordion' or its corresponding type declarations.
src/components/aulas/administracao/AulaAdministracaoTributaria.tsx(20,26): error TS2307: Cannot find module '@/components/aulas/shared/CardCarousel' or its corresponding type declarations.
src/components/aulas/administracao/AulaAdministracaoTributaria.tsx(21,28): error TS2307: Cannot find module '@/components/aulas/shared/QuizInterativo' or its corresponding type declarations.
src/components/aulas/administracao/AulaAdministracaoTributaria.tsx(22,26): error TS2307: Cannot find module '@/components/aulas/shared/ModuleBanner' or its corresponding type declarations.
src/components/aulas/administracao/AulaAdministracaoTributaria.tsx(39,55): error TS2339: Property 'topicoId' does not exist on type 'AulaProps'.
src/components/aulas/administracao/AulaAdministracaoTributaria.tsx(112,22): error TS7006: Parameter 'score' implicitly has an 'any' type.
src/components/aulas/administracao/AulaAdministracaoTributaria.tsx(172,22): error TS7006: Parameter 'score' implicitly has an 'any' type.
src/components/aulas/administracao/AulaAdministracaoTributaria.tsx(232,22): error TS7006: Parameter 'score' implicitly has an 'any' type.
src/components/aulas/administracao/AulaAdministracaoTributaria.tsx(292,22): error TS7006: Parameter 'score' implicitly has an 'any' type.
src/components/aulas/administracao/AulaAdministracaoTributaria.tsx(352,22): error TS7006: Parameter 'score' implicitly has an 'any' type.
src/components/aulas/administracao/AulaAdministracaoTributaria.tsx(412,22): error TS7006: Parameter 'score' implicitly has an 'any' type.
src/components/aulas/administracao/AulaAdministracaoTributaria.tsx(472,22): error TS7006: Parameter 'score' implicitly has an 'any' type.
src/components/aulas/administracao/AulaAdministracaoTributaria.tsx(532,22): error TS7006: Parameter 'score' implicitly has an 'any' type.
src/components/aulas/administracao/AulaAdministracaoTributaria.tsx(592,22): error TS7006: Parameter 'score' implicitly has an 'any' type.
src/components/aulas/administracao/AulaAdministracaoTributaria.tsx(652,22): error TS7006: Parameter 'score' implicitly has an 'any' type.
src/components/aulas/administracao/AulaContabilidadeBasica.tsx(18,33): error TS2307: Cannot find module '@/components/aulas/shared/ModuleConsolidation' or its corresponding type declarations.
src/components/aulas/administracao/AulaContabilidadeBasica.tsx(19,30): error TS2307: Cannot find module '@/components/aulas/shared/ContentAccordion' or its corresponding type declarations.
src/components/aulas/administracao/AulaContabilidadeBasica.tsx(20,26): error TS2307: Cannot find module '@/components/aulas/shared/CardCarousel' or its corresponding type declarations.
src/components/aulas/administracao/AulaContabilidadeBasica.tsx(21,28): error TS2307: Cannot find module '@/components/aulas/shared/QuizInterativo' or its corresponding type declarations.
src/components/aulas/administracao/AulaContabilidadeBasica.tsx(22,26): error TS2307: Cannot find module '@/components/aulas/shared/ModuleBanner' or its corresponding type declarations.
src/components/aulas/administracao/AulaContabilidadeBasica.tsx(39,51): error TS2339: Property 'topicoId' does not exist on type 'AulaProps'.
src/components/aulas/administracao/AulaContabilidadeBasica.tsx(112,22): error TS7006: Parameter 'score' implicitly has an 'any' type.
src/components/aulas/administracao/AulaContabilidadeBasica.tsx(172,22): error TS7006: Parameter 'score' implicitly has an 'any' type.
src/components/aulas/administracao/AulaContabilidadeBasica.tsx(232,22): error TS7006: Parameter 'score' implicitly has an 'any' type.
src/components/aulas/administracao/AulaContabilidadeBasica.tsx(292,22): error TS7006: Parameter 'score' implicitly has an 'any' type.
src/components/aulas/administracao/AulaContabilidadeBasica.tsx(352,22): error TS7006: Parameter 'score' implicitly has an 'any' type.
src/components/aulas/administracao/AulaContabilidadeBasica.tsx(412,22): error TS7006: Parameter 'score' implicitly has an 'any' type.
src/components/aulas/administracao/AulaContabilidadeBasica.tsx(472,22): error TS7006: Parameter 'score' implicitly has an 'any' type.
src/components/aulas/administracao/AulaContabilidadeBasica.tsx(532,22): error TS7006: Parameter 'score' implicitly has an 'any' type.
src/components/aulas/administracao/AulaContabilidadeBasica.tsx(592,22): error TS7006: Parameter 'score' implicitly has an 'any' type.
src/components/aulas/administracao/AulaContabilidadeBasica.tsx(652,22): error TS7006: Parameter 'score' implicitly has an 'any' type.
src/components/aulas/administracao/AulaDireitoTributario.tsx(18,33): error TS2307: Cannot find module '@/components/aulas/shared/ModuleConsolidation' or its corresponding type declarations.
src/components/aulas/administracao/AulaDireitoTributario.tsx(19,30): error TS2307: Cannot find module '@/components/aulas/shared/ContentAccordion' or its corresponding type declarations.
src/components/aulas/administracao/AulaDireitoTributario.tsx(20,26): error TS2307: Cannot find module '@/components/aulas/shared/CardCarousel' or its corresponding type declarations.
src/components/aulas/administracao/AulaDireitoTributario.tsx(21,28): error TS2307: Cannot find module '@/components/aulas/shared/QuizInterativo' or its corresponding type declarations.
src/components/aulas/administracao/AulaDireitoTributario.tsx(22,26): error TS2307: Cannot find module '@/components/aulas/shared/ModuleBanner' or its corresponding type declarations.
src/components/aulas/administracao/AulaDireitoTributario.tsx(39,49): error TS2339: Property 'topicoId' does not exist on type 'AulaProps'.
src/components/aulas/administracao/AulaDireitoTributario.tsx(112,22): error TS7006: Parameter 'score' implicitly has an 'any' type.
src/components/aulas/administracao/AulaDireitoTributario.tsx(172,22): error TS7006: Parameter 'score' implicitly has an 'any' type.
src/components/aulas/administracao/AulaDireitoTributario.tsx(232,22): error TS7006: Parameter 'score' implicitly has an 'any' type.
src/components/aulas/administracao/AulaDireitoTributario.tsx(292,22): error TS7006: Parameter 'score' implicitly has an 'any' type.
src/components/aulas/administracao/AulaDireitoTributario.tsx(352,22): error TS7006: Parameter 'score' implicitly has an 'any' type.
src/components/aulas/administracao/AulaDireitoTributario.tsx(412,22): error TS7006: Parameter 'score' implicitly has an 'any' type.
src/components/aulas/administracao/AulaDireitoTributario.tsx(472,22): error TS7006: Parameter 'score' implicitly has an 'any' type.
src/components/aulas/administracao/AulaDireitoTributario.tsx(532,22): error TS7006: Parameter 'score' implicitly has an 'any' type.
src/components/aulas/administracao/AulaDireitoTributario.tsx(592,22): error TS7006: Parameter 'score' implicitly has an 'any' type.
src/components/aulas/administracao/AulaDireitoTributario.tsx(652,22): error TS7006: Parameter 'score' implicitly has an 'any' type.
src/components/aulas/administracao/AulaLei13303.tsx(59,33): error TS2349: This expression is not callable.
  Type 'QuizQuestion[]' has no call signatures.
src/components/aulas/administracao/AulaLei13303.tsx(59,41): error TS7006: Parameter 'q' implicitly has an 'any' type.
src/components/aulas/administracao/AulaLei13303.tsx(60,33): error TS2349: This expression is not callable.
  Type 'QuizQuestion[]' has no call signatures.
src/components/aulas/administracao/AulaLei13303.tsx(60,41): error TS7006: Parameter 'q' implicitly has an 'any' type.
src/components/aulas/administracao/AulaLei13303.tsx(61,34): error TS2349: This expression is not callable.
  Type 'QuizQuestion[]' has no call signatures.
src/components/aulas/administracao/AulaLei13303.tsx(61,42): error TS7006: Parameter 'q' implicitly has an 'any' type.
src/components/aulas/administracao/AulaLei13303.tsx(111,17): error TS2353: Object literal may only specify known properties, and 'id' does not exist in type 'CarouselCard'.
src/components/aulas/administracao/AulaLei13303.tsx(117,17): error TS2353: Object literal may only specify known properties, and 'id' does not exist in type 'CarouselCard'.
src/components/aulas/administracao/AulaLei13303.tsx(123,17): error TS2353: Object literal may only specify known properties, and 'id' does not exist in type 'CarouselCard'.
src/components/aulas/administracao/AulaLei13303.tsx(129,17): error TS2353: Object literal may only specify known properties, and 'id' does not exist in type 'CarouselCard'.
src/components/aulas/administracao/AulaLei13303.tsx(192,17): error TS2353: Object literal may only specify known properties, and 'id' does not exist in type 'CarouselCard'.
src/components/aulas/administracao/AulaLei13303.tsx(198,17): error TS2353: Object literal may only specify known properties, and 'id' does not exist in type 'CarouselCard'.
src/components/aulas/administracao/AulaLei13303.tsx(250,13): error TS2322: Type '{ tipo: "info"; titulo: string; description: string; }' is not assignable to type 'IntrinsicAttributes & { tipo: "success" | "info" | "danger" | "warning"; titulo: string; children: ReactNode; }'.
  Property 'description' does not exist on type 'IntrinsicAttributes & { tipo: "success" | "info" | "danger" | "warning"; titulo: string; children: ReactNode; }'.
src/components/aulas/matematica/AulaFuncoesLogaritmicas.tsx(1811,15): error TS2322: Type '"purple"' is not assignable to type '"blue" | "cyan" | "indigo" | "violet" | "emerald" | "amber" | "rose" | "slate" | undefined'.
src/components/aulas/matematica/AulaFuncoesLogaritmicas.tsx(1929,13): error TS2322: Type '"purple"' is not assignable to type '"blue" | "cyan" | "indigo" | "violet" | "emerald" | "amber" | "rose" | "slate"'.
src/components/aulas/matematica/AulaFuncoesLogaritmicas.tsx(1976,17): error TS2322: Type '"purple"' is not assignable to type '"blue" | "cyan" | "indigo" | "violet" | "emerald" | "amber" | "rose" | "slate" | undefined'.
src/components/aulas/matematica/AulaGeometriaAnalitica.tsx(271,13): error TS2322: Type '(moduleId: string, score: number) => void' is not assignable to type '(score: number) => void'.
  Target signature provides too few arguments. Expected 2 or more, but got 1.
src/components/aulas/matematica/AulaGeometriaAnalitica.tsx(444,13): error TS2322: Type '(moduleId: string, score: number) => void' is not assignable to type '(score: number) => void'.
  Target signature provides too few arguments. Expected 2 or more, but got 1.
src/components/aulas/matematica/AulaGeometriaAnalitica.tsx(633,13): error TS2322: Type '(moduleId: string, score: number) => void' is not assignable to type '(score: number) => void'.
  Target signature provides too few arguments. Expected 2 or more, but got 1.
src/components/aulas/matematica/AulaGeometriaAnalitica.tsx(776,13): error TS2322: Type '(moduleId: string, score: number) => void' is not assignable to type '(score: number) => void'.
  Target signature provides too few arguments. Expected 2 or more, but got 1.
src/components/aulas/matematica/AulaGeometriaAnalitica.tsx(925,13): error TS2322: Type '(moduleId: string, score: number) => void' is not assignable to type '(score: number) => void'.
  Target signature provides too few arguments. Expected 2 or more, but got 1.
src/components/aulas/matematica/AulaGeometriaAnalitica.tsx(1090,13): error TS2322: Type '(moduleId: string, score: number) => void' is not assignable to type '(score: number) => void'.
  Target signature provides too few arguments. Expected 2 or more, but got 1.
src/components/aulas/matematica/AulaGeometriaAnalitica.tsx(1264,13): error TS2322: Type '(moduleId: string, score: number) => void' is not assignable to type '(score: number) => void'.
  Target signature provides too few arguments. Expected 2 or more, but got 1.
src/components/aulas/matematica/AulaGeometriaAnalitica.tsx(1404,13): error TS2322: Type '(moduleId: string, score: number) => void' is not assignable to type '(score: number) => void'.
  Target signature provides too few arguments. Expected 2 or more, but got 1.
src/components/aulas/matematica/AulaGeometriaAnalitica.tsx(1571,13): error TS2322: Type '(moduleId: string, score: number) => void' is not assignable to type '(score: number) => void'.
  Target signature provides too few arguments. Expected 2 or more, but got 1.
src/components/aulas/matematica/AulaGeometriaAnalitica.tsx(1747,13): error TS2322: Type '(moduleId: string, score: number) => void' is not assignable to type '(score: number) => void'.
  Target signature provides too few arguments. Expected 2 or more, but got 1.
src/components/aulas/matematica/AulaGeometriaEspacial.tsx(204,13): error TS2322: Type '{ items: { titulo: string; icone: string; conteudo: Element; }[]; }' is not assignable to type 'IntrinsicAttributes & { titulo?: string | undefined; icone?: ReactNode; corIndicador?: string | undefined; slides: ContentSlide[]; defaultOpen?: boolean | undefined; slidesPerView?: 1 | ... 1 more ... | undefined; mode?: "carousel" | ... 1 more ... | undefined; }'.
  Property 'items' does not exist on type 'IntrinsicAttributes & { titulo?: string | undefined; icone?: ReactNode; corIndicador?: string | undefined; slides: ContentSlide[]; defaultOpen?: boolean | undefined; slidesPerView?: 1 | ... 1 more ... | undefined; mode?: "carousel" | ... 1 more ... | undefined; }'.
src/components/aulas/matematica/AulaGeometriaEspacial.tsx(1787,13): error TS2322: Type '"purple"' is not assignable to type '"cyan" | "indigo" | "violet" | "emerald" | "amber" | "rose" | undefined'.
src/components/aulas/matematica/AulaGeometriaEspacial.tsx(1861,15): error TS2322: Type '{ items: { titulo: string; icone: string; conteudo: Element; }[]; }' is not assignable to type 'IntrinsicAttributes & { titulo?: string | undefined; icone?: ReactNode; corIndicador?: string | undefined; slides: ContentSlide[]; defaultOpen?: boolean | undefined; slidesPerView?: 1 | ... 1 more ... | undefined; mode?: "carousel" | ... 1 more ... | undefined; }'.
  Property 'items' does not exist on type 'IntrinsicAttributes & { titulo?: string | undefined; icone?: ReactNode; corIndicador?: string | undefined; slides: ContentSlide[]; defaultOpen?: boolean | undefined; slidesPerView?: 1 | ... 1 more ... | undefined; mode?: "carousel" | ... 1 more ... | undefined; }'.
src/components/aulas/matematica/AulaGeometriaEspacial.tsx(1942,15): error TS2322: Type '{ items: { titulo: string; icone: string; conteudo: Element; }[]; }' is not assignable to type 'IntrinsicAttributes & { titulo?: string | undefined; icone?: ReactNode; corIndicador?: string | undefined; slides: ContentSlide[]; defaultOpen?: boolean | undefined; slidesPerView?: 1 | ... 1 more ... | undefined; mode?: "carousel" | ... 1 more ... | undefined; }'.
  Property 'items' does not exist on type 'IntrinsicAttributes & { titulo?: string | undefined; icone?: ReactNode; corIndicador?: string | undefined; slides: ContentSlide[]; defaultOpen?: boolean | undefined; slidesPerView?: 1 | ... 1 more ... | undefined; mode?: "carousel" | ... 1 more ... | undefined; }'.
src/components/aulas/matematica/AulaGeometriaEspacial.tsx(2001,15): error TS2322: Type '{ items: { titulo: string; icone: string; conteudo: Element; }[]; }' is not assignable to type 'IntrinsicAttributes & { titulo?: string | undefined; icone?: ReactNode; corIndicador?: string | undefined; slides: ContentSlide[]; defaultOpen?: boolean | undefined; slidesPerView?: 1 | ... 1 more ... | undefined; mode?: "carousel" | ... 1 more ... | undefined; }'.
  Property 'items' does not exist on type 'IntrinsicAttributes & { titulo?: string | undefined; icone?: ReactNode; corIndicador?: string | undefined; slides: ContentSlide[]; defaultOpen?: boolean | undefined; slidesPerView?: 1 | ... 1 more ... | undefined; mode?: "carousel" | ... 1 more ... | undefined; }'.
src/components/aulas/matematica/AulaGeometriaEspacial.tsx(2142,15): error TS2322: Type '{ items: { titulo: string; icone: string; conteudo: Element; }[]; }' is not assignable to type 'IntrinsicAttributes & { titulo?: string | undefined; icone?: ReactNode; corIndicador?: string | undefined; slides: ContentSlide[]; defaultOpen?: boolean | undefined; slidesPerView?: 1 | ... 1 more ... | undefined; mode?: "carousel" | ... 1 more ... | undefined; }'.
  Property 'items' does not exist on type 'IntrinsicAttributes & { titulo?: string | undefined; icone?: ReactNode; corIndicador?: string | undefined; slides: ContentSlide[]; defaultOpen?: boolean | undefined; slidesPerView?: 1 | ... 1 more ... | undefined; mode?: "carousel" | ... 1 more ... | undefined; }'.
src/components/aulas/matematica/AulaGeometriaEspacial.tsx(2206,15): error TS2322: Type '{ items: { titulo: string; icone: string; conteudo: Element; }[]; }' is not assignable to type 'IntrinsicAttributes & { titulo?: string | undefined; icone?: ReactNode; corIndicador?: string | undefined; slides: ContentSlide[]; defaultOpen?: boolean | undefined; slidesPerView?: 1 | ... 1 more ... | undefined; mode?: "carousel" | ... 1 more ... | undefined; }'.
  Property 'items' does not exist on type 'IntrinsicAttributes & { titulo?: string | undefined; icone?: ReactNode; corIndicador?: string | undefined; slides: ContentSlide[]; defaultOpen?: boolean | undefined; slidesPerView?: 1 | ... 1 more ... | undefined; mode?: "carousel" | ... 1 more ... | undefined; }'.
src/components/aulas/matematica/AulaGeometriaEspacial.tsx(2400,15): error TS2322: Type '{ items: { titulo: string; icone: string; conteudo: Element; }[]; }' is not assignable to type 'IntrinsicAttributes & { titulo?: string | undefined; icone?: ReactNode; corIndicador?: string | undefined; slides: ContentSlide[]; defaultOpen?: boolean | undefined; slidesPerView?: 1 | ... 1 more ... | undefined; mode?: "carousel" | ... 1 more ... | undefined; }'.
  Property 'items' does not exist on type 'IntrinsicAttributes & { titulo?: string | undefined; icone?: ReactNode; corIndicador?: string | undefined; slides: ContentSlide[]; defaultOpen?: boolean | undefined; slidesPerView?: 1 | ... 1 more ... | undefined; mode?: "carousel" | ... 1 more ... | undefined; }'.
src/components/aulas/matematica/AulaMatrizesDeterminantes.tsx(209,24): error TS2741: Property 'titulo' is missing in type '{ children: (string | Element)[]; tipo: "warning"; }' but required in type '{ tipo: "success" | "info" | "danger" | "warning"; titulo: string; children: ReactNode; }'.
src/components/aulas/matematica/AulaMatrizesDeterminantes.tsx(458,24): error TS2741: Property 'titulo' is missing in type '{ children: (string | Element)[]; tipo: "warning"; }' but required in type '{ tipo: "success" | "info" | "danger" | "warning"; titulo: string; children: ReactNode; }'.
src/components/aulas/matematica/AulaMatrizesDeterminantes.tsx(555,22): error TS1312: Did you mean to use a ':'? An '=' can only follow a property name when the containing object literal is part of a destructuring pattern.
src/components/aulas/matematica/AulaMatrizesDeterminantes.tsx(680,24): error TS2741: Property 'titulo' is missing in type '{ children: (string | Element)[]; tipo: "warning"; }' but required in type '{ tipo: "success" | "info" | "danger" | "warning"; titulo: string; children: ReactNode; }'.
src/components/aulas/matematica/AulaMatrizesDeterminantes.tsx(776,22): error TS1312: Did you mean to use a ':'? An '=' can only follow a property name when the containing object literal is part of a destructuring pattern.
src/components/aulas/matematica/AulaMatrizesDeterminantes.tsx(904,24): error TS2741: Property 'titulo' is missing in type '{ children: (string | Element)[]; tipo: "warning"; }' but required in type '{ tipo: "success" | "info" | "danger" | "warning"; titulo: string; children: ReactNode; }'.
src/components/aulas/matematica/AulaMatrizesDeterminantes.tsx(984,22): error TS1312: Did you mean to use a ':'? An '=' can only follow a property name when the containing object literal is part of a destructuring pattern.
src/components/aulas/matematica/AulaMatrizesDeterminantes.tsx(1113,24): error TS2741: Property 'titulo' is missing in type '{ children: (string | Element)[]; tipo: "warning"; }' but required in type '{ tipo: "success" | "info" | "danger" | "warning"; titulo: string; children: ReactNode; }'.
src/components/aulas/matematica/AulaMatrizesDeterminantes.tsx(1190,22): error TS1312: Did you mean to use a ':'? An '=' can only follow a property name when the containing object literal is part of a destructuring pattern.
src/components/aulas/matematica/AulaMatrizesDeterminantes.tsx(1293,24): error TS2741: Property 'titulo' is missing in type '{ children: (string | Element)[]; tipo: "warning"; }' but required in type '{ tipo: "success" | "info" | "danger" | "warning"; titulo: string; children: ReactNode; }'.
src/components/aulas/matematica/AulaMatrizesDeterminantes.tsx(1389,22): error TS1312: Did you mean to use a ':'? An '=' can only follow a property name when the containing object literal is part of a destructuring pattern.
src/components/aulas/matematica/AulaMatrizesDeterminantes.tsx(1478,24): error TS2741: Property 'titulo' is missing in type '{ children: (string | Element)[]; tipo: "warning"; }' but required in type '{ tipo: "success" | "info" | "danger" | "warning"; titulo: string; children: ReactNode; }'.
src/components/aulas/matematica/AulaMatrizesDeterminantes.tsx(1604,22): error TS1312: Did you mean to use a ':'? An '=' can only follow a property name when the containing object literal is part of a destructuring pattern.
src/components/aulas/matematica/AulaMatrizesDeterminantes.tsx(1734,24): error TS2741: Property 'titulo' is missing in type '{ children: string; tipo: "warning"; }' but required in type '{ tipo: "success" | "info" | "danger" | "warning"; titulo: string; children: ReactNode; }'.
src/components/aulas/matematica/AulaMatrizesDeterminantes.tsx(1803,22): error TS1312: Did you mean to use a ':'? An '=' can only follow a property name when the containing object literal is part of a destructuring pattern.
src/components/aulas/matematica/AulaMatrizesDeterminantes.tsx(1932,24): error TS2741: Property 'titulo' is missing in type '{ children: string; tipo: "warning"; }' but required in type '{ tipo: "success" | "info" | "danger" | "warning"; titulo: string; children: ReactNode; }'.
src/components/aulas/matematica/AulaMatrizesDeterminantes.tsx(2006,22): error TS1312: Did you mean to use a ':'? An '=' can only follow a property name when the containing object literal is part of a destructuring pattern.
src/components/aulas/matematica/AulaMatrizesDeterminantes.tsx(2136,24): error TS2741: Property 'titulo' is missing in type '{ children: string; tipo: "danger"; }' but required in type '{ tipo: "success" | "info" | "danger" | "warning"; titulo: string; children: ReactNode; }'.
src/components/aulas/matematica/AulaProbabilidade.tsx(223,75): error TS2695: Left side of comma operator is unused and has no side effects.
src/components/aulas/matematica/AulaProbabilidade.tsx(223,75): error TS2695: Left side of comma operator is unused and has no side effects.
src/components/aulas/matematica/AulaProbabilidade.tsx(223,75): error TS2695: Left side of comma operator is unused and has no side effects.
src/components/aulas/matematica/AulaProbabilidade.tsx(223,75): error TS18007: JSX expressions may not use the comma operator. Did you mean to write an array?
src/components/aulas/matematica/AulaProbabilidade.tsx(223,76): error TS2304: Cannot find name 'Cara'.
src/components/aulas/matematica/AulaProbabilidade.tsx(223,76): error TS2695: Left side of comma operator is unused and has no side effects.
src/components/aulas/matematica/AulaProbabilidade.tsx(223,81): error TS2304: Cannot find name 'Cara'.
src/components/aulas/matematica/AulaProbabilidade.tsx(223,89): error TS2304: Cannot find name 'Cara'.
src/components/aulas/matematica/AulaProbabilidade.tsx(223,89): error TS2695: Left side of comma operator is unused and has no side effects.
src/components/aulas/matematica/AulaProbabilidade.tsx(223,94): error TS2304: Cannot find name 'Coroa'.
src/components/aulas/matematica/AulaProbabilidade.tsx(223,103): error TS2304: Cannot find name 'Coroa'.
src/components/aulas/matematica/AulaProbabilidade.tsx(223,103): error TS2695: Left side of comma operator is unused and has no side effects.
src/components/aulas/matematica/AulaProbabilidade.tsx(223,109): error TS2304: Cannot find name 'Cara'.
src/components/aulas/matematica/AulaProbabilidade.tsx(223,117): error TS2304: Cannot find name 'Coroa'.
src/components/aulas/matematica/AulaProbabilidade.tsx(223,117): error TS2695: Left side of comma operator is unused and has no side effects.
src/components/aulas/matematica/AulaProbabilidade.tsx(223,123): error TS2304: Cannot find name 'Coroa'.
src/components/aulas/matematica/AulaProbabilidade.tsx(307,71): error TS2695: Left side of comma operator is unused and has no side effects.
src/components/aulas/matematica/AulaProbabilidade.tsx(307,71): error TS2695: Left side of comma operator is unused and has no side effects.
src/components/aulas/matematica/AulaProbabilidade.tsx(307,71): error TS2695: Left side of comma operator is unused and has no side effects.
src/components/aulas/matematica/AulaProbabilidade.tsx(307,71): error TS2695: Left side of comma operator is unused and has no side effects.
src/components/aulas/matematica/AulaProbabilidade.tsx(307,71): error TS2695: Left side of comma operator is unused and has no side effects.
src/components/aulas/matematica/AulaProbabilidade.tsx(307,71): error TS18007: JSX expressions may not use the comma operator. Did you mean to write an array?
src/components/aulas/matematica/AulaProbabilidade.tsx(308,45): error TS2695: Left side of comma operator is unused and has no side effects.
src/components/aulas/matematica/AulaProbabilidade.tsx(308,45): error TS2695: Left side of comma operator is unused and has no side effects.
src/components/aulas/matematica/AulaProbabilidade.tsx(308,45): error TS18007: JSX expressions may not use the comma operator. Did you mean to write an array?
src/components/aulas/matematica/AulaProbabilidade.tsx(381,32): error TS2695: Left side of comma operator is unused and has no side effects.
src/components/aulas/matematica/AulaProbabilidade.tsx(381,32): error TS2695: Left side of comma operator is unused and has no side effects.
src/components/aulas/matematica/AulaProbabilidade.tsx(381,32): error TS18007: JSX expressions may not use the comma operator. Did you mean to write an array?
src/components/aulas/matematica/AulaProbabilidade.tsx(383,32): error TS2695: Left side of comma operator is unused and has no side effects.
src/components/aulas/matematica/AulaProbabilidade.tsx(383,32): error TS2695: Left side of comma operator is unused and has no side effects.
src/components/aulas/matematica/AulaProbabilidade.tsx(383,32): error TS2695: Left side of comma operator is unused and has no side effects.
src/components/aulas/matematica/AulaProbabilidade.tsx(383,32): error TS2695: Left side of comma operator is unused and has no side effects.
src/components/aulas/matematica/AulaProbabilidade.tsx(383,32): error TS2695: Left side of comma operator is unused and has no side effects.
src/components/aulas/matematica/AulaProbabilidade.tsx(383,32): error TS18007: JSX expressions may not use the comma operator. Did you mean to write an array?
src/components/aulas/matematica/AulaProbabilidade.tsx(790,38): error TS2304: Cannot find name 'nuvem'.
src/components/aulas/matematica/AulaProbabilidade.tsx(790,38): error TS2695: Left side of comma operator is unused and has no side effects.
src/components/aulas/matematica/AulaProbabilidade.tsx(790,38): error TS18007: JSX expressions may not use the comma operator. Did you mean to write an array?
src/components/aulas/matematica/AulaProbabilidade.tsx(790,45): error TS2304: Cannot find name 'nublado'.
src/components/aulas/matematica/AulaProbabilidade.tsx(981,15): error TS2322: Type '"teal"' is not assignable to type '"blue" | "cyan" | "indigo" | "violet" | "emerald" | "amber" | "rose" | "slate" | undefined'.
src/components/aulas/matematica/AulaProbabilidade.tsx(1058,13): error TS2322: Type '"teal"' is not assignable to type '"blue" | "cyan" | "indigo" | "violet" | "emerald" | "amber" | "rose" | "slate"'.
src/components/aulas/matematica/AulaProbabilidade.tsx(1114,15): error TS2322: Type '"teal"' is not assignable to type '"blue" | "cyan" | "indigo" | "violet" | "emerald" | "amber" | "rose" | "slate" | undefined'.
src/components/aulas/matematica/AulaProbabilidade.tsx(1459,15): error TS2322: Type '"orange"' is not assignable to type '"blue" | "cyan" | "indigo" | "violet" | "emerald" | "amber" | "rose" | "slate" | undefined'.
src/components/aulas/matematica/AulaProbabilidade.tsx(1538,13): error TS2322: Type '"orange"' is not assignable to type '"blue" | "cyan" | "indigo" | "violet" | "emerald" | "amber" | "rose" | "slate"'.
src/components/aulas/matematica/AulaProbabilidade.tsx(1594,15): error TS2322: Type '"orange"' is not assignable to type '"blue" | "cyan" | "indigo" | "violet" | "emerald" | "amber" | "rose" | "slate" | undefined'.
src/components/aulas/matematica/AulaProgressoesPa.tsx(1206,15): error TS2322: Type '"teal"' is not assignable to type '"blue" | "cyan" | "indigo" | "violet" | "emerald" | "amber" | "rose" | "slate" | undefined'.
src/components/aulas/matematica/AulaProgressoesPa.tsx(1303,13): error TS2322: Type '"teal"' is not assignable to type '"blue" | "cyan" | "indigo" | "violet" | "emerald" | "amber" | "rose" | "slate"'.
src/components/aulas/matematica/AulaProgressoesPa.tsx(1359,15): error TS2322: Type '"teal"' is not assignable to type '"blue" | "cyan" | "indigo" | "violet" | "emerald" | "amber" | "rose" | "slate" | undefined'.
src/components/aulas/matematica/AulaProgressoesPa.tsx(1712,15): error TS2322: Type '"orange"' is not assignable to type '"blue" | "cyan" | "indigo" | "violet" | "emerald" | "amber" | "rose" | "slate" | undefined'.
src/components/aulas/matematica/AulaProgressoesPa.tsx(1810,13): error TS2322: Type '"orange"' is not assignable to type '"blue" | "cyan" | "indigo" | "violet" | "emerald" | "amber" | "rose" | "slate"'.
src/components/aulas/matematica/AulaProgressoesPa.tsx(1864,15): error TS2322: Type '"orange"' is not assignable to type '"blue" | "cyan" | "indigo" | "violet" | "emerald" | "amber" | "rose" | "slate" | undefined'.
src/components/aulas/matematica/AulaProgressoesPg.tsx(1032,15): error TS2322: Type '"teal"' is not assignable to type '"blue" | "cyan" | "indigo" | "violet" | "emerald" | "amber" | "rose" | "slate" | undefined'.
src/components/aulas/matematica/AulaProgressoesPg.tsx(1130,13): error TS2322: Type '"teal"' is not assignable to type '"blue" | "cyan" | "indigo" | "violet" | "emerald" | "amber" | "rose" | "slate"'.
src/components/aulas/matematica/AulaProgressoesPg.tsx(1184,15): error TS2322: Type '"teal"' is not assignable to type '"blue" | "cyan" | "indigo" | "violet" | "emerald" | "amber" | "rose" | "slate" | undefined'.
src/components/aulas/matematica/AulaProgressoesPg.tsx(1559,15): error TS2322: Type '"orange"' is not assignable to type '"blue" | "cyan" | "indigo" | "violet" | "emerald" | "amber" | "rose" | "slate" | undefined'.
src/components/aulas/matematica/AulaProgressoesPg.tsx(1661,13): error TS2322: Type '"orange"' is not assignable to type '"blue" | "cyan" | "indigo" | "violet" | "emerald" | "amber" | "rose" | "slate"'.
src/components/aulas/matematica/AulaProgressoesPg.tsx(1715,15): error TS2322: Type '"orange"' is not assignable to type '"blue" | "cyan" | "indigo" | "violet" | "emerald" | "amber" | "rose" | "slate" | undefined'.
src/components/aulas/matematica/AulaTrigonometria.tsx(293,24): error TS2741: Property 'titulo' is missing in type '{ children: string; tipo: "success"; }' but required in type '{ tipo: "success" | "info" | "danger" | "warning"; titulo: string; children: ReactNode; }'.
src/components/aulas/matematica/AulaTrigonometria.tsx(312,24): error TS2741: Property 'titulo' is missing in type '{ children: string; tipo: "info"; }' but required in type '{ tipo: "success" | "info" | "danger" | "warning"; titulo: string; children: ReactNode; }'.
src/components/aulas/matematica/AulaTrigonometria.tsx(596,24): error TS2741: Property 'titulo' is missing in type '{ children: string; tipo: "success"; }' but required in type '{ tipo: "success" | "info" | "danger" | "warning"; titulo: string; children: ReactNode; }'.
src/components/aulas/matematica/AulaTrigonometria.tsx(831,24): error TS2741: Property 'titulo' is missing in type '{ children: string; tipo: "info"; }' but required in type '{ tipo: "success" | "info" | "danger" | "warning"; titulo: string; children: ReactNode; }'.
src/components/aulas/matematica/AulaTrigonometria.tsx(1066,24): error TS2741: Property 'titulo' is missing in type '{ children: string; tipo: "success"; }' but required in type '{ tipo: "success" | "info" | "danger" | "warning"; titulo: string; children: ReactNode; }'.
src/components/aulas/matematica/AulaTrigonometria.tsx(1496,24): error TS2741: Property 'titulo' is missing in type '{ children: string; tipo: "success"; }' but required in type '{ tipo: "success" | "info" | "danger" | "warning"; titulo: string; children: ReactNode; }'.
src/components/aulas/matematica/AulaTrigonometria.tsx(1703,24): error TS2741: Property 'titulo' is missing in type '{ children: string; tipo: "info"; }' but required in type '{ tipo: "success" | "info" | "danger" | "warning"; titulo: string; children: ReactNode; }'.
src/components/aulas/matematica/AulaTrigonometria.tsx(1910,24): error TS2741: Property 'titulo' is missing in type '{ children: string; tipo: "success"; }' but required in type '{ tipo: "success" | "info" | "danger" | "warning"; titulo: string; children: ReactNode; }'.
src/components/aulas/matematica/AulaTrigonometria.tsx(2158,24): error TS2741: Property 'titulo' is missing in type '{ children: string; tipo: "success"; }' but required in type '{ tipo: "success" | "info" | "danger" | "warning"; titulo: string; children: ReactNode; }'.
src/components/aulas/matematica/AulaTrigonometria.tsx(2418,24): error TS2741: Property 'titulo' is missing in type '{ children: string; tipo: "success"; }' but required in type '{ tipo: "success" | "info" | "danger" | "warning"; titulo: string; children: ReactNode; }'.
src/components/aulas/matematica/AulaTrigonometria.tsx(2440,24): error TS2741: Property 'titulo' is missing in type '{ children: string; tipo: "info"; }' but required in type '{ tipo: "success" | "info" | "danger" | "warning"; titulo: string; children: ReactNode; }'.
src/components/aulas/portugues/AulaClassesPalavras.tsx(1447,13): error TS2322: Type '{ titulo: string; esquerda: { titulo: string; items: { texto: string; }[]; }; direita: { titulo: string; items: { texto: string; }[]; }; }' is not assignable to type 'IntrinsicAttributes & { title: string; left: { title: string; content: string; description: string; variant: "success" | "info" | "danger" | "warning"; }; right: { ...; }; }'.
  Property 'titulo' does not exist on type 'IntrinsicAttributes & { title: string; left: { title: string; content: string; description: string; variant: "success" | "info" | "danger" | "warning"; }; right: { ...; }; }'.
src/components/aulas/portugues/AulaClassesPalavras.tsx(1713,13): error TS2322: Type '{ titulo: string; esquerda: { titulo: string; items: { texto: string; }[]; }; direita: { titulo: string; items: { texto: string; }[]; }; }' is not assignable to type 'IntrinsicAttributes & { title: string; left: { title: string; content: string; description: string; variant: "success" | "info" | "danger" | "warning"; }; right: { ...; }; }'.
  Property 'titulo' does not exist on type 'IntrinsicAttributes & { title: string; left: { title: string; content: string; description: string; variant: "success" | "info" | "danger" | "warning"; }; right: { ...; }; }'.
src/components/aulas/portugues/AulaClassesPalavras.tsx(2340,13): error TS2322: Type '{ titulo: string; esquerda: { titulo: string; items: { texto: string; }[]; }; direita: { titulo: string; items: { texto: string; }[]; }; }' is not assignable to type 'IntrinsicAttributes & { title: string; left: { title: string; content: string; description: string; variant: "success" | "info" | "danger" | "warning"; }; right: { ...; }; }'.
  Property 'titulo' does not exist on type 'IntrinsicAttributes & { title: string; left: { title: string; content: string; description: string; variant: "success" | "info" | "danger" | "warning"; }; right: { ...; }; }'.
src/components/media/media-uploader.tsx(4,29): error TS2307: Cannot find module 'react-dropzone' or its corresponding type declarations.
src/components/posts/rich-text-editor.tsx(3,42): error TS2307: Cannot find module '@tiptap/react' or its corresponding type declarations.
src/components/posts/rich-text-editor.tsx(4,24): error TS2307: Cannot find module '@tiptap/starter-kit' or its corresponding type declarations.
src/components/posts/rich-text-editor.tsx(102,18): error TS7031: Binding element 'editor' implicitly has an 'any' type.
src/components/posts/tiptap/extensions/accordion-node-view.tsx(3,33): error TS2307: Cannot find module '@tiptap/react' or its corresponding type declarations.
src/components/posts/tiptap/extensions/accordion-node-view.tsx(4,36): error TS2307: Cannot find module '@tiptap/react' or its corresponding type declarations.
src/components/posts/tiptap/extensions/gallery-node-view.tsx(3,33): error TS2307: Cannot find module '@tiptap/react' or its corresponding type declarations.
src/components/posts/tiptap/extensions/gallery-node-view.tsx(4,36): error TS2307: Cannot find module '@tiptap/react' or its corresponding type declarations.
src/components/posts/tiptap/extensions/wp2next-accordion.ts(2,39): error TS2307: Cannot find module '@tiptap/react' or its corresponding type declarations.
src/components/posts/tiptap/extensions/wp2next-gallery.ts(2,39): error TS2307: Cannot find module '@tiptap/react' or its corresponding type declarations.
src/components/ui/alert-dialog.tsx(2,39): error TS2307: Cannot find module '@radix-ui/react-alert-dialog' or its corresponding type declarations.
src/components/ui/alert-dialog.tsx(5,10): error TS2305: Module '"@/components/ui/button"' has no exported member 'buttonVariants'.
src/components/ui/aspect-ratio.tsx(1,39): error TS2307: Cannot find module '@radix-ui/react-aspect-ratio' or its corresponding type declarations.
src/components/ui/calendar.tsx(3,27): error TS2307: Cannot find module 'react-day-picker' or its corresponding type declarations.
src/components/ui/calendar.tsx(6,10): error TS2305: Module '"@/components/ui/button"' has no exported member 'buttonVariants'.
src/components/ui/category-badge.tsx(4,10): error TS2305: Module '"@/lib/color"' has no exported member 'hexToRgba'.
src/components/ui/context-menu.tsx(2,39): error TS2307: Cannot find module '@radix-ui/react-context-menu' or its corresponding type declarations.
src/components/ui/drawer.tsx(4,43): error TS2307: Cannot find module 'vaul' or its corresponding type declarations.
src/components/ui/hover-card.tsx(4,37): error TS2307: Cannot find module '@radix-ui/react-hover-card' or its corresponding type declarations.
src/components/ui/input-otp.tsx(2,43): error TS2307: Cannot find module 'input-otp' or its corresponding type declarations.
src/components/ui/menubar.tsx(4,35): error TS2307: Cannot find module '@radix-ui/react-menubar' or its corresponding type declarations.
src/components/ui/navigation-menu.tsx(2,42): error TS2307: Cannot find module '@radix-ui/react-navigation-menu' or its corresponding type declarations.
src/components/ui/pagination.tsx(5,10): error TS2459: Module '"@/components/ui/button"' declares 'ButtonProps' locally, but it is not exported.
src/components/ui/pagination.tsx(5,23): error TS2305: Module '"@/components/ui/button"' has no exported member 'buttonVariants'.
src/components/ui/pagination.tsx(71,5): error TS2783: 'size' is specified more than once, so this usage will be overwritten.
src/components/ui/pagination.tsx(87,5): error TS2783: 'size' is specified more than once, so this usage will be overwritten.
src/components/ui/radio-group.tsx(2,38): error TS2307: Cannot find module '@radix-ui/react-radio-group' or its corresponding type declarations.
src/components/ui/resizable.tsx(4,37): error TS2307: Cannot find module 'react-resizable-panels' or its corresponding type declarations.
src/components/ui/sidebar.tsx(274,7): error TS2322: Type '{ children: Element[]; variant: "primary" | "secondary" | "danger" | "outline" | "ghost"; size: "sm" | "md" | "lg" | "icon"; disabled?: boolean | undefined; form?: string | undefined; ... 287 more ...; onClick: (event: MouseEvent<...>) => void; }' is not assignable to type 'IntrinsicAttributes & ButtonProps'.
  Property 'ref' does not exist on type 'IntrinsicAttributes & ButtonProps'.
src/components/ui/toggle-group.tsx(4,39): error TS2307: Cannot find module '@radix-ui/react-toggle-group' or its corresponding type declarations.
src/components/ui/toggle.tsx(2,34): error TS2307: Cannot find module '@radix-ui/react-toggle' or its corresponding type declarations.
src/data/quizzes/administracao-tributaria-quizzes.ts(1,10): error TS2305: Module '"@/lib/types"' has no exported member 'Quiz'.
src/data/quizzes/contabilidade-basica-quizzes.ts(1,10): error TS2305: Module '"@/lib/types"' has no exported member 'Quiz'.
src/data/quizzes/direito-tributario-quizzes.ts(1,10): error TS2305: Module '"@/lib/types"' has no exported member 'Quiz'.
src/lib/auth.ts(1,46): error TS2307: Cannot find module 'firebase-admin/app' or its corresponding type declarations.
src/lib/auth.ts(2,25): error TS2307: Cannot find module 'firebase-admin/auth' or its corresponding type declarations.
src/lib/auth.ts(3,28): error TS2307: Cannot find module 'firebase-admin/storage' or its corresponding type declarations.
src/lib/auth/temp-token.ts(1,17): error TS2307: Cannot find module 'jsonwebtoken' or its corresponding type declarations.
src/lib/db.ts(1,30): error TS2307: Cannot find module '@/generated/client' or its corresponding type declarations.
src/lib/firebase-client.ts(1,48): error TS2307: Cannot find module 'firebase/app' or its corresponding type declarations.
src/lib/firebase-client.ts(2,28): error TS2307: Cannot find module 'firebase/storage' or its corresponding type declarations.
src/lib/firebase-upload.ts(1,59): error TS2307: Cannot find module 'firebase/storage' or its corresponding type declarations.
src/lib/firebase-upload.ts(62,8): error TS7006: Parameter 'snapshot' implicitly has an 'any' type.
src/lib/firebase-upload.ts(74,8): error TS7006: Parameter 'error' implicitly has an 'any' type.
src/lib/hooks/useConfetti.ts(29,17): error TS2307: Cannot find module 'canvas-confetti' or its corresponding type declarations.
src/lib/hooks/useNotifications.ts(3,38): error TS2307: Cannot find module '@/components/providers/notification-provider' or its corresponding type declarations.
src/lib/services/auth-service.ts(1,30): error TS2307: Cannot find module '@/generated/client' or its corresponding type declarations.
src/lib/services/backup-service.ts(227,38): error TS7006: Parameter 'tx' implicitly has an 'any' type.
src/lib/services/backups.ts(31,23): error TS7006: Parameter 'job' implicitly has an 'any' type.
src/lib/services/backups.ts(71,37): error TS7006: Parameter 'log' implicitly has an 'any' type.
src/lib/services/cta.ts(25,24): error TS7006: Parameter 'popup' implicitly has an 'any' type.
src/lib/services/cta.ts(166,16): error TS7006: Parameter 'popup' implicitly has an 'any' type.
src/lib/services/cta.ts(179,13): error TS7006: Parameter 'popup' implicitly has an 'any' type.
