.next/types/validator.ts(25,44): error TS2344: Type 'Route' does not satisfy the constraint '"/"'.
  Type 'LayoutRoutes' is not assignable to type '"/"'.
    Type '"/admin"' is not assignable to type '"/"'.
.next/types/validator.ts(25,75): error TS2344: Type 'Route' does not satisfy the constraint '"/"'.
  Type 'LayoutRoutes' is not assignable to type '"/"'.
    Type '"/admin"' is not assignable to type '"/"'.
admin-template/app/(admin)/admin/api-docs/page.tsx(13,16): error TS2307: Cannot find module 'swagger-ui-react' or its corresponding type declarations.
admin-template/app/(admin)/admin/arquivos/page.tsx(1,32): error TS2307: Cannot find module '@/components/admin/files/files-page' or its corresponding type declarations.
admin-template/app/(admin)/admin/backups/actions.ts(4,40): error TS2307: Cannot find module 'next-safe-action' or its corresponding type declarations.
admin-template/app/(admin)/admin/backups/actions.ts(6,27): error TS2307: Cannot find module 'jose' or its corresponding type declarations.
admin-template/app/(admin)/admin/backups/actions.ts(8,20): error TS2307: Cannot find module '@/lib/prisma' or its corresponding type declarations.
admin-template/app/(admin)/admin/backups/actions.ts(9,46): error TS2307: Cannot find module '@/lib/services/backup.service' or its corresponding type declarations.
admin-template/app/(admin)/admin/backups/actions.ts(73,104): error TS7031: Binding element 'input' implicitly has an 'any' type.
admin-template/app/(admin)/admin/backups/actions.ts(118,95): error TS7031: Binding element 'input' implicitly has an 'any' type.
admin-template/app/(admin)/admin/backups/settings/actions/index.ts(4,20): error TS2307: Cannot find module '@/lib/prisma' or its corresponding type declarations.
admin-template/app/(admin)/admin/backups/settings/actions/index.ts(7,40): error TS2307: Cannot find module '@/lib/auth' or its corresponding type declarations.
admin-template/app/(admin)/admin/backups/settings/actions/index.ts(8,32): error TS2307: Cannot find module '@/types/actions' or its corresponding type declarations.
admin-template/app/(admin)/admin/backups/settings/actions/index.ts(9,29): error TS2307: Cannot find module '@/lib/server/logging' or its corresponding type declarations.
admin-template/app/(admin)/admin/backups/settings/actions/index.ts(10,38): error TS2307: Cannot find module '@/lib/services/notifications.service' or its corresponding type declarations.
admin-template/app/(admin)/admin/backups/settings/actions/index.ts(89,38): error TS7006: Parameter 'tx' implicitly has an 'any' type.
admin-template/app/(admin)/admin/backups/settings/components/backup-policy-form.tsx(84,5): error TS2322: Type 'Resolver<{ frequency: "daily" | "weekly" | "hourly" | "monthly"; hour: unknown; minute: unknown; retentionDays: unknown; maxBackups: unknown; target: "local" | "firebase"; isActive?: boolean | undefined; dayOfWeek?: unknown; dayOfMonth?: unknown; notifyOnFailure?: boolean | undefined; }, any, { ...; }>' is not assignable to type 'Resolver<{ isActive: boolean; frequency: "daily" | "weekly" | "hourly" | "monthly"; hour: number; minute: number; retentionDays: number; maxBackups: number; target: "local" | "firebase"; notifyOnFailure: boolean; dayOfWeek?: number | undefined; dayOfMonth?: number | undefined; }, any, { ...; }>'.
  Types of parameters 'options' and 'options' are incompatible.
    Type 'ResolverOptions<{ isActive: boolean; frequency: "daily" | "weekly" | "hourly" | "monthly"; hour: number; minute: number; retentionDays: number; maxBackups: number; target: "local" | "firebase"; notifyOnFailure: boolean; dayOfWeek?: number | undefined; dayOfMonth?: number | undefined; }>' is not assignable to type 'ResolverOptions<{ frequency: "daily" | "weekly" | "hourly" | "monthly"; hour: unknown; minute: unknown; retentionDays: unknown; maxBackups: unknown; target: "local" | "firebase"; isActive?: boolean | undefined; dayOfWeek?: unknown; dayOfMonth?: unknown; notifyOnFailure?: boolean | undefined; }>'.
      Type 'boolean | undefined' is not assignable to type 'boolean'.
        Type 'undefined' is not assignable to type 'boolean'.
admin-template/app/(admin)/admin/backups/settings/components/backup-policy-form.tsx(221,19): error TS2322: Type 'Control<{ isActive: boolean; frequency: "daily" | "weekly" | "hourly" | "monthly"; hour: number; minute: number; retentionDays: number; maxBackups: number; target: "local" | "firebase"; notifyOnFailure: boolean; dayOfWeek?: number | undefined; dayOfMonth?: number | undefined; }, any, TFieldValues>' is not assignable to type 'Control<{ isActive: boolean; frequency: "daily" | "weekly" | "hourly" | "monthly"; hour: number; minute: number; retentionDays: number; maxBackups: number; target: "local" | "firebase"; notifyOnFailure: boolean; dayOfWeek?: number | undefined; dayOfMonth?: number | undefined; }, any, { ...; }>'.
  The types of '_options.resolver' are incompatible between these types.
    Type 'Resolver<{ isActive: boolean; frequency: "daily" | "weekly" | "hourly" | "monthly"; hour: number; minute: number; retentionDays: number; maxBackups: number; target: "local" | "firebase"; notifyOnFailure: boolean; dayOfWeek?: number | undefined; dayOfMonth?: number | undefined; }, any, TFieldValues> | undefined' is not assignable to type 'Resolver<{ isActive: boolean; frequency: "daily" | "weekly" | "hourly" | "monthly"; hour: number; minute: number; retentionDays: number; maxBackups: number; target: "local" | "firebase"; notifyOnFailure: boolean; dayOfWeek?: number | undefined; dayOfMonth?: number | undefined; }, any, { ...; }> | undefined'.
      Type 'Resolver<{ isActive: boolean; frequency: "daily" | "weekly" | "hourly" | "monthly"; hour: number; minute: number; retentionDays: number; maxBackups: number; target: "local" | "firebase"; notifyOnFailure: boolean; dayOfWeek?: number | undefined; dayOfMonth?: number | undefined; }, any, TFieldValues>' is not assignable to type 'Resolver<{ isActive: boolean; frequency: "daily" | "weekly" | "hourly" | "monthly"; hour: number; minute: number; retentionDays: number; maxBackups: number; target: "local" | "firebase"; notifyOnFailure: boolean; dayOfWeek?: number | undefined; dayOfMonth?: number | undefined; }, any, { ...; }>'.
        Type 'ResolverResult<{ isActive: boolean; frequency: "daily" | "weekly" | "hourly" | "monthly"; hour: number; minute: number; retentionDays: number; maxBackups: number; target: "local" | "firebase"; notifyOnFailure: boolean; dayOfWeek?: number | undefined; dayOfMonth?: number | undefined; }, TFieldValues> | Promise<...>' is not assignable to type 'ResolverResult<{ isActive: boolean; frequency: "daily" | "weekly" | "hourly" | "monthly"; hour: number; minute: number; retentionDays: number; maxBackups: number; target: "local" | "firebase"; notifyOnFailure: boolean; dayOfWeek?: number | undefined; dayOfMonth?: number | undefined; }, { ...; }> | Promise<...>'.
          Type 'ResolverSuccess<TFieldValues>' is not assignable to type 'ResolverResult<{ isActive: boolean; frequency: "daily" | "weekly" | "hourly" | "monthly"; hour: number; minute: number; retentionDays: number; maxBackups: number; target: "local" | "firebase"; notifyOnFailure: boolean; dayOfWeek?: number | undefined; dayOfMonth?: number | undefined; }, { ...; }> | Promise<...>'.
            Type 'ResolverSuccess<TFieldValues>' is not assignable to type 'ResolverSuccess<{ isActive: boolean; frequency: "daily" | "weekly" | "hourly" | "monthly"; hour: number; minute: number; retentionDays: number; maxBackups: number; target: "local" | "firebase"; notifyOnFailure: boolean; dayOfWeek?: number | undefined; dayOfMonth?: number | undefined; }>'.
              Type 'TFieldValues' is not assignable to type '{ isActive: boolean; frequency: "daily" | "weekly" | "hourly" | "monthly"; hour: number; minute: number; retentionDays: number; maxBackups: number; target: "local" | "firebase"; notifyOnFailure: boolean; dayOfWeek?: number | undefined; dayOfMonth?: number | undefined; }'.
                Type 'FieldValues' is missing the following properties from type '{ isActive: boolean; frequency: "daily" | "weekly" | "hourly" | "monthly"; hour: number; minute: number; retentionDays: number; maxBackups: number; target: "local" | "firebase"; notifyOnFailure: boolean; dayOfWeek?: number | undefined; dayOfMonth?: number | undefined; }': isActive, frequency, hour, minute, and 4 more.
admin-template/app/(admin)/admin/backups/settings/components/backup-policy-form.tsx(250,19): error TS2322: Type 'Control<{ isActive: boolean; frequency: "daily" | "weekly" | "hourly" | "monthly"; hour: number; minute: number; retentionDays: number; maxBackups: number; target: "local" | "firebase"; notifyOnFailure: boolean; dayOfWeek?: number | undefined; dayOfMonth?: number | undefined; }, any, TFieldValues>' is not assignable to type 'Control<{ isActive: boolean; frequency: "daily" | "weekly" | "hourly" | "monthly"; hour: number; minute: number; retentionDays: number; maxBackups: number; target: "local" | "firebase"; notifyOnFailure: boolean; dayOfWeek?: number | undefined; dayOfMonth?: number | undefined; }, any, { ...; }>'.
  The types of '_options.resolver' are incompatible between these types.
    Type 'Resolver<{ isActive: boolean; frequency: "daily" | "weekly" | "hourly" | "monthly"; hour: number; minute: number; retentionDays: number; maxBackups: number; target: "local" | "firebase"; notifyOnFailure: boolean; dayOfWeek?: number | undefined; dayOfMonth?: number | undefined; }, any, TFieldValues> | undefined' is not assignable to type 'Resolver<{ isActive: boolean; frequency: "daily" | "weekly" | "hourly" | "monthly"; hour: number; minute: number; retentionDays: number; maxBackups: number; target: "local" | "firebase"; notifyOnFailure: boolean; dayOfWeek?: number | undefined; dayOfMonth?: number | undefined; }, any, { ...; }> | undefined'.
      Type 'Resolver<{ isActive: boolean; frequency: "daily" | "weekly" | "hourly" | "monthly"; hour: number; minute: number; retentionDays: number; maxBackups: number; target: "local" | "firebase"; notifyOnFailure: boolean; dayOfWeek?: number | undefined; dayOfMonth?: number | undefined; }, any, TFieldValues>' is not assignable to type 'Resolver<{ isActive: boolean; frequency: "daily" | "weekly" | "hourly" | "monthly"; hour: number; minute: number; retentionDays: number; maxBackups: number; target: "local" | "firebase"; notifyOnFailure: boolean; dayOfWeek?: number | undefined; dayOfMonth?: number | undefined; }, any, { ...; }>'.
        Type 'ResolverResult<{ isActive: boolean; frequency: "daily" | "weekly" | "hourly" | "monthly"; hour: number; minute: number; retentionDays: number; maxBackups: number; target: "local" | "firebase"; notifyOnFailure: boolean; dayOfWeek?: number | undefined; dayOfMonth?: number | undefined; }, TFieldValues> | Promise<...>' is not assignable to type 'ResolverResult<{ isActive: boolean; frequency: "daily" | "weekly" | "hourly" | "monthly"; hour: number; minute: number; retentionDays: number; maxBackups: number; target: "local" | "firebase"; notifyOnFailure: boolean; dayOfWeek?: number | undefined; dayOfMonth?: number | undefined; }, { ...; }> | Promise<...>'.
          Type 'ResolverSuccess<TFieldValues>' is not assignable to type 'ResolverResult<{ isActive: boolean; frequency: "daily" | "weekly" | "hourly" | "monthly"; hour: number; minute: number; retentionDays: number; maxBackups: number; target: "local" | "firebase"; notifyOnFailure: boolean; dayOfWeek?: number | undefined; dayOfMonth?: number | undefined; }, { ...; }> | Promise<...>'.
            Type 'ResolverSuccess<TFieldValues>' is not assignable to type 'ResolverSuccess<{ isActive: boolean; frequency: "daily" | "weekly" | "hourly" | "monthly"; hour: number; minute: number; retentionDays: number; maxBackups: number; target: "local" | "firebase"; notifyOnFailure: boolean; dayOfWeek?: number | undefined; dayOfMonth?: number | undefined; }>'.
              Type 'TFieldValues' is not assignable to type '{ isActive: boolean; frequency: "daily" | "weekly" | "hourly" | "monthly"; hour: number; minute: number; retentionDays: number; maxBackups: number; target: "local" | "firebase"; notifyOnFailure: boolean; dayOfWeek?: number | undefined; dayOfMonth?: number | undefined; }'.
                Type 'FieldValues' is missing the following properties from type '{ isActive: boolean; frequency: "daily" | "weekly" | "hourly" | "monthly"; hour: number; minute: number; retentionDays: number; maxBackups: number; target: "local" | "firebase"; notifyOnFailure: boolean; dayOfWeek?: number | undefined; dayOfMonth?: number | undefined; }': isActive, frequency, hour, minute, and 4 more.
admin-template/app/(admin)/admin/backups/settings/components/backup-policy-form.tsx(281,21): error TS2322: Type 'Control<{ isActive: boolean; frequency: "daily" | "weekly" | "hourly" | "monthly"; hour: number; minute: number; retentionDays: number; maxBackups: number; target: "local" | "firebase"; notifyOnFailure: boolean; dayOfWeek?: number | undefined; dayOfMonth?: number | undefined; }, any, TFieldValues>' is not assignable to type 'Control<{ isActive: boolean; frequency: "daily" | "weekly" | "hourly" | "monthly"; hour: number; minute: number; retentionDays: number; maxBackups: number; target: "local" | "firebase"; notifyOnFailure: boolean; dayOfWeek?: number | undefined; dayOfMonth?: number | undefined; }, any, { ...; }>'.
  The types of '_options.resolver' are incompatible between these types.
    Type 'Resolver<{ isActive: boolean; frequency: "daily" | "weekly" | "hourly" | "monthly"; hour: number; minute: number; retentionDays: number; maxBackups: number; target: "local" | "firebase"; notifyOnFailure: boolean; dayOfWeek?: number | undefined; dayOfMonth?: number | undefined; }, any, TFieldValues> | undefined' is not assignable to type 'Resolver<{ isActive: boolean; frequency: "daily" | "weekly" | "hourly" | "monthly"; hour: number; minute: number; retentionDays: number; maxBackups: number; target: "local" | "firebase"; notifyOnFailure: boolean; dayOfWeek?: number | undefined; dayOfMonth?: number | undefined; }, any, { ...; }> | undefined'.
      Type 'Resolver<{ isActive: boolean; frequency: "daily" | "weekly" | "hourly" | "monthly"; hour: number; minute: number; retentionDays: number; maxBackups: number; target: "local" | "firebase"; notifyOnFailure: boolean; dayOfWeek?: number | undefined; dayOfMonth?: number | undefined; }, any, TFieldValues>' is not assignable to type 'Resolver<{ isActive: boolean; frequency: "daily" | "weekly" | "hourly" | "monthly"; hour: number; minute: number; retentionDays: number; maxBackups: number; target: "local" | "firebase"; notifyOnFailure: boolean; dayOfWeek?: number | undefined; dayOfMonth?: number | undefined; }, any, { ...; }>'.
        Type 'ResolverResult<{ isActive: boolean; frequency: "daily" | "weekly" | "hourly" | "monthly"; hour: number; minute: number; retentionDays: number; maxBackups: number; target: "local" | "firebase"; notifyOnFailure: boolean; dayOfWeek?: number | undefined; dayOfMonth?: number | undefined; }, TFieldValues> | Promise<...>' is not assignable to type 'ResolverResult<{ isActive: boolean; frequency: "daily" | "weekly" | "hourly" | "monthly"; hour: number; minute: number; retentionDays: number; maxBackups: number; target: "local" | "firebase"; notifyOnFailure: boolean; dayOfWeek?: number | undefined; dayOfMonth?: number | undefined; }, { ...; }> | Promise<...>'.
          Type 'ResolverSuccess<TFieldValues>' is not assignable to type 'ResolverResult<{ isActive: boolean; frequency: "daily" | "weekly" | "hourly" | "monthly"; hour: number; minute: number; retentionDays: number; maxBackups: number; target: "local" | "firebase"; notifyOnFailure: boolean; dayOfWeek?: number | undefined; dayOfMonth?: number | undefined; }, { ...; }> | Promise<...>'.
            Type 'ResolverSuccess<TFieldValues>' is not assignable to type 'ResolverSuccess<{ isActive: boolean; frequency: "daily" | "weekly" | "hourly" | "monthly"; hour: number; minute: number; retentionDays: number; maxBackups: number; target: "local" | "firebase"; notifyOnFailure: boolean; dayOfWeek?: number | undefined; dayOfMonth?: number | undefined; }>'.
              Type 'TFieldValues' is not assignable to type '{ isActive: boolean; frequency: "daily" | "weekly" | "hourly" | "monthly"; hour: number; minute: number; retentionDays: number; maxBackups: number; target: "local" | "firebase"; notifyOnFailure: boolean; dayOfWeek?: number | undefined; dayOfMonth?: number | undefined; }'.
                Type 'FieldValues' is missing the following properties from type '{ isActive: boolean; frequency: "daily" | "weekly" | "hourly" | "monthly"; hour: number; minute: number; retentionDays: number; maxBackups: number; target: "local" | "firebase"; notifyOnFailure: boolean; dayOfWeek?: number | undefined; dayOfMonth?: number | undefined; }': isActive, frequency, hour, minute, and 4 more.
admin-template/app/(admin)/admin/backups/settings/components/backup-policy-form.tsx(314,21): error TS2322: Type 'Control<{ isActive: boolean; frequency: "daily" | "weekly" | "hourly" | "monthly"; hour: number; minute: number; retentionDays: number; maxBackups: number; target: "local" | "firebase"; notifyOnFailure: boolean; dayOfWeek?: number | undefined; dayOfMonth?: number | undefined; }, any, TFieldValues>' is not assignable to type 'Control<{ isActive: boolean; frequency: "daily" | "weekly" | "hourly" | "monthly"; hour: number; minute: number; retentionDays: number; maxBackups: number; target: "local" | "firebase"; notifyOnFailure: boolean; dayOfWeek?: number | undefined; dayOfMonth?: number | undefined; }, any, { ...; }>'.
  The types of '_options.resolver' are incompatible between these types.
    Type 'Resolver<{ isActive: boolean; frequency: "daily" | "weekly" | "hourly" | "monthly"; hour: number; minute: number; retentionDays: number; maxBackups: number; target: "local" | "firebase"; notifyOnFailure: boolean; dayOfWeek?: number | undefined; dayOfMonth?: number | undefined; }, any, TFieldValues> | undefined' is not assignable to type 'Resolver<{ isActive: boolean; frequency: "daily" | "weekly" | "hourly" | "monthly"; hour: number; minute: number; retentionDays: number; maxBackups: number; target: "local" | "firebase"; notifyOnFailure: boolean; dayOfWeek?: number | undefined; dayOfMonth?: number | undefined; }, any, { ...; }> | undefined'.
      Type 'Resolver<{ isActive: boolean; frequency: "daily" | "weekly" | "hourly" | "monthly"; hour: number; minute: number; retentionDays: number; maxBackups: number; target: "local" | "firebase"; notifyOnFailure: boolean; dayOfWeek?: number | undefined; dayOfMonth?: number | undefined; }, any, TFieldValues>' is not assignable to type 'Resolver<{ isActive: boolean; frequency: "daily" | "weekly" | "hourly" | "monthly"; hour: number; minute: number; retentionDays: number; maxBackups: number; target: "local" | "firebase"; notifyOnFailure: boolean; dayOfWeek?: number | undefined; dayOfMonth?: number | undefined; }, any, { ...; }>'.
        Type 'ResolverResult<{ isActive: boolean; frequency: "daily" | "weekly" | "hourly" | "monthly"; hour: number; minute: number; retentionDays: number; maxBackups: number; target: "local" | "firebase"; notifyOnFailure: boolean; dayOfWeek?: number | undefined; dayOfMonth?: number | undefined; }, TFieldValues> | Promise<...>' is not assignable to type 'ResolverResult<{ isActive: boolean; frequency: "daily" | "weekly" | "hourly" | "monthly"; hour: number; minute: number; retentionDays: number; maxBackups: number; target: "local" | "firebase"; notifyOnFailure: boolean; dayOfWeek?: number | undefined; dayOfMonth?: number | undefined; }, { ...; }> | Promise<...>'.
          Type 'ResolverSuccess<TFieldValues>' is not assignable to type 'ResolverResult<{ isActive: boolean; frequency: "daily" | "weekly" | "hourly" | "monthly"; hour: number; minute: number; retentionDays: number; maxBackups: number; target: "local" | "firebase"; notifyOnFailure: boolean; dayOfWeek?: number | undefined; dayOfMonth?: number | undefined; }, { ...; }> | Promise<...>'.
            Type 'ResolverSuccess<TFieldValues>' is not assignable to type 'ResolverSuccess<{ isActive: boolean; frequency: "daily" | "weekly" | "hourly" | "monthly"; hour: number; minute: number; retentionDays: number; maxBackups: number; target: "local" | "firebase"; notifyOnFailure: boolean; dayOfWeek?: number | undefined; dayOfMonth?: number | undefined; }>'.
              Type 'TFieldValues' is not assignable to type '{ isActive: boolean; frequency: "daily" | "weekly" | "hourly" | "monthly"; hour: number; minute: number; retentionDays: number; maxBackups: number; target: "local" | "firebase"; notifyOnFailure: boolean; dayOfWeek?: number | undefined; dayOfMonth?: number | undefined; }'.
                Type 'FieldValues' is missing the following properties from type '{ isActive: boolean; frequency: "daily" | "weekly" | "hourly" | "monthly"; hour: number; minute: number; retentionDays: number; maxBackups: number; target: "local" | "firebase"; notifyOnFailure: boolean; dayOfWeek?: number | undefined; dayOfMonth?: number | undefined; }': isActive, frequency, hour, minute, and 4 more.
admin-template/app/(admin)/admin/backups/settings/components/backup-policy-form.tsx(327,19): error TS2322: Type 'Control<{ isActive: boolean; frequency: "daily" | "weekly" | "hourly" | "monthly"; hour: number; minute: number; retentionDays: number; maxBackups: number; target: "local" | "firebase"; notifyOnFailure: boolean; dayOfWeek?: number | undefined; dayOfMonth?: number | undefined; }, any, TFieldValues>' is not assignable to type 'Control<{ isActive: boolean; frequency: "daily" | "weekly" | "hourly" | "monthly"; hour: number; minute: number; retentionDays: number; maxBackups: number; target: "local" | "firebase"; notifyOnFailure: boolean; dayOfWeek?: number | undefined; dayOfMonth?: number | undefined; }, any, { ...; }>'.
  The types of '_options.resolver' are incompatible between these types.
    Type 'Resolver<{ isActive: boolean; frequency: "daily" | "weekly" | "hourly" | "monthly"; hour: number; minute: number; retentionDays: number; maxBackups: number; target: "local" | "firebase"; notifyOnFailure: boolean; dayOfWeek?: number | undefined; dayOfMonth?: number | undefined; }, any, TFieldValues> | undefined' is not assignable to type 'Resolver<{ isActive: boolean; frequency: "daily" | "weekly" | "hourly" | "monthly"; hour: number; minute: number; retentionDays: number; maxBackups: number; target: "local" | "firebase"; notifyOnFailure: boolean; dayOfWeek?: number | undefined; dayOfMonth?: number | undefined; }, any, { ...; }> | undefined'.
      Type 'Resolver<{ isActive: boolean; frequency: "daily" | "weekly" | "hourly" | "monthly"; hour: number; minute: number; retentionDays: number; maxBackups: number; target: "local" | "firebase"; notifyOnFailure: boolean; dayOfWeek?: number | undefined; dayOfMonth?: number | undefined; }, any, TFieldValues>' is not assignable to type 'Resolver<{ isActive: boolean; frequency: "daily" | "weekly" | "hourly" | "monthly"; hour: number; minute: number; retentionDays: number; maxBackups: number; target: "local" | "firebase"; notifyOnFailure: boolean; dayOfWeek?: number | undefined; dayOfMonth?: number | undefined; }, any, { ...; }>'.
        Type 'ResolverResult<{ isActive: boolean; frequency: "daily" | "weekly" | "hourly" | "monthly"; hour: number; minute: number; retentionDays: number; maxBackups: number; target: "local" | "firebase"; notifyOnFailure: boolean; dayOfWeek?: number | undefined; dayOfMonth?: number | undefined; }, TFieldValues> | Promise<...>' is not assignable to type 'ResolverResult<{ isActive: boolean; frequency: "daily" | "weekly" | "hourly" | "monthly"; hour: number; minute: number; retentionDays: number; maxBackups: number; target: "local" | "firebase"; notifyOnFailure: boolean; dayOfWeek?: number | undefined; dayOfMonth?: number | undefined; }, { ...; }> | Promise<...>'.
          Type 'ResolverSuccess<TFieldValues>' is not assignable to type 'ResolverResult<{ isActive: boolean; frequency: "daily" | "weekly" | "hourly" | "monthly"; hour: number; minute: number; retentionDays: number; maxBackups: number; target: "local" | "firebase"; notifyOnFailure: boolean; dayOfWeek?: number | undefined; dayOfMonth?: number | undefined; }, { ...; }> | Promise<...>'.
            Type 'ResolverSuccess<TFieldValues>' is not assignable to type 'ResolverSuccess<{ isActive: boolean; frequency: "daily" | "weekly" | "hourly" | "monthly"; hour: number; minute: number; retentionDays: number; maxBackups: number; target: "local" | "firebase"; notifyOnFailure: boolean; dayOfWeek?: number | undefined; dayOfMonth?: number | undefined; }>'.
              Type 'TFieldValues' is not assignable to type '{ isActive: boolean; frequency: "daily" | "weekly" | "hourly" | "monthly"; hour: number; minute: number; retentionDays: number; maxBackups: number; target: "local" | "firebase"; notifyOnFailure: boolean; dayOfWeek?: number | undefined; dayOfMonth?: number | undefined; }'.
                Type 'FieldValues' is missing the following properties from type '{ isActive: boolean; frequency: "daily" | "weekly" | "hourly" | "monthly"; hour: number; minute: number; retentionDays: number; maxBackups: number; target: "local" | "firebase"; notifyOnFailure: boolean; dayOfWeek?: number | undefined; dayOfMonth?: number | undefined; }': isActive, frequency, hour, minute, and 4 more.
admin-template/app/(admin)/admin/backups/settings/components/backup-policy-form.tsx(339,19): error TS2322: Type 'Control<{ isActive: boolean; frequency: "daily" | "weekly" | "hourly" | "monthly"; hour: number; minute: number; retentionDays: number; maxBackups: number; target: "local" | "firebase"; notifyOnFailure: boolean; dayOfWeek?: number | undefined; dayOfMonth?: number | undefined; }, any, TFieldValues>' is not assignable to type 'Control<{ isActive: boolean; frequency: "daily" | "weekly" | "hourly" | "monthly"; hour: number; minute: number; retentionDays: number; maxBackups: number; target: "local" | "firebase"; notifyOnFailure: boolean; dayOfWeek?: number | undefined; dayOfMonth?: number | undefined; }, any, { ...; }>'.
  The types of '_options.resolver' are incompatible between these types.
    Type 'Resolver<{ isActive: boolean; frequency: "daily" | "weekly" | "hourly" | "monthly"; hour: number; minute: number; retentionDays: number; maxBackups: number; target: "local" | "firebase"; notifyOnFailure: boolean; dayOfWeek?: number | undefined; dayOfMonth?: number | undefined; }, any, TFieldValues> | undefined' is not assignable to type 'Resolver<{ isActive: boolean; frequency: "daily" | "weekly" | "hourly" | "monthly"; hour: number; minute: number; retentionDays: number; maxBackups: number; target: "local" | "firebase"; notifyOnFailure: boolean; dayOfWeek?: number | undefined; dayOfMonth?: number | undefined; }, any, { ...; }> | undefined'.
      Type 'Resolver<{ isActive: boolean; frequency: "daily" | "weekly" | "hourly" | "monthly"; hour: number; minute: number; retentionDays: number; maxBackups: number; target: "local" | "firebase"; notifyOnFailure: boolean; dayOfWeek?: number | undefined; dayOfMonth?: number | undefined; }, any, TFieldValues>' is not assignable to type 'Resolver<{ isActive: boolean; frequency: "daily" | "weekly" | "hourly" | "monthly"; hour: number; minute: number; retentionDays: number; maxBackups: number; target: "local" | "firebase"; notifyOnFailure: boolean; dayOfWeek?: number | undefined; dayOfMonth?: number | undefined; }, any, { ...; }>'.
        Type 'ResolverResult<{ isActive: boolean; frequency: "daily" | "weekly" | "hourly" | "monthly"; hour: number; minute: number; retentionDays: number; maxBackups: number; target: "local" | "firebase"; notifyOnFailure: boolean; dayOfWeek?: number | undefined; dayOfMonth?: number | undefined; }, TFieldValues> | Promise<...>' is not assignable to type 'ResolverResult<{ isActive: boolean; frequency: "daily" | "weekly" | "hourly" | "monthly"; hour: number; minute: number; retentionDays: number; maxBackups: number; target: "local" | "firebase"; notifyOnFailure: boolean; dayOfWeek?: number | undefined; dayOfMonth?: number | undefined; }, { ...; }> | Promise<...>'.
          Type 'ResolverSuccess<TFieldValues>' is not assignable to type 'ResolverResult<{ isActive: boolean; frequency: "daily" | "weekly" | "hourly" | "monthly"; hour: number; minute: number; retentionDays: number; maxBackups: number; target: "local" | "firebase"; notifyOnFailure: boolean; dayOfWeek?: number | undefined; dayOfMonth?: number | undefined; }, { ...; }> | Promise<...>'.
            Type 'ResolverSuccess<TFieldValues>' is not assignable to type 'ResolverSuccess<{ isActive: boolean; frequency: "daily" | "weekly" | "hourly" | "monthly"; hour: number; minute: number; retentionDays: number; maxBackups: number; target: "local" | "firebase"; notifyOnFailure: boolean; dayOfWeek?: number | undefined; dayOfMonth?: number | undefined; }>'.
              Type 'TFieldValues' is not assignable to type '{ isActive: boolean; frequency: "daily" | "weekly" | "hourly" | "monthly"; hour: number; minute: number; retentionDays: number; maxBackups: number; target: "local" | "firebase"; notifyOnFailure: boolean; dayOfWeek?: number | undefined; dayOfMonth?: number | undefined; }'.
                Type 'FieldValues' is missing the following properties from type '{ isActive: boolean; frequency: "daily" | "weekly" | "hourly" | "monthly"; hour: number; minute: number; retentionDays: number; maxBackups: number; target: "local" | "firebase"; notifyOnFailure: boolean; dayOfWeek?: number | undefined; dayOfMonth?: number | undefined; }': isActive, frequency, hour, minute, and 4 more.
admin-template/app/(admin)/admin/backups/settings/components/backup-policy-form.tsx(354,43): error TS2345: Argument of type '(data: BackupPolicyFormValues) => Promise<void>' is not assignable to parameter of type 'SubmitHandler<TFieldValues>'.
  Types of parameters 'data' and 'data' are incompatible.
    Type 'TFieldValues' is not assignable to type '{ isActive: boolean; frequency: "daily" | "weekly" | "hourly" | "monthly"; hour: number; minute: number; retentionDays: number; maxBackups: number; target: "local" | "firebase"; notifyOnFailure: boolean; dayOfWeek?: number | undefined; dayOfMonth?: number | undefined; }'.
      Type 'FieldValues' is missing the following properties from type '{ isActive: boolean; frequency: "daily" | "weekly" | "hourly" | "monthly"; hour: number; minute: number; retentionDays: number; maxBackups: number; target: "local" | "firebase"; notifyOnFailure: boolean; dayOfWeek?: number | undefined; dayOfMonth?: number | undefined; }': isActive, frequency, hour, minute, and 4 more.
admin-template/app/(admin)/admin/backups/settings/components/backup-policy-form.tsx(367,21): error TS2322: Type 'Control<{ isActive: boolean; frequency: "daily" | "weekly" | "hourly" | "monthly"; hour: number; minute: number; retentionDays: number; maxBackups: number; target: "local" | "firebase"; notifyOnFailure: boolean; dayOfWeek?: number | undefined; dayOfMonth?: number | undefined; }, any, TFieldValues>' is not assignable to type 'Control<{ isActive: boolean; frequency: "daily" | "weekly" | "hourly" | "monthly"; hour: number; minute: number; retentionDays: number; maxBackups: number; target: "local" | "firebase"; notifyOnFailure: boolean; dayOfWeek?: number | undefined; dayOfMonth?: number | undefined; }, any, { ...; }>'.
  The types of '_options.resolver' are incompatible between these types.
    Type 'Resolver<{ isActive: boolean; frequency: "daily" | "weekly" | "hourly" | "monthly"; hour: number; minute: number; retentionDays: number; maxBackups: number; target: "local" | "firebase"; notifyOnFailure: boolean; dayOfWeek?: number | undefined; dayOfMonth?: number | undefined; }, any, TFieldValues> | undefined' is not assignable to type 'Resolver<{ isActive: boolean; frequency: "daily" | "weekly" | "hourly" | "monthly"; hour: number; minute: number; retentionDays: number; maxBackups: number; target: "local" | "firebase"; notifyOnFailure: boolean; dayOfWeek?: number | undefined; dayOfMonth?: number | undefined; }, any, { ...; }> | undefined'.
      Type 'Resolver<{ isActive: boolean; frequency: "daily" | "weekly" | "hourly" | "monthly"; hour: number; minute: number; retentionDays: number; maxBackups: number; target: "local" | "firebase"; notifyOnFailure: boolean; dayOfWeek?: number | undefined; dayOfMonth?: number | undefined; }, any, TFieldValues>' is not assignable to type 'Resolver<{ isActive: boolean; frequency: "daily" | "weekly" | "hourly" | "monthly"; hour: number; minute: number; retentionDays: number; maxBackups: number; target: "local" | "firebase"; notifyOnFailure: boolean; dayOfWeek?: number | undefined; dayOfMonth?: number | undefined; }, any, { ...; }>'.
        Type 'ResolverResult<{ isActive: boolean; frequency: "daily" | "weekly" | "hourly" | "monthly"; hour: number; minute: number; retentionDays: number; maxBackups: number; target: "local" | "firebase"; notifyOnFailure: boolean; dayOfWeek?: number | undefined; dayOfMonth?: number | undefined; }, TFieldValues> | Promise<...>' is not assignable to type 'ResolverResult<{ isActive: boolean; frequency: "daily" | "weekly" | "hourly" | "monthly"; hour: number; minute: number; retentionDays: number; maxBackups: number; target: "local" | "firebase"; notifyOnFailure: boolean; dayOfWeek?: number | undefined; dayOfMonth?: number | undefined; }, { ...; }> | Promise<...>'.
          Type 'ResolverSuccess<TFieldValues>' is not assignable to type 'ResolverResult<{ isActive: boolean; frequency: "daily" | "weekly" | "hourly" | "monthly"; hour: number; minute: number; retentionDays: number; maxBackups: number; target: "local" | "firebase"; notifyOnFailure: boolean; dayOfWeek?: number | undefined; dayOfMonth?: number | undefined; }, { ...; }> | Promise<...>'.
            Type 'ResolverSuccess<TFieldValues>' is not assignable to type 'ResolverSuccess<{ isActive: boolean; frequency: "daily" | "weekly" | "hourly" | "monthly"; hour: number; minute: number; retentionDays: number; maxBackups: number; target: "local" | "firebase"; notifyOnFailure: boolean; dayOfWeek?: number | undefined; dayOfMonth?: number | undefined; }>'.
              Type 'TFieldValues' is not assignable to type '{ isActive: boolean; frequency: "daily" | "weekly" | "hourly" | "monthly"; hour: number; minute: number; retentionDays: number; maxBackups: number; target: "local" | "firebase"; notifyOnFailure: boolean; dayOfWeek?: number | undefined; dayOfMonth?: number | undefined; }'.
                Type 'FieldValues' is missing the following properties from type '{ isActive: boolean; frequency: "daily" | "weekly" | "hourly" | "monthly"; hour: number; minute: number; retentionDays: number; maxBackups: number; target: "local" | "firebase"; notifyOnFailure: boolean; dayOfWeek?: number | undefined; dayOfMonth?: number | undefined; }': isActive, frequency, hour, minute, and 4 more.
admin-template/app/(admin)/admin/backups/settings/components/backup-policy-form.tsx(382,21): error TS2322: Type 'Control<{ isActive: boolean; frequency: "daily" | "weekly" | "hourly" | "monthly"; hour: number; minute: number; retentionDays: number; maxBackups: number; target: "local" | "firebase"; notifyOnFailure: boolean; dayOfWeek?: number | undefined; dayOfMonth?: number | undefined; }, any, TFieldValues>' is not assignable to type 'Control<{ isActive: boolean; frequency: "daily" | "weekly" | "hourly" | "monthly"; hour: number; minute: number; retentionDays: number; maxBackups: number; target: "local" | "firebase"; notifyOnFailure: boolean; dayOfWeek?: number | undefined; dayOfMonth?: number | undefined; }, any, { ...; }>'.
  The types of '_options.resolver' are incompatible between these types.
    Type 'Resolver<{ isActive: boolean; frequency: "daily" | "weekly" | "hourly" | "monthly"; hour: number; minute: number; retentionDays: number; maxBackups: number; target: "local" | "firebase"; notifyOnFailure: boolean; dayOfWeek?: number | undefined; dayOfMonth?: number | undefined; }, any, TFieldValues> | undefined' is not assignable to type 'Resolver<{ isActive: boolean; frequency: "daily" | "weekly" | "hourly" | "monthly"; hour: number; minute: number; retentionDays: number; maxBackups: number; target: "local" | "firebase"; notifyOnFailure: boolean; dayOfWeek?: number | undefined; dayOfMonth?: number | undefined; }, any, { ...; }> | undefined'.
      Type 'Resolver<{ isActive: boolean; frequency: "daily" | "weekly" | "hourly" | "monthly"; hour: number; minute: number; retentionDays: number; maxBackups: number; target: "local" | "firebase"; notifyOnFailure: boolean; dayOfWeek?: number | undefined; dayOfMonth?: number | undefined; }, any, TFieldValues>' is not assignable to type 'Resolver<{ isActive: boolean; frequency: "daily" | "weekly" | "hourly" | "monthly"; hour: number; minute: number; retentionDays: number; maxBackups: number; target: "local" | "firebase"; notifyOnFailure: boolean; dayOfWeek?: number | undefined; dayOfMonth?: number | undefined; }, any, { ...; }>'.
        Type 'ResolverResult<{ isActive: boolean; frequency: "daily" | "weekly" | "hourly" | "monthly"; hour: number; minute: number; retentionDays: number; maxBackups: number; target: "local" | "firebase"; notifyOnFailure: boolean; dayOfWeek?: number | undefined; dayOfMonth?: number | undefined; }, TFieldValues> | Promise<...>' is not assignable to type 'ResolverResult<{ isActive: boolean; frequency: "daily" | "weekly" | "hourly" | "monthly"; hour: number; minute: number; retentionDays: number; maxBackups: number; target: "local" | "firebase"; notifyOnFailure: boolean; dayOfWeek?: number | undefined; dayOfMonth?: number | undefined; }, { ...; }> | Promise<...>'.
          Type 'ResolverSuccess<TFieldValues>' is not assignable to type 'ResolverResult<{ isActive: boolean; frequency: "daily" | "weekly" | "hourly" | "monthly"; hour: number; minute: number; retentionDays: number; maxBackups: number; target: "local" | "firebase"; notifyOnFailure: boolean; dayOfWeek?: number | undefined; dayOfMonth?: number | undefined; }, { ...; }> | Promise<...>'.
            Type 'ResolverSuccess<TFieldValues>' is not assignable to type 'ResolverSuccess<{ isActive: boolean; frequency: "daily" | "weekly" | "hourly" | "monthly"; hour: number; minute: number; retentionDays: number; maxBackups: number; target: "local" | "firebase"; notifyOnFailure: boolean; dayOfWeek?: number | undefined; dayOfMonth?: number | undefined; }>'.
              Type 'TFieldValues' is not assignable to type '{ isActive: boolean; frequency: "daily" | "weekly" | "hourly" | "monthly"; hour: number; minute: number; retentionDays: number; maxBackups: number; target: "local" | "firebase"; notifyOnFailure: boolean; dayOfWeek?: number | undefined; dayOfMonth?: number | undefined; }'.
                Type 'FieldValues' is missing the following properties from type '{ isActive: boolean; frequency: "daily" | "weekly" | "hourly" | "monthly"; hour: number; minute: number; retentionDays: number; maxBackups: number; target: "local" | "firebase"; notifyOnFailure: boolean; dayOfWeek?: number | undefined; dayOfMonth?: number | undefined; }': isActive, frequency, hour, minute, and 4 more.
admin-template/app/(admin)/admin/backups/settings/components/backup-policy-form.tsx(410,19): error TS2322: Type 'Control<{ isActive: boolean; frequency: "daily" | "weekly" | "hourly" | "monthly"; hour: number; minute: number; retentionDays: number; maxBackups: number; target: "local" | "firebase"; notifyOnFailure: boolean; dayOfWeek?: number | undefined; dayOfMonth?: number | undefined; }, any, TFieldValues>' is not assignable to type 'Control<{ isActive: boolean; frequency: "daily" | "weekly" | "hourly" | "monthly"; hour: number; minute: number; retentionDays: number; maxBackups: number; target: "local" | "firebase"; notifyOnFailure: boolean; dayOfWeek?: number | undefined; dayOfMonth?: number | undefined; }, any, { ...; }>'.
  The types of '_options.resolver' are incompatible between these types.
    Type 'Resolver<{ isActive: boolean; frequency: "daily" | "weekly" | "hourly" | "monthly"; hour: number; minute: number; retentionDays: number; maxBackups: number; target: "local" | "firebase"; notifyOnFailure: boolean; dayOfWeek?: number | undefined; dayOfMonth?: number | undefined; }, any, TFieldValues> | undefined' is not assignable to type 'Resolver<{ isActive: boolean; frequency: "daily" | "weekly" | "hourly" | "monthly"; hour: number; minute: number; retentionDays: number; maxBackups: number; target: "local" | "firebase"; notifyOnFailure: boolean; dayOfWeek?: number | undefined; dayOfMonth?: number | undefined; }, any, { ...; }> | undefined'.
      Type 'Resolver<{ isActive: boolean; frequency: "daily" | "weekly" | "hourly" | "monthly"; hour: number; minute: number; retentionDays: number; maxBackups: number; target: "local" | "firebase"; notifyOnFailure: boolean; dayOfWeek?: number | undefined; dayOfMonth?: number | undefined; }, any, TFieldValues>' is not assignable to type 'Resolver<{ isActive: boolean; frequency: "daily" | "weekly" | "hourly" | "monthly"; hour: number; minute: number; retentionDays: number; maxBackups: number; target: "local" | "firebase"; notifyOnFailure: boolean; dayOfWeek?: number | undefined; dayOfMonth?: number | undefined; }, any, { ...; }>'.
        Type 'ResolverResult<{ isActive: boolean; frequency: "daily" | "weekly" | "hourly" | "monthly"; hour: number; minute: number; retentionDays: number; maxBackups: number; target: "local" | "firebase"; notifyOnFailure: boolean; dayOfWeek?: number | undefined; dayOfMonth?: number | undefined; }, TFieldValues> | Promise<...>' is not assignable to type 'ResolverResult<{ isActive: boolean; frequency: "daily" | "weekly" | "hourly" | "monthly"; hour: number; minute: number; retentionDays: number; maxBackups: number; target: "local" | "firebase"; notifyOnFailure: boolean; dayOfWeek?: number | undefined; dayOfMonth?: number | undefined; }, { ...; }> | Promise<...>'.
          Type 'ResolverSuccess<TFieldValues>' is not assignable to type 'ResolverResult<{ isActive: boolean; frequency: "daily" | "weekly" | "hourly" | "monthly"; hour: number; minute: number; retentionDays: number; maxBackups: number; target: "local" | "firebase"; notifyOnFailure: boolean; dayOfWeek?: number | undefined; dayOfMonth?: number | undefined; }, { ...; }> | Promise<...>'.
            Type 'ResolverSuccess<TFieldValues>' is not assignable to type 'ResolverSuccess<{ isActive: boolean; frequency: "daily" | "weekly" | "hourly" | "monthly"; hour: number; minute: number; retentionDays: number; maxBackups: number; target: "local" | "firebase"; notifyOnFailure: boolean; dayOfWeek?: number | undefined; dayOfMonth?: number | undefined; }>'.
              Type 'TFieldValues' is not assignable to type '{ isActive: boolean; frequency: "daily" | "weekly" | "hourly" | "monthly"; hour: number; minute: number; retentionDays: number; maxBackups: number; target: "local" | "firebase"; notifyOnFailure: boolean; dayOfWeek?: number | undefined; dayOfMonth?: number | undefined; }'.
                Type 'FieldValues' is missing the following properties from type '{ isActive: boolean; frequency: "daily" | "weekly" | "hourly" | "monthly"; hour: number; minute: number; retentionDays: number; maxBackups: number; target: "local" | "firebase"; notifyOnFailure: boolean; dayOfWeek?: number | undefined; dayOfMonth?: number | undefined; }': isActive, frequency, hour, minute, and 4 more.
admin-template/app/(admin)/admin/backups/settings/components/backup-policy-form.tsx(439,19): error TS2322: Type 'Control<{ isActive: boolean; frequency: "daily" | "weekly" | "hourly" | "monthly"; hour: number; minute: number; retentionDays: number; maxBackups: number; target: "local" | "firebase"; notifyOnFailure: boolean; dayOfWeek?: number | undefined; dayOfMonth?: number | undefined; }, any, TFieldValues>' is not assignable to type 'Control<{ isActive: boolean; frequency: "daily" | "weekly" | "hourly" | "monthly"; hour: number; minute: number; retentionDays: number; maxBackups: number; target: "local" | "firebase"; notifyOnFailure: boolean; dayOfWeek?: number | undefined; dayOfMonth?: number | undefined; }, any, { ...; }>'.
  The types of '_options.resolver' are incompatible between these types.
    Type 'Resolver<{ isActive: boolean; frequency: "daily" | "weekly" | "hourly" | "monthly"; hour: number; minute: number; retentionDays: number; maxBackups: number; target: "local" | "firebase"; notifyOnFailure: boolean; dayOfWeek?: number | undefined; dayOfMonth?: number | undefined; }, any, TFieldValues> | undefined' is not assignable to type 'Resolver<{ isActive: boolean; frequency: "daily" | "weekly" | "hourly" | "monthly"; hour: number; minute: number; retentionDays: number; maxBackups: number; target: "local" | "firebase"; notifyOnFailure: boolean; dayOfWeek?: number | undefined; dayOfMonth?: number | undefined; }, any, { ...; }> | undefined'.
      Type 'Resolver<{ isActive: boolean; frequency: "daily" | "weekly" | "hourly" | "monthly"; hour: number; minute: number; retentionDays: number; maxBackups: number; target: "local" | "firebase"; notifyOnFailure: boolean; dayOfWeek?: number | undefined; dayOfMonth?: number | undefined; }, any, TFieldValues>' is not assignable to type 'Resolver<{ isActive: boolean; frequency: "daily" | "weekly" | "hourly" | "monthly"; hour: number; minute: number; retentionDays: number; maxBackups: number; target: "local" | "firebase"; notifyOnFailure: boolean; dayOfWeek?: number | undefined; dayOfMonth?: number | undefined; }, any, { ...; }>'.
        Type 'ResolverResult<{ isActive: boolean; frequency: "daily" | "weekly" | "hourly" | "monthly"; hour: number; minute: number; retentionDays: number; maxBackups: number; target: "local" | "firebase"; notifyOnFailure: boolean; dayOfWeek?: number | undefined; dayOfMonth?: number | undefined; }, TFieldValues> | Promise<...>' is not assignable to type 'ResolverResult<{ isActive: boolean; frequency: "daily" | "weekly" | "hourly" | "monthly"; hour: number; minute: number; retentionDays: number; maxBackups: number; target: "local" | "firebase"; notifyOnFailure: boolean; dayOfWeek?: number | undefined; dayOfMonth?: number | undefined; }, { ...; }> | Promise<...>'.
          Type 'ResolverSuccess<TFieldValues>' is not assignable to type 'ResolverResult<{ isActive: boolean; frequency: "daily" | "weekly" | "hourly" | "monthly"; hour: number; minute: number; retentionDays: number; maxBackups: number; target: "local" | "firebase"; notifyOnFailure: boolean; dayOfWeek?: number | undefined; dayOfMonth?: number | undefined; }, { ...; }> | Promise<...>'.
            Type 'ResolverSuccess<TFieldValues>' is not assignable to type 'ResolverSuccess<{ isActive: boolean; frequency: "daily" | "weekly" | "hourly" | "monthly"; hour: number; minute: number; retentionDays: number; maxBackups: number; target: "local" | "firebase"; notifyOnFailure: boolean; dayOfWeek?: number | undefined; dayOfMonth?: number | undefined; }>'.
              Type 'TFieldValues' is not assignable to type '{ isActive: boolean; frequency: "daily" | "weekly" | "hourly" | "monthly"; hour: number; minute: number; retentionDays: number; maxBackups: number; target: "local" | "firebase"; notifyOnFailure: boolean; dayOfWeek?: number | undefined; dayOfMonth?: number | undefined; }'.
                Type 'FieldValues' is missing the following properties from type '{ isActive: boolean; frequency: "daily" | "weekly" | "hourly" | "monthly"; hour: number; minute: number; retentionDays: number; maxBackups: number; target: "local" | "firebase"; notifyOnFailure: boolean; dayOfWeek?: number | undefined; dayOfMonth?: number | undefined; }': isActive, frequency, hour, minute, and 4 more.
admin-template/app/(admin)/admin/backups/settings/page.tsx(4,40): error TS2307: Cannot find module '@/lib/auth' or its corresponding type declarations.
admin-template/app/(admin)/admin/backups/settings/page.tsx(5,20): error TS2307: Cannot find module '@/lib/prisma' or its corresponding type declarations.
admin-template/app/(admin)/admin/layout.tsx(5,31): error TS2307: Cannot find module '@/components/providers/query-provider' or its corresponding type declarations.
admin-template/app/(admin)/admin/layout.tsx(17,33): error TS2307: Cannot find module '@/lib/themes' or its corresponding type declarations.
admin-template/app/(admin)/admin/layout.tsx(102,29): error TS2339: Property 'full_name' does not exist on type '{ name: string; email: string; role: string; }'.
admin-template/app/(admin)/admin/layout.tsx(102,62): error TS2339: Property 'username' does not exist on type '{ name: string; email: string; role: string; }'.
admin-template/app/(admin)/admin/layout.tsx(292,54): error TS2554: Expected 0 arguments, but got 1.
admin-template/app/(admin)/admin/layout.tsx(312,51): error TS2551: Property 'setThemeColor' does not exist on type '{ theme: string; setTheme: () => void; resolvedTheme: string; themeColors: { primary: string; }; currentTheme: string; isLightColor: (color: string) => boolean; }'. Did you mean 'themeColors'?
admin-template/app/(admin)/admin/layout.tsx(317,36): error TS18046: 't' is of type 'unknown'.
admin-template/app/(admin)/admin/layout.tsx(380,53): error TS2339: Property 'avatar_url' does not exist on type '{ name: string; email: string; role: string; }'.
admin-template/app/(admin)/admin/logs/page.tsx(2,26): error TS2307: Cannot find module '@/components/admin/logs/logs-page' or its corresponding type declarations.
admin-template/app/(admin)/admin/perfil/page.tsx(9,35): error TS2307: Cannot find module '@/components/profile/AvatarUploadModal' or its corresponding type declarations.
admin-template/app/(admin)/admin/perfil/page.tsx(12,32): error TS2307: Cannot find module '@/hooks/useUserProfile' or its corresponding type declarations.
admin-template/app/(admin)/admin/relatorios/page.tsx(7,111): error TS2307: Cannot find module '@dnd-kit/core' or its corresponding type declarations.
admin-template/app/(admin)/admin/relatorios/page.tsx(8,115): error TS2307: Cannot find module '@dnd-kit/sortable' or its corresponding type declarations.
admin-template/app/(admin)/admin/relatorios/page.tsx(9,21): error TS2307: Cannot find module '@dnd-kit/utilities' or its corresponding type declarations.
admin-template/app/(admin)/admin/relatorios/page.tsx(18,19): error TS2307: Cannot find module 'jspdf' or its corresponding type declarations.
admin-template/app/(admin)/admin/relatorios/page.tsx(30,8): error TS2307: Cannot find module '@/lib/pdf' or its corresponding type declarations.
admin-template/app/(admin)/admin/relatorios/page.tsx(753,8): error TS2367: This comparison appears to be unintentional because the types 'ActiveReportKey | null' and '"backup-history"' have no overlap.
admin-template/app/(admin)/admin/settings/page.tsx(58,34): error TS2307: Cannot find module '@/components/admin/settings/backup-policy-card' or its corresponding type declarations.
admin-template/app/(admin)/admin/settings/page.tsx(520,43): error TS7006: Parameter 'checked' implicitly has an 'any' type.
admin-template/app/(admin)/admin/usuarios/page.tsx(2,29): error TS2307: Cannot find module '@/components/admin/users/users-screen' or its corresponding type declarations.
admin-template/app/(admin)/backup/page.tsx(9,36): error TS2307: Cannot find module '@/components/admin/backup/backup-audit-history' or its corresponding type declarations.
admin-template/app/(admin)/layout.tsx(4,31): error TS2307: Cannot find module '@/components/providers/query-provider' or its corresponding type declarations.
admin-template/app/(admin)/layout.tsx(5,30): error TS2307: Cannot find module '@/components/providers/auth-provider' or its corresponding type declarations.
admin-template/app/(auth)/layout.tsx(6,31): error TS2307: Cannot find module '@/components/providers/query-provider' or its corresponding type declarations.
admin-template/app/(auth)/layout.tsx(7,30): error TS2307: Cannot find module '@/components/providers/auth-provider' or its corresponding type declarations.
admin-template/app/(auth)/login/page.tsx(5,24): error TS2307: Cannot find module '@/components/layouts/auth-layout' or its corresponding type declarations.
admin-template/app/(auth)/login/page.tsx(6,23): error TS2307: Cannot find module '@/components/auth/LoginForm' or its corresponding type declarations.
admin-template/app/(auth)/login/page.tsx(7,33): error TS2307: Cannot find module '@/components/auth/TwoFactorVerifyForm' or its corresponding type declarations.
admin-template/app/(auth)/login/page.tsx(8,32): error TS2307: Cannot find module '@/components/auth/TwoFactorSetupForm' or its corresponding type declarations.
admin-template/app/api/admin/backups/[id]/download/route.ts(2,40): error TS2307: Cannot find module '@/lib/auth' or its corresponding type declarations.
admin-template/app/api/admin/backups/[id]/download/route.ts(3,20): error TS2307: Cannot find module '@/lib/prisma' or its corresponding type declarations.
admin-template/app/api/admin/backups/[id]/download/route.ts(4,31): error TS2307: Cannot find module '@/lib/services/backup.service' or its corresponding type declarations.
admin-template/app/api/admin/backups/[id]/restore/route.ts(77,37): error TS2307: Cannot find module 'firebase/storage' or its corresponding type declarations.
admin-template/app/api/admin/backups/[id]/restore/route.ts(78,25): error TS2307: Cannot find module '@/lib/firebase' or its corresponding type declarations.
admin-template/app/api/admin/backups/[id]/restore/route.ts(79,30): error TS2307: Cannot find module '@/lib/services/backup.service' or its corresponding type declarations.
admin-template/app/api/admin/backups/[id]/restore/route.ts(80,20): error TS2307: Cannot find module '@/lib/prisma' or its corresponding type declarations.
admin-template/app/api/admin/backups/[id]/route.ts(2,40): error TS2307: Cannot find module '@/lib/auth' or its corresponding type declarations.
admin-template/app/api/admin/backups/[id]/route.ts(3,31): error TS2307: Cannot find module '@/lib/services/backup.service' or its corresponding type declarations.
admin-template/app/api/admin/backups/audit/route.ts(2,36): error TS2307: Cannot find module '@/lib/services/backup-audit.service' or its corresponding type declarations.
admin-template/app/api/admin/backups/audit/route.ts(3,40): error TS2307: Cannot find module '@/lib/auth' or its corresponding type declarations.
admin-template/app/api/admin/backups/audit/stats/route.ts(2,36): error TS2307: Cannot find module '@/lib/services/backup-audit.service' or its corresponding type declarations.
admin-template/app/api/admin/backups/audit/stats/route.ts(3,40): error TS2307: Cannot find module '@/lib/auth' or its corresponding type declarations.
admin-template/app/api/admin/backups/audit/stats/route.ts(38,37): error TS7006: Parameter 'sum' implicitly has an 'any' type.
admin-template/app/api/admin/backups/audit/stats/route.ts(38,42): error TS7006: Parameter 's' implicitly has an 'any' type.
admin-template/app/api/admin/backups/route.ts(2,40): error TS2307: Cannot find module '@/lib/auth' or its corresponding type declarations.
admin-template/app/api/admin/backups/route.ts(3,20): error TS2307: Cannot find module '@/lib/prisma' or its corresponding type declarations.
admin-template/app/api/admin/backups/route.ts(97,43): error TS7006: Parameter 'backup' implicitly has an 'any' type.
admin-template/app/api/admin/backups/settings/route.ts(2,40): error TS2307: Cannot find module '@/lib/auth' or its corresponding type declarations.
admin-template/app/api/admin/backups/settings/route.ts(4,24): error TS2307: Cannot find module '@/lib/prisma' or its corresponding type declarations.
admin-template/app/api/admin/backups/settings/route.ts(226,28): error TS2339: Property 'errors' does not exist on type 'ZodError<unknown>'.
admin-template/app/api/admin/dashboard/activity/route.ts(2,20): error TS2307: Cannot find module '@/lib/prisma' or its corresponding type declarations.
admin-template/app/api/admin/dashboard/activity/route.ts(3,40): error TS2307: Cannot find module '@/lib/auth' or its corresponding type declarations.
admin-template/app/api/admin/dashboard/activity/route.ts(74,36): error TS7006: Parameter 'r' implicitly has an 'any' type.
admin-template/app/api/admin/dashboard/stats/route.ts(2,20): error TS2307: Cannot find module '@/lib/prisma' or its corresponding type declarations.
admin-template/app/api/admin/dashboard/stats/route.ts(3,40): error TS2307: Cannot find module '@/lib/auth' or its corresponding type declarations.
admin-template/app/api/admin/notifications/read/route.ts(2,40): error TS2307: Cannot find module '@/lib/auth' or its corresponding type declarations.
admin-template/app/api/auth/2fa/disable/route.ts(2,40): error TS2307: Cannot find module '@/lib/auth' or its corresponding type declarations.
admin-template/app/api/auth/2fa/disable/route.ts(3,24): error TS2307: Cannot find module '@/lib/prisma' or its corresponding type declarations.
admin-template/app/api/auth/2fa/enable/route.ts(2,31): error TS2307: Cannot find module 'otplib' or its corresponding type declarations.
admin-template/app/api/auth/2fa/enable/route.ts(3,24): error TS2307: Cannot find module '@/lib/prisma' or its corresponding type declarations.
admin-template/app/api/auth/2fa/enable/route.ts(4,95): error TS2307: Cannot find module '@/lib/auth' or its corresponding type declarations.
admin-template/app/api/auth/2fa/setup/route.ts(2,31): error TS2307: Cannot find module 'otplib' or its corresponding type declarations.
admin-template/app/api/auth/2fa/setup/route.ts(4,24): error TS2307: Cannot find module '@/lib/prisma' or its corresponding type declarations.
admin-template/app/api/auth/2fa/setup/route.ts(5,60): error TS2307: Cannot find module '@/lib/auth' or its corresponding type declarations.
admin-template/app/api/auth/2fa/status/route.ts(2,24): error TS2307: Cannot find module '@/lib/prisma' or its corresponding type declarations.
admin-template/app/api/auth/2fa/status/route.ts(3,60): error TS2307: Cannot find module '@/lib/auth' or its corresponding type declarations.
admin-template/app/api/auth/ad-check/route.ts(2,40): error TS2307: Cannot find module '@/lib/auth' or its corresponding type declarations.
admin-template/app/api/auth/ad-login/route.ts(2,24): error TS2307: Cannot find module '@/lib/prisma' or its corresponding type declarations.
admin-template/app/api/auth/ad-login/route.ts(3,29): error TS2307: Cannot find module '@/lib/server/logging' or its corresponding type declarations.
admin-template/app/api/auth/ad-login/route.ts(218,64): error TS2307: Cannot find module '@/lib/auth' or its corresponding type declarations.
admin-template/app/api/auth/ad-sync/route.ts(2,24): error TS2307: Cannot find module '@/lib/prisma' or its corresponding type declarations.
admin-template/app/api/auth/ad-sync/route.ts(3,40): error TS2307: Cannot find module '@/lib/auth' or its corresponding type declarations.
admin-template/app/api/auth/ad-sync/route.ts(73,45): error TS7006: Parameter 'u' implicitly has an 'any' type.
admin-template/app/api/auth/ad-sync/route.ts(76,42): error TS7006: Parameter 'user' implicitly has an 'any' type.
admin-template/app/api/auth/ad-sync/route.ts(127,52): error TS7006: Parameter 'user' implicitly has an 'any' type.
admin-template/app/api/auth/dev-login/route.ts(2,17): error TS2307: Cannot find module 'jsonwebtoken' or its corresponding type declarations.
admin-template/app/api/auth/login/route.ts(3,20): error TS2307: Cannot find module '@/lib/prisma' or its corresponding type declarations.
admin-template/app/api/auth/login/route.ts(4,51): error TS2307: Cannot find module '@/lib/auth' or its corresponding type declarations.
admin-template/app/api/auth/login/route.ts(5,29): error TS2307: Cannot find module '@/lib/server/logging' or its corresponding type declarations.
admin-template/app/api/auth/logout/route.ts(2,40): error TS2307: Cannot find module '@/lib/auth' or its corresponding type declarations.
admin-template/app/api/auth/logout/route.ts(3,29): error TS2307: Cannot find module '@/lib/server/logging' or its corresponding type declarations.
admin-template/app/api/auth/me/route.ts(2,20): error TS2307: Cannot find module '@/lib/prisma' or its corresponding type declarations.
admin-template/app/api/auth/me/route.ts(3,40): error TS2307: Cannot find module '@/lib/auth' or its corresponding type declarations.
admin-template/app/api/auth/refresh/route.ts(3,20): error TS2307: Cannot find module '@/lib/prisma' or its corresponding type declarations.
admin-template/app/api/auth/refresh/route.ts(4,52): error TS2307: Cannot find module '@/lib/auth' or its corresponding type declarations.
admin-template/app/api/auth/resend-2fa/route.ts(2,17): error TS2307: Cannot find module 'jsonwebtoken' or its corresponding type declarations.
admin-template/app/api/auth/resend-2fa/route.ts(3,24): error TS2307: Cannot find module '@/lib/prisma' or its corresponding type declarations.
admin-template/app/api/auth/verify-2fa/route.ts(3,20): error TS2307: Cannot find module '@/lib/prisma' or its corresponding type declarations.
admin-template/app/api/auth/verify-2fa/route.ts(4,76): error TS2307: Cannot find module '@/lib/auth' or its corresponding type declarations.
admin-template/app/api/auth/verify-2fa/route.ts(5,29): error TS2307: Cannot find module '@/lib/server/logging' or its corresponding type declarations.
admin-template/app/api/auth/verify-2fa/route.ts(6,31): error TS2307: Cannot find module 'otplib' or its corresponding type declarations.
admin-template/app/api/categories/[id]/route.ts(3,20): error TS2307: Cannot find module '@/lib/prisma' or its corresponding type declarations.
admin-template/app/api/categories/[id]/route.ts(4,40): error TS2307: Cannot find module '@/lib/auth' or its corresponding type declarations.
admin-template/app/api/categories/[id]/route.ts(5,29): error TS2307: Cannot find module '@/lib/server/logging' or its corresponding type declarations.
admin-template/app/api/categories/hierarchy/route.ts(3,20): error TS2307: Cannot find module '@/lib/prisma' or its corresponding type declarations.
admin-template/app/api/categories/hierarchy/route.ts(4,40): error TS2307: Cannot find module '@/lib/auth' or its corresponding type declarations.
admin-template/app/api/categories/hierarchy/route.ts(5,29): error TS2307: Cannot find module '@/lib/server/logging' or its corresponding type declarations.
admin-template/app/api/categories/route.ts(3,20): error TS2307: Cannot find module '@/lib/prisma' or its corresponding type declarations.
admin-template/app/api/categories/route.ts(4,40): error TS2307: Cannot find module '@/lib/auth' or its corresponding type declarations.
admin-template/app/api/categories/route.ts(5,29): error TS2307: Cannot find module '@/lib/server/logging' or its corresponding type declarations.
admin-template/app/api/cron/backup/route-fixed.ts(11,49): error TS2307: Cannot find module '@/lib/services/backup.service' or its corresponding type declarations.
admin-template/app/api/cron/backup/route.ts(9,49): error TS2307: Cannot find module '@/lib/services/backup.service' or its corresponding type declarations.
admin-template/app/api/cron/backup/route.ts(10,39): error TS2307: Cannot find module '@/lib/services/backup-rotation.service' or its corresponding type declarations.
admin-template/app/api/dashboard/downloads-by-category/route.ts(2,20): error TS2307: Cannot find module '@/lib/prisma' or its corresponding type declarations.
admin-template/app/api/dashboard/downloads-by-category/route.ts(3,40): error TS2307: Cannot find module '@/lib/auth' or its corresponding type declarations.
admin-template/app/api/dashboard/downloads-by-category/route.ts(40,8): error TS7006: Parameter 'sum' implicitly has an 'any' type.
admin-template/app/api/dashboard/downloads-by-category/route.ts(40,13): error TS7006: Parameter 'item' implicitly has an 'any' type.
admin-template/app/api/dashboard/downloads-by-category/route.ts(47,62): error TS7006: Parameter 'item' implicitly has an 'any' type.
admin-template/app/api/dashboard/downloads-timeline/route.ts(2,20): error TS2307: Cannot find module '@/lib/prisma' or its corresponding type declarations.
admin-template/app/api/dashboard/downloads-timeline/route.ts(3,40): error TS2307: Cannot find module '@/lib/auth' or its corresponding type declarations.
admin-template/app/api/dashboard/downloads-timeline/route.ts(47,27): error TS7006: Parameter 'd' implicitly has an 'any' type.
admin-template/app/api/dashboard/downloads-timeline/route.ts(77,27): error TS7006: Parameter 'd' implicitly has an 'any' type.
admin-template/app/api/dashboard/downloads-timeline/route.ts(110,28): error TS7006: Parameter 'd' implicitly has an 'any' type.
admin-template/app/api/dashboard/downloads-timeline/route.ts(110,31): error TS7006: Parameter 'idx' implicitly has an 'any' type.
admin-template/app/api/dashboard/downloads-timeline/route.ts(138,27): error TS7006: Parameter 'd' implicitly has an 'any' type.
admin-template/app/api/debug/user-2fa-status/[id]/route.ts(2,24): error TS2307: Cannot find module '@/lib/prisma' or its corresponding type declarations.
admin-template/app/api/debug/user-2fa-status/route.ts(2,24): error TS2307: Cannot find module '@/lib/prisma' or its corresponding type declarations.
admin-template/app/api/debug/user-2fa-status/route.ts(23,24): error TS7006: Parameter 'user' implicitly has an 'any' type.
admin-template/app/api/docs/swagger-ui/page.tsx(7,40): error TS2307: Cannot find module 'swagger-ui-react' or its corresponding type declarations.
admin-template/app/api/docs/swagger.json/route.ts(1,28): error TS2307: Cannot find module '@/lib/swagger' or its corresponding type declarations.
admin-template/app/api/downloads/stats/route.ts(2,20): error TS2307: Cannot find module '@/lib/prisma' or its corresponding type declarations.
admin-template/app/api/downloads/stats/route.ts(3,40): error TS2307: Cannot find module '@/lib/auth' or its corresponding type declarations.
admin-template/app/api/downloads/stats/route.ts(39,66): error TS7006: Parameter 'item' implicitly has an 'any' type.
admin-template/app/api/downloads/stats/route.ts(61,27): error TS7006: Parameter 'item' implicitly has an 'any' type.
admin-template/app/api/files/[id]/download/route.ts(2,40): error TS2307: Cannot find module '@/lib/auth' or its corresponding type declarations.
admin-template/app/api/files/[id]/download/route.ts(3,20): error TS2307: Cannot find module '@/lib/prisma' or its corresponding type declarations.
admin-template/app/api/files/[id]/download/route.ts(4,29): error TS2307: Cannot find module '@/lib/server/logging' or its corresponding type declarations.
admin-template/app/api/files/[id]/route.ts(2,20): error TS2307: Cannot find module '@/lib/prisma' or its corresponding type declarations.
admin-template/app/api/files/[id]/route.ts(3,40): error TS2307: Cannot find module '@/lib/auth' or its corresponding type declarations.
admin-template/app/api/files/[id]/route.ts(4,29): error TS2307: Cannot find module '@/lib/server/logging' or its corresponding type declarations.
admin-template/app/api/files/[id]/view/route.ts(2,20): error TS2307: Cannot find module '@/lib/prisma' or its corresponding type declarations.
admin-template/app/api/files/[id]/view/route.ts(3,29): error TS2307: Cannot find module '@/lib/server/logging' or its corresponding type declarations.
admin-template/app/api/files/category-counts/route.ts(2,20): error TS2307: Cannot find module '@/lib/prisma' or its corresponding type declarations.
admin-template/app/api/files/category-counts/route.ts(3,40): error TS2307: Cannot find module '@/lib/auth' or its corresponding type declarations.
admin-template/app/api/files/metadata/route.ts(2,20): error TS2307: Cannot find module '@/lib/prisma' or its corresponding type declarations.
admin-template/app/api/files/metadata/route.ts(3,40): error TS2307: Cannot find module '@/lib/auth' or its corresponding type declarations.
admin-template/app/api/files/metadata/route.ts(4,29): error TS2307: Cannot find module '@/lib/server/logging' or its corresponding type declarations.
admin-template/app/api/files/route.ts(2,40): error TS2307: Cannot find module '@/lib/auth' or its corresponding type declarations.
admin-template/app/api/files/route.ts(3,20): error TS2307: Cannot find module '@/lib/prisma' or its corresponding type declarations.
admin-template/app/api/files/route.ts(4,29): error TS2307: Cannot find module '@/lib/server/logging' or its corresponding type declarations.
admin-template/app/api/files/route.ts(5,39): error TS2307: Cannot find module '@/lib/helpers/notification-helpers-v2' or its corresponding type declarations.
admin-template/app/api/files/route.ts(62,29): error TS7006: Parameter 'f' implicitly has an 'any' type.
admin-template/app/api/files/route.ts(77,20): error TS7006: Parameter 'v' implicitly has an 'any' type.
admin-template/app/api/files/route.ts(81,27): error TS7006: Parameter 'file' implicitly has an 'any' type.
admin-template/app/api/files/stats/route.ts(2,20): error TS2307: Cannot find module '@/lib/prisma' or its corresponding type declarations.
admin-template/app/api/files/stats/route.ts(3,40): error TS2307: Cannot find module '@/lib/auth' or its corresponding type declarations.
admin-template/app/api/logs/route.ts(2,20): error TS2307: Cannot find module '@/lib/prisma' or its corresponding type declarations.
admin-template/app/api/logs/route.ts(3,40): error TS2307: Cannot find module '@/lib/auth' or its corresponding type declarations.
admin-template/app/api/logs/route.ts(4,29): error TS2307: Cannot find module '@prisma/client' or its corresponding type declarations.
admin-template/app/api/logs/route.ts(89,38): error TS7006: Parameter 'log' implicitly has an 'any' type.
admin-template/app/api/logs/stats/route.ts(2,20): error TS2307: Cannot find module '@/lib/prisma' or its corresponding type declarations.
admin-template/app/api/logs/stats/route.ts(3,40): error TS2307: Cannot find module '@/lib/auth' or its corresponding type declarations.
admin-template/app/api/notifications/[id]/read/route.ts(2,40): error TS2307: Cannot find module '@/lib/auth' or its corresponding type declarations.
admin-template/app/api/notifications/[id]/read/route.ts(3,40): error TS2307: Cannot find module '@/lib/services/notifications-v2.service' or its corresponding type declarations.
admin-template/app/api/notifications/count/route.ts(2,40): error TS2307: Cannot find module '@/lib/auth' or its corresponding type declarations.
admin-template/app/api/notifications/count/route.ts(3,40): error TS2307: Cannot find module '@/lib/services/notifications-v2.service' or its corresponding type declarations.
admin-template/app/api/notifications/preferences/route.ts(2,40): error TS2307: Cannot find module '@/lib/auth' or its corresponding type declarations.
admin-template/app/api/notifications/preferences/route.ts(3,40): error TS2307: Cannot find module '@/lib/services/notifications-v2.service' or its corresponding type declarations.
admin-template/app/api/notifications/read-all/route.ts(2,40): error TS2307: Cannot find module '@/lib/auth' or its corresponding type declarations.
admin-template/app/api/notifications/read-all/route.ts(3,40): error TS2307: Cannot find module '@/lib/services/notifications-v2.service' or its corresponding type declarations.
admin-template/app/api/notifications/route.ts(2,40): error TS2307: Cannot find module '@/lib/auth' or its corresponding type declarations.
admin-template/app/api/notifications/route.ts(3,40): error TS2307: Cannot find module '@/lib/services/notifications-v2.service' or its corresponding type declarations.
admin-template/app/api/notifications/subscriptions/route.ts(2,40): error TS2307: Cannot find module '@/lib/auth' or its corresponding type declarations.
admin-template/app/api/notifications/subscriptions/route.ts(3,40): error TS2307: Cannot find module '@/lib/services/notifications-v2.service' or its corresponding type declarations.
admin-template/app/api/public/categories/route.ts(2,20): error TS2307: Cannot find module '@/lib/prisma' or its corresponding type declarations.
admin-template/app/api/public/files/[id]/download/route.ts(2,20): error TS2307: Cannot find module '@/lib/prisma' or its corresponding type declarations.
admin-template/app/api/public/files/[id]/download/route.ts(47,17): error TS7006: Parameter 'err' implicitly has an 'any' type.
admin-template/app/api/public/files/[id]/download/route.ts(89,15): error TS7006: Parameter 'err' implicitly has an 'any' type.
admin-template/app/api/public/files/[id]/stream/route.ts(2,20): error TS2307: Cannot find module '@/lib/prisma' or its corresponding type declarations.
admin-template/app/api/public/files/[id]/thumbnail/route.ts(2,20): error TS2307: Cannot find module '@/lib/prisma' or its corresponding type declarations.
admin-template/app/api/public/files/route.ts(2,20): error TS2307: Cannot find module '@/lib/prisma' or its corresponding type declarations.
admin-template/app/api/public/files/route.ts(38,35): error TS7006: Parameter 'item' implicitly has an 'any' type.
admin-template/app/api/public/videos/route.ts(2,20): error TS2307: Cannot find module '@/lib/prisma' or its corresponding type declarations.
admin-template/app/api/public/videos/route.ts(61,40): error TS7006: Parameter 'video' implicitly has an 'any' type.
admin-template/app/api/reports/api-performance/route.ts(2,20): error TS2307: Cannot find module '@/lib/prisma' or its corresponding type declarations.
admin-template/app/api/reports/api-performance/route.ts(3,40): error TS2307: Cannot find module '@/lib/auth' or its corresponding type declarations.
admin-template/app/api/reports/api-performance/route.ts(48,49): error TS7006: Parameter 'acc' implicitly has an 'any' type.
admin-template/app/api/reports/api-performance/route.ts(48,54): error TS7006: Parameter 'stat' implicitly has an 'any' type.
admin-template/app/api/reports/api-performance/route.ts(54,14): error TS7006: Parameter 'a' implicitly has an 'any' type.
admin-template/app/api/reports/api-performance/route.ts(54,17): error TS7006: Parameter 'b' implicitly has an 'any' type.
admin-template/app/api/reports/api-performance/route.ts(56,13): error TS7006: Parameter 'stat' implicitly has an 'any' type.
admin-template/app/api/reports/api-performance/route.ts(56,19): error TS7006: Parameter 'index' implicitly has an 'any' type.
admin-template/app/api/reports/api-performance/route.ts(58,44): error TS7006: Parameter 'e' implicitly has an 'any' type.
admin-template/app/api/reports/api-performance/route.ts(74,14): error TS7006: Parameter 'a' implicitly has an 'any' type.
admin-template/app/api/reports/api-performance/route.ts(74,17): error TS7006: Parameter 'b' implicitly has an 'any' type.
admin-template/app/api/reports/api-performance/route.ts(76,13): error TS7006: Parameter 'stat' implicitly has an 'any' type.
admin-template/app/api/reports/api-performance/route.ts(76,19): error TS7006: Parameter 'index' implicitly has an 'any' type.
admin-template/app/api/reports/api-performance/route.ts(96,47): error TS7006: Parameter 'stat' implicitly has an 'any' type.
admin-template/app/api/reports/api-performance/route.ts(99,18): error TS7006: Parameter 'acc' implicitly has an 'any' type.
admin-template/app/api/reports/api-performance/route.ts(99,23): error TS7006: Parameter 'stat' implicitly has an 'any' type.
admin-template/app/api/reports/api-performance/route.ts(117,45): error TS7006: Parameter 'acc' implicitly has an 'any' type.
admin-template/app/api/reports/api-performance/route.ts(117,50): error TS7006: Parameter 'stat' implicitly has an 'any' type.
admin-template/app/api/reports/backup-history/route.ts(2,40): error TS2307: Cannot find module '@/lib/auth' or its corresponding type declarations.
admin-template/app/api/reports/backup-history/route.ts(3,24): error TS2307: Cannot find module '@/lib/prisma' or its corresponding type declarations.
admin-template/app/api/reports/backup-history/route.ts(37,37): error TS7006: Parameter 'job' implicitly has an 'any' type.
admin-template/app/api/reports/backup-history/route.ts(56,46): error TS7006: Parameter 'b' implicitly has an 'any' type.
admin-template/app/api/reports/backup-history/route.ts(57,42): error TS7006: Parameter 'b' implicitly has an 'any' type.
admin-template/app/api/reports/backup-history/route.ts(60,37): error TS7006: Parameter 'acc' implicitly has an 'any' type.
admin-template/app/api/reports/backup-history/route.ts(60,42): error TS7006: Parameter 'b' implicitly has an 'any' type.
admin-template/app/api/reports/backup-history/route.ts(61,41): error TS7006: Parameter 'acc' implicitly has an 'any' type.
admin-template/app/api/reports/backup-history/route.ts(61,46): error TS7006: Parameter 'b' implicitly has an 'any' type.
admin-template/app/api/reports/backup-history/route.ts(77,27): error TS7006: Parameter 'backup' implicitly has an 'any' type.
admin-template/app/api/reports/backup-history/route.ts(77,35): error TS7006: Parameter 'index' implicitly has an 'any' type.
admin-template/app/api/reports/categories-health/route.ts(2,20): error TS2307: Cannot find module '@/lib/prisma' or its corresponding type declarations.
admin-template/app/api/reports/categories-health/route.ts(3,40): error TS2307: Cannot find module '@/lib/auth' or its corresponding type declarations.
admin-template/app/api/reports/categories-health/route.ts(36,29): error TS7006: Parameter 'category' implicitly has an 'any' type.
admin-template/app/api/reports/categories-health/route.ts(59,44): error TS7006: Parameter 'item' implicitly has an 'any' type.
admin-template/app/api/reports/categories-health/route.ts(60,43): error TS7006: Parameter 'item' implicitly has an 'any' type.
admin-template/app/api/reports/compliance-lgpd/route.ts(2,20): error TS2307: Cannot find module '@/lib/prisma' or its corresponding type declarations.
admin-template/app/api/reports/compliance-lgpd/route.ts(3,40): error TS2307: Cannot find module '@/lib/auth' or its corresponding type declarations.
admin-template/app/api/reports/downloads-by-category/route.ts(2,20): error TS2307: Cannot find module '@/lib/prisma' or its corresponding type declarations.
admin-template/app/api/reports/downloads-by-category/route.ts(3,40): error TS2307: Cannot find module '@/lib/auth' or its corresponding type declarations.
admin-template/app/api/reports/downloads-by-category/route.ts(51,56): error TS7006: Parameter 'sum' implicitly has an 'any' type.
admin-template/app/api/reports/downloads-by-category/route.ts(51,61): error TS7006: Parameter 'item' implicitly has an 'any' type.
admin-template/app/api/reports/downloads-by-category/route.ts(53,44): error TS7006: Parameter 'item' implicitly has an 'any' type.
admin-template/app/api/reports/infrastructure-health/route.ts(2,20): error TS2307: Cannot find module '@/lib/prisma' or its corresponding type declarations.
admin-template/app/api/reports/infrastructure-health/route.ts(3,40): error TS2307: Cannot find module '@/lib/auth' or its corresponding type declarations.
admin-template/app/api/reports/logs-activity/route.ts(2,20): error TS2307: Cannot find module '@/lib/prisma' or its corresponding type declarations.
admin-template/app/api/reports/logs-activity/route.ts(3,40): error TS2307: Cannot find module '@/lib/auth' or its corresponding type declarations.
admin-template/app/api/reports/logs-activity/route.ts(37,51): error TS7006: Parameter 'item' implicitly has an 'any' type.
admin-template/app/api/reports/logs-activity/route.ts(40,29): error TS7006: Parameter 'item' implicitly has an 'any' type.
admin-template/app/api/reports/logs-activity/route.ts(47,17): error TS7006: Parameter 'a' implicitly has an 'any' type.
admin-template/app/api/reports/logs-activity/route.ts(47,20): error TS7006: Parameter 'b' implicitly has an 'any' type.
admin-template/app/api/reports/security-audit/route.ts(2,20): error TS2307: Cannot find module '@/lib/prisma' or its corresponding type declarations.
admin-template/app/api/reports/security-audit/route.ts(3,40): error TS2307: Cannot find module '@/lib/auth' or its corresponding type declarations.
admin-template/app/api/reports/security-audit/route.ts(146,47): error TS7006: Parameter 'event' implicitly has an 'any' type.
admin-template/app/api/reports/security-audit/route.ts(146,54): error TS7006: Parameter 'index' implicitly has an 'any' type.
admin-template/app/api/reports/storage-usage/route.ts(2,20): error TS2307: Cannot find module '@/lib/prisma' or its corresponding type declarations.
admin-template/app/api/reports/storage-usage/route.ts(3,40): error TS2307: Cannot find module '@/lib/auth' or its corresponding type declarations.
admin-template/app/api/reports/storage-usage/route.ts(58,43): error TS7006: Parameter 'acc' implicitly has an 'any' type.
admin-template/app/api/reports/storage-usage/route.ts(58,48): error TS7006: Parameter 'item' implicitly has an 'any' type.
admin-template/app/api/reports/storage-usage/route.ts(59,44): error TS7006: Parameter 'acc' implicitly has an 'any' type.
admin-template/app/api/reports/storage-usage/route.ts(59,49): error TS7006: Parameter 'item' implicitly has an 'any' type.
admin-template/app/api/reports/storage-usage/route.ts(62,44): error TS7006: Parameter 'acc' implicitly has an 'any' type.
admin-template/app/api/reports/storage-usage/route.ts(62,49): error TS7006: Parameter 'item' implicitly has an 'any' type.
admin-template/app/api/reports/storage-usage/route.ts(77,13): error TS18046: 'group' is of type 'unknown'.
admin-template/app/api/reports/storage-usage/route.ts(78,14): error TS18046: 'group' is of type 'unknown'.
admin-template/app/api/reports/storage-usage/route.ts(79,13): error TS18046: 'group' is of type 'unknown'.
admin-template/app/api/reports/storage-usage/route.ts(80,34): error TS18046: 'group' is of type 'unknown'.
admin-template/app/api/reports/storage-usage/route.ts(81,47): error TS18046: 'group' is of type 'unknown'.
admin-template/app/api/reports/storage-usage/route.ts(94,39): error TS7006: Parameter 'file' implicitly has an 'any' type.
admin-template/app/api/reports/storage-usage/route.ts(94,45): error TS7006: Parameter 'index' implicitly has an 'any' type.
admin-template/app/api/reports/system-maintenance/route.ts(2,20): error TS2307: Cannot find module '@/lib/prisma' or its corresponding type declarations.
admin-template/app/api/reports/system-maintenance/route.ts(3,40): error TS2307: Cannot find module '@/lib/auth' or its corresponding type declarations.
admin-template/app/api/reports/system-overview/route.ts(2,20): error TS2307: Cannot find module '@/lib/prisma' or its corresponding type declarations.
admin-template/app/api/reports/system-overview/route.ts(3,40): error TS2307: Cannot find module '@/lib/auth' or its corresponding type declarations.
admin-template/app/api/reports/top-downloads/route.ts(2,20): error TS2307: Cannot find module '@/lib/prisma' or its corresponding type declarations.
admin-template/app/api/reports/top-downloads/route.ts(3,40): error TS2307: Cannot find module '@/lib/auth' or its corresponding type declarations.
admin-template/app/api/reports/top-downloads/route.ts(54,43): error TS7006: Parameter 'entry' implicitly has an 'any' type.
admin-template/app/api/reports/top-downloads/route.ts(76,40): error TS7006: Parameter 'file' implicitly has an 'any' type.
admin-template/app/api/reports/top-downloads/route.ts(78,41): error TS7006: Parameter 'entry' implicitly has an 'any' type.
admin-template/app/api/reports/top-downloads/route.ts(78,48): error TS7006: Parameter 'index' implicitly has an 'any' type.
admin-template/app/api/reports/top-downloads/route.ts(83,22): error TS2339: Property 'originalName' does not exist on type '{}'.
admin-template/app/api/reports/top-downloads/route.ts(83,44): error TS2339: Property 'filename' does not exist on type '{}'.
admin-template/app/api/reports/top-downloads/route.ts(85,25): error TS2339: Property 'category' does not exist on type '{}'.
admin-template/app/api/reports/top-downloads/route.ts(86,27): error TS2339: Property 'category' does not exist on type '{}'.
admin-template/app/api/reports/top-downloads/route.ts(88,26): error TS2339: Property 'createdAt' does not exist on type '{}'.
admin-template/app/api/reports/top-downloads/route.ts(92,53): error TS7006: Parameter 'acc' implicitly has an 'any' type.
admin-template/app/api/reports/top-downloads/route.ts(92,58): error TS7006: Parameter 'entry' implicitly has an 'any' type.
admin-template/app/api/reports/uploads-summary/route.ts(2,20): error TS2307: Cannot find module '@/lib/prisma' or its corresponding type declarations.
admin-template/app/api/reports/uploads-summary/route.ts(3,40): error TS2307: Cannot find module '@/lib/auth' or its corresponding type declarations.
admin-template/app/api/reports/uploads-summary/route.ts(38,38): error TS7006: Parameter 'u' implicitly has an 'any' type.
admin-template/app/api/reports/uploads-summary/route.ts(38,66): error TS7006: Parameter 'id' implicitly has an 'any' type.
admin-template/app/api/reports/uploads-summary/route.ts(51,49): error TS7006: Parameter 'c' implicitly has an 'any' type.
admin-template/app/api/reports/uploads-summary/route.ts(54,42): error TS7006: Parameter 'sum' implicitly has an 'any' type.
admin-template/app/api/reports/uploads-summary/route.ts(54,47): error TS7006: Parameter 'item' implicitly has an 'any' type.
admin-template/app/api/reports/uploads-summary/route.ts(57,32): error TS7006: Parameter 'item' implicitly has an 'any' type.
admin-template/app/api/reports/uploads-summary/route.ts(65,17): error TS7006: Parameter 'a' implicitly has an 'any' type.
admin-template/app/api/reports/uploads-summary/route.ts(65,20): error TS7006: Parameter 'b' implicitly has an 'any' type.
admin-template/app/api/reports/user-activity/route.ts(2,20): error TS2307: Cannot find module '@/lib/prisma' or its corresponding type declarations.
admin-template/app/api/reports/user-activity/route.ts(3,40): error TS2307: Cannot find module '@/lib/auth' or its corresponding type declarations.
admin-template/app/api/reports/user-activity/route.ts(36,38): error TS7006: Parameter 'sum' implicitly has an 'any' type.
admin-template/app/api/reports/user-activity/route.ts(36,43): error TS7006: Parameter 'item' implicitly has an 'any' type.
admin-template/app/api/reports/user-activity/route.ts(40,30): error TS7006: Parameter 'item' implicitly has an 'any' type.
admin-template/app/api/reports/user-activity/route.ts(47,17): error TS7006: Parameter 'a' implicitly has an 'any' type.
admin-template/app/api/reports/user-activity/route.ts(47,20): error TS7006: Parameter 'b' implicitly has an 'any' type.
admin-template/app/api/reports/video-views/route.ts(2,20): error TS2307: Cannot find module '@/lib/prisma' or its corresponding type declarations.
admin-template/app/api/reports/video-views/route.ts(3,40): error TS2307: Cannot find module '@/lib/auth' or its corresponding type declarations.
admin-template/app/api/reports/video-views/route.ts(54,34): error TS7006: Parameter 'video' implicitly has an 'any' type.
admin-template/app/api/reports/video-views/route.ts(78,46): error TS7006: Parameter 'file' implicitly has an 'any' type.
admin-template/app/api/reports/video-views/route.ts(79,39): error TS7006: Parameter 'acc' implicitly has an 'any' type.
admin-template/app/api/reports/video-views/route.ts(79,44): error TS7006: Parameter 'entry' implicitly has an 'any' type.
admin-template/app/api/reports/video-views/route.ts(81,31): error TS7006: Parameter 'entry' implicitly has an 'any' type.
admin-template/app/api/reports/video-views/route.ts(85,22): error TS2339: Property 'originalName' does not exist on type '{}'.
admin-template/app/api/reports/video-views/route.ts(85,44): error TS2339: Property 'filename' does not exist on type '{}'.
admin-template/app/api/reports/video-views/route.ts(87,25): error TS2339: Property 'category' does not exist on type '{}'.
admin-template/app/api/reports/video-views/route.ts(88,27): error TS2339: Property 'category' does not exist on type '{}'.
admin-template/app/api/reports/video-views/route.ts(89,29): error TS2339: Property 'category' does not exist on type '{}'.
admin-template/app/api/reports/video-views/route.ts(90,26): error TS2339: Property 'createdAt' does not exist on type '{}'.
admin-template/app/api/security/settings/route.ts(3,24): error TS2307: Cannot find module '@/lib/prisma' or its corresponding type declarations.
admin-template/app/api/security/settings/route.ts(4,40): error TS2307: Cannot find module '@/lib/auth' or its corresponding type declarations.
admin-template/app/api/user/avatar/route.ts(2,40): error TS2307: Cannot find module '@/lib/auth' or its corresponding type declarations.
admin-template/app/api/user/avatar/route.ts(3,24): error TS2307: Cannot find module '@/lib/prisma' or its corresponding type declarations.
admin-template/app/api/user/profile/route.ts(2,40): error TS2307: Cannot find module '@/lib/auth' or its corresponding type declarations.
admin-template/app/api/user/profile/route.ts(3,24): error TS2307: Cannot find module '@/lib/prisma' or its corresponding type declarations.
admin-template/app/api/users/[id]/route.ts(3,20): error TS2307: Cannot find module '@/lib/prisma' or its corresponding type declarations.
admin-template/app/api/users/[id]/route.ts(4,40): error TS2307: Cannot find module '@/lib/auth' or its corresponding type declarations.
admin-template/app/api/users/[id]/route.ts(5,29): error TS2307: Cannot find module '@/lib/server/logging' or its corresponding type declarations.
admin-template/app/api/users/[id]/status/route.ts(2,40): error TS2307: Cannot find module '@/lib/auth' or its corresponding type declarations.
admin-template/app/api/users/[id]/status/route.ts(3,24): error TS2307: Cannot find module '@/lib/prisma' or its corresponding type declarations.
admin-template/app/api/users/[id]/status/route.ts(4,29): error TS2307: Cannot find module '@/lib/server/logging' or its corresponding type declarations.
admin-template/app/api/users/route.ts(3,20): error TS2307: Cannot find module '@/lib/prisma' or its corresponding type declarations.
admin-template/app/api/users/route.ts(4,54): error TS2307: Cannot find module '@/lib/auth' or its corresponding type declarations.
admin-template/app/api/users/route.ts(5,29): error TS2307: Cannot find module '@/lib/server/logging' or its corresponding type declarations.
admin-template/app/api/users/route.ts(6,29): error TS2307: Cannot find module '@prisma/client' or its corresponding type declarations.
admin-template/app/api/users/route.ts(7,38): error TS2307: Cannot find module '@/lib/services/notifications.service' or its corresponding type declarations.
admin-template/app/api/users/route.ts(91,66): error TS7006: Parameter 'u' implicitly has an 'any' type.
admin-template/app/api/users/stats/route.ts(2,20): error TS2307: Cannot find module '@/lib/prisma' or its corresponding type declarations.
admin-template/app/api/users/stats/route.ts(3,40): error TS2307: Cannot find module '@/lib/auth' or its corresponding type declarations.
admin-template/components/AccessibilityButton/AccessibilityButton.tsx(3,93): error TS2307: Cannot find module 'react-icons/fa' or its corresponding type declarations.
admin-template/components/AccessibilityButton/AccessibilityButton.tsx(91,14): error TS2554: Expected 0 arguments, but got 1.
admin-template/components/admin/admin-header.tsx(63,17): error TS2339: Property 'full_name' does not exist on type '{ name: string; email: string; role: string; }'.
admin-template/components/admin/admin-header.tsx(63,50): error TS2339: Property 'username' does not exist on type '{ name: string; email: string; role: string; }'.
admin-template/components/admin/admin-header.tsx(64,12): error TS2339: Property 'full_name' does not exist on type '{ name: string; email: string; role: string; }'.
admin-template/components/admin/admin-header.tsx(64,41): error TS2339: Property 'username' does not exist on type '{ name: string; email: string; role: string; }'.
admin-template/components/admin/admin-header.tsx(80,14): error TS2554: Expected 0 arguments, but got 1.
admin-template/components/admin/categories/categories-page.tsx(16,95): error TS2307: Cannot find module '@dnd-kit/core' or its corresponding type declarations.
admin-template/components/admin/categories/categories-page.tsx(17,62): error TS2307: Cannot find module '@dnd-kit/sortable' or its corresponding type declarations.
admin-template/components/admin/categories/categories-page.tsx(18,29): error TS2307: Cannot find module '@dnd-kit/sortable' or its corresponding type declarations.
admin-template/components/admin/categories/categories-page.tsx(19,21): error TS2307: Cannot find module '@dnd-kit/utilities' or its corresponding type declarations.
admin-template/components/admin/categories/categories-page.tsx(63,28): error TS2339: Property 'sortOrder' does not exist on type 'Category'.
admin-template/components/admin/categories/categories-page.tsx(63,42): error TS2339: Property 'sortOrder' does not exist on type 'Category'.
admin-template/components/admin/categories/categories-page.tsx(65,27): error TS2339: Property 'sortOrder' does not exist on type 'Category'.
admin-template/components/admin/categories/categories-page.tsx(65,41): error TS2339: Property 'sortOrder' does not exist on type 'Category'.
admin-template/components/admin/categories/categories-page.tsx(177,7): error TS2353: Object literal may only specify known properties, and 'sortOrder' does not exist in type 'Partial<Category> | ((prevState: Partial<Category> | null) => Partial<Category> | null)'.
admin-template/components/admin/categories/categories-page.tsx(177,27): error TS2339: Property 'sortOrder' does not exist on type 'Category'.
admin-template/components/admin/categories/categories-page.tsx(209,35): error TS2339: Property 'updateHierarchy' does not exist on type '{ list: () => Promise<Category[]>; create: (data: any) => Promise<any>; update: (id: string, data: any) => Promise<any>; delete: (id: string) => Promise<void>; }'.
admin-template/components/admin/categories/categories-page.tsx(238,35): error TS2339: Property 'updateHierarchy' does not exist on type '{ list: () => Promise<Category[]>; create: (data: any) => Promise<any>; update: (id: string, data: any) => Promise<any>; delete: (id: string) => Promise<void>; }'.
admin-template/components/admin/categories/categories-page.tsx(439,63): error TS2339: Property 'remove' does not exist on type '{ list: () => Promise<Category[]>; create: (data: any) => Promise<any>; update: (id: string, data: any) => Promise<any>; delete: (id: string) => Promise<void>; }'.
admin-template/components/admin/categories/categories-page.tsx(540,71): error TS2339: Property 'remove' does not exist on type '{ list: () => Promise<Category[]>; create: (data: any) => Promise<any>; update: (id: string, data: any) => Promise<any>; delete: (id: string) => Promise<void>; }'.
admin-template/components/admin/dashboard/charts-section.tsx(286,33): error TS2339: Property 'payload' does not exist on type 'TooltipProps<number, string>'.
admin-template/components/admin/dashboard/charts-section.tsx(286,42): error TS2339: Property 'label' does not exist on type 'TooltipProps<number, string>'.
admin-template/components/admin/files/files-page.tsx(12,40): error TS2307: Cannot find module '@/types/actions' or its corresponding type declarations.
admin-template/components/admin/files/files-page.tsx(15,28): error TS2307: Cannot find module '@/app/actions/files' or its corresponding type declarations.
admin-template/components/admin/files/files-page.tsx(321,74): error TS2339: Property 'slug' does not exist on type 'Category'.
admin-template/components/admin/files/files-page.tsx(344,89): error TS2339: Property 'slug' does not exist on type 'Category'.
admin-template/components/admin/forms/file-edit-form.tsx(10,40): error TS2307: Cannot find module '@/types/actions' or its corresponding type declarations.
admin-template/components/admin/forms/file-upload-form.tsx(12,34): error TS2307: Cannot find module '@/lib/firebase-upload' or its corresponding type declarations.
admin-template/components/admin/forms/file-upload-form.tsx(13,29): error TS2307: Cannot find module '@/lib/client-video-thumbnail' or its corresponding type declarations.
admin-template/components/admin/forms/file-upload-form.tsx(175,60): error TS7006: Parameter 'progress' implicitly has an 'any' type.
admin-template/components/admin/forms/file-upload-form.tsx(235,41): error TS2339: Property 'slug' does not exist on type 'Category'.
admin-template/components/admin/logs/logs-page.tsx(27,28): error TS2305: Module '"@/lib/services/logs"' has no exported member 'LogEntry'.
admin-template/components/admin/logs/logs-page.tsx(27,43): error TS2305: Module '"@/lib/services/logs"' has no exported member 'LogLevel'.
admin-template/components/admin/logs/logs-page.tsx(27,58): error TS2305: Module '"@/lib/services/logs"' has no exported member 'LogStats'.
admin-template/components/admin/logs/logs-page.tsx(87,21): error TS2339: Property 'list' does not exist on type '{ getStats: () => Promise<{ logsToday: number; logsByLevel: { info: number; warn: number; error: number; }; recentLogs: never[]; }>; getRecentLogs: () => Promise<never[]>; log: (level: string, message: string, meta?: any) => Promise<...>; }'.
admin-template/components/admin/mobile-bottom-nav.tsx(30,38): error TS2554: Expected 0 arguments, but got 1.
admin-template/components/admin/mobile-bottom-nav.tsx(187,155): error TS2339: Property 'username' does not exist on type '{ name: string; email: string; role: string; }'.
admin-template/components/admin/mobile-bottom-nav.tsx(189,75): error TS2339: Property 'username' does not exist on type '{ name: string; email: string; role: string; }'.
admin-template/components/admin/settings/backup-policy-card.tsx(19,72): error TS2307: Cannot find module '@/app/(admin)/admin/backups/actions' or its corresponding type declarations.
admin-template/components/admin/users/users-page.tsx(36,10): error TS2678: Type '"SYSADMIN"' is not comparable to type 'UserRole'.
admin-template/components/admin/users/users-page.tsx(213,27): error TS2339: Property 'full_name' does not exist on type 'UserListItem'.
admin-template/components/admin/users/users-page.tsx(214,22): error TS2339: Property 'active' does not exist on type 'UserListItem'.
admin-template/components/admin/users/users-page.tsx(382,68): error TS2339: Property 'twoFactorEnabled' does not exist on type 'UserListItem'.
admin-template/components/admin/users/users-page.tsx(383,45): error TS2339: Property 'full_name' does not exist on type 'UserListItem'.
admin-template/components/admin/users/users-page.tsx(398,38): error TS2339: Property 'avatar_url' does not exist on type 'UserListItem'.
admin-template/components/admin/users/users-page.tsx(400,46): error TS2339: Property 'avatar_url' does not exist on type 'UserListItem'.
admin-template/components/admin/users/users-page.tsx(414,42): error TS2339: Property 'lastSeenAt' does not exist on type 'UserListItem'.
admin-template/components/admin/users/users-page.tsx(424,63): error TS2339: Property 'lastSeenAt' does not exist on type 'UserListItem'.
admin-template/components/admin/users/users-page.tsx(473,49): error TS2339: Property 'active' does not exist on type 'UserListItem'.
admin-template/components/admin/users/users-page.tsx(474,34): error TS2339: Property 'active' does not exist on type 'UserListItem'.
admin-template/components/admin/users/users-page.tsx(510,54): error TS2339: Property 'active' does not exist on type 'UserListItem'.
admin-template/components/admin/users/users-page.tsx(511,55): error TS2339: Property 'active' does not exist on type 'UserListItem'.
admin-template/components/admin/users/users-page.tsx(518,42): error TS2339: Property 'active' does not exist on type 'UserListItem'.
admin-template/components/admin/users/users-page.tsx(524,50): error TS2339: Property 'isTestUser' does not exist on type 'UserListItem'.
admin-template/components/admin/users/users-page.tsx(534,67): error TS2339: Property 'full_name' does not exist on type 'UserListItem'.
admin-template/components/admin/users/users-screen.tsx(5,27): error TS2307: Cannot find module '@/components/admin/users/users-page' or its corresponding type declarations.
admin-template/components/admin/users/users-screen.tsx(6,38): error TS2307: Cannot find module '@/components/admin/users/users-page' or its corresponding type declarations.
admin-template/components/auth/LoginForm.tsx(49,34): error TS2554: Expected 0 arguments, but got 2.
admin-template/components/auth/LoginForm.tsx(52,18): error TS2339: Property 'requires2FA' does not exist on type 'void'.
admin-template/components/auth/LoginForm.tsx(54,28): error TS2352: Conversion of type 'void' to type '{ tempToken: string; }' may be a mistake because neither type sufficiently overlaps with the other. If this was intentional, convert the expression to 'unknown' first.
admin-template/components/auth/LoginForm.tsx(56,25): error TS2339: Property 'success' does not exist on type 'void'.
admin-template/components/auth/LoginForm.tsx(60,31): error TS2339: Property 'message' does not exist on type 'void'.
admin-template/components/auth/LoginForm.tsx(68,31): error TS2339: Property 'message' does not exist on type 'void'.
admin-template/components/categories/categories-list.tsx(7,31): error TS2307: Cannot find module '@/app/actions/categories' or its corresponding type declarations.
admin-template/components/categories/categories-list.tsx(8,31): error TS2307: Cannot find module '@/types/actions' or its corresponding type declarations.
admin-template/components/dashboard/header.tsx(42,14): error TS2554: Expected 0 arguments, but got 1.
admin-template/components/layouts/admin-dashboard-layout.tsx(69,37): error TS2339: Property 'username' does not exist on type '{ name: string; email: string; role: string; }'.
admin-template/components/layouts/client-layout.tsx(4,24): error TS2307: Cannot find module '@/components/sections/header' or its corresponding type declarations.
admin-template/components/layouts/client-layout.tsx(5,20): error TS2307: Cannot find module '@/components/sections/footer' or its corresponding type declarations.
admin-template/components/providers/auth-provider.tsx(4,10): error TS2305: Module '"@/hooks/useAuth"' has no exported member 'AuthProvider'.
admin-template/components/providers/query-provider.tsx(3,50): error TS2307: Cannot find module '@tanstack/react-query' or its corresponding type declarations.
admin-template/components/providers/theme-provider.tsx(5,82): error TS2307: Cannot find module '@/contexts/ThemeContext' or its corresponding type declarations.
admin-template/components/providers/theme-provider.tsx(6,29): error TS2307: Cannot find module '@/lib/themes' or its corresponding type declarations.
admin-template/components/sections/header.tsx(20,14): error TS2554: Expected 0 arguments, but got 1.
admin-template/components/sections/modules-sections.tsx(4,31): error TS2307: Cannot find module '@/components/public/ModuleSection' or its corresponding type declarations.
admin-template/components/sections/Topbar.tsx(4,52): error TS2307: Cannot find module 'react-icons/fa' or its corresponding type declarations.
admin-template/components/sections/Topbar.tsx(5,28): error TS2307: Cannot find module 'react-icons/fa6' or its corresponding type declarations.
admin-template/components/theme/ThemeSwitcher.tsx(6,33): error TS2307: Cannot find module '@/lib/themes' or its corresponding type declarations.
admin-template/components/theme/ThemeSwitcher.tsx(13,25): error TS2339: Property 'setThemeColor' does not exist on type '{ theme: string; setTheme: () => void; resolvedTheme: string; themeColors: { primary: string; }; currentTheme: string; isLightColor: (color: string) => boolean; }'.
admin-template/components/ui/accordion.tsx(2,37): error TS2307: Cannot find module '@radix-ui/react-accordion' or its corresponding type declarations.
admin-template/components/ui/alert-dialog.tsx(2,39): error TS2307: Cannot find module '@radix-ui/react-alert-dialog' or its corresponding type declarations.
admin-template/components/ui/aspect-ratio.tsx(1,39): error TS2307: Cannot find module '@radix-ui/react-aspect-ratio' or its corresponding type declarations.
admin-template/components/ui/calendar.tsx(3,27): error TS2307: Cannot find module 'react-day-picker' or its corresponding type declarations.
admin-template/components/ui/calendar.tsx(55,22): error TS7031: Binding element 'className' implicitly has an 'any' type.
admin-template/components/ui/calendar.tsx(58,23): error TS7031: Binding element 'className' implicitly has an 'any' type.
admin-template/components/ui/carousel.tsx(6,8): error TS2307: Cannot find module 'embla-carousel-react' or its corresponding type declarations.
admin-template/components/ui/category-badge.tsx(4,27): error TS2307: Cannot find module '@/lib/color' or its corresponding type declarations.
admin-template/components/ui/chart.tsx(119,7): error TS2339: Property 'payload' does not exist on type 'Omit<Omit<Props<ValueType, NameType>, PropertiesReadFromContext> & { active?: boolean | undefined; allowEscapeViewBox?: AllowInDimension | undefined; ... 24 more ...; wrapperStyle?: CSSProperties | undefined; } & ClassAttributes<...> & HTMLAttributes<...> & { ...; }, "ref">'.
admin-template/components/ui/chart.tsx(124,7): error TS2339: Property 'label' does not exist on type 'Omit<Omit<Props<ValueType, NameType>, PropertiesReadFromContext> & { active?: boolean | undefined; allowEscapeViewBox?: AllowInDimension | undefined; ... 24 more ...; wrapperStyle?: CSSProperties | undefined; } & ClassAttributes<...> & HTMLAttributes<...> & { ...; }, "ref">'.
admin-template/components/ui/chart.tsx(188,25): error TS7006: Parameter 'item' implicitly has an 'any' type.
admin-template/components/ui/chart.tsx(188,31): error TS7006: Parameter 'index' implicitly has an 'any' type.
admin-template/components/ui/chart.tsx(262,41): error TS2344: Type '"payload" | "verticalAlign"' does not satisfy the constraint '"string" | "type" | "format" | "name" | "path" | "role" | "local" | "target" | "end" | "filter" | "fill" | "values" | "offset" | "width" | "color" | "method" | "id" | "transform" | ... 431 more ... | "onBBoxUpdate"'.
  Type '"payload"' is not assignable to type '"string" | "type" | "format" | "name" | "path" | "role" | "local" | "target" | "end" | "filter" | "fill" | "values" | "offset" | "width" | "color" | "method" | "id" | "transform" | ... 431 more ... | "onBBoxUpdate"'.
admin-template/components/ui/chart.tsx(273,19): error TS2339: Property 'length' does not exist on type '{}'.
admin-template/components/ui/chart.tsx(286,18): error TS2339: Property 'map' does not exist on type '{}'.
admin-template/components/ui/chart.tsx(286,23): error TS7006: Parameter 'item' implicitly has an 'any' type.
admin-template/components/ui/context-menu.tsx(2,39): error TS2307: Cannot find module '@radix-ui/react-context-menu' or its corresponding type declarations.
admin-template/components/ui/custom-switch.tsx(4,35): error TS2307: Cannot find module '@radix-ui/react-switch' or its corresponding type declarations.
admin-template/components/ui/drawer.tsx(4,43): error TS2307: Cannot find module 'vaul' or its corresponding type declarations.
admin-template/components/ui/hover-card.tsx(4,37): error TS2307: Cannot find module '@radix-ui/react-hover-card' or its corresponding type declarations.
admin-template/components/ui/input-otp.tsx(2,43): error TS2307: Cannot find module 'input-otp' or its corresponding type declarations.
admin-template/components/ui/input-otp.tsx(36,44): error TS18046: 'inputOTPContext' is of type 'unknown'.
admin-template/components/ui/menubar.tsx(4,35): error TS2307: Cannot find module '@radix-ui/react-menubar' or its corresponding type declarations.
admin-template/components/ui/navigation-menu.tsx(2,42): error TS2307: Cannot find module '@radix-ui/react-navigation-menu' or its corresponding type declarations.
admin-template/components/ui/radio-group.tsx(2,38): error TS2307: Cannot find module '@radix-ui/react-radio-group' or its corresponding type declarations.
admin-template/components/ui/resizable.tsx(4,37): error TS2307: Cannot find module 'react-resizable-panels' or its corresponding type declarations.
admin-template/components/ui/sidebar.tsx(6,29): error TS2307: Cannot find module '@/hooks/use-mobile' or its corresponding type declarations.
admin-template/components/ui/slider.tsx(2,34): error TS2307: Cannot find module '@radix-ui/react-slider' or its corresponding type declarations.
admin-template/components/ui/switch.tsx(2,35): error TS2307: Cannot find module '@radix-ui/react-switch' or its corresponding type declarations.
admin-template/components/ui/toggle-group.tsx(4,39): error TS2307: Cannot find module '@radix-ui/react-toggle-group' or its corresponding type declarations.
admin-template/components/ui/toggle.tsx(2,34): error TS2307: Cannot find module '@radix-ui/react-toggle' or its corresponding type declarations.
admin-template/components/ui/UserAvatar.tsx(1,29): error TS2307: Cannot find module '@/lib/firebase-storage' or its corresponding type declarations.
admin-template/components/Vlibras/Vlibras.tsx(3,21): error TS2307: Cannot find module 'vlibras-nextjs' or its corresponding type declarations.
src/app/(admin)/admin/logs/page.tsx(2,26): error TS2307: Cannot find module '@/components/admin/logs/logs-page' or its corresponding type declarations.
src/app/(admin)/admin/settings/page.tsx(58,34): error TS2307: Cannot find module '@/components/admin/settings/backup-policy-card' or its corresponding type declarations.
src/app/(admin)/admin/settings/page.tsx(520,43): error TS7006: Parameter 'checked' implicitly has an 'any' type.
src/app/auth/setup-2fa/page.tsx(43,68): error TS2367: This comparison appears to be unintentional because the types '"verified"' and '"unverified"' have no overlap.
src/components/admin/categories/categories-page.tsx(16,95): error TS2307: Cannot find module '@dnd-kit/core' or its corresponding type declarations.
src/components/admin/categories/categories-page.tsx(17,62): error TS2307: Cannot find module '@dnd-kit/sortable' or its corresponding type declarations.
src/components/admin/categories/categories-page.tsx(18,29): error TS2307: Cannot find module '@dnd-kit/sortable' or its corresponding type declarations.
src/components/admin/categories/categories-page.tsx(19,21): error TS2307: Cannot find module '@dnd-kit/utilities' or its corresponding type declarations.
src/components/admin/categories/categories-page.tsx(63,28): error TS2339: Property 'sortOrder' does not exist on type 'Category'.
src/components/admin/categories/categories-page.tsx(63,42): error TS2339: Property 'sortOrder' does not exist on type 'Category'.
src/components/admin/categories/categories-page.tsx(65,27): error TS2339: Property 'sortOrder' does not exist on type 'Category'.
src/components/admin/categories/categories-page.tsx(65,41): error TS2339: Property 'sortOrder' does not exist on type 'Category'.
src/components/admin/categories/categories-page.tsx(177,7): error TS2353: Object literal may only specify known properties, and 'sortOrder' does not exist in type 'Partial<Category> | ((prevState: Partial<Category> | null) => Partial<Category> | null)'.
src/components/admin/categories/categories-page.tsx(177,27): error TS2339: Property 'sortOrder' does not exist on type 'Category'.
src/components/admin/categories/categories-page.tsx(209,35): error TS2339: Property 'updateHierarchy' does not exist on type '{ list: () => Promise<Category[]>; create: (data: any) => Promise<any>; update: (id: string, data: any) => Promise<any>; delete: (id: string) => Promise<void>; }'.
src/components/admin/categories/categories-page.tsx(238,35): error TS2339: Property 'updateHierarchy' does not exist on type '{ list: () => Promise<Category[]>; create: (data: any) => Promise<any>; update: (id: string, data: any) => Promise<any>; delete: (id: string) => Promise<void>; }'.
src/components/admin/categories/categories-page.tsx(439,63): error TS2339: Property 'remove' does not exist on type '{ list: () => Promise<Category[]>; create: (data: any) => Promise<any>; update: (id: string, data: any) => Promise<any>; delete: (id: string) => Promise<void>; }'.
src/components/admin/categories/categories-page.tsx(540,71): error TS2339: Property 'remove' does not exist on type '{ list: () => Promise<Category[]>; create: (data: any) => Promise<any>; update: (id: string, data: any) => Promise<any>; delete: (id: string) => Promise<void>; }'.
src/components/admin/dashboard/charts-section.tsx(286,33): error TS2339: Property 'payload' does not exist on type 'TooltipProps<number, string>'.
src/components/admin/dashboard/charts-section.tsx(286,42): error TS2339: Property 'label' does not exist on type 'TooltipProps<number, string>'.
src/components/admin/forms/file-edit-form.tsx(10,40): error TS2307: Cannot find module '@/types/actions' or its corresponding type declarations.
src/components/admin/forms/file-upload-form.tsx(12,34): error TS2307: Cannot find module '@/lib/firebase-upload' or its corresponding type declarations.
src/components/admin/forms/file-upload-form.tsx(13,29): error TS2307: Cannot find module '@/lib/client-video-thumbnail' or its corresponding type declarations.
src/components/admin/forms/file-upload-form.tsx(175,60): error TS7006: Parameter 'progress' implicitly has an 'any' type.
src/components/admin/forms/file-upload-form.tsx(235,41): error TS2339: Property 'slug' does not exist on type 'Category'.
src/components/admin/mobile-bottom-nav.tsx(30,38): error TS2554: Expected 0 arguments, but got 1.
src/components/admin/mobile-bottom-nav.tsx(187,155): error TS2339: Property 'username' does not exist on type '{ name: string; email: string; role: string; }'.
src/components/admin/mobile-bottom-nav.tsx(189,75): error TS2339: Property 'username' does not exist on type '{ name: string; email: string; role: string; }'.
src/components/ui/accordion.tsx(2,37): error TS2307: Cannot find module '@radix-ui/react-accordion' or its corresponding type declarations.
src/components/ui/alert-dialog.tsx(2,39): error TS2307: Cannot find module '@radix-ui/react-alert-dialog' or its corresponding type declarations.
src/components/ui/aspect-ratio.tsx(1,39): error TS2307: Cannot find module '@radix-ui/react-aspect-ratio' or its corresponding type declarations.
src/components/ui/calendar.tsx(3,27): error TS2307: Cannot find module 'react-day-picker' or its corresponding type declarations.
src/components/ui/calendar.tsx(55,22): error TS7031: Binding element 'className' implicitly has an 'any' type.
src/components/ui/calendar.tsx(58,23): error TS7031: Binding element 'className' implicitly has an 'any' type.
src/components/ui/carousel.tsx(6,8): error TS2307: Cannot find module 'embla-carousel-react' or its corresponding type declarations.
src/components/ui/category-badge.tsx(4,27): error TS2307: Cannot find module '@/lib/color' or its corresponding type declarations.
src/components/ui/chart.tsx(119,7): error TS2339: Property 'payload' does not exist on type 'Omit<Omit<Props<ValueType, NameType>, PropertiesReadFromContext> & { active?: boolean | undefined; allowEscapeViewBox?: AllowInDimension | undefined; ... 24 more ...; wrapperStyle?: CSSProperties | undefined; } & ClassAttributes<...> & HTMLAttributes<...> & { ...; }, "ref">'.
src/components/ui/chart.tsx(124,7): error TS2339: Property 'label' does not exist on type 'Omit<Omit<Props<ValueType, NameType>, PropertiesReadFromContext> & { active?: boolean | undefined; allowEscapeViewBox?: AllowInDimension | undefined; ... 24 more ...; wrapperStyle?: CSSProperties | undefined; } & ClassAttributes<...> & HTMLAttributes<...> & { ...; }, "ref">'.
src/components/ui/chart.tsx(188,25): error TS7006: Parameter 'item' implicitly has an 'any' type.
src/components/ui/chart.tsx(188,31): error TS7006: Parameter 'index' implicitly has an 'any' type.
src/components/ui/chart.tsx(262,41): error TS2344: Type '"payload" | "verticalAlign"' does not satisfy the constraint '"string" | "type" | "format" | "name" | "path" | "role" | "local" | "target" | "end" | "filter" | "fill" | "values" | "offset" | "width" | "color" | "method" | "id" | "transform" | ... 431 more ... | "onBBoxUpdate"'.
  Type '"payload"' is not assignable to type '"string" | "type" | "format" | "name" | "path" | "role" | "local" | "target" | "end" | "filter" | "fill" | "values" | "offset" | "width" | "color" | "method" | "id" | "transform" | ... 431 more ... | "onBBoxUpdate"'.
src/components/ui/chart.tsx(273,19): error TS2339: Property 'length' does not exist on type '{}'.
src/components/ui/chart.tsx(286,18): error TS2339: Property 'map' does not exist on type '{}'.
src/components/ui/chart.tsx(286,23): error TS7006: Parameter 'item' implicitly has an 'any' type.
src/components/ui/context-menu.tsx(2,39): error TS2307: Cannot find module '@radix-ui/react-context-menu' or its corresponding type declarations.
src/components/ui/custom-switch.tsx(4,35): error TS2307: Cannot find module '@radix-ui/react-switch' or its corresponding type declarations.
src/components/ui/drawer.tsx(4,43): error TS2307: Cannot find module 'vaul' or its corresponding type declarations.
src/components/ui/hover-card.tsx(4,37): error TS2307: Cannot find module '@radix-ui/react-hover-card' or its corresponding type declarations.
src/components/ui/input-otp.tsx(2,43): error TS2307: Cannot find module 'input-otp' or its corresponding type declarations.
src/components/ui/input-otp.tsx(36,44): error TS18046: 'inputOTPContext' is of type 'unknown'.
src/components/ui/menubar.tsx(4,35): error TS2307: Cannot find module '@radix-ui/react-menubar' or its corresponding type declarations.
src/components/ui/navigation-menu.tsx(2,42): error TS2307: Cannot find module '@radix-ui/react-navigation-menu' or its corresponding type declarations.
src/components/ui/radio-group.tsx(2,38): error TS2307: Cannot find module '@radix-ui/react-radio-group' or its corresponding type declarations.
src/components/ui/resizable.tsx(4,37): error TS2307: Cannot find module 'react-resizable-panels' or its corresponding type declarations.
src/components/ui/sidebar.tsx(6,29): error TS2307: Cannot find module '@/hooks/use-mobile' or its corresponding type declarations.
src/components/ui/slider.tsx(2,34): error TS2307: Cannot find module '@radix-ui/react-slider' or its corresponding type declarations.
src/components/ui/switch.tsx(2,35): error TS2307: Cannot find module '@radix-ui/react-switch' or its corresponding type declarations.
src/components/ui/toggle-group.tsx(4,39): error TS2307: Cannot find module '@radix-ui/react-toggle-group' or its corresponding type declarations.
src/components/ui/toggle.tsx(2,34): error TS2307: Cannot find module '@radix-ui/react-toggle' or its corresponding type declarations.
src/components/ui/UserAvatar.tsx(1,29): error TS2307: Cannot find module '@/lib/firebase-storage' or its corresponding type declarations.
