
> petrobras-quest-ai@1.0.0 build
> next build

▲ Next.js 16.1.6 (Turbopack)
- Environments: .env.local

  Creating an optimized production build ...

> Build error occurred
Error: Turbopack build failed with 50 errors:
./src/app/(dashboard)/pages/[id]/page.tsx:7:1
Module not found: Can't resolve '@/app/actions/pages'
[0m [90m  5 |[39m [36mimport[39m [33mLink[39m [36mfrom[39m [32m'next/link'[39m[33m;[39m
 [90m  6 |[39m [36mimport[39m { [33mPageForm[39m[33m,[39m type [33mPageFormData[39m } [36mfrom[39m [32m'@/components/pages/page-form'[39m[33m;[39m
[31m[1m>[22m[39m[90m  7 |[39m [36mimport[39m { updatePage[33m,[39m type [33mPageActionResponse[39m } [36mfrom[39m [32m'@/app/actions/pages'[39m[33m;[39m
 [90m    |[39m [31m[1m^[22m[39m[31m[1m^[22m[39m[31m[1m^[22m[39m[31m[1m^[22m[39m[31m[1m^[22m[39m[31m[1m^[22m[39m[31m[1m^[22m[39m[31m[1m^[22m[39m[31m[1m^[22m[39m[31m[1m^[22m[39m[31m[1m^[22m[39m[31m[1m^[22m[39m[31m[1m^[22m[39m[31m[1m^[22m[39m[31m[1m^[22m[39m[31m[1m^[22m[39m[31m[1m^[22m[39m[31m[1m^[22m[39m[31m[1m^[22m[39m[31m[1m^[22m[39m[31m[1m^[22m[39m[31m[1m^[22m[39m[31m[1m^[22m[39m[31m[1m^[22m[39m[31m[1m^[22m[39m[31m[1m^[22m[39m[31m[1m^[22m[39m[31m[1m^[22m[39m[31m[1m^[22m[39m[31m[1m^[22m[39m[31m[1m^[22m[39m[31m[1m^[22m[39m[31m[1m^[22m[39m[31m[1m^[22m[39m[31m[1m^[22m[39m[31m[1m^[22m[39m[31m[1m^[22m[39m[31m[1m^[22m[39m[31m[1m^[22m[39m[31m[1m^[22m[39m[31m[1m^[22m[39m[31m[1m^[22m[39m[31m[1m^[22m[39m[31m[1m^[22m[39m[31m[1m^[22m[39m[31m[1m^[22m[39m[31m[1m^[22m[39m[31m[1m^[22m[39m[31m[1m^[22m[39m[31m[1m^[22m[39m[31m[1m^[22m[39m[31m[1m^[22m[39m[31m[1m^[22m[39m[31m[1m^[22m[39m[31m[1m^[22m[39m[31m[1m^[22m[39m[31m[1m^[22m[39m[31m[1m^[22m[39m[31m[1m^[22m[39m[31m[1m^[22m[39m[31m[1m^[22m[39m[31m[1m^[22m[39m[31m[1m^[22m[39m[31m[1m^[22m[39m[31m[1m^[22m[39m[31m[1m^[22m[39m[31m[1m^[22m[39m[31m[1m^[22m[39m[31m[1m^[22m[39m[31m[1m^[22m[39m[31m[1m^[22m[39m[31m[1m^[22m[39m[31m[1m^[22m[39m[31m[1m^[22m[39m
 [90m  8 |[39m [36mimport[39m { useEffectEventHandler } [36mfrom[39m [32m'@/lib/hooks/useEffectEventHandler'[39m[33m;[39m
 [90m  9 |[39m
 [90m 10 |[39m [36mconst[39m parentOptions [33m=[39m [[0m

Import map: aliased to relative './src/app/actions/pages' inside of [project]/


Import traces:
  Client Component Browser:
    ./src/app/(dashboard)/pages/[id]/page.tsx [Client Component Browser]
    ./src/app/(dashboard)/pages/[id]/page.tsx [Server Component]

  Client Component SSR:
    ./src/app/(dashboard)/pages/[id]/page.tsx [Client Component SSR]
    ./src/app/(dashboard)/pages/[id]/page.tsx [Server Component]

https://nextjs.org/docs/messages/module-not-found


./src/app/(dashboard)/pages/new/page.tsx:7:1
Module not found: Can't resolve '@/app/actions/pages'
[0m [90m  5 |[39m [36mimport[39m [33mLink[39m [36mfrom[39m [32m'next/link'[39m[33m;[39m
 [90m  6 |[39m [36mimport[39m { [33mPageForm[39m[33m,[39m type [33mPageFormData[39m } [36mfrom[39m [32m'@/components/pages/page-form'[39m[33m;[39m
[31m[1m>[22m[39m[90m  7 |[39m [36mimport[39m { createPage[33m,[39m type [33mPageActionResponse[39m } [36mfrom[39m [32m'@/app/actions/pages'[39m[33m;[39m
 [90m    |[39m [31m[1m^[22m[39m[31m[1m^[22m[39m[31m[1m^[22m[39m[31m[1m^[22m[39m[31m[1m^[22m[39m[31m[1m^[22m[39m[31m[1m^[22m[39m[31m[1m^[22m[39m[31m[1m^[22m[39m[31m[1m^[22m[39m[31m[1m^[22m[39m[31m[1m^[22m[39m[31m[1m^[22m[39m[31m[1m^[22m[39m[31m[1m^[22m[39m[31m[1m^[22m[39m[31m[1m^[22m[39m[31m[1m^[22m[39m[31m[1m^[22m[39m[31m[1m^[22m[39m[31m[1m^[22m[39m[31m[1m^[22m[39m[31m[1m^[22m[39m[31m[1m^[22m[39m[31m[1m^[22m[39m[31m[1m^[22m[39m[31m[1m^[22m[39m[31m[1m^[22m[39m[31m[1m^[22m[39m[31m[1m^[22m[39m[31m[1m^[22m[39m[31m[1m^[22m[39m[31m[1m^[22m[39m[31m[1m^[22m[39m[31m[1m^[22m[39m[31m[1m^[22m[39m[31m[1m^[22m[39m[31m[1m^[22m[39m[31m[1m^[22m[39m[31m[1m^[22m[39m[31m[1m^[22m[39m[31m[1m^[22m[39m[31m[1m^[22m[39m[31m[1m^[22m[39m[31m[1m^[22m[39m[31m[1m^[22m[39m[31m[1m^[22m[39m[31m[1m^[22m[39m[31m[1m^[22m[39m[31m[1m^[22m[39m[31m[1m^[22m[39m[31m[1m^[22m[39m[31m[1m^[22m[39m[31m[1m^[22m[39m[31m[1m^[22m[39m[31m[1m^[22m[39m[31m[1m^[22m[39m[31m[1m^[22m[39m[31m[1m^[22m[39m[31m[1m^[22m[39m[31m[1m^[22m[39m[31m[1m^[22m[39m[31m[1m^[22m[39m[31m[1m^[22m[39m[31m[1m^[22m[39m[31m[1m^[22m[39m[31m[1m^[22m[39m[31m[1m^[22m[39m[31m[1m^[22m[39m[31m[1m^[22m[39m[31m[1m^[22m[39m[31m[1m^[22m[39m[31m[1m^[22m[39m[31m[1m^[22m[39m
 [90m  8 |[39m [36mimport[39m { useEffectEventHandler } [36mfrom[39m [32m'@/lib/hooks/useEffectEventHandler'[39m[33m;[39m
 [90m  9 |[39m
 [90m 10 |[39m [36mconst[39m parentOptions [33m=[39m [[0m

Import map: aliased to relative './src/app/actions/pages' inside of [project]/


Import traces:
  Client Component Browser:
    ./src/app/(dashboard)/pages/new/page.tsx [Client Component Browser]
    ./src/app/(dashboard)/pages/new/page.tsx [Server Component]

  Client Component SSR:
    ./src/app/(dashboard)/pages/new/page.tsx [Client Component SSR]
    ./src/app/(dashboard)/pages/new/page.tsx [Server Component]

https://nextjs.org/docs/messages/module-not-found


./src/app/(dashboard)/pages/page.tsx:11:1
Module not found: Can't resolve '@/app/actions/pages'
[0m [90m  9 |[39m [36mimport[39m { [33mPaginationControls[39m } [36mfrom[39m [32m'@/components/ui/pagination-controls'[39m[33m;[39m
 [90m 10 |[39m [36mimport[39m { [33mPageFormModal[39m } [36mfrom[39m [32m'@/components/pages/page-form-modal'[39m[33m;[39m
[31m[1m>[22m[39m[90m 11 |[39m [36mimport[39m { 
 [90m    |[39m [31m[1m^[22m[39m[31m[1m^[22m[39m[31m[1m^[22m[39m[31m[1m^[22m[39m[31m[1m^[22m[39m[31m[1m^[22m[39m[31m[1m^[22m[39m[31m[1m^[22m[39m[31m[1m^[22m[39m
[31m[1m>[22m[39m[90m 12 |[39m   deletePage[33m,[39m 
 [90m    |[39m [31m[1m^[22m[39m[31m[1m^[22m[39m[31m[1m^[22m[39m[31m[1m^[22m[39m[31m[1m^[22m[39m[31m[1m^[22m[39m[31m[1m^[22m[39m[31m[1m^[22m[39m[31m[1m^[22m[39m[31m[1m^[22m[39m[31m[1m^[22m[39m[31m[1m^[22m[39m[31m[1m^[22m[39m[31m[1m^[22m[39m
[31m[1m>[22m[39m[90m 13 |[39m   deletePagesBulk[33m,[39m
 [90m    |[39m [31m[1m^[22m[39m[31m[1m^[22m[39m[31m[1m^[22m[39m[31m[1m^[22m[39m[31m[1m^[22m[39m[31m[1m^[22m[39m[31m[1m^[22m[39m[31m[1m^[22m[39m[31m[1m^[22m[39m[31m[1m^[22m[39m[31m[1m^[22m[39m[31m[1m^[22m[39m[31m[1m^[22m[39m[31m[1m^[22m[39m
[31m[1m>[22m[39m[90m 14 |[39m   listPages[33m,[39m 
 [90m    |[39m [31m[1m^[22m[39m[31m[1m^[22m[39m[31m[1m^[22m[39m[31m[1m^[22m[39m[31m[1m^[22m[39m[31m[1m^[22m[39m[31m[1m^[22m[39m[31m[1m^[22m[39m[31m[1m^[22m[39m[31m[1m^[22m[39m[31m[1m^[22m[39m[31m[1m^[22m[39m[31m[1m^[22m[39m[31m[1m^[22m[39m
[31m[1m>[22m[39m[90m 15 |[39m   getPageStats[33m,[39m
 [90m    |[39m [31m[1m^[22m[39m[31m[1m^[22m[39m[31m[1m^[22m[39m[31m[1m^[22m[39m[31m[1m^[22m[39m[31m[1m^[22m[39m[31m[1m^[22m[39m[31m[1m^[22m[39m[31m[1m^[22m[39m[31m[1m^[22m[39m[31m[1m^[22m[39m[31m[1m^[22m[39m[31m[1m^[22m[39m[31m[1m^[22m[39m
[31m[1m>[22m[39m[90m 16 |[39m   selectAllPageIds[33m,[39m
 [90m    |[39m [31m[1m^[22m[39m[31m[1m^[22m[39m[31m[1m^[22m[39m[31m[1m^[22m[39m[31m[1m^[22m[39m[31m[1m^[22m[39m[31m[1m^[22m[39m[31m[1m^[22m[39m[31m[1m^[22m[39m[31m[1m^[22m[39m[31m[1m^[22m[39m[31m[1m^[22m[39m[31m[1m^[22m[39m[31m[1m^[22m[39m
[31m[1m>[22m[39m[90m 17 |[39m   type [33mPageActionResponse[39m[33m,[39m
 [90m    |[39m [31m[1m^[22m[39m[31m[1m^[22m[39m[31m[1m^[22m[39m[31m[1m^[22m[39m[31m[1m^[22m[39m[31m[1m^[22m[39m[31m[1m^[22m[39m[31m[1m^[22m[39m[31m[1m^[22m[39m[31m[1m^[22m[39m[31m[1m^[22m[39m[31m[1m^[22m[39m[31m[1m^[22m[39m[31m[1m^[22m[39m
[31m[1m>[22m[39m[90m 18 |[39m   type [33mPageListItem[39m[33m,[39m
 [90m    |[39m [31m[1m^[22m[39m[31m[1m^[22m[39m[31m[1m^[22m[39m[31m[1m^[22m[39m[31m[1m^[22m[39m[31m[1m^[22m[39m[31m[1m^[22m[39m[31m[1m^[22m[39m[31m[1m^[22m[39m[31m[1m^[22m[39m[31m[1m^[22m[39m[31m[1m^[22m[39m[31m[1m^[22m[39m[31m[1m^[22m[39m
[31m[1m>[22m[39m[90m 19 |[39m } [36mfrom[39m [32m'@/app/actions/pages'[39m[33m;[39m
 [90m    |[39m [31m[1m^[22m[39m[31m[1m^[22m[39m[31m[1m^[22m[39m[31m[1m^[22m[39m[31m[1m^[22m[39m[31m[1m^[22m[39m[31m[1m^[22m[39m[31m[1m^[22m[39m[31m[1m^[22m[39m[31m[1m^[22m[39m[31m[1m^[22m[39m[31m[1m^[22m[39m[31m[1m^[22m[39m[31m[1m^[22m[39m[31m[1m^[22m[39m[31m[1m^[22m[39m[31m[1m^[22m[39m[31m[1m^[22m[39m[31m[1m^[22m[39m[31m[1m^[22m[39m[31m[1m^[22m[39m[31m[1m^[22m[39m[31m[1m^[22m[39m[31m[1m^[22m[39m[31m[1m^[22m[39m[31m[1m^[22m[39m[31m[1m^[22m[39m[31m[1m^[22m[39m[31m[1m^[22m[39m[31m[1m^[22m[39m
 [90m 20 |[39m
 [90m 21 |[39m [36minterface[39m [33mDeleteState[39m {
 [90m 22 |[39m   isDeletingId[33m:[39m string [33m|[39m [36mnull[39m[33m;[39m[0m

Import map: aliased to relative './src/app/actions/pages' inside of [project]/


Import traces:
  Client Component Browser:
    ./src/app/(dashboard)/pages/page.tsx [Client Component Browser]
    ./src/app/(dashboard)/pages/page.tsx [Server Component]

  Client Component SSR:
    ./src/app/(dashboard)/pages/page.tsx [Client Component SSR]
    ./src/app/(dashboard)/pages/page.tsx [Server Component]

https://nextjs.org/docs/messages/module-not-found


./src/app/(dashboard)/backups/page.tsx:1:1
Module not found: Can't resolve '@/app/admin/backups/actions'
[0m[31m[1m>[22m[39m[90m 1 |[39m [36mimport[39m { listBackupPolicies } [36mfrom[39m [32m'@/app/admin/backups/actions'[39m[33m;[39m
 [90m   |[39m [31m[1m^[22m[39m[31m[1m^[22m[39m[31m[1m^[22m[39m[31m[1m^[22m[39m[31m[1m^[22m[39m[31m[1m^[22m[39m[31m[1m^[22m[39m[31m[1m^[22m[39m[31m[1m^[22m[39m[31m[1m^[22m[39m[31m[1m^[22m[39m[31m[1m^[22m[39m[31m[1m^[22m[39m[31m[1m^[22m[39m[31m[1m^[22m[39m[31m[1m^[22m[39m[31m[1m^[22m[39m[31m[1m^[22m[39m[31m[1m^[22m[39m[31m[1m^[22m[39m[31m[1m^[22m[39m[31m[1m^[22m[39m[31m[1m^[22m[39m[31m[1m^[22m[39m[31m[1m^[22m[39m[31m[1m^[22m[39m[31m[1m^[22m[39m[31m[1m^[22m[39m[31m[1m^[22m[39m[31m[1m^[22m[39m[31m[1m^[22m[39m[31m[1m^[22m[39m[31m[1m^[22m[39m[31m[1m^[22m[39m[31m[1m^[22m[39m[31m[1m^[22m[39m[31m[1m^[22m[39m[31m[1m^[22m[39m[31m[1m^[22m[39m[31m[1m^[22m[39m[31m[1m^[22m[39m[31m[1m^[22m[39m[31m[1m^[22m[39m[31m[1m^[22m[39m[31m[1m^[22m[39m[31m[1m^[22m[39m[31m[1m^[22m[39m[31m[1m^[22m[39m[31m[1m^[22m[39m[31m[1m^[22m[39m[31m[1m^[22m[39m[31m[1m^[22m[39m[31m[1m^[22m[39m[31m[1m^[22m[39m[31m[1m^[22m[39m[31m[1m^[22m[39m[31m[1m^[22m[39m[31m[1m^[22m[39m[31m[1m^[22m[39m[31m[1m^[22m[39m[31m[1m^[22m[39m[31m[1m^[22m[39m[31m[1m^[22m[39m[31m[1m^[22m[39m[31m[1m^[22m[39m
 [90m 2 |[39m [36mimport[39m { [33mBackupPageClient[39m } [36mfrom[39m [32m'@/app/admin/backups/backups-page-client'[39m[33m;[39m
 [90m 3 |[39m
 [90m 4 |[39m [36mexport[39m [36mconst[39m revalidate [33m=[39m [35m0[39m[33m;[39m[0m

Import map: aliased to relative './src/app/admin/backups/actions' inside of [project]/


https://nextjs.org/docs/messages/module-not-found


./src/app/(dashboard)/backups/page.tsx:2:1
Module not found: Can't resolve '@/app/admin/backups/backups-page-client'
[0m [90m 1 |[39m [36mimport[39m { listBackupPolicies } [36mfrom[39m [32m'@/app/admin/backups/actions'[39m[33m;[39m
[31m[1m>[22m[39m[90m 2 |[39m [36mimport[39m { [33mBackupPageClient[39m } [36mfrom[39m [32m'@/app/admin/backups/backups-page-client'[39m[33m;[39m
 [90m   |[39m [31m[1m^[22m[39m[31m[1m^[22m[39m[31m[1m^[22m[39m[31m[1m^[22m[39m[31m[1m^[22m[39m[31m[1m^[22m[39m[31m[1m^[22m[39m[31m[1m^[22m[39m[31m[1m^[22m[39m[31m[1m^[22m[39m[31m[1m^[22m[39m[31m[1m^[22m[39m[31m[1m^[22m[39m[31m[1m^[22m[39m[31m[1m^[22m[39m[31m[1m^[22m[39m[31m[1m^[22m[39m[31m[1m^[22m[39m[31m[1m^[22m[39m[31m[1m^[22m[39m[31m[1m^[22m[39m[31m[1m^[22m[39m[31m[1m^[22m[39m[31m[1m^[22m[39m[31m[1m^[22m[39m[31m[1m^[22m[39m[31m[1m^[22m[39m[31m[1m^[22m[39m[31m[1m^[22m[39m[31m[1m^[22m[39m[31m[1m^[22m[39m[31m[1m^[22m[39m[31m[1m^[22m[39m[31m[1m^[22m[39m[31m[1m^[22m[39m[31m[1m^[22m[39m[31m[1m^[22m[39m[31m[1m^[22m[39m[31m[1m^[22m[39m[31m[1m^[22m[39m[31m[1m^[22m[39m[31m[1m^[22m[39m[31m[1m^[22m[39m[31m[1m^[22m[39m[31m[1m^[22m[39m[31m[1m^[22m[39m[31m[1m^[22m[39m[31m[1m^[22m[39m[31m[1m^[22m[39m[31m[1m^[22m[39m[31m[1m^[22m[39m[31m[1m^[22m[39m[31m[1m^[22m[39m[31m[1m^[22m[39m[31m[1m^[22m[39m[31m[1m^[22m[39m[31m[1m^[22m[39m[31m[1m^[22m[39m[31m[1m^[22m[39m[31m[1m^[22m[39m[31m[1m^[22m[39m[31m[1m^[22m[39m[31m[1m^[22m[39m[31m[1m^[22m[39m[31m[1m^[22m[39m[31m[1m^[22m[39m[31m[1m^[22m[39m[31m[1m^[22m[39m[31m[1m^[22m[39m[31m[1m^[22m[39m[31m[1m^[22m[39m[31m[1m^[22m[39m[31m[1m^[22m[39m[31m[1m^[22m[39m[31m[1m^[22m[39m
 [90m 3 |[39m
 [90m 4 |[39m [36mexport[39m [36mconst[39m revalidate [33m=[39m [35m0[39m[33m;[39m
 [90m 5 |[39m [36mexport[39m [36mconst[39m dynamic [33m=[39m [32m'force-dynamic'[39m[33m;[39m[0m

Import map: aliased to relative './src/app/admin/backups/backups-page-client' inside of [project]/


https://nextjs.org/docs/messages/module-not-found


./src/app/(dashboard)/audit-logs/page.tsx:6:1
Module not found: Can't resolve '@/components/audit-logs/audit-log-detail-dialog'
[0m [90m 4 |[39m [36mimport[39m { [33mLuActivity[39m[33m,[39m [33mLuShieldAlert[39m } [36mfrom[39m [32m'react-icons/lu'[39m[33m;[39m
 [90m 5 |[39m [36mimport[39m { [33mAuditLogTable[39m[33m,[39m type [33mFilterState[39m } [36mfrom[39m [32m'@/components/audit-logs/audit-log-table'[39m[33m;[39m
[31m[1m>[22m[39m[90m 6 |[39m [36mimport[39m { [33mAuditLogDetailDialog[39m } [36mfrom[39m [32m'@/components/audit-logs/audit-log-detail-dialog'[39m[33m;[39m
 [90m   |[39m [31m[1m^[22m[39m[31m[1m^[22m[39m[31m[1m^[22m[39m[31m[1m^[22m[39m[31m[1m^[22m[39m[31m[1m^[22m[39m[31m[1m^[22m[39m[31m[1m^[22m[39m[31m[1m^[22m[39m[31m[1m^[22m[39m[31m[1m^[22m[39m[31m[1m^[22m[39m[31m[1m^[22m[39m[31m[1m^[22m[39m[31m[1m^[22m[39m[31m[1m^[22m[39m[31m[1m^[22m[39m[31m[1m^[22m[39m[31m[1m^[22m[39m[31m[1m^[22m[39m[31m[1m^[22m[39m[31m[1m^[22m[39m[31m[1m^[22m[39m[31m[1m^[22m[39m[31m[1m^[22m[39m[31m[1m^[22m[39m[31m[1m^[22m[39m[31m[1m^[22m[39m[31m[1m^[22m[39m[31m[1m^[22m[39m[31m[1m^[22m[39m[31m[1m^[22m[39m[31m[1m^[22m[39m[31m[1m^[22m[39m[31m[1m^[22m[39m[31m[1m^[22m[39m[31m[1m^[22m[39m[31m[1m^[22m[39m[31m[1m^[22m[39m[31m[1m^[22m[39m[31m[1m^[22m[39m[31m[1m^[22m[39m[31m[1m^[22m[39m[31m[1m^[22m[39m[31m[1m^[22m[39m[31m[1m^[22m[39m[31m[1m^[22m[39m[31m[1m^[22m[39m[31m[1m^[22m[39m[31m[1m^[22m[39m[31m[1m^[22m[39m[31m[1m^[22m[39m[31m[1m^[22m[39m[31m[1m^[22m[39m[31m[1m^[22m[39m[31m[1m^[22m[39m[31m[1m^[22m[39m[31m[1m^[22m[39m[31m[1m^[22m[39m[31m[1m^[22m[39m[31m[1m^[22m[39m[31m[1m^[22m[39m[31m[1m^[22m[39m[31m[1m^[22m[39m[31m[1m^[22m[39m[31m[1m^[22m[39m[31m[1m^[22m[39m[31m[1m^[22m[39m[31m[1m^[22m[39m[31m[1m^[22m[39m[31m[1m^[22m[39m[31m[1m^[22m[39m[31m[1m^[22m[39m[31m[1m^[22m[39m[31m[1m^[22m[39m[31m[1m^[22m[39m[31m[1m^[22m[39m[31m[1m^[22m[39m[31m[1m^[22m[39m[31m[1m^[22m[39m[31m[1m^[22m[39m[31m[1m^[22m[39m[31m[1m^[22m[39m[31m[1m^[22m[39m[31m[1m^[22m[39m[31m[1m^[22m[39m[31m[1m^[22m[39m
 [90m 7 |[39m [36mimport[39m { [33mTextRoll[39m } [36mfrom[39m [32m'@/components/core/text-roll'[39m[33m;[39m
 [90m 8 |[39m [36mimport[39m {
 [90m 9 |[39m   listAuditLogs[33m,[39m[0m

Import map: aliased to relative './src/components/audit-logs/audit-log-detail-dialog' inside of [project]/


Import traces:
  Client Component Browser:
    ./src/app/(dashboard)/audit-logs/page.tsx [Client Component Browser]
    ./src/app/(dashboard)/audit-logs/page.tsx [Server Component]

  Client Component SSR:
    ./src/app/(dashboard)/audit-logs/page.tsx [Client Component SSR]
    ./src/app/(dashboard)/audit-logs/page.tsx [Server Component]

https://nextjs.org/docs/messages/module-not-found


./src/app/(dashboard)/audit-logs/page.tsx:5:1
Module not found: Can't resolve '@/components/audit-logs/audit-log-table'
[0m [90m 3 |[39m [36mimport[39m { useState[33m,[39m useEffect[33m,[39m useCallback } [36mfrom[39m [32m'react'[39m[33m;[39m
 [90m 4 |[39m [36mimport[39m { [33mLuActivity[39m[33m,[39m [33mLuShieldAlert[39m } [36mfrom[39m [32m'react-icons/lu'[39m[33m;[39m
[31m[1m>[22m[39m[90m 5 |[39m [36mimport[39m { [33mAuditLogTable[39m[33m,[39m type [33mFilterState[39m } [36mfrom[39m [32m'@/components/audit-logs/audit-log-table'[39m[33m;[39m
 [90m   |[39m [31m[1m^[22m[39m[31m[1m^[22m[39m[31m[1m^[22m[39m[31m[1m^[22m[39m[31m[1m^[22m[39m[31m[1m^[22m[39m[31m[1m^[22m[39m[31m[1m^[22m[39m[31m[1m^[22m[39m[31m[1m^[22m[39m[31m[1m^[22m[39m[31m[1m^[22m[39m[31m[1m^[22m[39m[31m[1m^[22m[39m[31m[1m^[22m[39m[31m[1m^[22m[39m[31m[1m^[22m[39m[31m[1m^[22m[39m[31m[1m^[22m[39m[31m[1m^[22m[39m[31m[1m^[22m[39m[31m[1m^[22m[39m[31m[1m^[22m[39m[31m[1m^[22m[39m[31m[1m^[22m[39m[31m[1m^[22m[39m[31m[1m^[22m[39m[31m[1m^[22m[39m[31m[1m^[22m[39m[31m[1m^[22m[39m[31m[1m^[22m[39m[31m[1m^[22m[39m[31m[1m^[22m[39m[31m[1m^[22m[39m[31m[1m^[22m[39m[31m[1m^[22m[39m[31m[1m^[22m[39m[31m[1m^[22m[39m[31m[1m^[22m[39m[31m[1m^[22m[39m[31m[1m^[22m[39m[31m[1m^[22m[39m[31m[1m^[22m[39m[31m[1m^[22m[39m[31m[1m^[22m[39m[31m[1m^[22m[39m[31m[1m^[22m[39m[31m[1m^[22m[39m[31m[1m^[22m[39m[31m[1m^[22m[39m[31m[1m^[22m[39m[31m[1m^[22m[39m[31m[1m^[22m[39m[31m[1m^[22m[39m[31m[1m^[22m[39m[31m[1m^[22m[39m[31m[1m^[22m[39m[31m[1m^[22m[39m[31m[1m^[22m[39m[31m[1m^[22m[39m[31m[1m^[22m[39m[31m[1m^[22m[39m[31m[1m^[22m[39m[31m[1m^[22m[39m[31m[1m^[22m[39m[31m[1m^[22m[39m[31m[1m^[22m[39m[31m[1m^[22m[39m[31m[1m^[22m[39m[31m[1m^[22m[39m[31m[1m^[22m[39m[31m[1m^[22m[39m[31m[1m^[22m[39m[31m[1m^[22m[39m[31m[1m^[22m[39m[31m[1m^[22m[39m[31m[1m^[22m[39m[31m[1m^[22m[39m[31m[1m^[22m[39m[31m[1m^[22m[39m[31m[1m^[22m[39m[31m[1m^[22m[39m[31m[1m^[22m[39m[31m[1m^[22m[39m[31m[1m^[22m[39m[31m[1m^[22m[39m[31m[1m^[22m[39m[31m[1m^[22m[39m[31m[1m^[22m[39m[31m[1m^[22m[39m
 [90m 6 |[39m [36mimport[39m { [33mAuditLogDetailDialog[39m } [36mfrom[39m [32m'@/components/audit-logs/audit-log-detail-dialog'[39m[33m;[39m
 [90m 7 |[39m [36mimport[39m { [33mTextRoll[39m } [36mfrom[39m [32m'@/components/core/text-roll'[39m[33m;[39m
 [90m 8 |[39m [36mimport[39m {[0m

Import map: aliased to relative './src/components/audit-logs/audit-log-table' inside of [project]/


Import traces:
  Client Component Browser:
    ./src/app/(dashboard)/audit-logs/page.tsx [Client Component Browser]
    ./src/app/(dashboard)/audit-logs/page.tsx [Server Component]

  Client Component SSR:
    ./src/app/(dashboard)/audit-logs/page.tsx [Client Component SSR]
    ./src/app/(dashboard)/audit-logs/page.tsx [Server Component]

https://nextjs.org/docs/messages/module-not-found


./src/app/(dashboard)/categories/categories-hierarchy-client.tsx:6:1
Module not found: Can't resolve '@/components/categories/category-form-modal'
[0m [90m 4 |[39m [36mimport[39m { [33mLuFolderTree[39m[33m,[39m [33mLuCheck[39m[33m,[39m [33mLuFileText[39m[33m,[39m [33mLuLayers[39m[33m,[39m [33mLuPlus[39m[33m,[39m [33mLuLoader[39m[33m,[39m [33mLuFilter[39m } [36mfrom[39m [32m'react-icons/lu'[39m[33m;[39m
 [90m 5 |[39m [36mimport[39m { [33mCategoryHierarchyList[39m } [36mfrom[39m [32m'@/components/categories/category-hierarchy-list'[39m[33m;[39m
[31m[1m>[22m[39m[90m 6 |[39m [36mimport[39m { [33mCategoryFormModal[39m } [36mfrom[39m [32m'@/components/categories/category-form-modal'[39m[33m;[39m
 [90m   |[39m [31m[1m^[22m[39m[31m[1m^[22m[39m[31m[1m^[22m[39m[31m[1m^[22m[39m[31m[1m^[22m[39m[31m[1m^[22m[39m[31m[1m^[22m[39m[31m[1m^[22m[39m[31m[1m^[22m[39m[31m[1m^[22m[39m[31m[1m^[22m[39m[31m[1m^[22m[39m[31m[1m^[22m[39m[31m[1m^[22m[39m[31m[1m^[22m[39m[31m[1m^[22m[39m[31m[1m^[22m[39m[31m[1m^[22m[39m[31m[1m^[22m[39m[31m[1m^[22m[39m[31m[1m^[22m[39m[31m[1m^[22m[39m[31m[1m^[22m[39m[31m[1m^[22m[39m[31m[1m^[22m[39m[31m[1m^[22m[39m[31m[1m^[22m[39m[31m[1m^[22m[39m[31m[1m^[22m[39m[31m[1m^[22m[39m[31m[1m^[22m[39m[31m[1m^[22m[39m[31m[1m^[22m[39m[31m[1m^[22m[39m[31m[1m^[22m[39m[31m[1m^[22m[39m[31m[1m^[22m[39m[31m[1m^[22m[39m[31m[1m^[22m[39m[31m[1m^[22m[39m[31m[1m^[22m[39m[31m[1m^[22m[39m[31m[1m^[22m[39m[31m[1m^[22m[39m[31m[1m^[22m[39m[31m[1m^[22m[39m[31m[1m^[22m[39m[31m[1m^[22m[39m[31m[1m^[22m[39m[31m[1m^[22m[39m[31m[1m^[22m[39m[31m[1m^[22m[39m[31m[1m^[22m[39m[31m[1m^[22m[39m[31m[1m^[22m[39m[31m[1m^[22m[39m[31m[1m^[22m[39m[31m[1m^[22m[39m[31m[1m^[22m[39m[31m[1m^[22m[39m[31m[1m^[22m[39m[31m[1m^[22m[39m[31m[1m^[22m[39m[31m[1m^[22m[39m[31m[1m^[22m[39m[31m[1m^[22m[39m[31m[1m^[22m[39m[31m[1m^[22m[39m[31m[1m^[22m[39m[31m[1m^[22m[39m[31m[1m^[22m[39m[31m[1m^[22m[39m[31m[1m^[22m[39m[31m[1m^[22m[39m[31m[1m^[22m[39m[31m[1m^[22m[39m[31m[1m^[22m[39m[31m[1m^[22m[39m[31m[1m^[22m[39m[31m[1m^[22m[39m
 [90m 7 |[39m [36mimport[39m { [33mPaginationControls[39m } [36mfrom[39m [32m'@/components/ui/pagination-controls'[39m[33m;[39m
 [90m 8 |[39m [36mimport[39m {
 [90m 9 |[39m   [33mCategoryData[39m[33m,[39m[0m

Import map: aliased to relative './src/components/categories/category-form-modal' inside of [project]/


Import trace:
  Server Component:
    ./src/app/(dashboard)/categories/categories-hierarchy-client.tsx
    ./src/app/(dashboard)/categories/page.tsx

https://nextjs.org/docs/messages/module-not-found


./src/app/(dashboard)/categories/categories-hierarchy-client.tsx:5:1
Module not found: Can't resolve '@/components/categories/category-hierarchy-list'
[0m [90m 3 |[39m [36mimport[39m { useEffect[33m,[39m useMemo[33m,[39m useRef[33m,[39m useState[33m,[39m useCallback[33m,[39m useTransition } [36mfrom[39m [32m'react'[39m[33m;[39m
 [90m 4 |[39m [36mimport[39m { [33mLuFolderTree[39m[33m,[39m [33mLuCheck[39m[33m,[39m [33mLuFileText[39m[33m,[39m [33mLuLayers[39m[33m,[39m [33mLuPlus[39m[33m,[39m [33mLuLoader[39m[33m,[39m [33mLuFilter[39m } [36mfrom[39m [32m'react-icons/lu'[39m[33m;[39m
[31m[1m>[22m[39m[90m 5 |[39m [36mimport[39m { [33mCategoryHierarchyList[39m } [36mfrom[39m [32m'@/components/categories/category-hierarchy-list'[39m[33m;[39m
 [90m   |[39m [31m[1m^[22m[39m[31m[1m^[22m[39m[31m[1m^[22m[39m[31m[1m^[22m[39m[31m[1m^[22m[39m[31m[1m^[22m[39m[31m[1m^[22m[39m[31m[1m^[22m[39m[31m[1m^[22m[39m[31m[1m^[22m[39m[31m[1m^[22m[39m[31m[1m^[22m[39m[31m[1m^[22m[39m[31m[1m^[22m[39m[31m[1m^[22m[39m[31m[1m^[22m[39m[31m[1m^[22m[39m[31m[1m^[22m[39m[31m[1m^[22m[39m[31m[1m^[22m[39m[31m[1m^[22m[39m[31m[1m^[22m[39m[31m[1m^[22m[39m[31m[1m^[22m[39m[31m[1m^[22m[39m[31m[1m^[22m[39m[31m[1m^[22m[39m[31m[1m^[22m[39m[31m[1m^[22m[39m[31m[1m^[22m[39m[31m[1m^[22m[39m[31m[1m^[22m[39m[31m[1m^[22m[39m[31m[1m^[22m[39m[31m[1m^[22m[39m[31m[1m^[22m[39m[31m[1m^[22m[39m[31m[1m^[22m[39m[31m[1m^[22m[39m[31m[1m^[22m[39m[31m[1m^[22m[39m[31m[1m^[22m[39m[31m[1m^[22m[39m[31m[1m^[22m[39m[31m[1m^[22m[39m[31m[1m^[22m[39m[31m[1m^[22m[39m[31m[1m^[22m[39m[31m[1m^[22m[39m[31m[1m^[22m[39m[31m[1m^[22m[39m[31m[1m^[22m[39m[31m[1m^[22m[39m[31m[1m^[22m[39m[31m[1m^[22m[39m[31m[1m^[22m[39m[31m[1m^[22m[39m[31m[1m^[22m[39m[31m[1m^[22m[39m[31m[1m^[22m[39m[31m[1m^[22m[39m[31m[1m^[22m[39m[31m[1m^[22m[39m[31m[1m^[22m[39m[31m[1m^[22m[39m[31m[1m^[22m[39m[31m[1m^[22m[39m[31m[1m^[22m[39m[31m[1m^[22m[39m[31m[1m^[22m[39m[31m[1m^[22m[39m[31m[1m^[22m[39m[31m[1m^[22m[39m[31m[1m^[22m[39m[31m[1m^[22m[39m[31m[1m^[22m[39m[31m[1m^[22m[39m[31m[1m^[22m[39m[31m[1m^[22m[39m[31m[1m^[22m[39m[31m[1m^[22m[39m[31m[1m^[22m[39m[31m[1m^[22m[39m[31m[1m^[22m[39m[31m[1m^[22m[39m[31m[1m^[22m[39m[31m[1m^[22m[39m[31m[1m^[22m[39m
 [90m 6 |[39m [36mimport[39m { [33mCategoryFormModal[39m } [36mfrom[39m [32m'@/components/categories/category-form-modal'[39m[33m;[39m
 [90m 7 |[39m [36mimport[39m { [33mPaginationControls[39m } [36mfrom[39m [32m'@/components/ui/pagination-controls'[39m[33m;[39m
 [90m 8 |[39m [36mimport[39m {[0m

Import map: aliased to relative './src/components/categories/category-hierarchy-list' inside of [project]/


Import trace:
  Server Component:
    ./src/app/(dashboard)/categories/categories-hierarchy-client.tsx
    ./src/app/(dashboard)/categories/page.tsx

https://nextjs.org/docs/messages/module-not-found


./src/app/(dashboard)/comments/page.tsx:13:1
Module not found: Can't resolve '@/components/comments/comment-table'
[0m [90m 11 |[39m [36mimport[39m { listComments[33m,[39m getCommentStats } [36mfrom[39m [32m'./actions'[39m[33m;[39m
 [90m 12 |[39m [36mimport[39m { [33mTextRoll[39m } [36mfrom[39m [32m'@/components/core/text-roll'[39m[33m;[39m
[31m[1m>[22m[39m[90m 13 |[39m [36mimport[39m { [33mCommentTable[39m } [36mfrom[39m [32m'@/components/comments/comment-table'[39m[33m;[39m
 [90m    |[39m [31m[1m^[22m[39m[31m[1m^[22m[39m[31m[1m^[22m[39m[31m[1m^[22m[39m[31m[1m^[22m[39m[31m[1m^[22m[39m[31m[1m^[22m[39m[31m[1m^[22m[39m[31m[1m^[22m[39m[31m[1m^[22m[39m[31m[1m^[22m[39m[31m[1m^[22m[39m[31m[1m^[22m[39m[31m[1m^[22m[39m[31m[1m^[22m[39m[31m[1m^[22m[39m[31m[1m^[22m[39m[31m[1m^[22m[39m[31m[1m^[22m[39m[31m[1m^[22m[39m[31m[1m^[22m[39m[31m[1m^[22m[39m[31m[1m^[22m[39m[31m[1m^[22m[39m[31m[1m^[22m[39m[31m[1m^[22m[39m[31m[1m^[22m[39m[31m[1m^[22m[39m[31m[1m^[22m[39m[31m[1m^[22m[39m[31m[1m^[22m[39m[31m[1m^[22m[39m[31m[1m^[22m[39m[31m[1m^[22m[39m[31m[1m^[22m[39m[31m[1m^[22m[39m[31m[1m^[22m[39m[31m[1m^[22m[39m[31m[1m^[22m[39m[31m[1m^[22m[39m[31m[1m^[22m[39m[31m[1m^[22m[39m[31m[1m^[22m[39m[31m[1m^[22m[39m[31m[1m^[22m[39m[31m[1m^[22m[39m[31m[1m^[22m[39m[31m[1m^[22m[39m[31m[1m^[22m[39m[31m[1m^[22m[39m[31m[1m^[22m[39m[31m[1m^[22m[39m[31m[1m^[22m[39m[31m[1m^[22m[39m[31m[1m^[22m[39m[31m[1m^[22m[39m[31m[1m^[22m[39m[31m[1m^[22m[39m[31m[1m^[22m[39m[31m[1m^[22m[39m[31m[1m^[22m[39m[31m[1m^[22m[39m[31m[1m^[22m[39m[31m[1m^[22m[39m[31m[1m^[22m[39m[31m[1m^[22m[39m[31m[1m^[22m[39m
 [90m 14 |[39m [36mimport[39m { [33mCommentsPagination[39m } [36mfrom[39m [32m'@/components/comments/comments-pagination'[39m[33m;[39m
 [90m 15 |[39m [36mimport[39m { [33mCommentsPageSizeControls[39m } [36mfrom[39m [32m'@/components/comments/comments-page-size-controls'[39m[33m;[39m
 [90m 16 |[39m[0m

Import map: aliased to relative './src/components/comments/comment-table' inside of [project]/


https://nextjs.org/docs/messages/module-not-found


./src/app/(dashboard)/comments/page.tsx:15:1
Module not found: Can't resolve '@/components/comments/comments-page-size-controls'
[0m [90m 13 |[39m [36mimport[39m { [33mCommentTable[39m } [36mfrom[39m [32m'@/components/comments/comment-table'[39m[33m;[39m
 [90m 14 |[39m [36mimport[39m { [33mCommentsPagination[39m } [36mfrom[39m [32m'@/components/comments/comments-pagination'[39m[33m;[39m
[31m[1m>[22m[39m[90m 15 |[39m [36mimport[39m { [33mCommentsPageSizeControls[39m } [36mfrom[39m [32m'@/components/comments/comments-page-size-controls'[39m[33m;[39m
 [90m    |[39m [31m[1m^[22m[39m[31m[1m^[22m[39m[31m[1m^[22m[39m[31m[1m^[22m[39m[31m[1m^[22m[39m[31m[1m^[22m[39m[31m[1m^[22m[39m[31m[1m^[22m[39m[31m[1m^[22m[39m[31m[1m^[22m[39m[31m[1m^[22m[39m[31m[1m^[22m[39m[31m[1m^[22m[39m[31m[1m^[22m[39m[31m[1m^[22m[39m[31m[1m^[22m[39m[31m[1m^[22m[39m[31m[1m^[22m[39m[31m[1m^[22m[39m[31m[1m^[22m[39m[31m[1m^[22m[39m[31m[1m^[22m[39m[31m[1m^[22m[39m[31m[1m^[22m[39m[31m[1m^[22m[39m[31m[1m^[22m[39m[31m[1m^[22m[39m[31m[1m^[22m[39m[31m[1m^[22m[39m[31m[1m^[22m[39m[31m[1m^[22m[39m[31m[1m^[22m[39m[31m[1m^[22m[39m[31m[1m^[22m[39m[31m[1m^[22m[39m[31m[1m^[22m[39m[31m[1m^[22m[39m[31m[1m^[22m[39m[31m[1m^[22m[39m[31m[1m^[22m[39m[31m[1m^[22m[39m[31m[1m^[22m[39m[31m[1m^[22m[39m[31m[1m^[22m[39m[31m[1m^[22m[39m[31m[1m^[22m[39m[31m[1m^[22m[39m[31m[1m^[22m[39m[31m[1m^[22m[39m[31m[1m^[22m[39m[31m[1m^[22m[39m[31m[1m^[22m[39m[31m[1m^[22m[39m[31m[1m^[22m[39m[31m[1m^[22m[39m[31m[1m^[22m[39m[31m[1m^[22m[39m[31m[1m^[22m[39m[31m[1m^[22m[39m[31m[1m^[22m[39m[31m[1m^[22m[39m[31m[1m^[22m[39m[31m[1m^[22m[39m[31m[1m^[22m[39m[31m[1m^[22m[39m[31m[1m^[22m[39m[31m[1m^[22m[39m[31m[1m^[22m[39m[31m[1m^[22m[39m[31m[1m^[22m[39m[31m[1m^[22m[39m[31m[1m^[22m[39m[31m[1m^[22m[39m[31m[1m^[22m[39m[31m[1m^[22m[39m[31m[1m^[22m[39m[31m[1m^[22m[39m[31m[1m^[22m[39m[31m[1m^[22m[39m[31m[1m^[22m[39m[31m[1m^[22m[39m[31m[1m^[22m[39m[31m[1m^[22m[39m[31m[1m^[22m[39m[31m[1m^[22m[39m[31m[1m^[22m[39m[31m[1m^[22m[39m[31m[1m^[22m[39m[31m[1m^[22m[39m[31m[1m^[22m[39m[31m[1m^[22m[39m[31m[1m^[22m[39m[31m[1m^[22m[39m
 [90m 16 |[39m
 [90m 17 |[39m [36mexport[39m [36mconst[39m dynamic [33m=[39m [32m'force-dynamic'[39m[33m;[39m
 [90m 18 |[39m [36mexport[39m [36mconst[39m revalidate [33m=[39m [35m0[39m[33m;[39m[0m

Import map: aliased to relative './src/components/comments/comments-page-size-controls' inside of [project]/


https://nextjs.org/docs/messages/module-not-found


./src/app/(dashboard)/comments/page.tsx:14:1
Module not found: Can't resolve '@/components/comments/comments-pagination'
[0m [90m 12 |[39m [36mimport[39m { [33mTextRoll[39m } [36mfrom[39m [32m'@/components/core/text-roll'[39m[33m;[39m
 [90m 13 |[39m [36mimport[39m { [33mCommentTable[39m } [36mfrom[39m [32m'@/components/comments/comment-table'[39m[33m;[39m
[31m[1m>[22m[39m[90m 14 |[39m [36mimport[39m { [33mCommentsPagination[39m } [36mfrom[39m [32m'@/components/comments/comments-pagination'[39m[33m;[39m
 [90m    |[39m [31m[1m^[22m[39m[31m[1m^[22m[39m[31m[1m^[22m[39m[31m[1m^[22m[39m[31m[1m^[22m[39m[31m[1m^[22m[39m[31m[1m^[22m[39m[31m[1m^[22m[39m[31m[1m^[22m[39m[31m[1m^[22m[39m[31m[1m^[22m[39m[31m[1m^[22m[39m[31m[1m^[22m[39m[31m[1m^[22m[39m[31m[1m^[22m[39m[31m[1m^[22m[39m[31m[1m^[22m[39m[31m[1m^[22m[39m[31m[1m^[22m[39m[31m[1m^[22m[39m[31m[1m^[22m[39m[31m[1m^[22m[39m[31m[1m^[22m[39m[31m[1m^[22m[39m[31m[1m^[22m[39m[31m[1m^[22m[39m[31m[1m^[22m[39m[31m[1m^[22m[39m[31m[1m^[22m[39m[31m[1m^[22m[39m[31m[1m^[22m[39m[31m[1m^[22m[39m[31m[1m^[22m[39m[31m[1m^[22m[39m[31m[1m^[22m[39m[31m[1m^[22m[39m[31m[1m^[22m[39m[31m[1m^[22m[39m[31m[1m^[22m[39m[31m[1m^[22m[39m[31m[1m^[22m[39m[31m[1m^[22m[39m[31m[1m^[22m[39m[31m[1m^[22m[39m[31m[1m^[22m[39m[31m[1m^[22m[39m[31m[1m^[22m[39m[31m[1m^[22m[39m[31m[1m^[22m[39m[31m[1m^[22m[39m[31m[1m^[22m[39m[31m[1m^[22m[39m[31m[1m^[22m[39m[31m[1m^[22m[39m[31m[1m^[22m[39m[31m[1m^[22m[39m[31m[1m^[22m[39m[31m[1m^[22m[39m[31m[1m^[22m[39m[31m[1m^[22m[39m[31m[1m^[22m[39m[31m[1m^[22m[39m[31m[1m^[22m[39m[31m[1m^[22m[39m[31m[1m^[22m[39m[31m[1m^[22m[39m[31m[1m^[22m[39m[31m[1m^[22m[39m[31m[1m^[22m[39m[31m[1m^[22m[39m[31m[1m^[22m[39m[31m[1m^[22m[39m[31m[1m^[22m[39m[31m[1m^[22m[39m[31m[1m^[22m[39m[31m[1m^[22m[39m[31m[1m^[22m[39m[31m[1m^[22m[39m[31m[1m^[22m[39m
 [90m 15 |[39m [36mimport[39m { [33mCommentsPageSizeControls[39m } [36mfrom[39m [32m'@/components/comments/comments-page-size-controls'[39m[33m;[39m
 [90m 16 |[39m
 [90m 17 |[39m [36mexport[39m [36mconst[39m dynamic [33m=[39m [32m'force-dynamic'[39m[33m;[39m[0m

Import map: aliased to relative './src/components/comments/comments-pagination' inside of [project]/


https://nextjs.org/docs/messages/module-not-found


./src/app/(dashboard)/cta-popups/page-client.tsx:9:1
Module not found: Can't resolve '@/components/cta-popups/cta-popup-form-modal'
[0m [90m  7 |[39m [36mimport[39m { cn } [36mfrom[39m [32m'@/lib/utils'[39m[33m;[39m
 [90m  8 |[39m [36mimport[39m { [33mCTAPopupTable[39m } [36mfrom[39m [32m'@/components/cta-popups/cta-popup-table'[39m[33m;[39m
[31m[1m>[22m[39m[90m  9 |[39m [36mimport[39m { [33mCTAPopupFormModal[39m } [36mfrom[39m [32m'@/components/cta-popups/cta-popup-form-modal'[39m[33m;[39m
 [90m    |[39m [31m[1m^[22m[39m[31m[1m^[22m[39m[31m[1m^[22m[39m[31m[1m^[22m[39m[31m[1m^[22m[39m[31m[1m^[22m[39m[31m[1m^[22m[39m[31m[1m^[22m[39m[31m[1m^[22m[39m[31m[1m^[22m[39m[31m[1m^[22m[39m[31m[1m^[22m[39m[31m[1m^[22m[39m[31m[1m^[22m[39m[31m[1m^[22m[39m[31m[1m^[22m[39m[31m[1m^[22m[39m[31m[1m^[22m[39m[31m[1m^[22m[39m[31m[1m^[22m[39m[31m[1m^[22m[39m[31m[1m^[22m[39m[31m[1m^[22m[39m[31m[1m^[22m[39m[31m[1m^[22m[39m[31m[1m^[22m[39m[31m[1m^[22m[39m[31m[1m^[22m[39m[31m[1m^[22m[39m[31m[1m^[22m[39m[31m[1m^[22m[39m[31m[1m^[22m[39m[31m[1m^[22m[39m[31m[1m^[22m[39m[31m[1m^[22m[39m[31m[1m^[22m[39m[31m[1m^[22m[39m[31m[1m^[22m[39m[31m[1m^[22m[39m[31m[1m^[22m[39m[31m[1m^[22m[39m[31m[1m^[22m[39m[31m[1m^[22m[39m[31m[1m^[22m[39m[31m[1m^[22m[39m[31m[1m^[22m[39m[31m[1m^[22m[39m[31m[1m^[22m[39m[31m[1m^[22m[39m[31m[1m^[22m[39m[31m[1m^[22m[39m[31m[1m^[22m[39m[31m[1m^[22m[39m[31m[1m^[22m[39m[31m[1m^[22m[39m[31m[1m^[22m[39m[31m[1m^[22m[39m[31m[1m^[22m[39m[31m[1m^[22m[39m[31m[1m^[22m[39m[31m[1m^[22m[39m[31m[1m^[22m[39m[31m[1m^[22m[39m[31m[1m^[22m[39m[31m[1m^[22m[39m[31m[1m^[22m[39m[31m[1m^[22m[39m[31m[1m^[22m[39m[31m[1m^[22m[39m[31m[1m^[22m[39m[31m[1m^[22m[39m[31m[1m^[22m[39m[31m[1m^[22m[39m[31m[1m^[22m[39m[31m[1m^[22m[39m[31m[1m^[22m[39m[31m[1m^[22m[39m[31m[1m^[22m[39m[31m[1m^[22m[39m[31m[1m^[22m[39m[31m[1m^[22m[39m
 [90m 10 |[39m [36mimport[39m { [33mCTAPopupPreview[39m } [36mfrom[39m [32m'@/components/cta-popups/cta-popup-preview'[39m[33m;[39m
 [90m 11 |[39m [36mimport[39m type { [33mCTAPopupData[39m } [36mfrom[39m [32m'./actions'[39m[33m;[39m
 [90m 12 |[39m [36mimport[39m { deletePopupsBulk[33m,[39m selectAllPopupIds } [36mfrom[39m [32m'./actions'[39m[33m;[39m[0m

Import map: aliased to relative './src/components/cta-popups/cta-popup-form-modal' inside of [project]/


Import trace:
  Server Component:
    ./src/app/(dashboard)/cta-popups/page-client.tsx
    ./src/app/(dashboard)/cta-popups/page.tsx

https://nextjs.org/docs/messages/module-not-found


./src/app/(dashboard)/cta-popups/page-client.tsx:10:1
Module not found: Can't resolve '@/components/cta-popups/cta-popup-preview'
[0m [90m  8 |[39m [36mimport[39m { [33mCTAPopupTable[39m } [36mfrom[39m [32m'@/components/cta-popups/cta-popup-table'[39m[33m;[39m
 [90m  9 |[39m [36mimport[39m { [33mCTAPopupFormModal[39m } [36mfrom[39m [32m'@/components/cta-popups/cta-popup-form-modal'[39m[33m;[39m
[31m[1m>[22m[39m[90m 10 |[39m [36mimport[39m { [33mCTAPopupPreview[39m } [36mfrom[39m [32m'@/components/cta-popups/cta-popup-preview'[39m[33m;[39m
 [90m    |[39m [31m[1m^[22m[39m[31m[1m^[22m[39m[31m[1m^[22m[39m[31m[1m^[22m[39m[31m[1m^[22m[39m[31m[1m^[22m[39m[31m[1m^[22m[39m[31m[1m^[22m[39m[31m[1m^[22m[39m[31m[1m^[22m[39m[31m[1m^[22m[39m[31m[1m^[22m[39m[31m[1m^[22m[39m[31m[1m^[22m[39m[31m[1m^[22m[39m[31m[1m^[22m[39m[31m[1m^[22m[39m[31m[1m^[22m[39m[31m[1m^[22m[39m[31m[1m^[22m[39m[31m[1m^[22m[39m[31m[1m^[22m[39m[31m[1m^[22m[39m[31m[1m^[22m[39m[31m[1m^[22m[39m[31m[1m^[22m[39m[31m[1m^[22m[39m[31m[1m^[22m[39m[31m[1m^[22m[39m[31m[1m^[22m[39m[31m[1m^[22m[39m[31m[1m^[22m[39m[31m[1m^[22m[39m[31m[1m^[22m[39m[31m[1m^[22m[39m[31m[1m^[22m[39m[31m[1m^[22m[39m[31m[1m^[22m[39m[31m[1m^[22m[39m[31m[1m^[22m[39m[31m[1m^[22m[39m[31m[1m^[22m[39m[31m[1m^[22m[39m[31m[1m^[22m[39m[31m[1m^[22m[39m[31m[1m^[22m[39m[31m[1m^[22m[39m[31m[1m^[22m[39m[31m[1m^[22m[39m[31m[1m^[22m[39m[31m[1m^[22m[39m[31m[1m^[22m[39m[31m[1m^[22m[39m[31m[1m^[22m[39m[31m[1m^[22m[39m[31m[1m^[22m[39m[31m[1m^[22m[39m[31m[1m^[22m[39m[31m[1m^[22m[39m[31m[1m^[22m[39m[31m[1m^[22m[39m[31m[1m^[22m[39m[31m[1m^[22m[39m[31m[1m^[22m[39m[31m[1m^[22m[39m[31m[1m^[22m[39m[31m[1m^[22m[39m[31m[1m^[22m[39m[31m[1m^[22m[39m[31m[1m^[22m[39m[31m[1m^[22m[39m[31m[1m^[22m[39m[31m[1m^[22m[39m[31m[1m^[22m[39m[31m[1m^[22m[39m[31m[1m^[22m[39m
 [90m 11 |[39m [36mimport[39m type { [33mCTAPopupData[39m } [36mfrom[39m [32m'./actions'[39m[33m;[39m
 [90m 12 |[39m [36mimport[39m { deletePopupsBulk[33m,[39m selectAllPopupIds } [36mfrom[39m [32m'./actions'[39m[33m;[39m
 [90m 13 |[39m [36mimport[39m { [33mPaginationControls[39m } [36mfrom[39m [32m'@/components/ui/pagination-controls'[39m[33m;[39m[0m

Import map: aliased to relative './src/components/cta-popups/cta-popup-preview' inside of [project]/


Import trace:
  Server Component:
    ./src/app/(dashboard)/cta-popups/page-client.tsx
    ./src/app/(dashboard)/cta-popups/page.tsx

https://nextjs.org/docs/messages/module-not-found


./src/app/(dashboard)/cta-popups/page-client.tsx:8:1
Module not found: Can't resolve '@/components/cta-popups/cta-popup-table'
[0m [90m  6 |[39m [36mimport[39m { [33mLuBell[39m[33m,[39m [33mLuCheck[39m[33m,[39m [33mLuX[39m[33m,[39m [33mLuClock[39m[33m,[39m [33mLuFilter[39m } [36mfrom[39m [32m'react-icons/lu'[39m[33m;[39m
 [90m  7 |[39m [36mimport[39m { cn } [36mfrom[39m [32m'@/lib/utils'[39m[33m;[39m
[31m[1m>[22m[39m[90m  8 |[39m [36mimport[39m { [33mCTAPopupTable[39m } [36mfrom[39m [32m'@/components/cta-popups/cta-popup-table'[39m[33m;[39m
 [90m    |[39m [31m[1m^[22m[39m[31m[1m^[22m[39m[31m[1m^[22m[39m[31m[1m^[22m[39m[31m[1m^[22m[39m[31m[1m^[22m[39m[31m[1m^[22m[39m[31m[1m^[22m[39m[31m[1m^[22m[39m[31m[1m^[22m[39m[31m[1m^[22m[39m[31m[1m^[22m[39m[31m[1m^[22m[39m[31m[1m^[22m[39m[31m[1m^[22m[39m[31m[1m^[22m[39m[31m[1m^[22m[39m[31m[1m^[22m[39m[31m[1m^[22m[39m[31m[1m^[22m[39m[31m[1m^[22m[39m[31m[1m^[22m[39m[31m[1m^[22m[39m[31m[1m^[22m[39m[31m[1m^[22m[39m[31m[1m^[22m[39m[31m[1m^[22m[39m[31m[1m^[22m[39m[31m[1m^[22m[39m[31m[1m^[22m[39m[31m[1m^[22m[39m[31m[1m^[22m[39m[31m[1m^[22m[39m[31m[1m^[22m[39m[31m[1m^[22m[39m[31m[1m^[22m[39m[31m[1m^[22m[39m[31m[1m^[22m[39m[31m[1m^[22m[39m[31m[1m^[22m[39m[31m[1m^[22m[39m[31m[1m^[22m[39m[31m[1m^[22m[39m[31m[1m^[22m[39m[31m[1m^[22m[39m[31m[1m^[22m[39m[31m[1m^[22m[39m[31m[1m^[22m[39m[31m[1m^[22m[39m[31m[1m^[22m[39m[31m[1m^[22m[39m[31m[1m^[22m[39m[31m[1m^[22m[39m[31m[1m^[22m[39m[31m[1m^[22m[39m[31m[1m^[22m[39m[31m[1m^[22m[39m[31m[1m^[22m[39m[31m[1m^[22m[39m[31m[1m^[22m[39m[31m[1m^[22m[39m[31m[1m^[22m[39m[31m[1m^[22m[39m[31m[1m^[22m[39m[31m[1m^[22m[39m[31m[1m^[22m[39m[31m[1m^[22m[39m[31m[1m^[22m[39m[31m[1m^[22m[39m[31m[1m^[22m[39m[31m[1m^[22m[39m[31m[1m^[22m[39m
 [90m  9 |[39m [36mimport[39m { [33mCTAPopupFormModal[39m } [36mfrom[39m [32m'@/components/cta-popups/cta-popup-form-modal'[39m[33m;[39m
 [90m 10 |[39m [36mimport[39m { [33mCTAPopupPreview[39m } [36mfrom[39m [32m'@/components/cta-popups/cta-popup-preview'[39m[33m;[39m
 [90m 11 |[39m [36mimport[39m type { [33mCTAPopupData[39m } [36mfrom[39m [32m'./actions'[39m[33m;[39m[0m

Import map: aliased to relative './src/components/cta-popups/cta-popup-table' inside of [project]/


Import trace:
  Server Component:
    ./src/app/(dashboard)/cta-popups/page-client.tsx
    ./src/app/(dashboard)/cta-popups/page.tsx

https://nextjs.org/docs/messages/module-not-found


./src/app/(dashboard)/menus/[id]/page.tsx:6:1
Module not found: Can't resolve '@/components/menus/menu-editor-client'
[0m [90m 4 |[39m [36mimport[39m { [33mLuArrowLeft[39m } [36mfrom[39m [32m'react-icons/lu'[39m[33m;[39m
 [90m 5 |[39m [36mimport[39m { getMenu } [36mfrom[39m [32m'../actions'[39m[33m;[39m
[31m[1m>[22m[39m[90m 6 |[39m [36mimport[39m { [33mMenuEditorClient[39m } [36mfrom[39m [32m'@/components/menus/menu-editor-client'[39m[33m;[39m
 [90m   |[39m [31m[1m^[22m[39m[31m[1m^[22m[39m[31m[1m^[22m[39m[31m[1m^[22m[39m[31m[1m^[22m[39m[31m[1m^[22m[39m[31m[1m^[22m[39m[31m[1m^[22m[39m[31m[1m^[22m[39m[31m[1m^[22m[39m[31m[1m^[22m[39m[31m[1m^[22m[39m[31m[1m^[22m[39m[31m[1m^[22m[39m[31m[1m^[22m[39m[31m[1m^[22m[39m[31m[1m^[22m[39m[31m[1m^[22m[39m[31m[1m^[22m[39m[31m[1m^[22m[39m[31m[1m^[22m[39m[31m[1m^[22m[39m[31m[1m^[22m[39m[31m[1m^[22m[39m[31m[1m^[22m[39m[31m[1m^[22m[39m[31m[1m^[22m[39m[31m[1m^[22m[39m[31m[1m^[22m[39m[31m[1m^[22m[39m[31m[1m^[22m[39m[31m[1m^[22m[39m[31m[1m^[22m[39m[31m[1m^[22m[39m[31m[1m^[22m[39m[31m[1m^[22m[39m[31m[1m^[22m[39m[31m[1m^[22m[39m[31m[1m^[22m[39m[31m[1m^[22m[39m[31m[1m^[22m[39m[31m[1m^[22m[39m[31m[1m^[22m[39m[31m[1m^[22m[39m[31m[1m^[22m[39m[31m[1m^[22m[39m[31m[1m^[22m[39m[31m[1m^[22m[39m[31m[1m^[22m[39m[31m[1m^[22m[39m[31m[1m^[22m[39m[31m[1m^[22m[39m[31m[1m^[22m[39m[31m[1m^[22m[39m[31m[1m^[22m[39m[31m[1m^[22m[39m[31m[1m^[22m[39m[31m[1m^[22m[39m[31m[1m^[22m[39m[31m[1m^[22m[39m[31m[1m^[22m[39m[31m[1m^[22m[39m[31m[1m^[22m[39m[31m[1m^[22m[39m[31m[1m^[22m[39m[31m[1m^[22m[39m[31m[1m^[22m[39m[31m[1m^[22m[39m[31m[1m^[22m[39m[31m[1m^[22m[39m[31m[1m^[22m[39m[31m[1m^[22m[39m[31m[1m^[22m[39m
 [90m 7 |[39m
 [90m 8 |[39m [36mexport[39m [36mconst[39m dynamic [33m=[39m [32m'force-dynamic'[39m[33m;[39m
 [90m 9 |[39m [36mexport[39m [36mconst[39m revalidate [33m=[39m [35m0[39m[33m;[39m[0m

Import map: aliased to relative './src/components/menus/menu-editor-client' inside of [project]/


https://nextjs.org/docs/messages/module-not-found


./src/app/(dashboard)/menus/menus-client.tsx:14:1
Module not found: Can't resolve '@/components/menus/menu-item-form'
[0m [90m 12 |[39m   [33mLuLayoutGrid[39m[33m,[39m
 [90m 13 |[39m } [36mfrom[39m [32m'react-icons/lu'[39m[33m;[39m
[31m[1m>[22m[39m[90m 14 |[39m [36mimport[39m { [33mMenuForm[39m } [36mfrom[39m [32m'@/components/menus/menu-item-form'[39m[33m;[39m
 [90m    |[39m [31m[1m^[22m[39m[31m[1m^[22m[39m[31m[1m^[22m[39m[31m[1m^[22m[39m[31m[1m^[22m[39m[31m[1m^[22m[39m[31m[1m^[22m[39m[31m[1m^[22m[39m[31m[1m^[22m[39m[31m[1m^[22m[39m[31m[1m^[22m[39m[31m[1m^[22m[39m[31m[1m^[22m[39m[31m[1m^[22m[39m[31m[1m^[22m[39m[31m[1m^[22m[39m[31m[1m^[22m[39m[31m[1m^[22m[39m[31m[1m^[22m[39m[31m[1m^[22m[39m[31m[1m^[22m[39m[31m[1m^[22m[39m[31m[1m^[22m[39m[31m[1m^[22m[39m[31m[1m^[22m[39m[31m[1m^[22m[39m[31m[1m^[22m[39m[31m[1m^[22m[39m[31m[1m^[22m[39m[31m[1m^[22m[39m[31m[1m^[22m[39m[31m[1m^[22m[39m[31m[1m^[22m[39m[31m[1m^[22m[39m[31m[1m^[22m[39m[31m[1m^[22m[39m[31m[1m^[22m[39m[31m[1m^[22m[39m[31m[1m^[22m[39m[31m[1m^[22m[39m[31m[1m^[22m[39m[31m[1m^[22m[39m[31m[1m^[22m[39m[31m[1m^[22m[39m[31m[1m^[22m[39m[31m[1m^[22m[39m[31m[1m^[22m[39m[31m[1m^[22m[39m[31m[1m^[22m[39m[31m[1m^[22m[39m[31m[1m^[22m[39m[31m[1m^[22m[39m[31m[1m^[22m[39m[31m[1m^[22m[39m[31m[1m^[22m[39m[31m[1m^[22m[39m[31m[1m^[22m[39m[31m[1m^[22m[39m[31m[1m^[22m[39m[31m[1m^[22m[39m[31m[1m^[22m[39m
 [90m 15 |[39m [36mimport[39m { [33mMenuItemFormModal[39m } [36mfrom[39m [32m'@/components/menus/menu-item-form-modal'[39m[33m;[39m
 [90m 16 |[39m [36mimport[39m { [33mMenuTree[39m } [36mfrom[39m [32m'@/components/menus/menu-tree'[39m[33m;[39m
 [90m 17 |[39m [36mimport[39m { cn } [36mfrom[39m [32m'@/lib/utils'[39m[33m;[39m[0m

Import map: aliased to relative './src/components/menus/menu-item-form' inside of [project]/


Import trace:
  Server Component:
    ./src/app/(dashboard)/menus/menus-client.tsx
    ./src/app/(dashboard)/menus/page.tsx

https://nextjs.org/docs/messages/module-not-found


./src/app/(dashboard)/menus/menus-client.tsx:15:1
Module not found: Can't resolve '@/components/menus/menu-item-form-modal'
[0m [90m 13 |[39m } [36mfrom[39m [32m'react-icons/lu'[39m[33m;[39m
 [90m 14 |[39m [36mimport[39m { [33mMenuForm[39m } [36mfrom[39m [32m'@/components/menus/menu-item-form'[39m[33m;[39m
[31m[1m>[22m[39m[90m 15 |[39m [36mimport[39m { [33mMenuItemFormModal[39m } [36mfrom[39m [32m'@/components/menus/menu-item-form-modal'[39m[33m;[39m
 [90m    |[39m [31m[1m^[22m[39m[31m[1m^[22m[39m[31m[1m^[22m[39m[31m[1m^[22m[39m[31m[1m^[22m[39m[31m[1m^[22m[39m[31m[1m^[22m[39m[31m[1m^[22m[39m[31m[1m^[22m[39m[31m[1m^[22m[39m[31m[1m^[22m[39m[31m[1m^[22m[39m[31m[1m^[22m[39m[31m[1m^[22m[39m[31m[1m^[22m[39m[31m[1m^[22m[39m[31m[1m^[22m[39m[31m[1m^[22m[39m[31m[1m^[22m[39m[31m[1m^[22m[39m[31m[1m^[22m[39m[31m[1m^[22m[39m[31m[1m^[22m[39m[31m[1m^[22m[39m[31m[1m^[22m[39m[31m[1m^[22m[39m[31m[1m^[22m[39m[31m[1m^[22m[39m[31m[1m^[22m[39m[31m[1m^[22m[39m[31m[1m^[22m[39m[31m[1m^[22m[39m[31m[1m^[22m[39m[31m[1m^[22m[39m[31m[1m^[22m[39m[31m[1m^[22m[39m[31m[1m^[22m[39m[31m[1m^[22m[39m[31m[1m^[22m[39m[31m[1m^[22m[39m[31m[1m^[22m[39m[31m[1m^[22m[39m[31m[1m^[22m[39m[31m[1m^[22m[39m[31m[1m^[22m[39m[31m[1m^[22m[39m[31m[1m^[22m[39m[31m[1m^[22m[39m[31m[1m^[22m[39m[31m[1m^[22m[39m[31m[1m^[22m[39m[31m[1m^[22m[39m[31m[1m^[22m[39m[31m[1m^[22m[39m[31m[1m^[22m[39m[31m[1m^[22m[39m[31m[1m^[22m[39m[31m[1m^[22m[39m[31m[1m^[22m[39m[31m[1m^[22m[39m[31m[1m^[22m[39m[31m[1m^[22m[39m[31m[1m^[22m[39m[31m[1m^[22m[39m[31m[1m^[22m[39m[31m[1m^[22m[39m[31m[1m^[22m[39m[31m[1m^[22m[39m[31m[1m^[22m[39m[31m[1m^[22m[39m[31m[1m^[22m[39m[31m[1m^[22m[39m[31m[1m^[22m[39m[31m[1m^[22m[39m[31m[1m^[22m[39m[31m[1m^[22m[39m
 [90m 16 |[39m [36mimport[39m { [33mMenuTree[39m } [36mfrom[39m [32m'@/components/menus/menu-tree'[39m[33m;[39m
 [90m 17 |[39m [36mimport[39m { cn } [36mfrom[39m [32m'@/lib/utils'[39m[33m;[39m
 [90m 18 |[39m [36mimport[39m { createMenu[33m,[39m updateMenu[33m,[39m deleteMenu } [36mfrom[39m [32m'./actions'[39m[33m;[39m[0m

Import map: aliased to relative './src/components/menus/menu-item-form-modal' inside of [project]/


Import trace:
  Server Component:
    ./src/app/(dashboard)/menus/menus-client.tsx
    ./src/app/(dashboard)/menus/page.tsx

https://nextjs.org/docs/messages/module-not-found


./src/app/(dashboard)/menus/menus-client.tsx:16:1
Module not found: Can't resolve '@/components/menus/menu-tree'
[0m [90m 14 |[39m [36mimport[39m { [33mMenuForm[39m } [36mfrom[39m [32m'@/components/menus/menu-item-form'[39m[33m;[39m
 [90m 15 |[39m [36mimport[39m { [33mMenuItemFormModal[39m } [36mfrom[39m [32m'@/components/menus/menu-item-form-modal'[39m[33m;[39m
[31m[1m>[22m[39m[90m 16 |[39m [36mimport[39m { [33mMenuTree[39m } [36mfrom[39m [32m'@/components/menus/menu-tree'[39m[33m;[39m
 [90m    |[39m [31m[1m^[22m[39m[31m[1m^[22m[39m[31m[1m^[22m[39m[31m[1m^[22m[39m[31m[1m^[22m[39m[31m[1m^[22m[39m[31m[1m^[22m[39m[31m[1m^[22m[39m[31m[1m^[22m[39m[31m[1m^[22m[39m[31m[1m^[22m[39m[31m[1m^[22m[39m[31m[1m^[22m[39m[31m[1m^[22m[39m[31m[1m^[22m[39m[31m[1m^[22m[39m[31m[1m^[22m[39m[31m[1m^[22m[39m[31m[1m^[22m[39m[31m[1m^[22m[39m[31m[1m^[22m[39m[31m[1m^[22m[39m[31m[1m^[22m[39m[31m[1m^[22m[39m[31m[1m^[22m[39m[31m[1m^[22m[39m[31m[1m^[22m[39m[31m[1m^[22m[39m[31m[1m^[22m[39m[31m[1m^[22m[39m[31m[1m^[22m[39m[31m[1m^[22m[39m[31m[1m^[22m[39m[31m[1m^[22m[39m[31m[1m^[22m[39m[31m[1m^[22m[39m[31m[1m^[22m[39m[31m[1m^[22m[39m[31m[1m^[22m[39m[31m[1m^[22m[39m[31m[1m^[22m[39m[31m[1m^[22m[39m[31m[1m^[22m[39m[31m[1m^[22m[39m[31m[1m^[22m[39m[31m[1m^[22m[39m[31m[1m^[22m[39m[31m[1m^[22m[39m[31m[1m^[22m[39m[31m[1m^[22m[39m[31m[1m^[22m[39m[31m[1m^[22m[39m[31m[1m^[22m[39m[31m[1m^[22m[39m[31m[1m^[22m[39m[31m[1m^[22m[39m
 [90m 17 |[39m [36mimport[39m { cn } [36mfrom[39m [32m'@/lib/utils'[39m[33m;[39m
 [90m 18 |[39m [36mimport[39m { createMenu[33m,[39m updateMenu[33m,[39m deleteMenu } [36mfrom[39m [32m'./actions'[39m[33m;[39m
 [90m 19 |[39m [36mimport[39m type { [33mMenu[39m[33m,[39m [33mMenuItem[39m } [36mfrom[39m [32m'./actions'[39m[33m;[39m[0m

Import map: aliased to relative './src/components/menus/menu-tree' inside of [project]/


Import trace:
  Server Component:
    ./src/app/(dashboard)/menus/menus-client.tsx
    ./src/app/(dashboard)/menus/page.tsx

https://nextjs.org/docs/messages/module-not-found


./src/app/(dashboard)/pages/[id]/page.tsx:6:1
Module not found: Can't resolve '@/components/pages/page-form'
[0m [90m 4 |[39m [36mimport[39m { useRouter } [36mfrom[39m [32m'next/navigation'[39m[33m;[39m
 [90m 5 |[39m [36mimport[39m [33mLink[39m [36mfrom[39m [32m'next/link'[39m[33m;[39m
[31m[1m>[22m[39m[90m 6 |[39m [36mimport[39m { [33mPageForm[39m[33m,[39m type [33mPageFormData[39m } [36mfrom[39m [32m'@/components/pages/page-form'[39m[33m;[39m
 [90m   |[39m [31m[1m^[22m[39m[31m[1m^[22m[39m[31m[1m^[22m[39m[31m[1m^[22m[39m[31m[1m^[22m[39m[31m[1m^[22m[39m[31m[1m^[22m[39m[31m[1m^[22m[39m[31m[1m^[22m[39m[31m[1m^[22m[39m[31m[1m^[22m[39m[31m[1m^[22m[39m[31m[1m^[22m[39m[31m[1m^[22m[39m[31m[1m^[22m[39m[31m[1m^[22m[39m[31m[1m^[22m[39m[31m[1m^[22m[39m[31m[1m^[22m[39m[31m[1m^[22m[39m[31m[1m^[22m[39m[31m[1m^[22m[39m[31m[1m^[22m[39m[31m[1m^[22m[39m[31m[1m^[22m[39m[31m[1m^[22m[39m[31m[1m^[22m[39m[31m[1m^[22m[39m[31m[1m^[22m[39m[31m[1m^[22m[39m[31m[1m^[22m[39m[31m[1m^[22m[39m[31m[1m^[22m[39m[31m[1m^[22m[39m[31m[1m^[22m[39m[31m[1m^[22m[39m[31m[1m^[22m[39m[31m[1m^[22m[39m[31m[1m^[22m[39m[31m[1m^[22m[39m[31m[1m^[22m[39m[31m[1m^[22m[39m[31m[1m^[22m[39m[31m[1m^[22m[39m[31m[1m^[22m[39m[31m[1m^[22m[39m[31m[1m^[22m[39m[31m[1m^[22m[39m[31m[1m^[22m[39m[31m[1m^[22m[39m[31m[1m^[22m[39m[31m[1m^[22m[39m[31m[1m^[22m[39m[31m[1m^[22m[39m[31m[1m^[22m[39m[31m[1m^[22m[39m[31m[1m^[22m[39m[31m[1m^[22m[39m[31m[1m^[22m[39m[31m[1m^[22m[39m[31m[1m^[22m[39m[31m[1m^[22m[39m[31m[1m^[22m[39m[31m[1m^[22m[39m[31m[1m^[22m[39m[31m[1m^[22m[39m[31m[1m^[22m[39m[31m[1m^[22m[39m[31m[1m^[22m[39m[31m[1m^[22m[39m[31m[1m^[22m[39m[31m[1m^[22m[39m[31m[1m^[22m[39m[31m[1m^[22m[39m[31m[1m^[22m[39m
 [90m 7 |[39m [36mimport[39m { updatePage[33m,[39m type [33mPageActionResponse[39m } [36mfrom[39m [32m'@/app/actions/pages'[39m[33m;[39m
 [90m 8 |[39m [36mimport[39m { useEffectEventHandler } [36mfrom[39m [32m'@/lib/hooks/useEffectEventHandler'[39m[33m;[39m
 [90m 9 |[39m[0m

Import map: aliased to relative './src/components/pages/page-form' inside of [project]/


Import traces:
  Client Component Browser:
    ./src/app/(dashboard)/pages/[id]/page.tsx [Client Component Browser]
    ./src/app/(dashboard)/pages/[id]/page.tsx [Server Component]

  Client Component SSR:
    ./src/app/(dashboard)/pages/[id]/page.tsx [Client Component SSR]
    ./src/app/(dashboard)/pages/[id]/page.tsx [Server Component]

https://nextjs.org/docs/messages/module-not-found


./src/app/(dashboard)/pages/new/page.tsx:6:1
Module not found: Can't resolve '@/components/pages/page-form'
[0m [90m 4 |[39m [36mimport[39m { useRouter } [36mfrom[39m [32m'next/navigation'[39m[33m;[39m
 [90m 5 |[39m [36mimport[39m [33mLink[39m [36mfrom[39m [32m'next/link'[39m[33m;[39m
[31m[1m>[22m[39m[90m 6 |[39m [36mimport[39m { [33mPageForm[39m[33m,[39m type [33mPageFormData[39m } [36mfrom[39m [32m'@/components/pages/page-form'[39m[33m;[39m
 [90m   |[39m [31m[1m^[22m[39m[31m[1m^[22m[39m[31m[1m^[22m[39m[31m[1m^[22m[39m[31m[1m^[22m[39m[31m[1m^[22m[39m[31m[1m^[22m[39m[31m[1m^[22m[39m[31m[1m^[22m[39m[31m[1m^[22m[39m[31m[1m^[22m[39m[31m[1m^[22m[39m[31m[1m^[22m[39m[31m[1m^[22m[39m[31m[1m^[22m[39m[31m[1m^[22m[39m[31m[1m^[22m[39m[31m[1m^[22m[39m[31m[1m^[22m[39m[31m[1m^[22m[39m[31m[1m^[22m[39m[31m[1m^[22m[39m[31m[1m^[22m[39m[31m[1m^[22m[39m[31m[1m^[22m[39m[31m[1m^[22m[39m[31m[1m^[22m[39m[31m[1m^[22m[39m[31m[1m^[22m[39m[31m[1m^[22m[39m[31m[1m^[22m[39m[31m[1m^[22m[39m[31m[1m^[22m[39m[31m[1m^[22m[39m[31m[1m^[22m[39m[31m[1m^[22m[39m[31m[1m^[22m[39m[31m[1m^[22m[39m[31m[1m^[22m[39m[31m[1m^[22m[39m[31m[1m^[22m[39m[31m[1m^[22m[39m[31m[1m^[22m[39m[31m[1m^[22m[39m[31m[1m^[22m[39m[31m[1m^[22m[39m[31m[1m^[22m[39m[31m[1m^[22m[39m[31m[1m^[22m[39m[31m[1m^[22m[39m[31m[1m^[22m[39m[31m[1m^[22m[39m[31m[1m^[22m[39m[31m[1m^[22m[39m[31m[1m^[22m[39m[31m[1m^[22m[39m[31m[1m^[22m[39m[31m[1m^[22m[39m[31m[1m^[22m[39m[31m[1m^[22m[39m[31m[1m^[22m[39m[31m[1m^[22m[39m[31m[1m^[22m[39m[31m[1m^[22m[39m[31m[1m^[22m[39m[31m[1m^[22m[39m[31m[1m^[22m[39m[31m[1m^[22m[39m[31m[1m^[22m[39m[31m[1m^[22m[39m[31m[1m^[22m[39m[31m[1m^[22m[39m[31m[1m^[22m[39m[31m[1m^[22m[39m[31m[1m^[22m[39m
 [90m 7 |[39m [36mimport[39m { createPage[33m,[39m type [33mPageActionResponse[39m } [36mfrom[39m [32m'@/app/actions/pages'[39m[33m;[39m
 [90m 8 |[39m [36mimport[39m { useEffectEventHandler } [36mfrom[39m [32m'@/lib/hooks/useEffectEventHandler'[39m[33m;[39m
 [90m 9 |[39m[0m

Import map: aliased to relative './src/components/pages/page-form' inside of [project]/


Import traces:
  Client Component Browser:
    ./src/app/(dashboard)/pages/new/page.tsx [Client Component Browser]
    ./src/app/(dashboard)/pages/new/page.tsx [Server Component]

  Client Component SSR:
    ./src/app/(dashboard)/pages/new/page.tsx [Client Component SSR]
    ./src/app/(dashboard)/pages/new/page.tsx [Server Component]

https://nextjs.org/docs/messages/module-not-found


./src/app/(dashboard)/pages/page.tsx:10:1
Module not found: Can't resolve '@/components/pages/page-form-modal'
[0m [90m  8 |[39m [36mimport[39m { [33mTextRoll[39m } [36mfrom[39m [32m'@/components/core/text-roll'[39m[33m;[39m
 [90m  9 |[39m [36mimport[39m { [33mPaginationControls[39m } [36mfrom[39m [32m'@/components/ui/pagination-controls'[39m[33m;[39m
[31m[1m>[22m[39m[90m 10 |[39m [36mimport[39m { [33mPageFormModal[39m } [36mfrom[39m [32m'@/components/pages/page-form-modal'[39m[33m;[39m
 [90m    |[39m [31m[1m^[22m[39m[31m[1m^[22m[39m[31m[1m^[22m[39m[31m[1m^[22m[39m[31m[1m^[22m[39m[31m[1m^[22m[39m[31m[1m^[22m[39m[31m[1m^[22m[39m[31m[1m^[22m[39m[31m[1m^[22m[39m[31m[1m^[22m[39m[31m[1m^[22m[39m[31m[1m^[22m[39m[31m[1m^[22m[39m[31m[1m^[22m[39m[31m[1m^[22m[39m[31m[1m^[22m[39m[31m[1m^[22m[39m[31m[1m^[22m[39m[31m[1m^[22m[39m[31m[1m^[22m[39m[31m[1m^[22m[39m[31m[1m^[22m[39m[31m[1m^[22m[39m[31m[1m^[22m[39m[31m[1m^[22m[39m[31m[1m^[22m[39m[31m[1m^[22m[39m[31m[1m^[22m[39m[31m[1m^[22m[39m[31m[1m^[22m[39m[31m[1m^[22m[39m[31m[1m^[22m[39m[31m[1m^[22m[39m[31m[1m^[22m[39m[31m[1m^[22m[39m[31m[1m^[22m[39m[31m[1m^[22m[39m[31m[1m^[22m[39m[31m[1m^[22m[39m[31m[1m^[22m[39m[31m[1m^[22m[39m[31m[1m^[22m[39m[31m[1m^[22m[39m[31m[1m^[22m[39m[31m[1m^[22m[39m[31m[1m^[22m[39m[31m[1m^[22m[39m[31m[1m^[22m[39m[31m[1m^[22m[39m[31m[1m^[22m[39m[31m[1m^[22m[39m[31m[1m^[22m[39m[31m[1m^[22m[39m[31m[1m^[22m[39m[31m[1m^[22m[39m[31m[1m^[22m[39m[31m[1m^[22m[39m[31m[1m^[22m[39m[31m[1m^[22m[39m[31m[1m^[22m[39m[31m[1m^[22m[39m[31m[1m^[22m[39m[31m[1m^[22m[39m[31m[1m^[22m[39m[31m[1m^[22m[39m[31m[1m^[22m[39m
 [90m 11 |[39m [36mimport[39m { 
 [90m 12 |[39m   deletePage[33m,[39m 
 [90m 13 |[39m   deletePagesBulk[33m,[39m[0m

Import map: aliased to relative './src/components/pages/page-form-modal' inside of [project]/


Import traces:
  Client Component Browser:
    ./src/app/(dashboard)/pages/page.tsx [Client Component Browser]
    ./src/app/(dashboard)/pages/page.tsx [Server Component]

  Client Component SSR:
    ./src/app/(dashboard)/pages/page.tsx [Client Component SSR]
    ./src/app/(dashboard)/pages/page.tsx [Server Component]

https://nextjs.org/docs/messages/module-not-found


./src/app/(dashboard)/pages/page.tsx:7:1
Module not found: Can't resolve '@/components/pages/page-table'
[0m [90m  5 |[39m [36mimport[39m { [33mLuLoader[39m[33m,[39m [33mLuFilter[39m[33m,[39m [33mLuSearch[39m[33m,[39m [33mLuFileText[39m[33m,[39m [33mLuCheck[39m[33m,[39m [33mLuClock[39m[33m,[39m [33mLuArchive[39m } [36mfrom[39m [32m'react-icons/lu'[39m[33m;[39m
 [90m  6 |[39m [36mimport[39m { cn } [36mfrom[39m [32m'@/lib/utils'[39m[33m;[39m
[31m[1m>[22m[39m[90m  7 |[39m [36mimport[39m { [33mPageTable[39m[33m,[39m type [33mPage[39m } [36mfrom[39m [32m'@/components/pages/page-table'[39m[33m;[39m
 [90m    |[39m [31m[1m^[22m[39m[31m[1m^[22m[39m[31m[1m^[22m[39m[31m[1m^[22m[39m[31m[1m^[22m[39m[31m[1m^[22m[39m[31m[1m^[22m[39m[31m[1m^[22m[39m[31m[1m^[22m[39m[31m[1m^[22m[39m[31m[1m^[22m[39m[31m[1m^[22m[39m[31m[1m^[22m[39m[31m[1m^[22m[39m[31m[1m^[22m[39m[31m[1m^[22m[39m[31m[1m^[22m[39m[31m[1m^[22m[39m[31m[1m^[22m[39m[31m[1m^[22m[39m[31m[1m^[22m[39m[31m[1m^[22m[39m[31m[1m^[22m[39m[31m[1m^[22m[39m[31m[1m^[22m[39m[31m[1m^[22m[39m[31m[1m^[22m[39m[31m[1m^[22m[39m[31m[1m^[22m[39m[31m[1m^[22m[39m[31m[1m^[22m[39m[31m[1m^[22m[39m[31m[1m^[22m[39m[31m[1m^[22m[39m[31m[1m^[22m[39m[31m[1m^[22m[39m[31m[1m^[22m[39m[31m[1m^[22m[39m[31m[1m^[22m[39m[31m[1m^[22m[39m[31m[1m^[22m[39m[31m[1m^[22m[39m[31m[1m^[22m[39m[31m[1m^[22m[39m[31m[1m^[22m[39m[31m[1m^[22m[39m[31m[1m^[22m[39m[31m[1m^[22m[39m[31m[1m^[22m[39m[31m[1m^[22m[39m[31m[1m^[22m[39m[31m[1m^[22m[39m[31m[1m^[22m[39m[31m[1m^[22m[39m[31m[1m^[22m[39m[31m[1m^[22m[39m[31m[1m^[22m[39m[31m[1m^[22m[39m[31m[1m^[22m[39m[31m[1m^[22m[39m[31m[1m^[22m[39m[31m[1m^[22m[39m[31m[1m^[22m[39m[31m[1m^[22m[39m[31m[1m^[22m[39m[31m[1m^[22m[39m[31m[1m^[22m[39m[31m[1m^[22m[39m[31m[1m^[22m[39m
 [90m  8 |[39m [36mimport[39m { [33mTextRoll[39m } [36mfrom[39m [32m'@/components/core/text-roll'[39m[33m;[39m
 [90m  9 |[39m [36mimport[39m { [33mPaginationControls[39m } [36mfrom[39m [32m'@/components/ui/pagination-controls'[39m[33m;[39m
 [90m 10 |[39m [36mimport[39m { [33mPageFormModal[39m } [36mfrom[39m [32m'@/components/pages/page-form-modal'[39m[33m;[39m[0m

Import map: aliased to relative './src/components/pages/page-table' inside of [project]/


Import traces:
  Client Component Browser:
    ./src/app/(dashboard)/pages/page.tsx [Client Component Browser]
    ./src/app/(dashboard)/pages/page.tsx [Server Component]

  Client Component SSR:
    ./src/app/(dashboard)/pages/page.tsx [Client Component SSR]
    ./src/app/(dashboard)/pages/page.tsx [Server Component]

https://nextjs.org/docs/messages/module-not-found


./src/app/(dashboard)/users/page-client.tsx:9:1
Module not found: Can't resolve '@/components/users/user-form-modal'
[0m [90m  7 |[39m [36mimport[39m { cn } [36mfrom[39m [32m'@/lib/utils'[39m[33m;[39m
 [90m  8 |[39m [36mimport[39m { [33mUserTable[39m } [36mfrom[39m [32m'@/components/users/user-table'[39m[33m;[39m
[31m[1m>[22m[39m[90m  9 |[39m [36mimport[39m { [33mUserFormModal[39m } [36mfrom[39m [32m'@/components/users/user-form-modal'[39m[33m;[39m
 [90m    |[39m [31m[1m^[22m[39m[31m[1m^[22m[39m[31m[1m^[22m[39m[31m[1m^[22m[39m[31m[1m^[22m[39m[31m[1m^[22m[39m[31m[1m^[22m[39m[31m[1m^[22m[39m[31m[1m^[22m[39m[31m[1m^[22m[39m[31m[1m^[22m[39m[31m[1m^[22m[39m[31m[1m^[22m[39m[31m[1m^[22m[39m[31m[1m^[22m[39m[31m[1m^[22m[39m[31m[1m^[22m[39m[31m[1m^[22m[39m[31m[1m^[22m[39m[31m[1m^[22m[39m[31m[1m^[22m[39m[31m[1m^[22m[39m[31m[1m^[22m[39m[31m[1m^[22m[39m[31m[1m^[22m[39m[31m[1m^[22m[39m[31m[1m^[22m[39m[31m[1m^[22m[39m[31m[1m^[22m[39m[31m[1m^[22m[39m[31m[1m^[22m[39m[31m[1m^[22m[39m[31m[1m^[22m[39m[31m[1m^[22m[39m[31m[1m^[22m[39m[31m[1m^[22m[39m[31m[1m^[22m[39m[31m[1m^[22m[39m[31m[1m^[22m[39m[31m[1m^[22m[39m[31m[1m^[22m[39m[31m[1m^[22m[39m[31m[1m^[22m[39m[31m[1m^[22m[39m[31m[1m^[22m[39m[31m[1m^[22m[39m[31m[1m^[22m[39m[31m[1m^[22m[39m[31m[1m^[22m[39m[31m[1m^[22m[39m[31m[1m^[22m[39m[31m[1m^[22m[39m[31m[1m^[22m[39m[31m[1m^[22m[39m[31m[1m^[22m[39m[31m[1m^[22m[39m[31m[1m^[22m[39m[31m[1m^[22m[39m[31m[1m^[22m[39m[31m[1m^[22m[39m[31m[1m^[22m[39m[31m[1m^[22m[39m[31m[1m^[22m[39m[31m[1m^[22m[39m[31m[1m^[22m[39m[31m[1m^[22m[39m[31m[1m^[22m[39m
 [90m 10 |[39m [36mimport[39m { [33mTextRoll[39m } [36mfrom[39m [32m'@/components/core/text-roll'[39m[33m;[39m
 [90m 11 |[39m [36mimport[39m { [33mPaginationControls[39m } [36mfrom[39m [32m'@/components/ui/pagination-controls'[39m[33m;[39m
 [90m 12 |[39m [36mimport[39m type { [33mUserData[39m } [36mfrom[39m [32m'./actions'[39m[33m;[39m[0m

Import map: aliased to relative './src/components/users/user-form-modal' inside of [project]/


Import trace:
  Server Component:
    ./src/app/(dashboard)/users/page-client.tsx
    ./src/app/(dashboard)/users/page.tsx

https://nextjs.org/docs/messages/module-not-found


./src/app/(dashboard)/users/page-client.tsx:8:1
Module not found: Can't resolve '@/components/users/user-table'
[0m [90m  6 |[39m [36mimport[39m { useRouter[33m,[39m useSearchParams } [36mfrom[39m [32m'next/navigation'[39m[33m;[39m
 [90m  7 |[39m [36mimport[39m { cn } [36mfrom[39m [32m'@/lib/utils'[39m[33m;[39m
[31m[1m>[22m[39m[90m  8 |[39m [36mimport[39m { [33mUserTable[39m } [36mfrom[39m [32m'@/components/users/user-table'[39m[33m;[39m
 [90m    |[39m [31m[1m^[22m[39m[31m[1m^[22m[39m[31m[1m^[22m[39m[31m[1m^[22m[39m[31m[1m^[22m[39m[31m[1m^[22m[39m[31m[1m^[22m[39m[31m[1m^[22m[39m[31m[1m^[22m[39m[31m[1m^[22m[39m[31m[1m^[22m[39m[31m[1m^[22m[39m[31m[1m^[22m[39m[31m[1m^[22m[39m[31m[1m^[22m[39m[31m[1m^[22m[39m[31m[1m^[22m[39m[31m[1m^[22m[39m[31m[1m^[22m[39m[31m[1m^[22m[39m[31m[1m^[22m[39m[31m[1m^[22m[39m[31m[1m^[22m[39m[31m[1m^[22m[39m[31m[1m^[22m[39m[31m[1m^[22m[39m[31m[1m^[22m[39m[31m[1m^[22m[39m[31m[1m^[22m[39m[31m[1m^[22m[39m[31m[1m^[22m[39m[31m[1m^[22m[39m[31m[1m^[22m[39m[31m[1m^[22m[39m[31m[1m^[22m[39m[31m[1m^[22m[39m[31m[1m^[22m[39m[31m[1m^[22m[39m[31m[1m^[22m[39m[31m[1m^[22m[39m[31m[1m^[22m[39m[31m[1m^[22m[39m[31m[1m^[22m[39m[31m[1m^[22m[39m[31m[1m^[22m[39m[31m[1m^[22m[39m[31m[1m^[22m[39m[31m[1m^[22m[39m[31m[1m^[22m[39m[31m[1m^[22m[39m[31m[1m^[22m[39m[31m[1m^[22m[39m[31m[1m^[22m[39m[31m[1m^[22m[39m[31m[1m^[22m[39m[31m[1m^[22m[39m[31m[1m^[22m[39m[31m[1m^[22m[39m
 [90m  9 |[39m [36mimport[39m { [33mUserFormModal[39m } [36mfrom[39m [32m'@/components/users/user-form-modal'[39m[33m;[39m
 [90m 10 |[39m [36mimport[39m { [33mTextRoll[39m } [36mfrom[39m [32m'@/components/core/text-roll'[39m[33m;[39m
 [90m 11 |[39m [36mimport[39m { [33mPaginationControls[39m } [36mfrom[39m [32m'@/components/ui/pagination-controls'[39m[33m;[39m[0m

Import map: aliased to relative './src/components/users/user-table' inside of [project]/


Import trace:
  Server Component:
    ./src/app/(dashboard)/users/page-client.tsx
    ./src/app/(dashboard)/users/page.tsx

https://nextjs.org/docs/messages/module-not-found


./src/lib/db.ts:1:1
Module not found: Can't resolve '@/generated/client'
[0m[31m[1m>[22m[39m[90m 1 |[39m [36mimport[39m { [33mPrismaClient[39m } [36mfrom[39m [32m'@/generated/client'[39m[33m;[39m
 [90m   |[39m [31m[1m^[22m[39m[31m[1m^[22m[39m[31m[1m^[22m[39m[31m[1m^[22m[39m[31m[1m^[22m[39m[31m[1m^[22m[39m[31m[1m^[22m[39m[31m[1m^[22m[39m[31m[1m^[22m[39m[31m[1m^[22m[39m[31m[1m^[22m[39m[31m[1m^[22m[39m[31m[1m^[22m[39m[31m[1m^[22m[39m[31m[1m^[22m[39m[31m[1m^[22m[39m[31m[1m^[22m[39m[31m[1m^[22m[39m[31m[1m^[22m[39m[31m[1m^[22m[39m[31m[1m^[22m[39m[31m[1m^[22m[39m[31m[1m^[22m[39m[31m[1m^[22m[39m[31m[1m^[22m[39m[31m[1m^[22m[39m[31m[1m^[22m[39m[31m[1m^[22m[39m[31m[1m^[22m[39m[31m[1m^[22m[39m[31m[1m^[22m[39m[31m[1m^[22m[39m[31m[1m^[22m[39m[31m[1m^[22m[39m[31m[1m^[22m[39m[31m[1m^[22m[39m[31m[1m^[22m[39m[31m[1m^[22m[39m[31m[1m^[22m[39m[31m[1m^[22m[39m[31m[1m^[22m[39m[31m[1m^[22m[39m[31m[1m^[22m[39m[31m[1m^[22m[39m[31m[1m^[22m[39m[31m[1m^[22m[39m[31m[1m^[22m[39m[31m[1m^[22m[39m[31m[1m^[22m[39m[31m[1m^[22m[39m
 [90m 2 |[39m
 [90m 3 |[39m [36mconst[39m globalForPrisma [33m=[39m global [36mas[39m unknown [36mas[39m { prisma[33m:[39m [33mPrismaClient[39m }[33m;[39m
 [90m 4 |[39m[0m

Import map: aliased to relative './src/generated/client' inside of [project]/


Import traces:
  #1 [Server Component]:
    ./src/lib/db.ts
    ./src/app/admin/users/actions.ts

  #2 [Server Component]:
    ./src/lib/db.ts
    ./src/app/(dashboard)/categories/actions.ts
    ./src/app/(dashboard)/categories/page.tsx

https://nextjs.org/docs/messages/module-not-found


./src/app/auth/callback/route.ts:3:1
Module not found: Can't resolve '@/utils/supabase/server'
[0m [90m 1 |[39m [36mimport[39m { type [33mEmailOtpType[39m } [36mfrom[39m [32m'@supabase/supabase-js'[39m
 [90m 2 |[39m [36mimport[39m { type [33mNextRequest[39m[33m,[39m [33mNextResponse[39m } [36mfrom[39m [32m'next/server'[39m
[31m[1m>[22m[39m[90m 3 |[39m [36mimport[39m { createClient } [36mfrom[39m [32m'@/utils/supabase/server'[39m
 [90m   |[39m [31m[1m^[22m[39m[31m[1m^[22m[39m[31m[1m^[22m[39m[31m[1m^[22m[39m[31m[1m^[22m[39m[31m[1m^[22m[39m[31m[1m^[22m[39m[31m[1m^[22m[39m[31m[1m^[22m[39m[31m[1m^[22m[39m[31m[1m^[22m[39m[31m[1m^[22m[39m[31m[1m^[22m[39m[31m[1m^[22m[39m[31m[1m^[22m[39m[31m[1m^[22m[39m[31m[1m^[22m[39m[31m[1m^[22m[39m[31m[1m^[22m[39m[31m[1m^[22m[39m[31m[1m^[22m[39m[31m[1m^[22m[39m[31m[1m^[22m[39m[31m[1m^[22m[39m[31m[1m^[22m[39m[31m[1m^[22m[39m[31m[1m^[22m[39m[31m[1m^[22m[39m[31m[1m^[22m[39m[31m[1m^[22m[39m[31m[1m^[22m[39m[31m[1m^[22m[39m[31m[1m^[22m[39m[31m[1m^[22m[39m[31m[1m^[22m[39m[31m[1m^[22m[39m[31m[1m^[22m[39m[31m[1m^[22m[39m[31m[1m^[22m[39m[31m[1m^[22m[39m[31m[1m^[22m[39m[31m[1m^[22m[39m[31m[1m^[22m[39m[31m[1m^[22m[39m[31m[1m^[22m[39m[31m[1m^[22m[39m[31m[1m^[22m[39m[31m[1m^[22m[39m[31m[1m^[22m[39m[31m[1m^[22m[39m[31m[1m^[22m[39m[31m[1m^[22m[39m[31m[1m^[22m[39m[31m[1m^[22m[39m
 [90m 4 |[39m
 [90m 5 |[39m [36mexport[39m [36masync[39m [36mfunction[39m [33mGET[39m(request[33m:[39m [33mNextRequest[39m) {
 [90m 6 |[39m     [36mconst[39m { searchParams } [33m=[39m [36mnew[39m [33mURL[39m(request[33m.[39murl)[0m

Import map: aliased to relative './src/utils/supabase/server' inside of [project]/


https://nextjs.org/docs/messages/module-not-found


./src/components/image-galleries/gallery-image-manager.tsx:4:1
Module not found: Can't resolve '@dnd-kit/core'
[0m [90m  2 |[39m
 [90m  3 |[39m [36mimport[39m { useState[33m,[39m useRef } [36mfrom[39m [32m'react'[39m[33m;[39m
[31m[1m>[22m[39m[90m  4 |[39m [36mimport[39m {
 [90m    |[39m [31m[1m^[22m[39m[31m[1m^[22m[39m[31m[1m^[22m[39m[31m[1m^[22m[39m[31m[1m^[22m[39m[31m[1m^[22m[39m[31m[1m^[22m[39m[31m[1m^[22m[39m
[31m[1m>[22m[39m[90m  5 |[39m     [33mDndContext[39m[33m,[39m
 [90m    |[39m [31m[1m^[22m[39m[31m[1m^[22m[39m[31m[1m^[22m[39m[31m[1m^[22m[39m[31m[1m^[22m[39m[31m[1m^[22m[39m[31m[1m^[22m[39m[31m[1m^[22m[39m[31m[1m^[22m[39m[31m[1m^[22m[39m[31m[1m^[22m[39m[31m[1m^[22m[39m[31m[1m^[22m[39m[31m[1m^[22m[39m[31m[1m^[22m[39m
[31m[1m>[22m[39m[90m  6 |[39m     closestCenter[33m,[39m
 [90m    |[39m [31m[1m^[22m[39m[31m[1m^[22m[39m[31m[1m^[22m[39m[31m[1m^[22m[39m[31m[1m^[22m[39m[31m[1m^[22m[39m[31m[1m^[22m[39m[31m[1m^[22m[39m[31m[1m^[22m[39m[31m[1m^[22m[39m[31m[1m^[22m[39m[31m[1m^[22m[39m[31m[1m^[22m[39m[31m[1m^[22m[39m[31m[1m^[22m[39m
[31m[1m>[22m[39m[90m  7 |[39m     [33mKeyboardSensor[39m[33m,[39m
 [90m    |[39m [31m[1m^[22m[39m[31m[1m^[22m[39m[31m[1m^[22m[39m[31m[1m^[22m[39m[31m[1m^[22m[39m[31m[1m^[22m[39m[31m[1m^[22m[39m[31m[1m^[22m[39m[31m[1m^[22m[39m[31m[1m^[22m[39m[31m[1m^[22m[39m[31m[1m^[22m[39m[31m[1m^[22m[39m[31m[1m^[22m[39m[31m[1m^[22m[39m
[31m[1m>[22m[39m[90m  8 |[39m     [33mPointerSensor[39m[33m,[39m
 [90m    |[39m [31m[1m^[22m[39m[31m[1m^[22m[39m[31m[1m^[22m[39m[31m[1m^[22m[39m[31m[1m^[22m[39m[31m[1m^[22m[39m[31m[1m^[22m[39m[31m[1m^[22m[39m[31m[1m^[22m[39m[31m[1m^[22m[39m[31m[1m^[22m[39m[31m[1m^[22m[39m[31m[1m^[22m[39m[31m[1m^[22m[39m[31m[1m^[22m[39m
[31m[1m>[22m[39m[90m  9 |[39m     useSensor[33m,[39m
 [90m    |[39m [31m[1m^[22m[39m[31m[1m^[22m[39m[31m[1m^[22m[39m[31m[1m^[22m[39m[31m[1m^[22m[39m[31m[1m^[22m[39m[31m[1m^[22m[39m[31m[1m^[22m[39m[31m[1m^[22m[39m[31m[1m^[22m[39m[31m[1m^[22m[39m[31m[1m^[22m[39m[31m[1m^[22m[39m[31m[1m^[22m[39m[31m[1m^[22m[39m
[31m[1m>[22m[39m[90m 10 |[39m     useSensors[33m,[39m
 [90m    |[39m [31m[1m^[22m[39m[31m[1m^[22m[39m[31m[1m^[22m[39m[31m[1m^[22m[39m[31m[1m^[22m[39m[31m[1m^[22m[39m[31m[1m^[22m[39m[31m[1m^[22m[39m[31m[1m^[22m[39m[31m[1m^[22m[39m[31m[1m^[22m[39m[31m[1m^[22m[39m[31m[1m^[22m[39m[31m[1m^[22m[39m[31m[1m^[22m[39m
[31m[1m>[22m[39m[90m 11 |[39m     [33mDragEndEvent[39m[33m,[39m
 [90m    |[39m [31m[1m^[22m[39m[31m[1m^[22m[39m[31m[1m^[22m[39m[31m[1m^[22m[39m[31m[1m^[22m[39m[31m[1m^[22m[39m[31m[1m^[22m[39m[31m[1m^[22m[39m[31m[1m^[22m[39m[31m[1m^[22m[39m[31m[1m^[22m[39m[31m[1m^[22m[39m[31m[1m^[22m[39m[31m[1m^[22m[39m[31m[1m^[22m[39m
[31m[1m>[22m[39m[90m 12 |[39m } [36mfrom[39m [32m'@dnd-kit/core'[39m[33m;[39m
 [90m    |[39m [31m[1m^[22m[39m[31m[1m^[22m[39m[31m[1m^[22m[39m[31m[1m^[22m[39m[31m[1m^[22m[39m[31m[1m^[22m[39m[31m[1m^[22m[39m[31m[1m^[22m[39m[31m[1m^[22m[39m[31m[1m^[22m[39m[31m[1m^[22m[39m[31m[1m^[22m[39m[31m[1m^[22m[39m[31m[1m^[22m[39m[31m[1m^[22m[39m[31m[1m^[22m[39m[31m[1m^[22m[39m[31m[1m^[22m[39m[31m[1m^[22m[39m[31m[1m^[22m[39m[31m[1m^[22m[39m[31m[1m^[22m[39m[31m[1m^[22m[39m[31m[1m^[22m[39m
 [90m 13 |[39m [36mimport[39m {
 [90m 14 |[39m     arrayMove[33m,[39m
 [90m 15 |[39m     [33mSortableContext[39m[33m,[39m[0m



Import traces:
  Client Component Browser:
    ./src/components/image-galleries/gallery-image-manager.tsx [Client Component Browser]
    ./src/components/image-galleries/image-gallery-form.tsx [Client Component Browser]
    ./src/components/image-galleries/image-gallery-form-modal.tsx [Client Component Browser]
    ./src/app/(dashboard)/image-galleries/page-client.tsx [Client Component Browser]
    ./src/app/(dashboard)/image-galleries/page-client.tsx [Server Component]
    ./src/app/(dashboard)/image-galleries/page.tsx [Server Component]

  Client Component SSR:
    ./src/components/image-galleries/gallery-image-manager.tsx [Client Component SSR]
    ./src/components/image-galleries/image-gallery-form.tsx [Client Component SSR]
    ./src/components/image-galleries/image-gallery-form-modal.tsx [Client Component SSR]
    ./src/app/(dashboard)/image-galleries/page-client.tsx [Client Component SSR]
    ./src/app/(dashboard)/image-galleries/page-client.tsx [Server Component]
    ./src/app/(dashboard)/image-galleries/page.tsx [Server Component]

https://nextjs.org/docs/messages/module-not-found


./src/components/image-galleries/gallery-image-manager.tsx:13:1
Module not found: Can't resolve '@dnd-kit/sortable'
[0m [90m 11 |[39m     [33mDragEndEvent[39m[33m,[39m
 [90m 12 |[39m } [36mfrom[39m [32m'@dnd-kit/core'[39m[33m;[39m
[31m[1m>[22m[39m[90m 13 |[39m [36mimport[39m {
 [90m    |[39m [31m[1m^[22m[39m[31m[1m^[22m[39m[31m[1m^[22m[39m[31m[1m^[22m[39m[31m[1m^[22m[39m[31m[1m^[22m[39m[31m[1m^[22m[39m[31m[1m^[22m[39m
[31m[1m>[22m[39m[90m 14 |[39m     arrayMove[33m,[39m
 [90m    |[39m [31m[1m^[22m[39m[31m[1m^[22m[39m[31m[1m^[22m[39m[31m[1m^[22m[39m[31m[1m^[22m[39m[31m[1m^[22m[39m[31m[1m^[22m[39m[31m[1m^[22m[39m[31m[1m^[22m[39m[31m[1m^[22m[39m[31m[1m^[22m[39m[31m[1m^[22m[39m[31m[1m^[22m[39m[31m[1m^[22m[39m
[31m[1m>[22m[39m[90m 15 |[39m     [33mSortableContext[39m[33m,[39m
 [90m    |[39m [31m[1m^[22m[39m[31m[1m^[22m[39m[31m[1m^[22m[39m[31m[1m^[22m[39m[31m[1m^[22m[39m[31m[1m^[22m[39m[31m[1m^[22m[39m[31m[1m^[22m[39m[31m[1m^[22m[39m[31m[1m^[22m[39m[31m[1m^[22m[39m[31m[1m^[22m[39m[31m[1m^[22m[39m[31m[1m^[22m[39m
[31m[1m>[22m[39m[90m 16 |[39m     sortableKeyboardCoordinates[33m,[39m
 [90m    |[39m [31m[1m^[22m[39m[31m[1m^[22m[39m[31m[1m^[22m[39m[31m[1m^[22m[39m[31m[1m^[22m[39m[31m[1m^[22m[39m[31m[1m^[22m[39m[31m[1m^[22m[39m[31m[1m^[22m[39m[31m[1m^[22m[39m[31m[1m^[22m[39m[31m[1m^[22m[39m[31m[1m^[22m[39m[31m[1m^[22m[39m
[31m[1m>[22m[39m[90m 17 |[39m     verticalListSortingStrategy[33m,[39m
 [90m    |[39m [31m[1m^[22m[39m[31m[1m^[22m[39m[31m[1m^[22m[39m[31m[1m^[22m[39m[31m[1m^[22m[39m[31m[1m^[22m[39m[31m[1m^[22m[39m[31m[1m^[22m[39m[31m[1m^[22m[39m[31m[1m^[22m[39m[31m[1m^[22m[39m[31m[1m^[22m[39m[31m[1m^[22m[39m[31m[1m^[22m[39m
[31m[1m>[22m[39m[90m 18 |[39m } [36mfrom[39m [32m'@dnd-kit/sortable'[39m[33m;[39m
 [90m    |[39m [31m[1m^[22m[39m[31m[1m^[22m[39m[31m[1m^[22m[39m[31m[1m^[22m[39m[31m[1m^[22m[39m[31m[1m^[22m[39m[31m[1m^[22m[39m[31m[1m^[22m[39m[31m[1m^[22m[39m[31m[1m^[22m[39m[31m[1m^[22m[39m[31m[1m^[22m[39m[31m[1m^[22m[39m[31m[1m^[22m[39m[31m[1m^[22m[39m[31m[1m^[22m[39m[31m[1m^[22m[39m[31m[1m^[22m[39m[31m[1m^[22m[39m[31m[1m^[22m[39m[31m[1m^[22m[39m[31m[1m^[22m[39m[31m[1m^[22m[39m[31m[1m^[22m[39m[31m[1m^[22m[39m[31m[1m^[22m[39m[31m[1m^[22m[39m[31m[1m^[22m[39m
 [90m 19 |[39m [36mimport[39m { [33mLuUpload[39m[33m,[39m [33mLuImagePlus[39m } [36mfrom[39m [32m'react-icons/lu'[39m[33m;[39m
 [90m 20 |[39m [36mimport[39m { [33mSortableImageItem[39m[33m,[39m [33mGalleryImage[39m } [36mfrom[39m [32m'./sortable-image-item'[39m[33m;[39m
 [90m 21 |[39m [36mimport[39m { cn } [36mfrom[39m [32m'@/lib/utils'[39m[33m;[39m[0m



Import traces:
  Client Component Browser:
    ./src/components/image-galleries/gallery-image-manager.tsx [Client Component Browser]
    ./src/components/image-galleries/image-gallery-form.tsx [Client Component Browser]
    ./src/components/image-galleries/image-gallery-form-modal.tsx [Client Component Browser]
    ./src/app/(dashboard)/image-galleries/page-client.tsx [Client Component Browser]
    ./src/app/(dashboard)/image-galleries/page-client.tsx [Server Component]
    ./src/app/(dashboard)/image-galleries/page.tsx [Server Component]

  Client Component SSR:
    ./src/components/image-galleries/gallery-image-manager.tsx [Client Component SSR]
    ./src/components/image-galleries/image-gallery-form.tsx [Client Component SSR]
    ./src/components/image-galleries/image-gallery-form-modal.tsx [Client Component SSR]
    ./src/app/(dashboard)/image-galleries/page-client.tsx [Client Component SSR]
    ./src/app/(dashboard)/image-galleries/page-client.tsx [Server Component]
    ./src/app/(dashboard)/image-galleries/page.tsx [Server Component]

https://nextjs.org/docs/messages/module-not-found


./src/components/image-galleries/sortable-image-item.tsx:3:1
Module not found: Can't resolve '@dnd-kit/sortable'
[0m [90m 1 |[39m [32m'use client'[39m[33m;[39m
 [90m 2 |[39m
[31m[1m>[22m[39m[90m 3 |[39m [36mimport[39m { useSortable } [36mfrom[39m [32m'@dnd-kit/sortable'[39m[33m;[39m
 [90m   |[39m [31m[1m^[22m[39m[31m[1m^[22m[39m[31m[1m^[22m[39m[31m[1m^[22m[39m[31m[1m^[22m[39m[31m[1m^[22m[39m[31m[1m^[22m[39m[31m[1m^[22m[39m[31m[1m^[22m[39m[31m[1m^[22m[39m[31m[1m^[22m[39m[31m[1m^[22m[39m[31m[1m^[22m[39m[31m[1m^[22m[39m[31m[1m^[22m[39m[31m[1m^[22m[39m[31m[1m^[22m[39m[31m[1m^[22m[39m[31m[1m^[22m[39m[31m[1m^[22m[39m[31m[1m^[22m[39m[31m[1m^[22m[39m[31m[1m^[22m[39m[31m[1m^[22m[39m[31m[1m^[22m[39m[31m[1m^[22m[39m[31m[1m^[22m[39m[31m[1m^[22m[39m[31m[1m^[22m[39m[31m[1m^[22m[39m[31m[1m^[22m[39m[31m[1m^[22m[39m[31m[1m^[22m[39m[31m[1m^[22m[39m[31m[1m^[22m[39m[31m[1m^[22m[39m[31m[1m^[22m[39m[31m[1m^[22m[39m[31m[1m^[22m[39m[31m[1m^[22m[39m[31m[1m^[22m[39m[31m[1m^[22m[39m[31m[1m^[22m[39m[31m[1m^[22m[39m[31m[1m^[22m[39m[31m[1m^[22m[39m[31m[1m^[22m[39m[31m[1m^[22m[39m
 [90m 4 |[39m [36mimport[39m { [33mCSS[39m } [36mfrom[39m [32m'@dnd-kit/utilities'[39m[33m;[39m
 [90m 5 |[39m [36mimport[39m { [33mLuGripVertical[39m[33m,[39m [33mLuX[39m[33m,[39m [33mLuImage[39m[33m,[39m [33mLuLoader[39m } [36mfrom[39m [32m'react-icons/lu'[39m[33m;[39m
 [90m 6 |[39m [36mimport[39m { cn } [36mfrom[39m [32m'@/lib/utils'[39m[33m;[39m [90m// Assuming this exists, based on other files[39m[0m



Import traces:
  Client Component Browser:
    ./src/components/image-galleries/sortable-image-item.tsx [Client Component Browser]
    ./src/components/image-galleries/gallery-image-manager.tsx [Client Component Browser]
    ./src/components/image-galleries/image-gallery-form.tsx [Client Component Browser]
    ./src/components/image-galleries/image-gallery-form-modal.tsx [Client Component Browser]
    ./src/app/(dashboard)/image-galleries/page-client.tsx [Client Component Browser]
    ./src/app/(dashboard)/image-galleries/page-client.tsx [Server Component]
    ./src/app/(dashboard)/image-galleries/page.tsx [Server Component]

  Client Component SSR:
    ./src/components/image-galleries/sortable-image-item.tsx [Client Component SSR]
    ./src/components/image-galleries/gallery-image-manager.tsx [Client Component SSR]
    ./src/components/image-galleries/image-gallery-form.tsx [Client Component SSR]
    ./src/components/image-galleries/image-gallery-form-modal.tsx [Client Component SSR]
    ./src/app/(dashboard)/image-galleries/page-client.tsx [Client Component SSR]
    ./src/app/(dashboard)/image-galleries/page-client.tsx [Server Component]
    ./src/app/(dashboard)/image-galleries/page.tsx [Server Component]

https://nextjs.org/docs/messages/module-not-found


./src/components/image-galleries/sortable-image-item.tsx:4:1
Module not found: Can't resolve '@dnd-kit/utilities'
[0m [90m 2 |[39m
 [90m 3 |[39m [36mimport[39m { useSortable } [36mfrom[39m [32m'@dnd-kit/sortable'[39m[33m;[39m
[31m[1m>[22m[39m[90m 4 |[39m [36mimport[39m { [33mCSS[39m } [36mfrom[39m [32m'@dnd-kit/utilities'[39m[33m;[39m
 [90m   |[39m [31m[1m^[22m[39m[31m[1m^[22m[39m[31m[1m^[22m[39m[31m[1m^[22m[39m[31m[1m^[22m[39m[31m[1m^[22m[39m[31m[1m^[22m[39m[31m[1m^[22m[39m[31m[1m^[22m[39m[31m[1m^[22m[39m[31m[1m^[22m[39m[31m[1m^[22m[39m[31m[1m^[22m[39m[31m[1m^[22m[39m[31m[1m^[22m[39m[31m[1m^[22m[39m[31m[1m^[22m[39m[31m[1m^[22m[39m[31m[1m^[22m[39m[31m[1m^[22m[39m[31m[1m^[22m[39m[31m[1m^[22m[39m[31m[1m^[22m[39m[31m[1m^[22m[39m[31m[1m^[22m[39m[31m[1m^[22m[39m[31m[1m^[22m[39m[31m[1m^[22m[39m[31m[1m^[22m[39m[31m[1m^[22m[39m[31m[1m^[22m[39m[31m[1m^[22m[39m[31m[1m^[22m[39m[31m[1m^[22m[39m[31m[1m^[22m[39m[31m[1m^[22m[39m[31m[1m^[22m[39m[31m[1m^[22m[39m[31m[1m^[22m[39m[31m[1m^[22m[39m[31m[1m^[22m[39m
 [90m 5 |[39m [36mimport[39m { [33mLuGripVertical[39m[33m,[39m [33mLuX[39m[33m,[39m [33mLuImage[39m[33m,[39m [33mLuLoader[39m } [36mfrom[39m [32m'react-icons/lu'[39m[33m;[39m
 [90m 6 |[39m [36mimport[39m { cn } [36mfrom[39m [32m'@/lib/utils'[39m[33m;[39m [90m// Assuming this exists, based on other files[39m
 [90m 7 |[39m[0m



Import traces:
  Client Component Browser:
    ./src/components/image-galleries/sortable-image-item.tsx [Client Component Browser]
    ./src/components/image-galleries/gallery-image-manager.tsx [Client Component Browser]
    ./src/components/image-galleries/image-gallery-form.tsx [Client Component Browser]
    ./src/components/image-galleries/image-gallery-form-modal.tsx [Client Component Browser]
    ./src/app/(dashboard)/image-galleries/page-client.tsx [Client Component Browser]
    ./src/app/(dashboard)/image-galleries/page-client.tsx [Server Component]
    ./src/app/(dashboard)/image-galleries/page.tsx [Server Component]

  Client Component SSR:
    ./src/components/image-galleries/sortable-image-item.tsx [Client Component SSR]
    ./src/components/image-galleries/gallery-image-manager.tsx [Client Component SSR]
    ./src/components/image-galleries/image-gallery-form.tsx [Client Component SSR]
    ./src/components/image-galleries/image-gallery-form-modal.tsx [Client Component SSR]
    ./src/app/(dashboard)/image-galleries/page-client.tsx [Client Component SSR]
    ./src/app/(dashboard)/image-galleries/page-client.tsx [Server Component]
    ./src/app/(dashboard)/image-galleries/page.tsx [Server Component]

https://nextjs.org/docs/messages/module-not-found


./src/components/posts/tiptap/extensions/wp2next-accordion.ts:1:1
Module not found: Can't resolve '@tiptap/core'
[0m[31m[1m>[22m[39m[90m 1 |[39m [36mimport[39m { [33mNode[39m[33m,[39m mergeAttributes } [36mfrom[39m [32m'@tiptap/core'[39m[33m;[39m
 [90m   |[39m [31m[1m^[22m[39m[31m[1m^[22m[39m[31m[1m^[22m[39m[31m[1m^[22m[39m[31m[1m^[22m[39m[31m[1m^[22m[39m[31m[1m^[22m[39m[31m[1m^[22m[39m[31m[1m^[22m[39m[31m[1m^[22m[39m[31m[1m^[22m[39m[31m[1m^[22m[39m[31m[1m^[22m[39m[31m[1m^[22m[39m[31m[1m^[22m[39m[31m[1m^[22m[39m[31m[1m^[22m[39m[31m[1m^[22m[39m[31m[1m^[22m[39m[31m[1m^[22m[39m[31m[1m^[22m[39m[31m[1m^[22m[39m[31m[1m^[22m[39m[31m[1m^[22m[39m[31m[1m^[22m[39m[31m[1m^[22m[39m[31m[1m^[22m[39m[31m[1m^[22m[39m[31m[1m^[22m[39m[31m[1m^[22m[39m[31m[1m^[22m[39m[31m[1m^[22m[39m[31m[1m^[22m[39m[31m[1m^[22m[39m[31m[1m^[22m[39m[31m[1m^[22m[39m[31m[1m^[22m[39m[31m[1m^[22m[39m[31m[1m^[22m[39m[31m[1m^[22m[39m[31m[1m^[22m[39m[31m[1m^[22m[39m[31m[1m^[22m[39m[31m[1m^[22m[39m[31m[1m^[22m[39m[31m[1m^[22m[39m[31m[1m^[22m[39m[31m[1m^[22m[39m[31m[1m^[22m[39m[31m[1m^[22m[39m[31m[1m^[22m[39m[31m[1m^[22m[39m[31m[1m^[22m[39m
 [90m 2 |[39m [36mimport[39m { [33mReactNodeViewRenderer[39m } [36mfrom[39m [32m'@tiptap/react'[39m[33m;[39m
 [90m 3 |[39m [36mimport[39m { [33mAccordionNodeView[39m } [36mfrom[39m [32m'./accordion-node-view'[39m[33m;[39m
 [90m 4 |[39m[0m



Import traces:
  Client Component Browser:
    ./src/components/posts/tiptap/extensions/wp2next-accordion.ts [Client Component Browser]
    ./src/components/posts/rich-text-editor.tsx [Client Component Browser]
    ./src/components/posts/post-form.tsx [Client Component Browser]
    ./src/app/(dashboard)/posts/[id]/page.tsx [Client Component Browser]
    ./src/app/(dashboard)/posts/[id]/page.tsx [Server Component]

  Client Component SSR:
    ./src/components/posts/tiptap/extensions/wp2next-accordion.ts [Client Component SSR]
    ./src/components/posts/rich-text-editor.tsx [Client Component SSR]
    ./src/components/posts/post-form.tsx [Client Component SSR]
    ./src/app/(dashboard)/posts/[id]/page.tsx [Client Component SSR]
    ./src/app/(dashboard)/posts/[id]/page.tsx [Server Component]

https://nextjs.org/docs/messages/module-not-found


./src/components/posts/tiptap/extensions/wp2next-gallery.ts:1:1
Module not found: Can't resolve '@tiptap/core'
[0m[31m[1m>[22m[39m[90m 1 |[39m [36mimport[39m { [33mNode[39m[33m,[39m mergeAttributes } [36mfrom[39m [32m'@tiptap/core'[39m[33m;[39m
 [90m   |[39m [31m[1m^[22m[39m[31m[1m^[22m[39m[31m[1m^[22m[39m[31m[1m^[22m[39m[31m[1m^[22m[39m[31m[1m^[22m[39m[31m[1m^[22m[39m[31m[1m^[22m[39m[31m[1m^[22m[39m[31m[1m^[22m[39m[31m[1m^[22m[39m[31m[1m^[22m[39m[31m[1m^[22m[39m[31m[1m^[22m[39m[31m[1m^[22m[39m[31m[1m^[22m[39m[31m[1m^[22m[39m[31m[1m^[22m[39m[31m[1m^[22m[39m[31m[1m^[22m[39m[31m[1m^[22m[39m[31m[1m^[22m[39m[31m[1m^[22m[39m[31m[1m^[22m[39m[31m[1m^[22m[39m[31m[1m^[22m[39m[31m[1m^[22m[39m[31m[1m^[22m[39m[31m[1m^[22m[39m[31m[1m^[22m[39m[31m[1m^[22m[39m[31m[1m^[22m[39m[31m[1m^[22m[39m[31m[1m^[22m[39m[31m[1m^[22m[39m[31m[1m^[22m[39m[31m[1m^[22m[39m[31m[1m^[22m[39m[31m[1m^[22m[39m[31m[1m^[22m[39m[31m[1m^[22m[39m[31m[1m^[22m[39m[31m[1m^[22m[39m[31m[1m^[22m[39m[31m[1m^[22m[39m[31m[1m^[22m[39m[31m[1m^[22m[39m[31m[1m^[22m[39m[31m[1m^[22m[39m[31m[1m^[22m[39m[31m[1m^[22m[39m[31m[1m^[22m[39m[31m[1m^[22m[39m
 [90m 2 |[39m [36mimport[39m { [33mReactNodeViewRenderer[39m } [36mfrom[39m [32m'@tiptap/react'[39m[33m;[39m
 [90m 3 |[39m [36mimport[39m { [33mGalleryNodeView[39m } [36mfrom[39m [32m'./gallery-node-view'[39m[33m;[39m
 [90m 4 |[39m[0m



Import traces:
  Client Component Browser:
    ./src/components/posts/tiptap/extensions/wp2next-gallery.ts [Client Component Browser]
    ./src/components/posts/rich-text-editor.tsx [Client Component Browser]
    ./src/components/posts/post-form.tsx [Client Component Browser]
    ./src/app/(dashboard)/posts/[id]/page.tsx [Client Component Browser]
    ./src/app/(dashboard)/posts/[id]/page.tsx [Server Component]

  Client Component SSR:
    ./src/components/posts/tiptap/extensions/wp2next-gallery.ts [Client Component SSR]
    ./src/components/posts/rich-text-editor.tsx [Client Component SSR]
    ./src/components/posts/post-form.tsx [Client Component SSR]
    ./src/app/(dashboard)/posts/[id]/page.tsx [Client Component SSR]
    ./src/app/(dashboard)/posts/[id]/page.tsx [Server Component]

https://nextjs.org/docs/messages/module-not-found


./src/components/posts/rich-text-editor.tsx:6:1
Module not found: Can't resolve '@tiptap/extension-image'
[0m [90m 4 |[39m [36mimport[39m [33mStarterKit[39m [36mfrom[39m [32m'@tiptap/starter-kit'[39m[33m;[39m
 [90m 5 |[39m [36mimport[39m [33mTextAlign[39m [36mfrom[39m [32m'@tiptap/extension-text-align'[39m[33m;[39m
[31m[1m>[22m[39m[90m 6 |[39m [36mimport[39m [33mImage[39m [36mfrom[39m [32m'@tiptap/extension-image'[39m[33m;[39m
 [90m   |[39m [31m[1m^[22m[39m[31m[1m^[22m[39m[31m[1m^[22m[39m[31m[1m^[22m[39m[31m[1m^[22m[39m[31m[1m^[22m[39m[31m[1m^[22m[39m[31m[1m^[22m[39m[31m[1m^[22m[39m[31m[1m^[22m[39m[31m[1m^[22m[39m[31m[1m^[22m[39m[31m[1m^[22m[39m[31m[1m^[22m[39m[31m[1m^[22m[39m[31m[1m^[22m[39m[31m[1m^[22m[39m[31m[1m^[22m[39m[31m[1m^[22m[39m[31m[1m^[22m[39m[31m[1m^[22m[39m[31m[1m^[22m[39m[31m[1m^[22m[39m[31m[1m^[22m[39m[31m[1m^[22m[39m[31m[1m^[22m[39m[31m[1m^[22m[39m[31m[1m^[22m[39m[31m[1m^[22m[39m[31m[1m^[22m[39m[31m[1m^[22m[39m[31m[1m^[22m[39m[31m[1m^[22m[39m[31m[1m^[22m[39m[31m[1m^[22m[39m[31m[1m^[22m[39m[31m[1m^[22m[39m[31m[1m^[22m[39m[31m[1m^[22m[39m[31m[1m^[22m[39m[31m[1m^[22m[39m[31m[1m^[22m[39m[31m[1m^[22m[39m[31m[1m^[22m[39m
 [90m 7 |[39m [36mimport[39m type [33mReact[39m [36mfrom[39m [32m'react'[39m[33m;[39m
 [90m 8 |[39m [36mimport[39m { useEffect[33m,[39m useState[33m,[39m useCallback } [36mfrom[39m [32m'react'[39m[33m;[39m
 [90m 9 |[39m [36mimport[39m {[0m



Import traces:
  Client Component Browser:
    ./src/components/posts/rich-text-editor.tsx [Client Component Browser]
    ./src/components/posts/post-form.tsx [Client Component Browser]
    ./src/app/(dashboard)/posts/[id]/page.tsx [Client Component Browser]
    ./src/app/(dashboard)/posts/[id]/page.tsx [Server Component]

  Client Component SSR:
    ./src/components/posts/rich-text-editor.tsx [Client Component SSR]
    ./src/components/posts/post-form.tsx [Client Component SSR]
    ./src/app/(dashboard)/posts/[id]/page.tsx [Client Component SSR]
    ./src/app/(dashboard)/posts/[id]/page.tsx [Server Component]

https://nextjs.org/docs/messages/module-not-found


./src/components/posts/rich-text-editor.tsx:5:1
Module not found: Can't resolve '@tiptap/extension-text-align'
[0m [90m 3 |[39m [36mimport[39m { useEditor[33m,[39m [33mEditorContent[39m } [36mfrom[39m [32m'@tiptap/react'[39m[33m;[39m
 [90m 4 |[39m [36mimport[39m [33mStarterKit[39m [36mfrom[39m [32m'@tiptap/starter-kit'[39m[33m;[39m
[31m[1m>[22m[39m[90m 5 |[39m [36mimport[39m [33mTextAlign[39m [36mfrom[39m [32m'@tiptap/extension-text-align'[39m[33m;[39m
 [90m   |[39m [31m[1m^[22m[39m[31m[1m^[22m[39m[31m[1m^[22m[39m[31m[1m^[22m[39m[31m[1m^[22m[39m[31m[1m^[22m[39m[31m[1m^[22m[39m[31m[1m^[22m[39m[31m[1m^[22m[39m[31m[1m^[22m[39m[31m[1m^[22m[39m[31m[1m^[22m[39m[31m[1m^[22m[39m[31m[1m^[22m[39m[31m[1m^[22m[39m[31m[1m^[22m[39m[31m[1m^[22m[39m[31m[1m^[22m[39m[31m[1m^[22m[39m[31m[1m^[22m[39m[31m[1m^[22m[39m[31m[1m^[22m[39m[31m[1m^[22m[39m[31m[1m^[22m[39m[31m[1m^[22m[39m[31m[1m^[22m[39m[31m[1m^[22m[39m[31m[1m^[22m[39m[31m[1m^[22m[39m[31m[1m^[22m[39m[31m[1m^[22m[39m[31m[1m^[22m[39m[31m[1m^[22m[39m[31m[1m^[22m[39m[31m[1m^[22m[39m[31m[1m^[22m[39m[31m[1m^[22m[39m[31m[1m^[22m[39m[31m[1m^[22m[39m[31m[1m^[22m[39m[31m[1m^[22m[39m[31m[1m^[22m[39m[31m[1m^[22m[39m[31m[1m^[22m[39m[31m[1m^[22m[39m[31m[1m^[22m[39m[31m[1m^[22m[39m[31m[1m^[22m[39m[31m[1m^[22m[39m[31m[1m^[22m[39m[31m[1m^[22m[39m[31m[1m^[22m[39m[31m[1m^[22m[39m
 [90m 6 |[39m [36mimport[39m [33mImage[39m [36mfrom[39m [32m'@tiptap/extension-image'[39m[33m;[39m
 [90m 7 |[39m [36mimport[39m type [33mReact[39m [36mfrom[39m [32m'react'[39m[33m;[39m
 [90m 8 |[39m [36mimport[39m { useEffect[33m,[39m useState[33m,[39m useCallback } [36mfrom[39m [32m'react'[39m[33m;[39m[0m



Import traces:
  Client Component Browser:
    ./src/components/posts/rich-text-editor.tsx [Client Component Browser]
    ./src/components/posts/post-form.tsx [Client Component Browser]
    ./src/app/(dashboard)/posts/[id]/page.tsx [Client Component Browser]
    ./src/app/(dashboard)/posts/[id]/page.tsx [Server Component]

  Client Component SSR:
    ./src/components/posts/rich-text-editor.tsx [Client Component SSR]
    ./src/components/posts/post-form.tsx [Client Component SSR]
    ./src/app/(dashboard)/posts/[id]/page.tsx [Client Component SSR]
    ./src/app/(dashboard)/posts/[id]/page.tsx [Server Component]

https://nextjs.org/docs/messages/module-not-found


./src/components/posts/rich-text-editor.tsx:3:1
Module not found: Can't resolve '@tiptap/react'
[0m [90m 1 |[39m [32m'use client'[39m[33m;[39m
 [90m 2 |[39m
[31m[1m>[22m[39m[90m 3 |[39m [36mimport[39m { useEditor[33m,[39m [33mEditorContent[39m } [36mfrom[39m [32m'@tiptap/react'[39m[33m;[39m
 [90m   |[39m [31m[1m^[22m[39m[31m[1m^[22m[39m[31m[1m^[22m[39m[31m[1m^[22m[39m[31m[1m^[22m[39m[31m[1m^[22m[39m[31m[1m^[22m[39m[31m[1m^[22m[39m[31m[1m^[22m[39m[31m[1m^[22m[39m[31m[1m^[22m[39m[31m[1m^[22m[39m[31m[1m^[22m[39m[31m[1m^[22m[39m[31m[1m^[22m[39m[31m[1m^[22m[39m[31m[1m^[22m[39m[31m[1m^[22m[39m[31m[1m^[22m[39m[31m[1m^[22m[39m[31m[1m^[22m[39m[31m[1m^[22m[39m[31m[1m^[22m[39m[31m[1m^[22m[39m[31m[1m^[22m[39m[31m[1m^[22m[39m[31m[1m^[22m[39m[31m[1m^[22m[39m[31m[1m^[22m[39m[31m[1m^[22m[39m[31m[1m^[22m[39m[31m[1m^[22m[39m[31m[1m^[22m[39m[31m[1m^[22m[39m[31m[1m^[22m[39m[31m[1m^[22m[39m[31m[1m^[22m[39m[31m[1m^[22m[39m[31m[1m^[22m[39m[31m[1m^[22m[39m[31m[1m^[22m[39m[31m[1m^[22m[39m[31m[1m^[22m[39m[31m[1m^[22m[39m[31m[1m^[22m[39m[31m[1m^[22m[39m[31m[1m^[22m[39m[31m[1m^[22m[39m[31m[1m^[22m[39m[31m[1m^[22m[39m[31m[1m^[22m[39m[31m[1m^[22m[39m[31m[1m^[22m[39m[31m[1m^[22m[39m[31m[1m^[22m[39m[31m[1m^[22m[39m[31m[1m^[22m[39m
 [90m 4 |[39m [36mimport[39m [33mStarterKit[39m [36mfrom[39m [32m'@tiptap/starter-kit'[39m[33m;[39m
 [90m 5 |[39m [36mimport[39m [33mTextAlign[39m [36mfrom[39m [32m'@tiptap/extension-text-align'[39m[33m;[39m
 [90m 6 |[39m [36mimport[39m [33mImage[39m [36mfrom[39m [32m'@tiptap/extension-image'[39m[33m;[39m[0m



Import traces:
  Client Component Browser:
    ./src/components/posts/rich-text-editor.tsx [Client Component Browser]
    ./src/components/posts/post-form.tsx [Client Component Browser]
    ./src/app/(dashboard)/posts/[id]/page.tsx [Client Component Browser]
    ./src/app/(dashboard)/posts/[id]/page.tsx [Server Component]

  Client Component SSR:
    ./src/components/posts/rich-text-editor.tsx [Client Component SSR]
    ./src/components/posts/post-form.tsx [Client Component SSR]
    ./src/app/(dashboard)/posts/[id]/page.tsx [Client Component SSR]
    ./src/app/(dashboard)/posts/[id]/page.tsx [Server Component]

https://nextjs.org/docs/messages/module-not-found


./src/components/posts/tiptap/extensions/accordion-node-view.tsx:3:1
Module not found: Can't resolve '@tiptap/react'
[0m [90m 1 |[39m [32m'use client'[39m[33m;[39m
 [90m 2 |[39m
[31m[1m>[22m[39m[90m 3 |[39m [36mimport[39m { [33mNodeViewWrapper[39m } [36mfrom[39m [32m'@tiptap/react'[39m[33m;[39m
 [90m   |[39m [31m[1m^[22m[39m[31m[1m^[22m[39m[31m[1m^[22m[39m[31m[1m^[22m[39m[31m[1m^[22m[39m[31m[1m^[22m[39m[31m[1m^[22m[39m[31m[1m^[22m[39m[31m[1m^[22m[39m[31m[1m^[22m[39m[31m[1m^[22m[39m[31m[1m^[22m[39m[31m[1m^[22m[39m[31m[1m^[22m[39m[31m[1m^[22m[39m[31m[1m^[22m[39m[31m[1m^[22m[39m[31m[1m^[22m[39m[31m[1m^[22m[39m[31m[1m^[22m[39m[31m[1m^[22m[39m[31m[1m^[22m[39m[31m[1m^[22m[39m[31m[1m^[22m[39m[31m[1m^[22m[39m[31m[1m^[22m[39m[31m[1m^[22m[39m[31m[1m^[22m[39m[31m[1m^[22m[39m[31m[1m^[22m[39m[31m[1m^[22m[39m[31m[1m^[22m[39m[31m[1m^[22m[39m[31m[1m^[22m[39m[31m[1m^[22m[39m[31m[1m^[22m[39m[31m[1m^[22m[39m[31m[1m^[22m[39m[31m[1m^[22m[39m[31m[1m^[22m[39m[31m[1m^[22m[39m[31m[1m^[22m[39m[31m[1m^[22m[39m[31m[1m^[22m[39m[31m[1m^[22m[39m[31m[1m^[22m[39m[31m[1m^[22m[39m[31m[1m^[22m[39m
 [90m 4 |[39m [36mimport[39m type { [33mNodeViewProps[39m } [36mfrom[39m [32m'@tiptap/react'[39m[33m;[39m
 [90m 5 |[39m [36mimport[39m { [33mLuLayoutList[39m[33m,[39m [33mLuPencil[39m } [36mfrom[39m [32m'react-icons/lu'[39m[33m;[39m
 [90m 6 |[39m [36mimport[39m [33mLink[39m [36mfrom[39m [32m'next/link'[39m[33m;[39m[0m



Import traces:
  Client Component Browser:
    ./src/components/posts/tiptap/extensions/accordion-node-view.tsx [Client Component Browser]
    ./src/components/posts/tiptap/extensions/wp2next-accordion.ts [Client Component Browser]
    ./src/components/posts/rich-text-editor.tsx [Client Component Browser]
    ./src/components/posts/post-form.tsx [Client Component Browser]
    ./src/app/(dashboard)/posts/[id]/page.tsx [Client Component Browser]
    ./src/app/(dashboard)/posts/[id]/page.tsx [Server Component]

  Client Component SSR:
    ./src/components/posts/tiptap/extensions/accordion-node-view.tsx [Client Component SSR]
    ./src/components/posts/tiptap/extensions/wp2next-accordion.ts [Client Component SSR]
    ./src/components/posts/rich-text-editor.tsx [Client Component SSR]
    ./src/components/posts/post-form.tsx [Client Component SSR]
    ./src/app/(dashboard)/posts/[id]/page.tsx [Client Component SSR]
    ./src/app/(dashboard)/posts/[id]/page.tsx [Server Component]

https://nextjs.org/docs/messages/module-not-found


./src/components/posts/tiptap/extensions/gallery-node-view.tsx:3:1
Module not found: Can't resolve '@tiptap/react'
[0m [90m 1 |[39m [32m'use client'[39m[33m;[39m
 [90m 2 |[39m
[31m[1m>[22m[39m[90m 3 |[39m [36mimport[39m { [33mNodeViewWrapper[39m } [36mfrom[39m [32m'@tiptap/react'[39m[33m;[39m
 [90m   |[39m [31m[1m^[22m[39m[31m[1m^[22m[39m[31m[1m^[22m[39m[31m[1m^[22m[39m[31m[1m^[22m[39m[31m[1m^[22m[39m[31m[1m^[22m[39m[31m[1m^[22m[39m[31m[1m^[22m[39m[31m[1m^[22m[39m[31m[1m^[22m[39m[31m[1m^[22m[39m[31m[1m^[22m[39m[31m[1m^[22m[39m[31m[1m^[22m[39m[31m[1m^[22m[39m[31m[1m^[22m[39m[31m[1m^[22m[39m[31m[1m^[22m[39m[31m[1m^[22m[39m[31m[1m^[22m[39m[31m[1m^[22m[39m[31m[1m^[22m[39m[31m[1m^[22m[39m[31m[1m^[22m[39m[31m[1m^[22m[39m[31m[1m^[22m[39m[31m[1m^[22m[39m[31m[1m^[22m[39m[31m[1m^[22m[39m[31m[1m^[22m[39m[31m[1m^[22m[39m[31m[1m^[22m[39m[31m[1m^[22m[39m[31m[1m^[22m[39m[31m[1m^[22m[39m[31m[1m^[22m[39m[31m[1m^[22m[39m[31m[1m^[22m[39m[31m[1m^[22m[39m[31m[1m^[22m[39m[31m[1m^[22m[39m[31m[1m^[22m[39m[31m[1m^[22m[39m[31m[1m^[22m[39m[31m[1m^[22m[39m[31m[1m^[22m[39m[31m[1m^[22m[39m
 [90m 4 |[39m [36mimport[39m type { [33mNodeViewProps[39m } [36mfrom[39m [32m'@tiptap/react'[39m[33m;[39m
 [90m 5 |[39m [36mimport[39m { [33mLuImage[39m[33m,[39m [33mLuPencil[39m } [36mfrom[39m [32m'react-icons/lu'[39m[33m;[39m
 [90m 6 |[39m [36mimport[39m [33mLink[39m [36mfrom[39m [32m'next/link'[39m[33m;[39m[0m



Import traces:
  Client Component Browser:
    ./src/components/posts/tiptap/extensions/gallery-node-view.tsx [Client Component Browser]
    ./src/components/posts/tiptap/extensions/wp2next-gallery.ts [Client Component Browser]
    ./src/components/posts/rich-text-editor.tsx [Client Component Browser]
    ./src/components/posts/post-form.tsx [Client Component Browser]
    ./src/app/(dashboard)/posts/[id]/page.tsx [Client Component Browser]
    ./src/app/(dashboard)/posts/[id]/page.tsx [Server Component]

  Client Component SSR:
    ./src/components/posts/tiptap/extensions/gallery-node-view.tsx [Client Component SSR]
    ./src/components/posts/tiptap/extensions/wp2next-gallery.ts [Client Component SSR]
    ./src/components/posts/rich-text-editor.tsx [Client Component SSR]
    ./src/components/posts/post-form.tsx [Client Component SSR]
    ./src/app/(dashboard)/posts/[id]/page.tsx [Client Component SSR]
    ./src/app/(dashboard)/posts/[id]/page.tsx [Server Component]

https://nextjs.org/docs/messages/module-not-found


./src/components/posts/tiptap/extensions/wp2next-accordion.ts:2:1
Module not found: Can't resolve '@tiptap/react'
[0m [90m 1 |[39m [36mimport[39m { [33mNode[39m[33m,[39m mergeAttributes } [36mfrom[39m [32m'@tiptap/core'[39m[33m;[39m
[31m[1m>[22m[39m[90m 2 |[39m [36mimport[39m { [33mReactNodeViewRenderer[39m } [36mfrom[39m [32m'@tiptap/react'[39m[33m;[39m
 [90m   |[39m [31m[1m^[22m[39m[31m[1m^[22m[39m[31m[1m^[22m[39m[31m[1m^[22m[39m[31m[1m^[22m[39m[31m[1m^[22m[39m[31m[1m^[22m[39m[31m[1m^[22m[39m[31m[1m^[22m[39m[31m[1m^[22m[39m[31m[1m^[22m[39m[31m[1m^[22m[39m[31m[1m^[22m[39m[31m[1m^[22m[39m[31m[1m^[22m[39m[31m[1m^[22m[39m[31m[1m^[22m[39m[31m[1m^[22m[39m[31m[1m^[22m[39m[31m[1m^[22m[39m[31m[1m^[22m[39m[31m[1m^[22m[39m[31m[1m^[22m[39m[31m[1m^[22m[39m[31m[1m^[22m[39m[31m[1m^[22m[39m[31m[1m^[22m[39m[31m[1m^[22m[39m[31m[1m^[22m[39m[31m[1m^[22m[39m[31m[1m^[22m[39m[31m[1m^[22m[39m[31m[1m^[22m[39m[31m[1m^[22m[39m[31m[1m^[22m[39m[31m[1m^[22m[39m[31m[1m^[22m[39m[31m[1m^[22m[39m[31m[1m^[22m[39m[31m[1m^[22m[39m[31m[1m^[22m[39m[31m[1m^[22m[39m[31m[1m^[22m[39m[31m[1m^[22m[39m[31m[1m^[22m[39m[31m[1m^[22m[39m[31m[1m^[22m[39m[31m[1m^[22m[39m[31m[1m^[22m[39m[31m[1m^[22m[39m[31m[1m^[22m[39m[31m[1m^[22m[39m[31m[1m^[22m[39m[31m[1m^[22m[39m
 [90m 3 |[39m [36mimport[39m { [33mAccordionNodeView[39m } [36mfrom[39m [32m'./accordion-node-view'[39m[33m;[39m
 [90m 4 |[39m
 [90m 5 |[39m [36mexport[39m [36minterface[39m [33mAccordionAttributes[39m {[0m



Import traces:
  Client Component Browser:
    ./src/components/posts/tiptap/extensions/wp2next-accordion.ts [Client Component Browser]
    ./src/components/posts/rich-text-editor.tsx [Client Component Browser]
    ./src/components/posts/post-form.tsx [Client Component Browser]
    ./src/app/(dashboard)/posts/[id]/page.tsx [Client Component Browser]
    ./src/app/(dashboard)/posts/[id]/page.tsx [Server Component]

  Client Component SSR:
    ./src/components/posts/tiptap/extensions/wp2next-accordion.ts [Client Component SSR]
    ./src/components/posts/rich-text-editor.tsx [Client Component SSR]
    ./src/components/posts/post-form.tsx [Client Component SSR]
    ./src/app/(dashboard)/posts/[id]/page.tsx [Client Component SSR]
    ./src/app/(dashboard)/posts/[id]/page.tsx [Server Component]

https://nextjs.org/docs/messages/module-not-found


./src/components/posts/tiptap/extensions/wp2next-gallery.ts:2:1
Module not found: Can't resolve '@tiptap/react'
[0m [90m 1 |[39m [36mimport[39m { [33mNode[39m[33m,[39m mergeAttributes } [36mfrom[39m [32m'@tiptap/core'[39m[33m;[39m
[31m[1m>[22m[39m[90m 2 |[39m [36mimport[39m { [33mReactNodeViewRenderer[39m } [36mfrom[39m [32m'@tiptap/react'[39m[33m;[39m
 [90m   |[39m [31m[1m^[22m[39m[31m[1m^[22m[39m[31m[1m^[22m[39m[31m[1m^[22m[39m[31m[1m^[22m[39m[31m[1m^[22m[39m[31m[1m^[22m[39m[31m[1m^[22m[39m[31m[1m^[22m[39m[31m[1m^[22m[39m[31m[1m^[22m[39m[31m[1m^[22m[39m[31m[1m^[22m[39m[31m[1m^[22m[39m[31m[1m^[22m[39m[31m[1m^[22m[39m[31m[1m^[22m[39m[31m[1m^[22m[39m[31m[1m^[22m[39m[31m[1m^[22m[39m[31m[1m^[22m[39m[31m[1m^[22m[39m[31m[1m^[22m[39m[31m[1m^[22m[39m[31m[1m^[22m[39m[31m[1m^[22m[39m[31m[1m^[22m[39m[31m[1m^[22m[39m[31m[1m^[22m[39m[31m[1m^[22m[39m[31m[1m^[22m[39m[31m[1m^[22m[39m[31m[1m^[22m[39m[31m[1m^[22m[39m[31m[1m^[22m[39m[31m[1m^[22m[39m[31m[1m^[22m[39m[31m[1m^[22m[39m[31m[1m^[22m[39m[31m[1m^[22m[39m[31m[1m^[22m[39m[31m[1m^[22m[39m[31m[1m^[22m[39m[31m[1m^[22m[39m[31m[1m^[22m[39m[31m[1m^[22m[39m[31m[1m^[22m[39m[31m[1m^[22m[39m[31m[1m^[22m[39m[31m[1m^[22m[39m[31m[1m^[22m[39m[31m[1m^[22m[39m[31m[1m^[22m[39m[31m[1m^[22m[39m
 [90m 3 |[39m [36mimport[39m { [33mGalleryNodeView[39m } [36mfrom[39m [32m'./gallery-node-view'[39m[33m;[39m
 [90m 4 |[39m
 [90m 5 |[39m [36mexport[39m [36minterface[39m [33mGalleryAttributes[39m {[0m



Import traces:
  Client Component Browser:
    ./src/components/posts/tiptap/extensions/wp2next-gallery.ts [Client Component Browser]
    ./src/components/posts/rich-text-editor.tsx [Client Component Browser]
    ./src/components/posts/post-form.tsx [Client Component Browser]
    ./src/app/(dashboard)/posts/[id]/page.tsx [Client Component Browser]
    ./src/app/(dashboard)/posts/[id]/page.tsx [Server Component]

  Client Component SSR:
    ./src/components/posts/tiptap/extensions/wp2next-gallery.ts [Client Component SSR]
    ./src/components/posts/rich-text-editor.tsx [Client Component SSR]
    ./src/components/posts/post-form.tsx [Client Component SSR]
    ./src/app/(dashboard)/posts/[id]/page.tsx [Client Component SSR]
    ./src/app/(dashboard)/posts/[id]/page.tsx [Server Component]

https://nextjs.org/docs/messages/module-not-found


./src/components/posts/rich-text-editor.tsx:4:1
Module not found: Can't resolve '@tiptap/starter-kit'
[0m [90m 2 |[39m
 [90m 3 |[39m [36mimport[39m { useEditor[33m,[39m [33mEditorContent[39m } [36mfrom[39m [32m'@tiptap/react'[39m[33m;[39m
[31m[1m>[22m[39m[90m 4 |[39m [36mimport[39m [33mStarterKit[39m [36mfrom[39m [32m'@tiptap/starter-kit'[39m[33m;[39m
 [90m   |[39m [31m[1m^[22m[39m[31m[1m^[22m[39m[31m[1m^[22m[39m[31m[1m^[22m[39m[31m[1m^[22m[39m[31m[1m^[22m[39m[31m[1m^[22m[39m[31m[1m^[22m[39m[31m[1m^[22m[39m[31m[1m^[22m[39m[31m[1m^[22m[39m[31m[1m^[22m[39m[31m[1m^[22m[39m[31m[1m^[22m[39m[31m[1m^[22m[39m[31m[1m^[22m[39m[31m[1m^[22m[39m[31m[1m^[22m[39m[31m[1m^[22m[39m[31m[1m^[22m[39m[31m[1m^[22m[39m[31m[1m^[22m[39m[31m[1m^[22m[39m[31m[1m^[22m[39m[31m[1m^[22m[39m[31m[1m^[22m[39m[31m[1m^[22m[39m[31m[1m^[22m[39m[31m[1m^[22m[39m[31m[1m^[22m[39m[31m[1m^[22m[39m[31m[1m^[22m[39m[31m[1m^[22m[39m[31m[1m^[22m[39m[31m[1m^[22m[39m[31m[1m^[22m[39m[31m[1m^[22m[39m[31m[1m^[22m[39m[31m[1m^[22m[39m[31m[1m^[22m[39m[31m[1m^[22m[39m[31m[1m^[22m[39m[31m[1m^[22m[39m[31m[1m^[22m[39m[31m[1m^[22m[39m
 [90m 5 |[39m [36mimport[39m [33mTextAlign[39m [36mfrom[39m [32m'@tiptap/extension-text-align'[39m[33m;[39m
 [90m 6 |[39m [36mimport[39m [33mImage[39m [36mfrom[39m [32m'@tiptap/extension-image'[39m[33m;[39m
 [90m 7 |[39m [36mimport[39m type [33mReact[39m [36mfrom[39m [32m'react'[39m[33m;[39m[0m



Import traces:
  Client Component Browser:
    ./src/components/posts/rich-text-editor.tsx [Client Component Browser]
    ./src/components/posts/post-form.tsx [Client Component Browser]
    ./src/app/(dashboard)/posts/[id]/page.tsx [Client Component Browser]
    ./src/app/(dashboard)/posts/[id]/page.tsx [Server Component]

  Client Component SSR:
    ./src/components/posts/rich-text-editor.tsx [Client Component SSR]
    ./src/components/posts/post-form.tsx [Client Component SSR]
    ./src/app/(dashboard)/posts/[id]/page.tsx [Client Component SSR]
    ./src/app/(dashboard)/posts/[id]/page.tsx [Server Component]

https://nextjs.org/docs/messages/module-not-found


./src/lib/hooks/useConfetti.ts:29:10
Module not found: Can't resolve 'canvas-confetti'
[0m [90m 27 |[39m [36mexport[39m [36mfunction[39m useConfetti() {
 [90m 28 |[39m   [36mreturn[39m useCallback((options[33m?[39m[33m:[39m [33mConfettiOptions[39m) [33m=>[39m {
[31m[1m>[22m[39m[90m 29 |[39m     [36mvoid[39m [36mimport[39m([32m'canvas-confetti'[39m)
 [90m    |[39m          [31m[1m^[22m[39m[31m[1m^[22m[39m[31m[1m^[22m[39m[31m[1m^[22m[39m[31m[1m^[22m[39m[31m[1m^[22m[39m[31m[1m^[22m[39m[31m[1m^[22m[39m[31m[1m^[22m[39m[31m[1m^[22m[39m[31m[1m^[22m[39m[31m[1m^[22m[39m[31m[1m^[22m[39m[31m[1m^[22m[39m[31m[1m^[22m[39m[31m[1m^[22m[39m[31m[1m^[22m[39m[31m[1m^[22m[39m[31m[1m^[22m[39m[31m[1m^[22m[39m[31m[1m^[22m[39m[31m[1m^[22m[39m[31m[1m^[22m[39m[31m[1m^[22m[39m[31m[1m^[22m[39m
 [90m 30 |[39m       [33m.[39mthen(({ [36mdefault[39m[33m:[39m confetti }) [33m=>[39m {
 [90m 31 |[39m         [90m// Configuração padrão: confetti rápido e celebratório[39m
 [90m 32 |[39m         [36mconst[39m defaultOptions[33m:[39m [33mConfettiOptions[39m [33m=[39m {[0m



Import traces:
  Client Component Browser:
    ./src/lib/hooks/useConfetti.ts [Client Component Browser]
    ./src/components/image-galleries/image-gallery-form-modal.tsx [Client Component Browser]
    ./src/app/admin/image-galleries/page-client.tsx [Client Component Browser]
    ./src/app/admin/image-galleries/page-client.tsx [Server Component]
    ./src/app/admin/image-galleries/page.tsx [Server Component]

  Client Component SSR:
    ./src/lib/hooks/useConfetti.ts [Client Component SSR]
    ./src/components/image-galleries/image-gallery-form-modal.tsx [Client Component SSR]
    ./src/app/admin/image-galleries/page-client.tsx [Client Component SSR]
    ./src/app/admin/image-galleries/page-client.tsx [Server Component]
    ./src/app/admin/image-galleries/page.tsx [Server Component]

https://nextjs.org/docs/messages/module-not-found


./src/lib/firebase-client.ts:1:1
Module not found: Can't resolve 'firebase/app'
[0m[31m[1m>[22m[39m[90m 1 |[39m [36mimport[39m { initializeApp[33m,[39m getApps[33m,[39m getApp } [36mfrom[39m [32m'firebase/app'[39m[33m;[39m
 [90m   |[39m [31m[1m^[22m[39m[31m[1m^[22m[39m[31m[1m^[22m[39m[31m[1m^[22m[39m[31m[1m^[22m[39m[31m[1m^[22m[39m[31m[1m^[22m[39m[31m[1m^[22m[39m[31m[1m^[22m[39m[31m[1m^[22m[39m[31m[1m^[22m[39m[31m[1m^[22m[39m[31m[1m^[22m[39m[31m[1m^[22m[39m[31m[1m^[22m[39m[31m[1m^[22m[39m[31m[1m^[22m[39m[31m[1m^[22m[39m[31m[1m^[22m[39m[31m[1m^[22m[39m[31m[1m^[22m[39m[31m[1m^[22m[39m[31m[1m^[22m[39m[31m[1m^[22m[39m[31m[1m^[22m[39m[31m[1m^[22m[39m[31m[1m^[22m[39m[31m[1m^[22m[39m[31m[1m^[22m[39m[31m[1m^[22m[39m[31m[1m^[22m[39m[31m[1m^[22m[39m[31m[1m^[22m[39m[31m[1m^[22m[39m[31m[1m^[22m[39m[31m[1m^[22m[39m[31m[1m^[22m[39m[31m[1m^[22m[39m[31m[1m^[22m[39m[31m[1m^[22m[39m[31m[1m^[22m[39m[31m[1m^[22m[39m[31m[1m^[22m[39m[31m[1m^[22m[39m[31m[1m^[22m[39m[31m[1m^[22m[39m[31m[1m^[22m[39m[31m[1m^[22m[39m[31m[1m^[22m[39m[31m[1m^[22m[39m[31m[1m^[22m[39m[31m[1m^[22m[39m[31m[1m^[22m[39m[31m[1m^[22m[39m[31m[1m^[22m[39m[31m[1m^[22m[39m[31m[1m^[22m[39m[31m[1m^[22m[39m[31m[1m^[22m[39m[31m[1m^[22m[39m[31m[1m^[22m[39m[31m[1m^[22m[39m
 [90m 2 |[39m [36mimport[39m { getStorage } [36mfrom[39m [32m'firebase/storage'[39m[33m;[39m
 [90m 3 |[39m
 [90m 4 |[39m [90m// Configuração do Firebase (client-side)[39m[0m



Import traces:
  Client Component Browser:
    ./src/lib/firebase-client.ts [Client Component Browser]
    ./src/lib/firebase-upload.ts [Client Component Browser]
    ./src/components/media/media-uploader.tsx [Client Component Browser]
    ./src/components/posts/featured-image-picker.tsx [Client Component Browser]
    ./src/components/posts/post-form-modal.tsx [Client Component Browser]
    ./src/app/(dashboard)/posts/page.tsx [Client Component Browser]
    ./src/app/(dashboard)/posts/page.tsx [Server Component]

  Client Component SSR:
    ./src/lib/firebase-client.ts [Client Component SSR]
    ./src/lib/firebase-upload.ts [Client Component SSR]
    ./src/components/media/media-uploader.tsx [Client Component SSR]
    ./src/components/posts/featured-image-picker.tsx [Client Component SSR]
    ./src/components/posts/post-form-modal.tsx [Client Component SSR]
    ./src/app/(dashboard)/posts/page.tsx [Client Component SSR]
    ./src/app/(dashboard)/posts/page.tsx [Server Component]

https://nextjs.org/docs/messages/module-not-found


./src/lib/firebase-client.ts:2:1
Module not found: Can't resolve 'firebase/storage'
[0m [90m 1 |[39m [36mimport[39m { initializeApp[33m,[39m getApps[33m,[39m getApp } [36mfrom[39m [32m'firebase/app'[39m[33m;[39m
[31m[1m>[22m[39m[90m 2 |[39m [36mimport[39m { getStorage } [36mfrom[39m [32m'firebase/storage'[39m[33m;[39m
 [90m   |[39m [31m[1m^[22m[39m[31m[1m^[22m[39m[31m[1m^[22m[39m[31m[1m^[22m[39m[31m[1m^[22m[39m[31m[1m^[22m[39m[31m[1m^[22m[39m[31m[1m^[22m[39m[31m[1m^[22m[39m[31m[1m^[22m[39m[31m[1m^[22m[39m[31m[1m^[22m[39m[31m[1m^[22m[39m[31m[1m^[22m[39m[31m[1m^[22m[39m[31m[1m^[22m[39m[31m[1m^[22m[39m[31m[1m^[22m[39m[31m[1m^[22m[39m[31m[1m^[22m[39m[31m[1m^[22m[39m[31m[1m^[22m[39m[31m[1m^[22m[39m[31m[1m^[22m[39m[31m[1m^[22m[39m[31m[1m^[22m[39m[31m[1m^[22m[39m[31m[1m^[22m[39m[31m[1m^[22m[39m[31m[1m^[22m[39m[31m[1m^[22m[39m[31m[1m^[22m[39m[31m[1m^[22m[39m[31m[1m^[22m[39m[31m[1m^[22m[39m[31m[1m^[22m[39m[31m[1m^[22m[39m[31m[1m^[22m[39m[31m[1m^[22m[39m[31m[1m^[22m[39m[31m[1m^[22m[39m[31m[1m^[22m[39m[31m[1m^[22m[39m[31m[1m^[22m[39m[31m[1m^[22m[39m[31m[1m^[22m[39m
 [90m 3 |[39m
 [90m 4 |[39m [90m// Configuração do Firebase (client-side)[39m
 [90m 5 |[39m [36mconst[39m firebaseConfig [33m=[39m {[0m



Import traces:
  Client Component Browser:
    ./src/lib/firebase-client.ts [Client Component Browser]
    ./src/lib/firebase-upload.ts [Client Component Browser]
    ./src/components/media/media-uploader.tsx [Client Component Browser]
    ./src/components/posts/featured-image-picker.tsx [Client Component Browser]
    ./src/components/posts/post-form-modal.tsx [Client Component Browser]
    ./src/app/(dashboard)/posts/page.tsx [Client Component Browser]
    ./src/app/(dashboard)/posts/page.tsx [Server Component]

  Client Component SSR:
    ./src/lib/firebase-client.ts [Client Component SSR]
    ./src/lib/firebase-upload.ts [Client Component SSR]
    ./src/components/media/media-uploader.tsx [Client Component SSR]
    ./src/components/posts/featured-image-picker.tsx [Client Component SSR]
    ./src/components/posts/post-form-modal.tsx [Client Component SSR]
    ./src/app/(dashboard)/posts/page.tsx [Client Component SSR]
    ./src/app/(dashboard)/posts/page.tsx [Server Component]

https://nextjs.org/docs/messages/module-not-found


./src/lib/firebase-upload.ts:1:1
Module not found: Can't resolve 'firebase/storage'
[0m[31m[1m>[22m[39m[90m 1 |[39m [36mimport[39m { ref[33m,[39m uploadBytesResumable[33m,[39m getDownloadURL } [36mfrom[39m [32m'firebase/storage'[39m[33m;[39m
 [90m   |[39m [31m[1m^[22m[39m[31m[1m^[22m[39m[31m[1m^[22m[39m[31m[1m^[22m[39m[31m[1m^[22m[39m[31m[1m^[22m[39m[31m[1m^[22m[39m[31m[1m^[22m[39m[31m[1m^[22m[39m[31m[1m^[22m[39m[31m[1m^[22m[39m[31m[1m^[22m[39m[31m[1m^[22m[39m[31m[1m^[22m[39m[31m[1m^[22m[39m[31m[1m^[22m[39m[31m[1m^[22m[39m[31m[1m^[22m[39m[31m[1m^[22m[39m[31m[1m^[22m[39m[31m[1m^[22m[39m[31m[1m^[22m[39m[31m[1m^[22m[39m[31m[1m^[22m[39m[31m[1m^[22m[39m[31m[1m^[22m[39m[31m[1m^[22m[39m[31m[1m^[22m[39m[31m[1m^[22m[39m[31m[1m^[22m[39m[31m[1m^[22m[39m[31m[1m^[22m[39m[31m[1m^[22m[39m[31m[1m^[22m[39m[31m[1m^[22m[39m[31m[1m^[22m[39m[31m[1m^[22m[39m[31m[1m^[22m[39m[31m[1m^[22m[39m[31m[1m^[22m[39m[31m[1m^[22m[39m[31m[1m^[22m[39m[31m[1m^[22m[39m[31m[1m^[22m[39m[31m[1m^[22m[39m[31m[1m^[22m[39m[31m[1m^[22m[39m[31m[1m^[22m[39m[31m[1m^[22m[39m[31m[1m^[22m[39m[31m[1m^[22m[39m[31m[1m^[22m[39m[31m[1m^[22m[39m[31m[1m^[22m[39m[31m[1m^[22m[39m[31m[1m^[22m[39m[31m[1m^[22m[39m[31m[1m^[22m[39m[31m[1m^[22m[39m[31m[1m^[22m[39m[31m[1m^[22m[39m[31m[1m^[22m[39m[31m[1m^[22m[39m[31m[1m^[22m[39m[31m[1m^[22m[39m[31m[1m^[22m[39m[31m[1m^[22m[39m[31m[1m^[22m[39m[31m[1m^[22m[39m[31m[1m^[22m[39m[31m[1m^[22m[39m[31m[1m^[22m[39m[31m[1m^[22m[39m[31m[1m^[22m[39m[31m[1m^[22m[39m[31m[1m^[22m[39m[31m[1m^[22m[39m
 [90m 2 |[39m [36mimport[39m { storage } [36mfrom[39m [32m'./firebase-client'[39m[33m;[39m
 [90m 3 |[39m
 [90m 4 |[39m [90m// Prefixo do app para isolamento de dados no Storage compartilhado[39m[0m



Import traces:
  Client Component Browser:
    ./src/lib/firebase-upload.ts [Client Component Browser]
    ./src/components/media/media-uploader.tsx [Client Component Browser]
    ./src/components/posts/featured-image-picker.tsx [Client Component Browser]
    ./src/components/posts/post-form-modal.tsx [Client Component Browser]
    ./src/app/(dashboard)/posts/page.tsx [Client Component Browser]
    ./src/app/(dashboard)/posts/page.tsx [Server Component]

  Client Component SSR:
    ./src/lib/firebase-upload.ts [Client Component SSR]
    ./src/components/media/media-uploader.tsx [Client Component SSR]
    ./src/components/posts/featured-image-picker.tsx [Client Component SSR]
    ./src/components/posts/post-form-modal.tsx [Client Component SSR]
    ./src/app/(dashboard)/posts/page.tsx [Client Component SSR]
    ./src/app/(dashboard)/posts/page.tsx [Server Component]

https://nextjs.org/docs/messages/module-not-found


./src/lib/actions/safe-action.ts:1:1
Module not found: Can't resolve 'next-safe-action'
[0m[31m[1m>[22m[39m[90m 1 |[39m [36mimport[39m { createSafeActionClient } [36mfrom[39m [32m'next-safe-action'[39m[33m;[39m
 [90m   |[39m [31m[1m^[22m[39m[31m[1m^[22m[39m[31m[1m^[22m[39m[31m[1m^[22m[39m[31m[1m^[22m[39m[31m[1m^[22m[39m[31m[1m^[22m[39m[31m[1m^[22m[39m[31m[1m^[22m[39m[31m[1m^[22m[39m[31m[1m^[22m[39m[31m[1m^[22m[39m[31m[1m^[22m[39m[31m[1m^[22m[39m[31m[1m^[22m[39m[31m[1m^[22m[39m[31m[1m^[22m[39m[31m[1m^[22m[39m[31m[1m^[22m[39m[31m[1m^[22m[39m[31m[1m^[22m[39m[31m[1m^[22m[39m[31m[1m^[22m[39m[31m[1m^[22m[39m[31m[1m^[22m[39m[31m[1m^[22m[39m[31m[1m^[22m[39m[31m[1m^[22m[39m[31m[1m^[22m[39m[31m[1m^[22m[39m[31m[1m^[22m[39m[31m[1m^[22m[39m[31m[1m^[22m[39m[31m[1m^[22m[39m[31m[1m^[22m[39m[31m[1m^[22m[39m[31m[1m^[22m[39m[31m[1m^[22m[39m[31m[1m^[22m[39m[31m[1m^[22m[39m[31m[1m^[22m[39m[31m[1m^[22m[39m[31m[1m^[22m[39m[31m[1m^[22m[39m[31m[1m^[22m[39m[31m[1m^[22m[39m[31m[1m^[22m[39m[31m[1m^[22m[39m[31m[1m^[22m[39m[31m[1m^[22m[39m[31m[1m^[22m[39m[31m[1m^[22m[39m[31m[1m^[22m[39m[31m[1m^[22m[39m[31m[1m^[22m[39m[31m[1m^[22m[39m[31m[1m^[22m[39m[31m[1m^[22m[39m
 [90m 2 |[39m
 [90m 3 |[39m [36mexport[39m type [33mActionStatus[39m [33m=[39m [32m'success'[39m [33m|[39m [32m'error'[39m[33m;[39m
 [90m 4 |[39m[0m



Import traces:
  #1 [Server Component]:
    ./src/lib/actions/safe-action.ts
    ./src/app/admin/users/actions.ts

  #2 [Server Component]:
    ./src/lib/actions/safe-action.ts
    ./src/app/(dashboard)/accordions/actions.ts
    ./src/app/(dashboard)/accordions/page.tsx

https://nextjs.org/docs/messages/module-not-found


./src/components/media/media-uploader.tsx:4:1
Module not found: Can't resolve 'react-dropzone'
[0m [90m 2 |[39m [36mimport[39m { [33mAnimatedBorder[39m } [36mfrom[39m [32m'@/components/ui/animated-border'[39m[33m;[39m
 [90m 3 |[39m [36mimport[39m { useState[33m,[39m useCallback[33m,[39m useEffect } [36mfrom[39m [32m'react'[39m[33m;[39m
[31m[1m>[22m[39m[90m 4 |[39m [36mimport[39m { useDropzone } [36mfrom[39m [32m'react-dropzone'[39m[33m;[39m
 [90m   |[39m [31m[1m^[22m[39m[31m[1m^[22m[39m[31m[1m^[22m[39m[31m[1m^[22m[39m[31m[1m^[22m[39m[31m[1m^[22m[39m[31m[1m^[22m[39m[31m[1m^[22m[39m[31m[1m^[22m[39m[31m[1m^[22m[39m[31m[1m^[22m[39m[31m[1m^[22m[39m[31m[1m^[22m[39m[31m[1m^[22m[39m[31m[1m^[22m[39m[31m[1m^[22m[39m[31m[1m^[22m[39m[31m[1m^[22m[39m[31m[1m^[22m[39m[31m[1m^[22m[39m[31m[1m^[22m[39m[31m[1m^[22m[39m[31m[1m^[22m[39m[31m[1m^[22m[39m[31m[1m^[22m[39m[31m[1m^[22m[39m[31m[1m^[22m[39m[31m[1m^[22m[39m[31m[1m^[22m[39m[31m[1m^[22m[39m[31m[1m^[22m[39m[31m[1m^[22m[39m[31m[1m^[22m[39m[31m[1m^[22m[39m[31m[1m^[22m[39m[31m[1m^[22m[39m[31m[1m^[22m[39m[31m[1m^[22m[39m[31m[1m^[22m[39m[31m[1m^[22m[39m[31m[1m^[22m[39m[31m[1m^[22m[39m[31m[1m^[22m[39m[31m[1m^[22m[39m[31m[1m^[22m[39m
 [90m 5 |[39m [36mimport[39m { 
 [90m 6 |[39m   [33mLuUpload[39m[33m,[39m 
 [90m 7 |[39m   [33mLuX[39m[33m,[39m [0m



Import traces:
  Client Component Browser:
    ./src/components/media/media-uploader.tsx [Client Component Browser]
    ./src/components/posts/featured-image-picker.tsx [Client Component Browser]
    ./src/app/(dashboard)/posts/[id]/page.tsx [Client Component Browser]
    ./src/app/(dashboard)/posts/[id]/page.tsx [Server Component]

  Client Component SSR:
    ./src/components/media/media-uploader.tsx [Client Component SSR]
    ./src/components/posts/featured-image-picker.tsx [Client Component SSR]
    ./src/app/(dashboard)/posts/[id]/page.tsx [Client Component SSR]
    ./src/app/(dashboard)/posts/[id]/page.tsx [Server Component]

https://nextjs.org/docs/messages/module-not-found


./src/app/(admin)/admin/logs/page.tsx:2:1
Export LogsPage doesn't exist in target module
[0m [90m 1 |[39m [36mimport[39m { [33mSuspense[39m } [36mfrom[39m [32m'react'[39m[33m;[39m
[31m[1m>[22m[39m[90m 2 |[39m [36mimport[39m { [33mLogsPage[39m } [36mfrom[39m [32m'@/components/admin/logs/logs-page'[39m[33m;[39m
 [90m   |[39m [31m[1m^[22m[39m[31m[1m^[22m[39m[31m[1m^[22m[39m[31m[1m^[22m[39m[31m[1m^[22m[39m[31m[1m^[22m[39m[31m[1m^[22m[39m[31m[1m^[22m[39m[31m[1m^[22m[39m[31m[1m^[22m[39m[31m[1m^[22m[39m[31m[1m^[22m[39m[31m[1m^[22m[39m[31m[1m^[22m[39m[31m[1m^[22m[39m[31m[1m^[22m[39m[31m[1m^[22m[39m[31m[1m^[22m[39m[31m[1m^[22m[39m[31m[1m^[22m[39m[31m[1m^[22m[39m[31m[1m^[22m[39m[31m[1m^[22m[39m[31m[1m^[22m[39m[31m[1m^[22m[39m[31m[1m^[22m[39m[31m[1m^[22m[39m[31m[1m^[22m[39m[31m[1m^[22m[39m[31m[1m^[22m[39m[31m[1m^[22m[39m[31m[1m^[22m[39m[31m[1m^[22m[39m[31m[1m^[22m[39m[31m[1m^[22m[39m[31m[1m^[22m[39m[31m[1m^[22m[39m[31m[1m^[22m[39m[31m[1m^[22m[39m[31m[1m^[22m[39m[31m[1m^[22m[39m[31m[1m^[22m[39m[31m[1m^[22m[39m[31m[1m^[22m[39m[31m[1m^[22m[39m[31m[1m^[22m[39m[31m[1m^[22m[39m[31m[1m^[22m[39m[31m[1m^[22m[39m[31m[1m^[22m[39m[31m[1m^[22m[39m[31m[1m^[22m[39m[31m[1m^[22m[39m[31m[1m^[22m[39m[31m[1m^[22m[39m[31m[1m^[22m[39m[31m[1m^[22m[39m[31m[1m^[22m[39m[31m[1m^[22m[39m[31m[1m^[22m[39m[31m[1m^[22m[39m
 [90m 3 |[39m [36mimport[39m { [33mSkeleton[39m } [36mfrom[39m [32m'@/components/ui/skeleton'[39m[33m;[39m
 [90m 4 |[39m
 [90m 5 |[39m [36mexport[39m [36mconst[39m metadata [33m=[39m {[0m

The export LogsPage was not found in module [project]/src/components/admin/logs/logs-page.tsx [app-rsc] (ecmascript).
Did you mean to import default?
All exports of the module are statically known (It doesn't have dynamic exports). So it's known statically that the requested export doesn't exist.


./src/components/admin/forms/file-upload-form.tsx:12:1
Export uploadToFirebase doesn't exist in target module
[0m [90m 10 |[39m [36mimport[39m { useEffect[33m,[39m useState } [36mfrom[39m [32m"react"[39m[33m;[39m
 [90m 11 |[39m [36mimport[39m { categoriesService[33m,[39m type [33mCategory[39m } [36mfrom[39m [32m"@/lib/services/categories"[39m[33m;[39m
[31m[1m>[22m[39m[90m 12 |[39m [36mimport[39m { uploadToFirebase } [36mfrom[39m [32m"@/lib/firebase-upload"[39m[33m;[39m
 [90m    |[39m [31m[1m^[22m[39m[31m[1m^[22m[39m[31m[1m^[22m[39m[31m[1m^[22m[39m[31m[1m^[22m[39m[31m[1m^[22m[39m[31m[1m^[22m[39m[31m[1m^[22m[39m[31m[1m^[22m[39m[31m[1m^[22m[39m[31m[1m^[22m[39m[31m[1m^[22m[39m[31m[1m^[22m[39m[31m[1m^[22m[39m[31m[1m^[22m[39m[31m[1m^[22m[39m[31m[1m^[22m[39m[31m[1m^[22m[39m[31m[1m^[22m[39m[31m[1m^[22m[39m[31m[1m^[22m[39m[31m[1m^[22m[39m[31m[1m^[22m[39m[31m[1m^[22m[39m[31m[1m^[22m[39m[31m[1m^[22m[39m[31m[1m^[22m[39m[31m[1m^[22m[39m[31m[1m^[22m[39m[31m[1m^[22m[39m[31m[1m^[22m[39m[31m[1m^[22m[39m[31m[1m^[22m[39m[31m[1m^[22m[39m[31m[1m^[22m[39m[31m[1m^[22m[39m[31m[1m^[22m[39m[31m[1m^[22m[39m[31m[1m^[22m[39m[31m[1m^[22m[39m[31m[1m^[22m[39m[31m[1m^[22m[39m[31m[1m^[22m[39m[31m[1m^[22m[39m[31m[1m^[22m[39m[31m[1m^[22m[39m[31m[1m^[22m[39m[31m[1m^[22m[39m[31m[1m^[22m[39m[31m[1m^[22m[39m[31m[1m^[22m[39m[31m[1m^[22m[39m[31m[1m^[22m[39m[31m[1m^[22m[39m[31m[1m^[22m[39m[31m[1m^[22m[39m[31m[1m^[22m[39m
 [90m 13 |[39m [36mimport[39m { isVideoFile } [36mfrom[39m [32m"@/lib/client-video-thumbnail"[39m[33m;[39m
 [90m 14 |[39m [36mimport[39m { [33mUpload[39m[33m,[39m [33mImage[39m [36mas[39m [33mImageIcon[39m[33m,[39m [33mFileUp[39m } [36mfrom[39m [32m"lucide-react"[39m[33m;[39m
 [90m 15 |[39m [36mimport[39m { [33mBadge[39m } [36mfrom[39m [32m"@/components/ui/badge"[39m[33m;[39m[0m

The export uploadToFirebase was not found in module [project]/src/lib/firebase-upload.ts [app-client] (ecmascript).
Did you mean to import uploadToFirebaseWithProgress?
All exports of the module are statically known (It doesn't have dynamic exports). So it's known statically that the requested export doesn't exist.

Import traces:
  Client Component Browser:
    ./src/components/admin/forms/file-upload-form.tsx [Client Component Browser]
    ./src/components/admin/dashboard/action-buttons.tsx [Client Component Browser]
    ./src/app/(admin)/admin/dashboard/page.tsx [Client Component Browser]
    ./src/app/(admin)/admin/dashboard/page.tsx [Server Component]

  Client Component SSR:
    ./src/components/admin/forms/file-upload-form.tsx [Client Component SSR]
    ./src/components/admin/dashboard/action-buttons.tsx [Client Component SSR]
    ./src/app/(admin)/admin/dashboard/page.tsx [Client Component SSR]
    ./src/app/(admin)/admin/dashboard/page.tsx [Server Component]


./src/components/admin/forms/file-upload-form.tsx:12:1
Export uploadToFirebase doesn't exist in target module
[0m [90m 10 |[39m [36mimport[39m { useEffect[33m,[39m useState } [36mfrom[39m [32m"react"[39m[33m;[39m
 [90m 11 |[39m [36mimport[39m { categoriesService[33m,[39m type [33mCategory[39m } [36mfrom[39m [32m"@/lib/services/categories"[39m[33m;[39m
[31m[1m>[22m[39m[90m 12 |[39m [36mimport[39m { uploadToFirebase } [36mfrom[39m [32m"@/lib/firebase-upload"[39m[33m;[39m
 [90m    |[39m [31m[1m^[22m[39m[31m[1m^[22m[39m[31m[1m^[22m[39m[31m[1m^[22m[39m[31m[1m^[22m[39m[31m[1m^[22m[39m[31m[1m^[22m[39m[31m[1m^[22m[39m[31m[1m^[22m[39m[31m[1m^[22m[39m[31m[1m^[22m[39m[31m[1m^[22m[39m[31m[1m^[22m[39m[31m[1m^[22m[39m[31m[1m^[22m[39m[31m[1m^[22m[39m[31m[1m^[22m[39m[31m[1m^[22m[39m[31m[1m^[22m[39m[31m[1m^[22m[39m[31m[1m^[22m[39m[31m[1m^[22m[39m[31m[1m^[22m[39m[31m[1m^[22m[39m[31m[1m^[22m[39m[31m[1m^[22m[39m[31m[1m^[22m[39m[31m[1m^[22m[39m[31m[1m^[22m[39m[31m[1m^[22m[39m[31m[1m^[22m[39m[31m[1m^[22m[39m[31m[1m^[22m[39m[31m[1m^[22m[39m[31m[1m^[22m[39m[31m[1m^[22m[39m[31m[1m^[22m[39m[31m[1m^[22m[39m[31m[1m^[22m[39m[31m[1m^[22m[39m[31m[1m^[22m[39m[31m[1m^[22m[39m[31m[1m^[22m[39m[31m[1m^[22m[39m[31m[1m^[22m[39m[31m[1m^[22m[39m[31m[1m^[22m[39m[31m[1m^[22m[39m[31m[1m^[22m[39m[31m[1m^[22m[39m[31m[1m^[22m[39m[31m[1m^[22m[39m[31m[1m^[22m[39m[31m[1m^[22m[39m[31m[1m^[22m[39m[31m[1m^[22m[39m[31m[1m^[22m[39m
 [90m 13 |[39m [36mimport[39m { isVideoFile } [36mfrom[39m [32m"@/lib/client-video-thumbnail"[39m[33m;[39m
 [90m 14 |[39m [36mimport[39m { [33mUpload[39m[33m,[39m [33mImage[39m [36mas[39m [33mImageIcon[39m[33m,[39m [33mFileUp[39m } [36mfrom[39m [32m"lucide-react"[39m[33m;[39m
 [90m 15 |[39m [36mimport[39m { [33mBadge[39m } [36mfrom[39m [32m"@/components/ui/badge"[39m[33m;[39m[0m

The export uploadToFirebase was not found in module [project]/src/lib/firebase-upload.ts [app-ssr] (ecmascript).
Did you mean to import uploadToFirebaseWithProgress?
All exports of the module are statically known (It doesn't have dynamic exports). So it's known statically that the requested export doesn't exist.

Import traces:
  Client Component Browser:
    ./src/components/admin/forms/file-upload-form.tsx [Client Component Browser]
    ./src/components/admin/dashboard/action-buttons.tsx [Client Component Browser]
    ./src/app/(admin)/admin/dashboard/page.tsx [Client Component Browser]
    ./src/app/(admin)/admin/dashboard/page.tsx [Server Component]

  Client Component SSR:
    ./src/components/admin/forms/file-upload-form.tsx [Client Component SSR]
    ./src/components/admin/dashboard/action-buttons.tsx [Client Component SSR]
    ./src/app/(admin)/admin/dashboard/page.tsx [Client Component SSR]
    ./src/app/(admin)/admin/dashboard/page.tsx [Server Component]


    at <unknown> (./src/app/(dashboard)/pages/[id]/page.tsx:7:1)
    at <unknown> (https://nextjs.org/docs/messages/module-not-found)
    at <unknown> (./src/app/(dashboard)/pages/new/page.tsx:7:1)
    at <unknown> (https://nextjs.org/docs/messages/module-not-found)
    at <unknown> (./src/app/(dashboard)/pages/page.tsx:11:1)
    at <unknown> (https://nextjs.org/docs/messages/module-not-found)
    at <unknown> (./src/app/(dashboard)/backups/page.tsx:1:1)
    at <unknown> (https://nextjs.org/docs/messages/module-not-found)
    at <unknown> (./src/app/(dashboard)/backups/page.tsx:2:1)
    at <unknown> (https://nextjs.org/docs/messages/module-not-found)
    at <unknown> (./src/app/(dashboard)/audit-logs/page.tsx:6:1)
    at <unknown> (https://nextjs.org/docs/messages/module-not-found)
    at <unknown> (./src/app/(dashboard)/audit-logs/page.tsx:5:1)
    at <unknown> (https://nextjs.org/docs/messages/module-not-found)
    at <unknown> (./src/app/(dashboard)/categories/categories-hierarchy-client.tsx:6:1)
    at <unknown> (https://nextjs.org/docs/messages/module-not-found)
    at <unknown> (./src/app/(dashboard)/categories/categories-hierarchy-client.tsx:5:1)
    at <unknown> (https://nextjs.org/docs/messages/module-not-found)
    at <unknown> (./src/app/(dashboard)/comments/page.tsx:13:1)
    at <unknown> (https://nextjs.org/docs/messages/module-not-found)
    at <unknown> (./src/app/(dashboard)/comments/page.tsx:15:1)
    at <unknown> (https://nextjs.org/docs/messages/module-not-found)
    at <unknown> (./src/app/(dashboard)/comments/page.tsx:14:1)
    at <unknown> (https://nextjs.org/docs/messages/module-not-found)
    at <unknown> (./src/app/(dashboard)/cta-popups/page-client.tsx:9:1)
    at <unknown> (https://nextjs.org/docs/messages/module-not-found)
    at <unknown> (./src/app/(dashboard)/cta-popups/page-client.tsx:10:1)
    at <unknown> (https://nextjs.org/docs/messages/module-not-found)
    at <unknown> (./src/app/(dashboard)/cta-popups/page-client.tsx:8:1)
    at <unknown> (https://nextjs.org/docs/messages/module-not-found)
    at <unknown> (./src/app/(dashboard)/menus/[id]/page.tsx:6:1)
    at <unknown> (https://nextjs.org/docs/messages/module-not-found)
    at <unknown> (./src/app/(dashboard)/menus/menus-client.tsx:14:1)
    at <unknown> (https://nextjs.org/docs/messages/module-not-found)
    at <unknown> (./src/app/(dashboard)/menus/menus-client.tsx:15:1)
    at <unknown> (https://nextjs.org/docs/messages/module-not-found)
    at <unknown> (./src/app/(dashboard)/menus/menus-client.tsx:16:1)
    at <unknown> (https://nextjs.org/docs/messages/module-not-found)
    at <unknown> (./src/app/(dashboard)/pages/[id]/page.tsx:6:1)
    at <unknown> (https://nextjs.org/docs/messages/module-not-found)
    at <unknown> (./src/app/(dashboard)/pages/new/page.tsx:6:1)
    at <unknown> (https://nextjs.org/docs/messages/module-not-found)
    at <unknown> (./src/app/(dashboard)/pages/page.tsx:10:1)
    at <unknown> (https://nextjs.org/docs/messages/module-not-found)
    at <unknown> (./src/app/(dashboard)/pages/page.tsx:7:1)
    at <unknown> (https://nextjs.org/docs/messages/module-not-found)
    at <unknown> (./src/app/(dashboard)/users/page-client.tsx:9:1)
    at <unknown> (https://nextjs.org/docs/messages/module-not-found)
    at <unknown> (./src/app/(dashboard)/users/page-client.tsx:8:1)
    at <unknown> (https://nextjs.org/docs/messages/module-not-found)
    at <unknown> (./src/lib/db.ts:1:1)
    at <unknown> (https://nextjs.org/docs/messages/module-not-found)
    at <unknown> (./src/app/auth/callback/route.ts:3:1)
    at <unknown> (https://nextjs.org/docs/messages/module-not-found)
    at <unknown> (./src/components/image-galleries/gallery-image-manager.tsx:4:1)
    at <unknown> (https://nextjs.org/docs/messages/module-not-found)
    at <unknown> (./src/components/image-galleries/gallery-image-manager.tsx:13:1)
    at <unknown> (https://nextjs.org/docs/messages/module-not-found)
    at <unknown> (./src/components/image-galleries/sortable-image-item.tsx:3:1)
    at <unknown> (https://nextjs.org/docs/messages/module-not-found)
    at <unknown> (./src/components/image-galleries/sortable-image-item.tsx:4:1)
    at <unknown> (https://nextjs.org/docs/messages/module-not-found)
    at <unknown> (./src/components/posts/tiptap/extensions/wp2next-accordion.ts:1:1)
    at <unknown> (https://nextjs.org/docs/messages/module-not-found)
    at <unknown> (./src/components/posts/tiptap/extensions/wp2next-gallery.ts:1:1)
    at <unknown> (https://nextjs.org/docs/messages/module-not-found)
    at <unknown> (./src/components/posts/rich-text-editor.tsx:6:1)
    at <unknown> (https://nextjs.org/docs/messages/module-not-found)
    at <unknown> (./src/components/posts/rich-text-editor.tsx:5:1)
    at <unknown> (https://nextjs.org/docs/messages/module-not-found)
    at <unknown> (./src/components/posts/rich-text-editor.tsx:3:1)
    at <unknown> (https://nextjs.org/docs/messages/module-not-found)
    at <unknown> (./src/components/posts/tiptap/extensions/accordion-node-view.tsx:3:1)
    at <unknown> (https://nextjs.org/docs/messages/module-not-found)
    at <unknown> (./src/components/posts/tiptap/extensions/gallery-node-view.tsx:3:1)
    at <unknown> (https://nextjs.org/docs/messages/module-not-found)
    at <unknown> (./src/components/posts/tiptap/extensions/wp2next-accordion.ts:2:1)
    at <unknown> (https://nextjs.org/docs/messages/module-not-found)
    at <unknown> (./src/components/posts/tiptap/extensions/wp2next-gallery.ts:2:1)
    at <unknown> (https://nextjs.org/docs/messages/module-not-found)
    at <unknown> (./src/components/posts/rich-text-editor.tsx:4:1)
    at <unknown> (https://nextjs.org/docs/messages/module-not-found)
    at <unknown> (./src/lib/hooks/useConfetti.ts:29:10)
    at <unknown> (https://nextjs.org/docs/messages/module-not-found)
    at <unknown> (./src/lib/firebase-client.ts:1:1)
    at <unknown> (https://nextjs.org/docs/messages/module-not-found)
    at <unknown> (./src/lib/firebase-client.ts:2:1)
    at <unknown> (https://nextjs.org/docs/messages/module-not-found)
    at <unknown> (./src/lib/firebase-upload.ts:1:1)
    at <unknown> (https://nextjs.org/docs/messages/module-not-found)
    at <unknown> (./src/lib/actions/safe-action.ts:1:1)
    at <unknown> (https://nextjs.org/docs/messages/module-not-found)
    at <unknown> (./src/components/media/media-uploader.tsx:4:1)
    at <unknown> (https://nextjs.org/docs/messages/module-not-found)
    at <unknown> (./src/app/(admin)/admin/logs/page.tsx:2:1)
    at <unknown> (./src/components/admin/forms/file-upload-form.tsx:12:1)
    at <unknown> (./src/components/admin/forms/file-upload-form.tsx:12:1)
